10:36:48 **** Build of configuration Debug for project cpt_m__ac6 ****
make -j16 all 
Building file: D:/GIT/my__MARS/CPT_MARS___ac6/cpt_m__ac6/Src/usart_protocol.c
Invoking: MCU GCC Compiler
D:\GIT\my__MARS\CPT_MARS___ac6\cpt_m__ac6\SW4STM32\cpt_m__ac6\Debug
arm-none-eabi-gcc -mcpu=cortex-m4 -mthumb -mfloat-abi=hard -mfpu=fpv4-sp-d16 -DUSE_HAL_DRIVER -DSTM32L476xx -I"D:/GIT/my__MARS/CPT_MARS___ac6/cpt_m__ac6/Inc" -I"D:/GIT/my__MARS/CPT_MARS___ac6/cpt_m__ac6/Drivers/STM32L4xx_HAL_Driver/Inc" -I"D:/GIT/my__MARS/CPT_MARS___ac6/cpt_m__ac6/Drivers/STM32L4xx_HAL_Driver/Inc/Legacy" -I"D:/GIT/my__MARS/CPT_MARS___ac6/cpt_m__ac6/Drivers/CMSIS/Device/ST/STM32L4xx/Include" -I"D:/GIT/my__MARS/CPT_MARS___ac6/cpt_m__ac6/Drivers/CMSIS/Include"  -Og -g3 -Wall -fmessage-length=0 -ffunction-sections -c -fmessage-length=0 -MMD -MP -MF"Application/Src/usart_protocol.d" -MT"Application/Src/usart_protocol.o" -o "Application/Src/usart_protocol.o" "D:/GIT/my__MARS/CPT_MARS___ac6/cpt_m__ac6/Src/usart_protocol.c"
Finished building: D:/GIT/my__MARS/CPT_MARS___ac6/cpt_m__ac6/Src/usart_protocol.c
 
Building target: cpt_m__ac6.elf
Invoking: MCU GCC Linker
arm-none-eabi-gcc -mcpu=cortex-m4 -mthumb -mfloat-abi=hard -mfpu=fpv4-sp-d16 -specs=nosys.specs -specs=nano.specs -T"../STM32L476RCTx_FLASH.ld" -Wl,-Map=output.map -Wl,--gc-sections -o "cpt_m__ac6.elf" @"objects.list"   -lm
Finished building target: cpt_m__ac6.elf
 
make --no-print-directory post-build
Generating hex and Printing size information:
arm-none-eabi-objcopy -O ihex "cpt_m__ac6.elf" "cpt_m__ac6.hex"
arm-none-eabi-size "cpt_m__ac6.elf"
   text	   data	    bss	    dec	    hex	filename
  44672	    376	  33856	  78904	  13438	cpt_m__ac6.elf
 
10:57:27 **** Incremental Build of configuration Debug for project cpt_m__ac6 ****
make -j16 all 
Building file: D:/GIT/my__MARS/CPT_MARS___ac6/cpt_m__ac6/Src/stm32l4xx_it.c
Invoking: MCU GCC Compiler
D:\GIT\my__MARS\CPT_MARS___ac6\cpt_m__ac6\SW4STM32\cpt_m__ac6\Debug
arm-none-eabi-gcc -mcpu=cortex-m4 -mthumb -mfloat-abi=hard -mfpu=fpv4-sp-d16 -DUSE_HAL_DRIVER -DSTM32L476xx -I"D:/GIT/my__MARS/CPT_MARS___ac6/cpt_m__ac6/Inc" -I"D:/GIT/my__MARS/CPT_MARS___ac6/cpt_m__ac6/Drivers/STM32L4xx_HAL_Driver/Inc" -I"D:/GIT/my__MARS/CPT_MARS___ac6/cpt_m__ac6/Drivers/STM32L4xx_HAL_Driver/Inc/Legacy" -I"D:/GIT/my__MARS/CPT_MARS___ac6/cpt_m__ac6/Drivers/CMSIS/Device/ST/STM32L4xx/Include" -I"D:/GIT/my__MARS/CPT_MARS___ac6/cpt_m__ac6/Drivers/CMSIS/Include"  -Og -g3 -Wall -fmessage-length=0 -ffunction-sections -c -fmessage-length=0 -MMD -MP -MF"Application/Src/stm32l4xx_it.d" -MT"Application/Src/stm32l4xx_it.o" -o "Application/Src/stm32l4xx_it.o" "D:/GIT/my__MARS/CPT_MARS___ac6/cpt_m__ac6/Src/stm32l4xx_it.c"
D:/GIT/my__MARS/CPT_MARS___ac6/cpt_m__ac6/Src/stm32l4xx_it.c: In function 'my_ADC1_1':
D:/GIT/my__MARS/CPT_MARS___ac6/cpt_m__ac6/Src/stm32l4xx_it.c:1002:2: warning: implicit declaration of function 'my_DataADC1_0'; did you mean 'my_DataADC2_0'? [-Wimplicit-function-declaration]
  my_DataADC1_0();  // Время выполнения my_DataADC1_0() ____ тактов
  ^~~~~~~~~~~~~
  my_DataADC2_0
D:/GIT/my__MARS/CPT_MARS___ac6/cpt_m__ac6/Src/stm32l4xx_it.c:1003:2: warning: implicit declaration of function 'my_DataADC1_2'; did you mean 'my_DataADC2_2'? [-Wimplicit-function-declaration]
  my_DataADC1_2();  // Время выполнения my_DataADC1_0()+my_DataADC1_2() ____ тактов
  ^~~~~~~~~~~~~
  my_DataADC2_2
D:/GIT/my__MARS/CPT_MARS___ac6/cpt_m__ac6/Src/stm32l4xx_it.c:1004:2: warning: implicit declaration of function 'my_OUT1_F1'; did you mean 'my_ADC1_1'? [-Wimplicit-function-declaration]
  my_OUT1_F1();   //  ___ тактов
  ^~~~~~~~~~
  my_ADC1_1
D:/GIT/my__MARS/CPT_MARS___ac6/cpt_m__ac6/Src/stm32l4xx_it.c:1005:2: warning: implicit declaration of function 'my_OUT1_F2'; did you mean 'my_F1_F2'? [-Wimplicit-function-declaration]
  my_OUT1_F2();   // ____ тактов
  ^~~~~~~~~~
  my_F1_F2
D:/GIT/my__MARS/CPT_MARS___ac6/cpt_m__ac6/Src/stm32l4xx_it.c:1006:2: warning: implicit declaration of function 'my_OUT1_F1F2'; did you mean 'my_F1_F2'? [-Wimplicit-function-declaration]
  my_OUT1_F1F2();  //  ___ тактов
  ^~~~~~~~~~~~
  my_F1_F2
D:/GIT/my__MARS/CPT_MARS___ac6/cpt_m__ac6/Src/stm32l4xx_it.c:1008:2: warning: implicit declaration of function 'my_OUT1_F2F1'; did you mean 'my_F1_F2_'? [-Wimplicit-function-declaration]
  my_OUT1_F2F1();  //  ___ такта, измеренная сумма = ___
  ^~~~~~~~~~~~
  my_F1_F2_
D:/GIT/my__MARS/CPT_MARS___ac6/cpt_m__ac6/Src/stm32l4xx_it.c:1009:2: warning: implicit declaration of function 'my_OUT1_F1_F2'; did you mean 'my_F1_F2'? [-Wimplicit-function-declaration]
  my_OUT1_F1_F2();  //  ___ тактов, измеренная сумма =
  ^~~~~~~~~~~~~
  my_F1_F2
D:/GIT/my__MARS/CPT_MARS___ac6/cpt_m__ac6/Src/stm32l4xx_it.c:1042:4: warning: "/*" within comment [-Wcomment]
   //*
     
D:/GIT/my__MARS/CPT_MARS___ac6/cpt_m__ac6/Src/stm32l4xx_it.c: In function 'UpdateDataADC2':
D:/GIT/my__MARS/CPT_MARS___ac6/cpt_m__ac6/Src/stm32l4xx_it.c:1479:13: warning: unused variable 'i_NN' [-Wunused-variable]
  static int i_NN = 0;
             ^~~~
D:/GIT/my__MARS/CPT_MARS___ac6/cpt_m__ac6/Src/stm32l4xx_it.c:1402:13: warning: unused variable 'idT' [-Wunused-variable]
  static int idT = 0;
             ^~~
D:/GIT/my__MARS/CPT_MARS___ac6/cpt_m__ac6/Src/stm32l4xx_it.c:1401:13: warning: unused variable 'iT2' [-Wunused-variable]
  static int iT2 = 0;
             ^~~
D:/GIT/my__MARS/CPT_MARS___ac6/cpt_m__ac6/Src/stm32l4xx_it.c:1400:13: warning: unused variable 'iT1' [-Wunused-variable]
  static int iT1 = 0;
             ^~~
D:/GIT/my__MARS/CPT_MARS___ac6/cpt_m__ac6/Src/stm32l4xx_it.c: In function 'funWork_SCAN_CRNT':
D:/GIT/my__MARS/CPT_MARS___ac6/cpt_m__ac6/Src/stm32l4xx_it.c:1845:5: warning: "/*" within comment [-Wcomment]
     /*
      
D:/GIT/my__MARS/CPT_MARS___ac6/cpt_m__ac6/Src/stm32l4xx_it.c: In function 'UpdateRS232':
D:/GIT/my__MARS/CPT_MARS___ac6/cpt_m__ac6/Src/stm32l4xx_it.c:2234:12: warning: unused variable 'cr3its' [-Wunused-variable]
   uint32_t cr3its = USART3->CR3;
            ^~~~~~
D:/GIT/my__MARS/CPT_MARS___ac6/cpt_m__ac6/Src/stm32l4xx_it.c:2233:12: warning: unused variable 'cr1its' [-Wunused-variable]
   uint32_t cr1its = USART3->CR1;
            ^~~~~~
At top level:
D:/GIT/my__MARS/CPT_MARS___ac6/cpt_m__ac6/Src/stm32l4xx_it.c:1400:13: warning: 'iT1' defined but not used [-Wunused-variable]
  static int iT1 = 0;
             ^~~
D:/GIT/my__MARS/CPT_MARS___ac6/cpt_m__ac6/Src/stm32l4xx_it.c:1401:13: warning: 'iT2' defined but not used [-Wunused-variable]
  static int iT2 = 0;
             ^~~
D:/GIT/my__MARS/CPT_MARS___ac6/cpt_m__ac6/Src/stm32l4xx_it.c:1402:13: warning: 'idT' defined but not used [-Wunused-variable]
  static int idT = 0;
             ^~~
D:/GIT/my__MARS/CPT_MARS___ac6/cpt_m__ac6/Src/stm32l4xx_it.c:1479:13: warning: 'i_NN' defined but not used [-Wunused-variable]
  static int i_NN = 0;
             ^~~~
Finished building: D:/GIT/my__MARS/CPT_MARS___ac6/cpt_m__ac6/Src/stm32l4xx_it.c
 
Building target: cpt_m__ac6.elf
Invoking: MCU GCC Linker
arm-none-eabi-gcc -mcpu=cortex-m4 -mthumb -mfloat-abi=hard -mfpu=fpv4-sp-d16 -specs=nosys.specs -specs=nano.specs -T"../STM32L476RCTx_FLASH.ld" -Wl,-Map=output.map -Wl,--gc-sections -o "cpt_m__ac6.elf" @"objects.list"   -lm
Finished building target: cpt_m__ac6.elf
 
make --no-print-directory post-build
Generating hex and Printing size information:
arm-none-eabi-objcopy -O ihex "cpt_m__ac6.elf" "cpt_m__ac6.hex"
arm-none-eabi-size "cpt_m__ac6.elf"
   text	   data	    bss	    dec	    hex	filename
  44680	    376	  33856	  78912	  13440	cpt_m__ac6.elf
 
11:50:23 **** Incremental Build of configuration Debug for project cpt_m__ac6 ****
make -j16 all 
Building file: D:/GIT/my__MARS/CPT_MARS___ac6/cpt_m__ac6/Src/stm32l4xx_it.c
Invoking: MCU GCC Compiler
D:\GIT\my__MARS\CPT_MARS___ac6\cpt_m__ac6\SW4STM32\cpt_m__ac6\Debug
arm-none-eabi-gcc -mcpu=cortex-m4 -mthumb -mfloat-abi=hard -mfpu=fpv4-sp-d16 -DUSE_HAL_DRIVER -DSTM32L476xx -I"D:/GIT/my__MARS/CPT_MARS___ac6/cpt_m__ac6/Inc" -I"D:/GIT/my__MARS/CPT_MARS___ac6/cpt_m__ac6/Drivers/STM32L4xx_HAL_Driver/Inc" -I"D:/GIT/my__MARS/CPT_MARS___ac6/cpt_m__ac6/Drivers/STM32L4xx_HAL_Driver/Inc/Legacy" -I"D:/GIT/my__MARS/CPT_MARS___ac6/cpt_m__ac6/Drivers/CMSIS/Device/ST/STM32L4xx/Include" -I"D:/GIT/my__MARS/CPT_MARS___ac6/cpt_m__ac6/Drivers/CMSIS/Include"  -Og -g3 -Wall -fmessage-length=0 -ffunction-sections -c -fmessage-length=0 -MMD -MP -MF"Application/Src/stm32l4xx_it.d" -MT"Application/Src/stm32l4xx_it.o" -o "Application/Src/stm32l4xx_it.o" "D:/GIT/my__MARS/CPT_MARS___ac6/cpt_m__ac6/Src/stm32l4xx_it.c"
D:/GIT/my__MARS/CPT_MARS___ac6/cpt_m__ac6/Src/stm32l4xx_it.c: In function 'my_ADC1_1':
D:/GIT/my__MARS/CPT_MARS___ac6/cpt_m__ac6/Src/stm32l4xx_it.c:1002:2: warning: implicit declaration of function 'my_DataADC1_0'; did you mean 'my_DataADC2_0'? [-Wimplicit-function-declaration]
  my_DataADC1_0();  // Время выполнения my_DataADC1_0() ____ тактов
  ^~~~~~~~~~~~~
  my_DataADC2_0
D:/GIT/my__MARS/CPT_MARS___ac6/cpt_m__ac6/Src/stm32l4xx_it.c:1003:2: warning: implicit declaration of function 'my_DataADC1_2'; did you mean 'my_DataADC2_2'? [-Wimplicit-function-declaration]
  my_DataADC1_2();  // Время выполнения my_DataADC1_0()+my_DataADC1_2() ____ тактов
  ^~~~~~~~~~~~~
  my_DataADC2_2
D:/GIT/my__MARS/CPT_MARS___ac6/cpt_m__ac6/Src/stm32l4xx_it.c:1004:2: warning: implicit declaration of function 'my_OUT1_F1'; did you mean 'my_ADC1_1'? [-Wimplicit-function-declaration]
  my_OUT1_F1();   //  ___ тактов
  ^~~~~~~~~~
  my_ADC1_1
D:/GIT/my__MARS/CPT_MARS___ac6/cpt_m__ac6/Src/stm32l4xx_it.c:1005:2: warning: implicit declaration of function 'my_OUT1_F2'; did you mean 'my_F1_F2'? [-Wimplicit-function-declaration]
  my_OUT1_F2();   // ____ тактов
  ^~~~~~~~~~
  my_F1_F2
D:/GIT/my__MARS/CPT_MARS___ac6/cpt_m__ac6/Src/stm32l4xx_it.c:1006:2: warning: implicit declaration of function 'my_OUT1_F1F2'; did you mean 'my_F1_F2'? [-Wimplicit-function-declaration]
  my_OUT1_F1F2();  //  ___ тактов
  ^~~~~~~~~~~~
  my_F1_F2
D:/GIT/my__MARS/CPT_MARS___ac6/cpt_m__ac6/Src/stm32l4xx_it.c:1008:2: warning: implicit declaration of function 'my_OUT1_F2F1'; did you mean 'my_F1_F2_'? [-Wimplicit-function-declaration]
  my_OUT1_F2F1();  //  ___ такта, измеренная сумма = ___
  ^~~~~~~~~~~~
  my_F1_F2_
D:/GIT/my__MARS/CPT_MARS___ac6/cpt_m__ac6/Src/stm32l4xx_it.c:1009:2: warning: implicit declaration of function 'my_OUT1_F1_F2'; did you mean 'my_F1_F2'? [-Wimplicit-function-declaration]
  my_OUT1_F1_F2();  //  ___ тактов, измеренная сумма =
  ^~~~~~~~~~~~~
  my_F1_F2
D:/GIT/my__MARS/CPT_MARS___ac6/cpt_m__ac6/Src/stm32l4xx_it.c:1042:4: warning: "/*" within comment [-Wcomment]
   //*
     
D:/GIT/my__MARS/CPT_MARS___ac6/cpt_m__ac6/Src/stm32l4xx_it.c: In function 'UpdateDataADC2':
D:/GIT/my__MARS/CPT_MARS___ac6/cpt_m__ac6/Src/stm32l4xx_it.c:1479:13: warning: unused variable 'i_NN' [-Wunused-variable]
  static int i_NN = 0;
             ^~~~
D:/GIT/my__MARS/CPT_MARS___ac6/cpt_m__ac6/Src/stm32l4xx_it.c:1402:13: warning: unused variable 'idT' [-Wunused-variable]
  static int idT = 0;
             ^~~
D:/GIT/my__MARS/CPT_MARS___ac6/cpt_m__ac6/Src/stm32l4xx_it.c:1401:13: warning: unused variable 'iT2' [-Wunused-variable]
  static int iT2 = 0;
             ^~~
D:/GIT/my__MARS/CPT_MARS___ac6/cpt_m__ac6/Src/stm32l4xx_it.c:1400:13: warning: unused variable 'iT1' [-Wunused-variable]
  static int iT1 = 0;
             ^~~
D:/GIT/my__MARS/CPT_MARS___ac6/cpt_m__ac6/Src/stm32l4xx_it.c: In function 'funWork_SCAN_CRNT':
D:/GIT/my__MARS/CPT_MARS___ac6/cpt_m__ac6/Src/stm32l4xx_it.c:1845:5: warning: "/*" within comment [-Wcomment]
     /*
      
D:/GIT/my__MARS/CPT_MARS___ac6/cpt_m__ac6/Src/stm32l4xx_it.c: In function 'UpdateRS232':
D:/GIT/my__MARS/CPT_MARS___ac6/cpt_m__ac6/Src/stm32l4xx_it.c:2234:12: warning: unused variable 'cr3its' [-Wunused-variable]
   uint32_t cr3its = USART3->CR3;
            ^~~~~~
D:/GIT/my__MARS/CPT_MARS___ac6/cpt_m__ac6/Src/stm32l4xx_it.c:2233:12: warning: unused variable 'cr1its' [-Wunused-variable]
   uint32_t cr1its = USART3->CR1;
            ^~~~~~
At top level:
D:/GIT/my__MARS/CPT_MARS___ac6/cpt_m__ac6/Src/stm32l4xx_it.c:1400:13: warning: 'iT1' defined but not used [-Wunused-variable]
  static int iT1 = 0;
             ^~~
D:/GIT/my__MARS/CPT_MARS___ac6/cpt_m__ac6/Src/stm32l4xx_it.c:1401:13: warning: 'iT2' defined but not used [-Wunused-variable]
  static int iT2 = 0;
             ^~~
D:/GIT/my__MARS/CPT_MARS___ac6/cpt_m__ac6/Src/stm32l4xx_it.c:1402:13: warning: 'idT' defined but not used [-Wunused-variable]
  static int idT = 0;
             ^~~
D:/GIT/my__MARS/CPT_MARS___ac6/cpt_m__ac6/Src/stm32l4xx_it.c:1479:13: warning: 'i_NN' defined but not used [-Wunused-variable]
  static int i_NN = 0;
             ^~~~
Finished building: D:/GIT/my__MARS/CPT_MARS___ac6/cpt_m__ac6/Src/stm32l4xx_it.c
 
Building target: cpt_m__ac6.elf
Invoking: MCU GCC Linker
arm-none-eabi-gcc -mcpu=cortex-m4 -mthumb -mfloat-abi=hard -mfpu=fpv4-sp-d16 -specs=nosys.specs -specs=nano.specs -T"../STM32L476RCTx_FLASH.ld" -Wl,-Map=output.map -Wl,--gc-sections -o "cpt_m__ac6.elf" @"objects.list"   -lm
Finished building target: cpt_m__ac6.elf
 
make --no-print-directory post-build
Generating hex and Printing size information:
arm-none-eabi-objcopy -O ihex "cpt_m__ac6.elf" "cpt_m__ac6.hex"
arm-none-eabi-size "cpt_m__ac6.elf"
   text	   data	    bss	    dec	    hex	filename
  44680	    376	  33856	  78912	  13440	cpt_m__ac6.elf
 
11:20:18 **** Build of configuration Debug for project cpt_m__ac6 ****
make -j16 all 
Building file: D:/GIT/my__MARS/CPT_MARS___ac6/cpt_m__ac6/Src/main.c
Building file: D:/GIT/my__MARS/CPT_MARS___ac6/cpt_m__ac6/Src/stm32l4xx_it.c
Invoking: MCU GCC Compiler
Invoking: MCU GCC Compiler
D:\GIT\my__MARS\CPT_MARS___ac6\cpt_m__ac6\SW4STM32\cpt_m__ac6\Debug
arm-none-eabi-gcc -mcpu=cortex-m4 -mthumb -mfloat-abi=hard -mfpu=fpv4-sp-d16 -DUSE_HAL_DRIVER -DSTM32L476xx -I"D:/GIT/my__MARS/CPT_MARS___ac6/cpt_m__ac6/Inc" -I"D:/GIT/my__MARS/CPT_MARS___ac6/cpt_m__ac6/Drivers/STM32L4xx_HAL_Driver/Inc" -I"D:/GIT/my__MARS/CPT_MARS___ac6/cpt_m__ac6/Drivers/STM32L4xx_HAL_Driver/Inc/Legacy" -I"D:/GIT/my__MARS/CPT_MARS___ac6/cpt_m__ac6/Drivers/CMSIS/Device/ST/STM32L4xx/Include" -I"D:/GIT/my__MARS/CPT_MARS___ac6/cpt_m__ac6/Drivers/CMSIS/Include"  -Og -g3 -Wall -fmessage-length=0 -ffunction-sections -c -fmessage-length=0 -MMD -MP -MF"Application/Src/main.d" -MT"Application/Src/main.o" -o "Application/Src/main.o" "D:/GIT/my__MARS/CPT_MARS___ac6/cpt_m__ac6/Src/main.c"
D:\GIT\my__MARS\CPT_MARS___ac6\cpt_m__ac6\SW4STM32\cpt_m__ac6\Debug
arm-none-eabi-gcc -mcpu=cortex-m4 -mthumb -mfloat-abi=hard -mfpu=fpv4-sp-d16 -DUSE_HAL_DRIVER -DSTM32L476xx -I"D:/GIT/my__MARS/CPT_MARS___ac6/cpt_m__ac6/Inc" -I"D:/GIT/my__MARS/CPT_MARS___ac6/cpt_m__ac6/Drivers/STM32L4xx_HAL_Driver/Inc" -I"D:/GIT/my__MARS/CPT_MARS___ac6/cpt_m__ac6/Drivers/STM32L4xx_HAL_Driver/Inc/Legacy" -I"D:/GIT/my__MARS/CPT_MARS___ac6/cpt_m__ac6/Drivers/CMSIS/Device/ST/STM32L4xx/Include" -I"D:/GIT/my__MARS/CPT_MARS___ac6/cpt_m__ac6/Drivers/CMSIS/Include"  -Og -g3 -Wall -fmessage-length=0 -ffunction-sections -c -fmessage-length=0 -MMD -MP -MF"Application/Src/stm32l4xx_it.d" -MT"Application/Src/stm32l4xx_it.o" -o "Application/Src/stm32l4xx_it.o" "D:/GIT/my__MARS/CPT_MARS___ac6/cpt_m__ac6/Src/stm32l4xx_it.c"
D:/GIT/my__MARS/CPT_MARS___ac6/cpt_m__ac6/Src/stm32l4xx_it.c: In function 'my_ADC1_1':
D:/GIT/my__MARS/CPT_MARS___ac6/cpt_m__ac6/Src/stm32l4xx_it.c:1002:2: warning: implicit declaration of function 'my_DataADC1_0'; did you mean 'my_DataADC2_0'? [-Wimplicit-function-declaration]
  my_DataADC1_0();  // Время выполнения my_DataADC1_0() ____ тактов
  ^~~~~~~~~~~~~
  my_DataADC2_0
D:/GIT/my__MARS/CPT_MARS___ac6/cpt_m__ac6/Src/stm32l4xx_it.c:1003:2: warning: implicit declaration of function 'my_DataADC1_2'; did you mean 'my_DataADC2_2'? [-Wimplicit-function-declaration]
  my_DataADC1_2();  // Время выполнения my_DataADC1_0()+my_DataADC1_2() ____ тактов
  ^~~~~~~~~~~~~
  my_DataADC2_2
D:/GIT/my__MARS/CPT_MARS___ac6/cpt_m__ac6/Src/stm32l4xx_it.c:1004:2: warning: implicit declaration of function 'my_OUT1_F1'; did you mean 'my_ADC1_1'? [-Wimplicit-function-declaration]
  my_OUT1_F1();   //  ___ тактов
  ^~~~~~~~~~
  my_ADC1_1
D:/GIT/my__MARS/CPT_MARS___ac6/cpt_m__ac6/Src/stm32l4xx_it.c:1005:2: warning: implicit declaration of function 'my_OUT1_F2'; did you mean 'my_F1_F2'? [-Wimplicit-function-declaration]
  my_OUT1_F2();   // ____ тактов
  ^~~~~~~~~~
  my_F1_F2
D:/GIT/my__MARS/CPT_MARS___ac6/cpt_m__ac6/Src/main.c: In function 'main':
D:/GIT/my__MARS/CPT_MARS___ac6/cpt_m__ac6/Src/main.c:366:4: warning: implicit declaration of function 'InitTEMP' [-Wimplicit-function-declaration]
    InitTEMP();
    ^~~~~~~~
D:/GIT/my__MARS/CPT_MARS___ac6/cpt_m__ac6/Src/stm32l4xx_it.c:1006:2: warning: implicit declaration of function 'my_OUT1_F1F2'; did you mean 'my_F1_F2'? [-Wimplicit-function-declaration]
  my_OUT1_F1F2();  //  ___ тактов
  ^~~~~~~~~~~~
  my_F1_F2
D:/GIT/my__MARS/CPT_MARS___ac6/cpt_m__ac6/Src/main.c: In function 'ProgressPID_SENSOR_CELL':
D:/GIT/my__MARS/CPT_MARS___ac6/cpt_m__ac6/Src/main.c:881:4: warning: implicit declaration of function 'GetTEMP' [-Wimplicit-function-declaration]
    GetTEMP(); // value_TempCell - это температура
    ^~~~~~~
D:/GIT/my__MARS/CPT_MARS___ac6/cpt_m__ac6/Src/stm32l4xx_it.c:1008:2: warning: implicit declaration of function 'my_OUT1_F2F1'; did you mean 'my_F1_F2_'? [-Wimplicit-function-declaration]
  my_OUT1_F2F1();  //  ___ такта, измеренная сумма = ___
  ^~~~~~~~~~~~
  my_F1_F2_
D:/GIT/my__MARS/CPT_MARS___ac6/cpt_m__ac6/Src/stm32l4xx_it.c:1009:2: warning: implicit declaration of function 'my_OUT1_F1_F2'; did you mean 'my_F1_F2'? [-Wimplicit-function-declaration]
  my_OUT1_F1_F2();  //  ___ тактов, измеренная сумма =
  ^~~~~~~~~~~~~
  my_F1_F2
D:/GIT/my__MARS/CPT_MARS___ac6/cpt_m__ac6/Src/stm32l4xx_it.c:1042:4: warning: "/*" within comment [-Wcomment]
   //*
     
D:/GIT/my__MARS/CPT_MARS___ac6/cpt_m__ac6/Src/stm32l4xx_it.c: In function 'UpdateDataADC2':
D:/GIT/my__MARS/CPT_MARS___ac6/cpt_m__ac6/Src/stm32l4xx_it.c:1479:13: warning: unused variable 'i_NN' [-Wunused-variable]
  static int i_NN = 0;
             ^~~~
D:/GIT/my__MARS/CPT_MARS___ac6/cpt_m__ac6/Src/stm32l4xx_it.c:1402:13: warning: unused variable 'idT' [-Wunused-variable]
  static int idT = 0;
             ^~~
D:/GIT/my__MARS/CPT_MARS___ac6/cpt_m__ac6/Src/stm32l4xx_it.c:1401:13: warning: unused variable 'iT2' [-Wunused-variable]
  static int iT2 = 0;
             ^~~
D:/GIT/my__MARS/CPT_MARS___ac6/cpt_m__ac6/Src/stm32l4xx_it.c:1400:13: warning: unused variable 'iT1' [-Wunused-variable]
  static int iT1 = 0;
             ^~~
D:/GIT/my__MARS/CPT_MARS___ac6/cpt_m__ac6/Src/stm32l4xx_it.c: In function 'funWork_SCAN_CRNT':
D:/GIT/my__MARS/CPT_MARS___ac6/cpt_m__ac6/Src/stm32l4xx_it.c:1845:5: warning: "/*" within comment [-Wcomment]
     /*
      
D:/GIT/my__MARS/CPT_MARS___ac6/cpt_m__ac6/Src/stm32l4xx_it.c: In function 'UpdateRS232':
D:/GIT/my__MARS/CPT_MARS___ac6/cpt_m__ac6/Src/stm32l4xx_it.c:2234:12: warning: unused variable 'cr3its' [-Wunused-variable]
   uint32_t cr3its = USART3->CR3;
            ^~~~~~
D:/GIT/my__MARS/CPT_MARS___ac6/cpt_m__ac6/Src/stm32l4xx_it.c:2233:12: warning: unused variable 'cr1its' [-Wunused-variable]
   uint32_t cr1its = USART3->CR1;
            ^~~~~~
At top level:
D:/GIT/my__MARS/CPT_MARS___ac6/cpt_m__ac6/Src/stm32l4xx_it.c:1400:13: warning: 'iT1' defined but not used [-Wunused-variable]
  static int iT1 = 0;
             ^~~
D:/GIT/my__MARS/CPT_MARS___ac6/cpt_m__ac6/Src/stm32l4xx_it.c:1401:13: warning: 'iT2' defined but not used [-Wunused-variable]
  static int iT2 = 0;
             ^~~
D:/GIT/my__MARS/CPT_MARS___ac6/cpt_m__ac6/Src/stm32l4xx_it.c:1402:13: warning: 'idT' defined but not used [-Wunused-variable]
  static int idT = 0;
             ^~~
D:/GIT/my__MARS/CPT_MARS___ac6/cpt_m__ac6/Src/stm32l4xx_it.c:1479:13: warning: 'i_NN' defined but not used [-Wunused-variable]
  static int i_NN = 0;
             ^~~~
Finished building: D:/GIT/my__MARS/CPT_MARS___ac6/cpt_m__ac6/Src/main.c
 
Finished building: D:/GIT/my__MARS/CPT_MARS___ac6/cpt_m__ac6/Src/stm32l4xx_it.c
 
Building target: cpt_m__ac6.elf
Invoking: MCU GCC Linker
arm-none-eabi-gcc -mcpu=cortex-m4 -mthumb -mfloat-abi=hard -mfpu=fpv4-sp-d16 -specs=nosys.specs -specs=nano.specs -T"../STM32L476RCTx_FLASH.ld" -Wl,-Map=output.map -Wl,--gc-sections -o "cpt_m__ac6.elf" @"objects.list"   -lm
Finished building target: cpt_m__ac6.elf
 
make --no-print-directory post-build
Generating hex and Printing size information:
arm-none-eabi-objcopy -O ihex "cpt_m__ac6.elf" "cpt_m__ac6.hex"
arm-none-eabi-size "cpt_m__ac6.elf"
   text	   data	    bss	    dec	    hex	filename
  44600	    376	  33856	  78832	  133f0	cpt_m__ac6.elf
 
11:21:39 **** Incremental Build of configuration Debug for project cpt_m__ac6 ****
make -j16 all 
make: Nothing to be done for 'all'.
10:57:26 **** Build of configuration Debug for project cpt_m__ac6 ****
make -j16 all 
Building file: D:/GIT/my__MARS/CPT_MARS___ac6/cpt_m__ac6/Src/hist.c
Building file: D:/GIT/my__MARS/CPT_MARS___ac6/cpt_m__ac6/Src/interface_ADT7410.c
Building file: D:/GIT/my__MARS/CPT_MARS___ac6/cpt_m__ac6/Src/interface_LMX2486.c
Building file: D:/GIT/my__MARS/CPT_MARS___ac6/cpt_m__ac6/Src/main.c
Invoking: MCU GCC Compiler
Invoking: MCU GCC Compiler
Invoking: MCU GCC Compiler
Invoking: MCU GCC Compiler
Building file: D:/GIT/my__MARS/CPT_MARS___ac6/cpt_m__ac6/Src/my_FUN_.c
D:\GIT\my__MARS\CPT_MARS___ac6\cpt_m__ac6\SW4STM32\cpt_m__ac6\Debug
arm-none-eabi-gcc -mcpu=cortex-m4 -mthumb -mfloat-abi=hard -mfpu=fpv4-sp-d16 -DUSE_HAL_DRIVER -DSTM32L476xx -I"D:/GIT/my__MARS/CPT_MARS___ac6/cpt_m__ac6/Inc" -I"D:/GIT/my__MARS/CPT_MARS___ac6/cpt_m__ac6/Drivers/STM32L4xx_HAL_Driver/Inc" -I"D:/GIT/my__MARS/CPT_MARS___ac6/cpt_m__ac6/Drivers/STM32L4xx_HAL_Driver/Inc/Legacy" -I"D:/GIT/my__MARS/CPT_MARS___ac6/cpt_m__ac6/Drivers/CMSIS/Device/ST/STM32L4xx/Include" -I"D:/GIT/my__MARS/CPT_MARS___ac6/cpt_m__ac6/Drivers/CMSIS/Include"  -Og -g3 -Wall -fmessage-length=0 -ffunction-sections -c -fmessage-length=0 -MMD -MP -MF"Application/Src/hist.d" -MT"Application/Src/hist.o" -o "Application/Src/hist.o" "D:/GIT/my__MARS/CPT_MARS___ac6/cpt_m__ac6/Src/hist.c"
D:\GIT\my__MARS\CPT_MARS___ac6\cpt_m__ac6\SW4STM32\cpt_m__ac6\Debug
D:\GIT\my__MARS\CPT_MARS___ac6\cpt_m__ac6\SW4STM32\cpt_m__ac6\Debug
D:\GIT\my__MARS\CPT_MARS___ac6\cpt_m__ac6\SW4STM32\cpt_m__ac6\Debug
arm-none-eabi-gcc -mcpu=cortex-m4 -mthumb -mfloat-abi=hard -mfpu=fpv4-sp-d16 -DUSE_HAL_DRIVER -DSTM32L476xx -I"D:/GIT/my__MARS/CPT_MARS___ac6/cpt_m__ac6/Inc" -I"D:/GIT/my__MARS/CPT_MARS___ac6/cpt_m__ac6/Drivers/STM32L4xx_HAL_Driver/Inc" -I"D:/GIT/my__MARS/CPT_MARS___ac6/cpt_m__ac6/Drivers/STM32L4xx_HAL_Driver/Inc/Legacy" -I"D:/GIT/my__MARS/CPT_MARS___ac6/cpt_m__ac6/Drivers/CMSIS/Device/ST/STM32L4xx/Include" -I"D:/GIT/my__MARS/CPT_MARS___ac6/cpt_m__ac6/Drivers/CMSIS/Include"  -Og -g3 -Wall -fmessage-length=0 -ffunction-sections -c -fmessage-length=0 -MMD -MP -MF"Application/Src/interface_ADT7410.d" -MT"Application/Src/interface_ADT7410.o" -o "Application/Src/interface_ADT7410.o" "D:/GIT/my__MARS/CPT_MARS___ac6/cpt_m__ac6/Src/interface_ADT7410.c"
Invoking: MCU GCC Compiler
arm-none-eabi-gcc -mcpu=cortex-m4 -mthumb -mfloat-abi=hard -mfpu=fpv4-sp-d16 -DUSE_HAL_DRIVER -DSTM32L476xx -I"D:/GIT/my__MARS/CPT_MARS___ac6/cpt_m__ac6/Inc" -I"D:/GIT/my__MARS/CPT_MARS___ac6/cpt_m__ac6/Drivers/STM32L4xx_HAL_Driver/Inc" -I"D:/GIT/my__MARS/CPT_MARS___ac6/cpt_m__ac6/Drivers/STM32L4xx_HAL_Driver/Inc/Legacy" -I"D:/GIT/my__MARS/CPT_MARS___ac6/cpt_m__ac6/Drivers/CMSIS/Device/ST/STM32L4xx/Include" -I"D:/GIT/my__MARS/CPT_MARS___ac6/cpt_m__ac6/Drivers/CMSIS/Include"  -Og -g3 -Wall -fmessage-length=0 -ffunction-sections -c -fmessage-length=0 -MMD -MP -MF"Application/Src/interface_LMX2486.d" -MT"Application/Src/interface_LMX2486.o" -o "Application/Src/interface_LMX2486.o" "D:/GIT/my__MARS/CPT_MARS___ac6/cpt_m__ac6/Src/interface_LMX2486.c"
arm-none-eabi-gcc -mcpu=cortex-m4 -mthumb -mfloat-abi=hard -mfpu=fpv4-sp-d16 -DUSE_HAL_DRIVER -DSTM32L476xx -I"D:/GIT/my__MARS/CPT_MARS___ac6/cpt_m__ac6/Inc" -I"D:/GIT/my__MARS/CPT_MARS___ac6/cpt_m__ac6/Drivers/STM32L4xx_HAL_Driver/Inc" -I"D:/GIT/my__MARS/CPT_MARS___ac6/cpt_m__ac6/Drivers/STM32L4xx_HAL_Driver/Inc/Legacy" -I"D:/GIT/my__MARS/CPT_MARS___ac6/cpt_m__ac6/Drivers/CMSIS/Device/ST/STM32L4xx/Include" -I"D:/GIT/my__MARS/CPT_MARS___ac6/cpt_m__ac6/Drivers/CMSIS/Include"  -Og -g3 -Wall -fmessage-length=0 -ffunction-sections -c -fmessage-length=0 -MMD -MP -MF"Application/Src/main.d" -MT"Application/Src/main.o" -o "Application/Src/main.o" "D:/GIT/my__MARS/CPT_MARS___ac6/cpt_m__ac6/Src/main.c"
D:\GIT\my__MARS\CPT_MARS___ac6\cpt_m__ac6\SW4STM32\cpt_m__ac6\Debug
Building file: D:/GIT/my__MARS/CPT_MARS___ac6/cpt_m__ac6/Src/pid_DOPLER_FREQ.c
arm-none-eabi-gcc -mcpu=cortex-m4 -mthumb -mfloat-abi=hard -mfpu=fpv4-sp-d16 -DUSE_HAL_DRIVER -DSTM32L476xx -I"D:/GIT/my__MARS/CPT_MARS___ac6/cpt_m__ac6/Inc" -I"D:/GIT/my__MARS/CPT_MARS___ac6/cpt_m__ac6/Drivers/STM32L4xx_HAL_Driver/Inc" -I"D:/GIT/my__MARS/CPT_MARS___ac6/cpt_m__ac6/Drivers/STM32L4xx_HAL_Driver/Inc/Legacy" -I"D:/GIT/my__MARS/CPT_MARS___ac6/cpt_m__ac6/Drivers/CMSIS/Device/ST/STM32L4xx/Include" -I"D:/GIT/my__MARS/CPT_MARS___ac6/cpt_m__ac6/Drivers/CMSIS/Include"  -Og -g3 -Wall -fmessage-length=0 -ffunction-sections -c -fmessage-length=0 -MMD -MP -MF"Application/Src/my_FUN_.d" -MT"Application/Src/my_FUN_.o" -o "Application/Src/my_FUN_.o" "D:/GIT/my__MARS/CPT_MARS___ac6/cpt_m__ac6/Src/my_FUN_.c"
Building file: D:/GIT/my__MARS/CPT_MARS___ac6/cpt_m__ac6/Src/pid_MICROWAVE.c
Invoking: MCU GCC Compiler
Invoking: MCU GCC Compiler
Building file: D:/GIT/my__MARS/CPT_MARS___ac6/cpt_m__ac6/Src/pid_optics_pwr.c
D:\GIT\my__MARS\CPT_MARS___ac6\cpt_m__ac6\SW4STM32\cpt_m__ac6\Debug
D:\GIT\my__MARS\CPT_MARS___ac6\cpt_m__ac6\SW4STM32\cpt_m__ac6\Debug
arm-none-eabi-gcc -mcpu=cortex-m4 -mthumb -mfloat-abi=hard -mfpu=fpv4-sp-d16 -DUSE_HAL_DRIVER -DSTM32L476xx -I"D:/GIT/my__MARS/CPT_MARS___ac6/cpt_m__ac6/Inc" -I"D:/GIT/my__MARS/CPT_MARS___ac6/cpt_m__ac6/Drivers/STM32L4xx_HAL_Driver/Inc" -I"D:/GIT/my__MARS/CPT_MARS___ac6/cpt_m__ac6/Drivers/STM32L4xx_HAL_Driver/Inc/Legacy" -I"D:/GIT/my__MARS/CPT_MARS___ac6/cpt_m__ac6/Drivers/CMSIS/Device/ST/STM32L4xx/Include" -I"D:/GIT/my__MARS/CPT_MARS___ac6/cpt_m__ac6/Drivers/CMSIS/Include"  -Og -g3 -Wall -fmessage-length=0 -ffunction-sections -c -fmessage-length=0 -MMD -MP -MF"Application/Src/pid_DOPLER_FREQ.d" -MT"Application/Src/pid_DOPLER_FREQ.o" -o "Application/Src/pid_DOPLER_FREQ.o" "D:/GIT/my__MARS/CPT_MARS___ac6/cpt_m__ac6/Src/pid_DOPLER_FREQ.c"
Building file: D:/GIT/my__MARS/CPT_MARS___ac6/cpt_m__ac6/Src/stm32l4xx_it.c
arm-none-eabi-gcc -mcpu=cortex-m4 -mthumb -mfloat-abi=hard -mfpu=fpv4-sp-d16 -DUSE_HAL_DRIVER -DSTM32L476xx -I"D:/GIT/my__MARS/CPT_MARS___ac6/cpt_m__ac6/Inc" -I"D:/GIT/my__MARS/CPT_MARS___ac6/cpt_m__ac6/Drivers/STM32L4xx_HAL_Driver/Inc" -I"D:/GIT/my__MARS/CPT_MARS___ac6/cpt_m__ac6/Drivers/STM32L4xx_HAL_Driver/Inc/Legacy" -I"D:/GIT/my__MARS/CPT_MARS___ac6/cpt_m__ac6/Drivers/CMSIS/Device/ST/STM32L4xx/Include" -I"D:/GIT/my__MARS/CPT_MARS___ac6/cpt_m__ac6/Drivers/CMSIS/Include"  -Og -g3 -Wall -fmessage-length=0 -ffunction-sections -c -fmessage-length=0 -MMD -MP -MF"Application/Src/pid_MICROWAVE.d" -MT"Application/Src/pid_MICROWAVE.o" -o "Application/Src/pid_MICROWAVE.o" "D:/GIT/my__MARS/CPT_MARS___ac6/cpt_m__ac6/Src/pid_MICROWAVE.c"
Invoking: MCU GCC Compiler
Invoking: MCU GCC Compiler
D:\GIT\my__MARS\CPT_MARS___ac6\cpt_m__ac6\SW4STM32\cpt_m__ac6\Debug
Building file: D:/GIT/my__MARS/CPT_MARS___ac6/cpt_m__ac6/Src/usart_protocol.c
arm-none-eabi-gcc -mcpu=cortex-m4 -mthumb -mfloat-abi=hard -mfpu=fpv4-sp-d16 -DUSE_HAL_DRIVER -DSTM32L476xx -I"D:/GIT/my__MARS/CPT_MARS___ac6/cpt_m__ac6/Inc" -I"D:/GIT/my__MARS/CPT_MARS___ac6/cpt_m__ac6/Drivers/STM32L4xx_HAL_Driver/Inc" -I"D:/GIT/my__MARS/CPT_MARS___ac6/cpt_m__ac6/Drivers/STM32L4xx_HAL_Driver/Inc/Legacy" -I"D:/GIT/my__MARS/CPT_MARS___ac6/cpt_m__ac6/Drivers/CMSIS/Device/ST/STM32L4xx/Include" -I"D:/GIT/my__MARS/CPT_MARS___ac6/cpt_m__ac6/Drivers/CMSIS/Include"  -Og -g3 -Wall -fmessage-length=0 -ffunction-sections -c -fmessage-length=0 -MMD -MP -MF"Application/Src/pid_optics_pwr.d" -MT"Application/Src/pid_optics_pwr.o" -o "Application/Src/pid_optics_pwr.o" "D:/GIT/my__MARS/CPT_MARS___ac6/cpt_m__ac6/Src/pid_optics_pwr.c"
Building file: D:/GIT/my__MARS/CPT_MARS___ac6/cpt_m__ac6/Src/var.c
D:\GIT\my__MARS\CPT_MARS___ac6\cpt_m__ac6\SW4STM32\cpt_m__ac6\Debug
arm-none-eabi-gcc -mcpu=cortex-m4 -mthumb -mfloat-abi=hard -mfpu=fpv4-sp-d16 -DUSE_HAL_DRIVER -DSTM32L476xx -I"D:/GIT/my__MARS/CPT_MARS___ac6/cpt_m__ac6/Inc" -I"D:/GIT/my__MARS/CPT_MARS___ac6/cpt_m__ac6/Drivers/STM32L4xx_HAL_Driver/Inc" -I"D:/GIT/my__MARS/CPT_MARS___ac6/cpt_m__ac6/Drivers/STM32L4xx_HAL_Driver/Inc/Legacy" -I"D:/GIT/my__MARS/CPT_MARS___ac6/cpt_m__ac6/Drivers/CMSIS/Device/ST/STM32L4xx/Include" -I"D:/GIT/my__MARS/CPT_MARS___ac6/cpt_m__ac6/Drivers/CMSIS/Include"  -Og -g3 -Wall -fmessage-length=0 -ffunction-sections -c -fmessage-length=0 -MMD -MP -MF"Application/Src/stm32l4xx_it.d" -MT"Application/Src/stm32l4xx_it.o" -o "Application/Src/stm32l4xx_it.o" "D:/GIT/my__MARS/CPT_MARS___ac6/cpt_m__ac6/Src/stm32l4xx_it.c"
Invoking: MCU GCC Compiler
Invoking: MCU GCC Compiler
D:\GIT\my__MARS\CPT_MARS___ac6\cpt_m__ac6\SW4STM32\cpt_m__ac6\Debug
arm-none-eabi-gcc -mcpu=cortex-m4 -mthumb -mfloat-abi=hard -mfpu=fpv4-sp-d16 -DUSE_HAL_DRIVER -DSTM32L476xx -I"D:/GIT/my__MARS/CPT_MARS___ac6/cpt_m__ac6/Inc" -I"D:/GIT/my__MARS/CPT_MARS___ac6/cpt_m__ac6/Drivers/STM32L4xx_HAL_Driver/Inc" -I"D:/GIT/my__MARS/CPT_MARS___ac6/cpt_m__ac6/Drivers/STM32L4xx_HAL_Driver/Inc/Legacy" -I"D:/GIT/my__MARS/CPT_MARS___ac6/cpt_m__ac6/Drivers/CMSIS/Device/ST/STM32L4xx/Include" -I"D:/GIT/my__MARS/CPT_MARS___ac6/cpt_m__ac6/Drivers/CMSIS/Include"  -Og -g3 -Wall -fmessage-length=0 -ffunction-sections -c -fmessage-length=0 -MMD -MP -MF"Application/Src/usart_protocol.d" -MT"Application/Src/usart_protocol.o" -o "Application/Src/usart_protocol.o" "D:/GIT/my__MARS/CPT_MARS___ac6/cpt_m__ac6/Src/usart_protocol.c"
D:\GIT\my__MARS\CPT_MARS___ac6\cpt_m__ac6\SW4STM32\cpt_m__ac6\Debug
arm-none-eabi-gcc -mcpu=cortex-m4 -mthumb -mfloat-abi=hard -mfpu=fpv4-sp-d16 -DUSE_HAL_DRIVER -DSTM32L476xx -I"D:/GIT/my__MARS/CPT_MARS___ac6/cpt_m__ac6/Inc" -I"D:/GIT/my__MARS/CPT_MARS___ac6/cpt_m__ac6/Drivers/STM32L4xx_HAL_Driver/Inc" -I"D:/GIT/my__MARS/CPT_MARS___ac6/cpt_m__ac6/Drivers/STM32L4xx_HAL_Driver/Inc/Legacy" -I"D:/GIT/my__MARS/CPT_MARS___ac6/cpt_m__ac6/Drivers/CMSIS/Device/ST/STM32L4xx/Include" -I"D:/GIT/my__MARS/CPT_MARS___ac6/cpt_m__ac6/Drivers/CMSIS/Include"  -Og -g3 -Wall -fmessage-length=0 -ffunction-sections -c -fmessage-length=0 -MMD -MP -MF"Application/Src/var.d" -MT"Application/Src/var.o" -o "Application/Src/var.o" "D:/GIT/my__MARS/CPT_MARS___ac6/cpt_m__ac6/Src/var.c"
D:/GIT/my__MARS/CPT_MARS___ac6/cpt_m__ac6/Src/interface_LMX2486.c: In function 'LMX2486_SendData':
D:/GIT/my__MARS/CPT_MARS___ac6/cpt_m__ac6/Src/interface_LMX2486.c:8:19: warning: variable 'rx' set but not used [-Wunused-but-set-variable]
  volatile uint8_t rx = 0;
                   ^~
D:/GIT/my__MARS/CPT_MARS___ac6/cpt_m__ac6/Src/hist.c: In function 'HIST':
D:/GIT/my__MARS/CPT_MARS___ac6/cpt_m__ac6/Src/hist.c:64:25: warning: 'i' may be used uninitialized in this function [-Wmaybe-uninitialized]
   for(int i; i < 1000; i++)       //формируем значения ячеек гистограммы
                        ~^~
D:/GIT/my__MARS/CPT_MARS___ac6/cpt_m__ac6/Src/stm32l4xx_it.c: In function 'my_ADC1_1':
D:/GIT/my__MARS/CPT_MARS___ac6/cpt_m__ac6/Src/stm32l4xx_it.c:1002:2: warning: implicit declaration of function 'my_DataADC1_0'; did you mean 'my_DataADC2_0'? [-Wimplicit-function-declaration]
  my_DataADC1_0();  // Время выполнения my_DataADC1_0() ____ тактов
  ^~~~~~~~~~~~~
  my_DataADC2_0
D:/GIT/my__MARS/CPT_MARS___ac6/cpt_m__ac6/Src/stm32l4xx_it.c:1003:2: warning: implicit declaration of function 'my_DataADC1_2'; did you mean 'my_DataADC2_2'? [-Wimplicit-function-declaration]
  my_DataADC1_2();  // Время выполнения my_DataADC1_0()+my_DataADC1_2() ____ тактов
  ^~~~~~~~~~~~~
  my_DataADC2_2
D:/GIT/my__MARS/CPT_MARS___ac6/cpt_m__ac6/Src/stm32l4xx_it.c:1004:2: warning: implicit declaration of function 'my_OUT1_F1'; did you mean 'my_ADC1_1'? [-Wimplicit-function-declaration]
  my_OUT1_F1();   //  ___ тактов
  ^~~~~~~~~~
  my_ADC1_1
D:/GIT/my__MARS/CPT_MARS___ac6/cpt_m__ac6/Src/stm32l4xx_it.c:1005:2: warning: implicit declaration of function 'my_OUT1_F2'; did you mean 'my_F1_F2'? [-Wimplicit-function-declaration]
  my_OUT1_F2();   // ____ тактов
  ^~~~~~~~~~
  my_F1_F2
D:/GIT/my__MARS/CPT_MARS___ac6/cpt_m__ac6/Src/stm32l4xx_it.c:1006:2: warning: implicit declaration of function 'my_OUT1_F1F2'; did you mean 'my_F1_F2'? [-Wimplicit-function-declaration]
  my_OUT1_F1F2();  //  ___ тактов
  ^~~~~~~~~~~~
  my_F1_F2
D:/GIT/my__MARS/CPT_MARS___ac6/cpt_m__ac6/Src/stm32l4xx_it.c:1008:2: warning: implicit declaration of function 'my_OUT1_F2F1'; did you mean 'my_F1_F2_'? [-Wimplicit-function-declaration]
  my_OUT1_F2F1();  //  ___ такта, измеренная сумма = ___
  ^~~~~~~~~~~~
  my_F1_F2_
D:/GIT/my__MARS/CPT_MARS___ac6/cpt_m__ac6/Src/stm32l4xx_it.c:1009:2: warning: implicit declaration of function 'my_OUT1_F1_F2'; did you mean 'my_F1_F2'? [-Wimplicit-function-declaration]
  my_OUT1_F1_F2();  //  ___ тактов, измеренная сумма =
  ^~~~~~~~~~~~~
  my_F1_F2
D:/GIT/my__MARS/CPT_MARS___ac6/cpt_m__ac6/Src/stm32l4xx_it.c:1042:4: warning: "/*" within comment [-Wcomment]
   //*
     
D:/GIT/my__MARS/CPT_MARS___ac6/cpt_m__ac6/Src/stm32l4xx_it.c: In function 'UpdateDataADC2':
D:/GIT/my__MARS/CPT_MARS___ac6/cpt_m__ac6/Src/stm32l4xx_it.c:1479:13: warning: unused variable 'i_NN' [-Wunused-variable]
  static int i_NN = 0;
             ^~~~
D:/GIT/my__MARS/CPT_MARS___ac6/cpt_m__ac6/Src/stm32l4xx_it.c:1402:13: warning: unused variable 'idT' [-Wunused-variable]
  static int idT = 0;
             ^~~
D:/GIT/my__MARS/CPT_MARS___ac6/cpt_m__ac6/Src/stm32l4xx_it.c:1401:13: warning: unused variable 'iT2' [-Wunused-variable]
  static int iT2 = 0;
             ^~~
D:/GIT/my__MARS/CPT_MARS___ac6/cpt_m__ac6/Src/stm32l4xx_it.c:1400:13: warning: unused variable 'iT1' [-Wunused-variable]
  static int iT1 = 0;
             ^~~
D:/GIT/my__MARS/CPT_MARS___ac6/cpt_m__ac6/Src/stm32l4xx_it.c: In function 'funWork_SCAN_CRNT':
D:/GIT/my__MARS/CPT_MARS___ac6/cpt_m__ac6/Src/stm32l4xx_it.c:1846:5: warning: "/*" within comment [-Wcomment]
     /*
      
D:/GIT/my__MARS/CPT_MARS___ac6/cpt_m__ac6/Src/stm32l4xx_it.c: In function 'UpdateRS232':
D:/GIT/my__MARS/CPT_MARS___ac6/cpt_m__ac6/Src/stm32l4xx_it.c:2235:12: warning: unused variable 'cr3its' [-Wunused-variable]
   uint32_t cr3its = USART3->CR3;
            ^~~~~~
D:/GIT/my__MARS/CPT_MARS___ac6/cpt_m__ac6/Src/stm32l4xx_it.c:2234:12: warning: unused variable 'cr1its' [-Wunused-variable]
   uint32_t cr1its = USART3->CR1;
            ^~~~~~
D:/GIT/my__MARS/CPT_MARS___ac6/cpt_m__ac6/Src/main.c: In function 'main':
D:/GIT/my__MARS/CPT_MARS___ac6/cpt_m__ac6/Src/main.c:366:4: warning: implicit declaration of function 'InitTEMP' [-Wimplicit-function-declaration]
    InitTEMP();
    ^~~~~~~~
D:/GIT/my__MARS/CPT_MARS___ac6/cpt_m__ac6/Src/main.c: In function 'ProgressPID_SENSOR_CELL':
D:/GIT/my__MARS/CPT_MARS___ac6/cpt_m__ac6/Src/main.c:881:4: warning: implicit declaration of function 'GetTEMP' [-Wimplicit-function-declaration]
    GetTEMP(); // value_TempCell - это температура
    ^~~~~~~
At top level:
D:/GIT/my__MARS/CPT_MARS___ac6/cpt_m__ac6/Src/stm32l4xx_it.c:1400:13: warning: 'iT1' defined but not used [-Wunused-variable]
  static int iT1 = 0;
             ^~~
D:/GIT/my__MARS/CPT_MARS___ac6/cpt_m__ac6/Src/stm32l4xx_it.c:1401:13: warning: 'iT2' defined but not used [-Wunused-variable]
  static int iT2 = 0;
             ^~~
D:/GIT/my__MARS/CPT_MARS___ac6/cpt_m__ac6/Src/stm32l4xx_it.c:1402:13: warning: 'idT' defined but not used [-Wunused-variable]
  static int idT = 0;
             ^~~
D:/GIT/my__MARS/CPT_MARS___ac6/cpt_m__ac6/Src/stm32l4xx_it.c:1479:13: warning: 'i_NN' defined but not used [-Wunused-variable]
  static int i_NN = 0;
             ^~~~
Finished building: D:/GIT/my__MARS/CPT_MARS___ac6/cpt_m__ac6/Src/var.c
Finished building: D:/GIT/my__MARS/CPT_MARS___ac6/cpt_m__ac6/Src/pid_optics_pwr.c
Finished building: D:/GIT/my__MARS/CPT_MARS___ac6/cpt_m__ac6/Src/my_FUN_.c
 
 
Finished building: D:/GIT/my__MARS/CPT_MARS___ac6/cpt_m__ac6/Src/interface_LMX2486.c
Finished building: D:/GIT/my__MARS/CPT_MARS___ac6/cpt_m__ac6/Src/hist.c
Finished building: D:/GIT/my__MARS/CPT_MARS___ac6/cpt_m__ac6/Src/interface_ADT7410.c
Finished building: D:/GIT/my__MARS/CPT_MARS___ac6/cpt_m__ac6/Src/pid_DOPLER_FREQ.c
Finished building: D:/GIT/my__MARS/CPT_MARS___ac6/cpt_m__ac6/Src/main.c
Finished building: D:/GIT/my__MARS/CPT_MARS___ac6/cpt_m__ac6/Src/pid_MICROWAVE.c
Finished building: D:/GIT/my__MARS/CPT_MARS___ac6/cpt_m__ac6/Src/stm32l4xx_it.c
Finished building: D:/GIT/my__MARS/CPT_MARS___ac6/cpt_m__ac6/Src/usart_protocol.c
 
 
 
 
 
 
 
 
 
Building target: cpt_m__ac6.elf
Invoking: MCU GCC Linker
arm-none-eabi-gcc -mcpu=cortex-m4 -mthumb -mfloat-abi=hard -mfpu=fpv4-sp-d16 -specs=nosys.specs -specs=nano.specs -T"../STM32L476RCTx_FLASH.ld" -Wl,-Map=output.map -Wl,--gc-sections -o "cpt_m__ac6.elf" @"objects.list"   -lm
Finished building target: cpt_m__ac6.elf
 
make --no-print-directory post-build
Generating hex and Printing size information:
arm-none-eabi-objcopy -O ihex "cpt_m__ac6.elf" "cpt_m__ac6.hex"
arm-none-eabi-size "cpt_m__ac6.elf"
   text	   data	    bss	    dec	    hex	filename
  44616	    376	  33864	  78856	  13408	cpt_m__ac6.elf
 
11:07:01 **** Incremental Build of configuration Debug for project cpt_m__ac6 ****
make -j16 all 
make: Nothing to be done for 'all'.
11:12:51 **** Incremental Build of configuration Debug for project cpt_m__ac6 ****
make -j16 all 
Building file: D:/GIT/my__MARS/CPT_MARS___ac6/cpt_m__ac6/Src/stm32l4xx_it.c
Invoking: MCU GCC Compiler
D:\GIT\my__MARS\CPT_MARS___ac6\cpt_m__ac6\SW4STM32\cpt_m__ac6\Debug
arm-none-eabi-gcc -mcpu=cortex-m4 -mthumb -mfloat-abi=hard -mfpu=fpv4-sp-d16 -DUSE_HAL_DRIVER -DSTM32L476xx -I"D:/GIT/my__MARS/CPT_MARS___ac6/cpt_m__ac6/Inc" -I"D:/GIT/my__MARS/CPT_MARS___ac6/cpt_m__ac6/Drivers/STM32L4xx_HAL_Driver/Inc" -I"D:/GIT/my__MARS/CPT_MARS___ac6/cpt_m__ac6/Drivers/STM32L4xx_HAL_Driver/Inc/Legacy" -I"D:/GIT/my__MARS/CPT_MARS___ac6/cpt_m__ac6/Drivers/CMSIS/Device/ST/STM32L4xx/Include" -I"D:/GIT/my__MARS/CPT_MARS___ac6/cpt_m__ac6/Drivers/CMSIS/Include"  -Og -g3 -Wall -fmessage-length=0 -ffunction-sections -c -fmessage-length=0 -MMD -MP -MF"Application/Src/stm32l4xx_it.d" -MT"Application/Src/stm32l4xx_it.o" -o "Application/Src/stm32l4xx_it.o" "D:/GIT/my__MARS/CPT_MARS___ac6/cpt_m__ac6/Src/stm32l4xx_it.c"
D:/GIT/my__MARS/CPT_MARS___ac6/cpt_m__ac6/Src/stm32l4xx_it.c: In function 'my_ADC1_1':
D:/GIT/my__MARS/CPT_MARS___ac6/cpt_m__ac6/Src/stm32l4xx_it.c:1002:2: warning: implicit declaration of function 'my_DataADC1_0'; did you mean 'my_DataADC2_0'? [-Wimplicit-function-declaration]
  my_DataADC1_0();  // Время выполнения my_DataADC1_0() ____ тактов
  ^~~~~~~~~~~~~
  my_DataADC2_0
D:/GIT/my__MARS/CPT_MARS___ac6/cpt_m__ac6/Src/stm32l4xx_it.c:1003:2: warning: implicit declaration of function 'my_DataADC1_2'; did you mean 'my_DataADC2_2'? [-Wimplicit-function-declaration]
  my_DataADC1_2();  // Время выполнения my_DataADC1_0()+my_DataADC1_2() ____ тактов
  ^~~~~~~~~~~~~
  my_DataADC2_2
D:/GIT/my__MARS/CPT_MARS___ac6/cpt_m__ac6/Src/stm32l4xx_it.c:1004:2: warning: implicit declaration of function 'my_OUT1_F1'; did you mean 'my_ADC1_1'? [-Wimplicit-function-declaration]
  my_OUT1_F1();   //  ___ тактов
  ^~~~~~~~~~
  my_ADC1_1
D:/GIT/my__MARS/CPT_MARS___ac6/cpt_m__ac6/Src/stm32l4xx_it.c:1005:2: warning: implicit declaration of function 'my_OUT1_F2'; did you mean 'my_F1_F2'? [-Wimplicit-function-declaration]
  my_OUT1_F2();   // ____ тактов
  ^~~~~~~~~~
  my_F1_F2
D:/GIT/my__MARS/CPT_MARS___ac6/cpt_m__ac6/Src/stm32l4xx_it.c:1006:2: warning: implicit declaration of function 'my_OUT1_F1F2'; did you mean 'my_F1_F2'? [-Wimplicit-function-declaration]
  my_OUT1_F1F2();  //  ___ тактов
  ^~~~~~~~~~~~
  my_F1_F2
D:/GIT/my__MARS/CPT_MARS___ac6/cpt_m__ac6/Src/stm32l4xx_it.c:1008:2: warning: implicit declaration of function 'my_OUT1_F2F1'; did you mean 'my_F1_F2_'? [-Wimplicit-function-declaration]
  my_OUT1_F2F1();  //  ___ такта, измеренная сумма = ___
  ^~~~~~~~~~~~
  my_F1_F2_
D:/GIT/my__MARS/CPT_MARS___ac6/cpt_m__ac6/Src/stm32l4xx_it.c:1009:2: warning: implicit declaration of function 'my_OUT1_F1_F2'; did you mean 'my_F1_F2'? [-Wimplicit-function-declaration]
  my_OUT1_F1_F2();  //  ___ тактов, измеренная сумма =
  ^~~~~~~~~~~~~
  my_F1_F2
D:/GIT/my__MARS/CPT_MARS___ac6/cpt_m__ac6/Src/stm32l4xx_it.c:1042:4: warning: "/*" within comment [-Wcomment]
   //*
     
D:/GIT/my__MARS/CPT_MARS___ac6/cpt_m__ac6/Src/stm32l4xx_it.c: In function 'UpdateDataADC2':
D:/GIT/my__MARS/CPT_MARS___ac6/cpt_m__ac6/Src/stm32l4xx_it.c:1479:13: warning: unused variable 'i_NN' [-Wunused-variable]
  static int i_NN = 0;
             ^~~~
D:/GIT/my__MARS/CPT_MARS___ac6/cpt_m__ac6/Src/stm32l4xx_it.c:1402:13: warning: unused variable 'idT' [-Wunused-variable]
  static int idT = 0;
             ^~~
D:/GIT/my__MARS/CPT_MARS___ac6/cpt_m__ac6/Src/stm32l4xx_it.c:1401:13: warning: unused variable 'iT2' [-Wunused-variable]
  static int iT2 = 0;
             ^~~
D:/GIT/my__MARS/CPT_MARS___ac6/cpt_m__ac6/Src/stm32l4xx_it.c:1400:13: warning: unused variable 'iT1' [-Wunused-variable]
  static int iT1 = 0;
             ^~~
D:/GIT/my__MARS/CPT_MARS___ac6/cpt_m__ac6/Src/stm32l4xx_it.c: In function 'funWork_SCAN_CRNT':
D:/GIT/my__MARS/CPT_MARS___ac6/cpt_m__ac6/Src/stm32l4xx_it.c:1847:5: warning: "/*" within comment [-Wcomment]
     /*
      
D:/GIT/my__MARS/CPT_MARS___ac6/cpt_m__ac6/Src/stm32l4xx_it.c: In function 'UpdateRS232':
D:/GIT/my__MARS/CPT_MARS___ac6/cpt_m__ac6/Src/stm32l4xx_it.c:2236:12: warning: unused variable 'cr3its' [-Wunused-variable]
   uint32_t cr3its = USART3->CR3;
            ^~~~~~
D:/GIT/my__MARS/CPT_MARS___ac6/cpt_m__ac6/Src/stm32l4xx_it.c:2235:12: warning: unused variable 'cr1its' [-Wunused-variable]
   uint32_t cr1its = USART3->CR1;
            ^~~~~~
At top level:
D:/GIT/my__MARS/CPT_MARS___ac6/cpt_m__ac6/Src/stm32l4xx_it.c:1400:13: warning: 'iT1' defined but not used [-Wunused-variable]
  static int iT1 = 0;
             ^~~
D:/GIT/my__MARS/CPT_MARS___ac6/cpt_m__ac6/Src/stm32l4xx_it.c:1401:13: warning: 'iT2' defined but not used [-Wunused-variable]
  static int iT2 = 0;
             ^~~
D:/GIT/my__MARS/CPT_MARS___ac6/cpt_m__ac6/Src/stm32l4xx_it.c:1402:13: warning: 'idT' defined but not used [-Wunused-variable]
  static int idT = 0;
             ^~~
D:/GIT/my__MARS/CPT_MARS___ac6/cpt_m__ac6/Src/stm32l4xx_it.c:1479:13: warning: 'i_NN' defined but not used [-Wunused-variable]
  static int i_NN = 0;
             ^~~~
Finished building: D:/GIT/my__MARS/CPT_MARS___ac6/cpt_m__ac6/Src/stm32l4xx_it.c
 
Building target: cpt_m__ac6.elf
Invoking: MCU GCC Linker
arm-none-eabi-gcc -mcpu=cortex-m4 -mthumb -mfloat-abi=hard -mfpu=fpv4-sp-d16 -specs=nosys.specs -specs=nano.specs -T"../STM32L476RCTx_FLASH.ld" -Wl,-Map=output.map -Wl,--gc-sections -o "cpt_m__ac6.elf" @"objects.list"   -lm
Finished building target: cpt_m__ac6.elf
 
make --no-print-directory post-build
Generating hex and Printing size information:
arm-none-eabi-objcopy -O ihex "cpt_m__ac6.elf" "cpt_m__ac6.hex"
arm-none-eabi-size "cpt_m__ac6.elf"
   text	   data	    bss	    dec	    hex	filename
  44616	    376	  33864	  78856	  13408	cpt_m__ac6.elf
 
11:12:58 **** Incremental Build of configuration Debug for project cpt_m__ac6 ****
make -j16 all 
make: Nothing to be done for 'all'.
11:14:40 **** Incremental Build of configuration Debug for project cpt_m__ac6 ****
make -j16 all 
Building file: D:/GIT/my__MARS/CPT_MARS___ac6/cpt_m__ac6/Src/stm32l4xx_it.c
Invoking: MCU GCC Compiler
D:\GIT\my__MARS\CPT_MARS___ac6\cpt_m__ac6\SW4STM32\cpt_m__ac6\Debug
arm-none-eabi-gcc -mcpu=cortex-m4 -mthumb -mfloat-abi=hard -mfpu=fpv4-sp-d16 -DUSE_HAL_DRIVER -DSTM32L476xx -I"D:/GIT/my__MARS/CPT_MARS___ac6/cpt_m__ac6/Inc" -I"D:/GIT/my__MARS/CPT_MARS___ac6/cpt_m__ac6/Drivers/STM32L4xx_HAL_Driver/Inc" -I"D:/GIT/my__MARS/CPT_MARS___ac6/cpt_m__ac6/Drivers/STM32L4xx_HAL_Driver/Inc/Legacy" -I"D:/GIT/my__MARS/CPT_MARS___ac6/cpt_m__ac6/Drivers/CMSIS/Device/ST/STM32L4xx/Include" -I"D:/GIT/my__MARS/CPT_MARS___ac6/cpt_m__ac6/Drivers/CMSIS/Include"  -Og -g3 -Wall -fmessage-length=0 -ffunction-sections -c -fmessage-length=0 -MMD -MP -MF"Application/Src/stm32l4xx_it.d" -MT"Application/Src/stm32l4xx_it.o" -o "Application/Src/stm32l4xx_it.o" "D:/GIT/my__MARS/CPT_MARS___ac6/cpt_m__ac6/Src/stm32l4xx_it.c"
D:/GIT/my__MARS/CPT_MARS___ac6/cpt_m__ac6/Src/stm32l4xx_it.c: In function 'my_ADC1_1':
D:/GIT/my__MARS/CPT_MARS___ac6/cpt_m__ac6/Src/stm32l4xx_it.c:1002:2: warning: implicit declaration of function 'my_DataADC1_0'; did you mean 'my_DataADC2_0'? [-Wimplicit-function-declaration]
  my_DataADC1_0();  // Время выполнения my_DataADC1_0() ____ тактов
  ^~~~~~~~~~~~~
  my_DataADC2_0
D:/GIT/my__MARS/CPT_MARS___ac6/cpt_m__ac6/Src/stm32l4xx_it.c:1003:2: warning: implicit declaration of function 'my_DataADC1_2'; did you mean 'my_DataADC2_2'? [-Wimplicit-function-declaration]
  my_DataADC1_2();  // Время выполнения my_DataADC1_0()+my_DataADC1_2() ____ тактов
  ^~~~~~~~~~~~~
  my_DataADC2_2
D:/GIT/my__MARS/CPT_MARS___ac6/cpt_m__ac6/Src/stm32l4xx_it.c:1004:2: warning: implicit declaration of function 'my_OUT1_F1'; did you mean 'my_ADC1_1'? [-Wimplicit-function-declaration]
  my_OUT1_F1();   //  ___ тактов
  ^~~~~~~~~~
  my_ADC1_1
D:/GIT/my__MARS/CPT_MARS___ac6/cpt_m__ac6/Src/stm32l4xx_it.c:1005:2: warning: implicit declaration of function 'my_OUT1_F2'; did you mean 'my_F1_F2'? [-Wimplicit-function-declaration]
  my_OUT1_F2();   // ____ тактов
  ^~~~~~~~~~
  my_F1_F2
D:/GIT/my__MARS/CPT_MARS___ac6/cpt_m__ac6/Src/stm32l4xx_it.c:1006:2: warning: implicit declaration of function 'my_OUT1_F1F2'; did you mean 'my_F1_F2'? [-Wimplicit-function-declaration]
  my_OUT1_F1F2();  //  ___ тактов
  ^~~~~~~~~~~~
  my_F1_F2
D:/GIT/my__MARS/CPT_MARS___ac6/cpt_m__ac6/Src/stm32l4xx_it.c:1008:2: warning: implicit declaration of function 'my_OUT1_F2F1'; did you mean 'my_F1_F2_'? [-Wimplicit-function-declaration]
  my_OUT1_F2F1();  //  ___ такта, измеренная сумма = ___
  ^~~~~~~~~~~~
  my_F1_F2_
D:/GIT/my__MARS/CPT_MARS___ac6/cpt_m__ac6/Src/stm32l4xx_it.c:1009:2: warning: implicit declaration of function 'my_OUT1_F1_F2'; did you mean 'my_F1_F2'? [-Wimplicit-function-declaration]
  my_OUT1_F1_F2();  //  ___ тактов, измеренная сумма =
  ^~~~~~~~~~~~~
  my_F1_F2
D:/GIT/my__MARS/CPT_MARS___ac6/cpt_m__ac6/Src/stm32l4xx_it.c:1042:4: warning: "/*" within comment [-Wcomment]
   //*
     
D:/GIT/my__MARS/CPT_MARS___ac6/cpt_m__ac6/Src/stm32l4xx_it.c: In function 'UpdateDataADC2':
D:/GIT/my__MARS/CPT_MARS___ac6/cpt_m__ac6/Src/stm32l4xx_it.c:1479:13: warning: unused variable 'i_NN' [-Wunused-variable]
  static int i_NN = 0;
             ^~~~
D:/GIT/my__MARS/CPT_MARS___ac6/cpt_m__ac6/Src/stm32l4xx_it.c:1402:13: warning: unused variable 'idT' [-Wunused-variable]
  static int idT = 0;
             ^~~
D:/GIT/my__MARS/CPT_MARS___ac6/cpt_m__ac6/Src/stm32l4xx_it.c:1401:13: warning: unused variable 'iT2' [-Wunused-variable]
  static int iT2 = 0;
             ^~~
D:/GIT/my__MARS/CPT_MARS___ac6/cpt_m__ac6/Src/stm32l4xx_it.c:1400:13: warning: unused variable 'iT1' [-Wunused-variable]
  static int iT1 = 0;
             ^~~
D:/GIT/my__MARS/CPT_MARS___ac6/cpt_m__ac6/Src/stm32l4xx_it.c: In function 'funWork_SCAN_CRNT':
D:/GIT/my__MARS/CPT_MARS___ac6/cpt_m__ac6/Src/stm32l4xx_it.c:1847:5: warning: "/*" within comment [-Wcomment]
     /*
      
D:/GIT/my__MARS/CPT_MARS___ac6/cpt_m__ac6/Src/stm32l4xx_it.c: In function 'UpdateRS232':
D:/GIT/my__MARS/CPT_MARS___ac6/cpt_m__ac6/Src/stm32l4xx_it.c:2237:12: warning: unused variable 'cr3its' [-Wunused-variable]
   uint32_t cr3its = USART3->CR3;
            ^~~~~~
D:/GIT/my__MARS/CPT_MARS___ac6/cpt_m__ac6/Src/stm32l4xx_it.c:2236:12: warning: unused variable 'cr1its' [-Wunused-variable]
   uint32_t cr1its = USART3->CR1;
            ^~~~~~
At top level:
D:/GIT/my__MARS/CPT_MARS___ac6/cpt_m__ac6/Src/stm32l4xx_it.c:1400:13: warning: 'iT1' defined but not used [-Wunused-variable]
  static int iT1 = 0;
             ^~~
D:/GIT/my__MARS/CPT_MARS___ac6/cpt_m__ac6/Src/stm32l4xx_it.c:1401:13: warning: 'iT2' defined but not used [-Wunused-variable]
  static int iT2 = 0;
             ^~~
D:/GIT/my__MARS/CPT_MARS___ac6/cpt_m__ac6/Src/stm32l4xx_it.c:1402:13: warning: 'idT' defined but not used [-Wunused-variable]
  static int idT = 0;
             ^~~
D:/GIT/my__MARS/CPT_MARS___ac6/cpt_m__ac6/Src/stm32l4xx_it.c:1479:13: warning: 'i_NN' defined but not used [-Wunused-variable]
  static int i_NN = 0;
             ^~~~
Finished building: D:/GIT/my__MARS/CPT_MARS___ac6/cpt_m__ac6/Src/stm32l4xx_it.c
 
Building target: cpt_m__ac6.elf
Invoking: MCU GCC Linker
arm-none-eabi-gcc -mcpu=cortex-m4 -mthumb -mfloat-abi=hard -mfpu=fpv4-sp-d16 -specs=nosys.specs -specs=nano.specs -T"../STM32L476RCTx_FLASH.ld" -Wl,-Map=output.map -Wl,--gc-sections -o "cpt_m__ac6.elf" @"objects.list"   -lm
Finished building target: cpt_m__ac6.elf
 
make --no-print-directory post-build
Generating hex and Printing size information:
arm-none-eabi-objcopy -O ihex "cpt_m__ac6.elf" "cpt_m__ac6.hex"
arm-none-eabi-size "cpt_m__ac6.elf"
   text	   data	    bss	    dec	    hex	filename
  44616	    376	  33864	  78856	  13408	cpt_m__ac6.elf
 
11:14:53 **** Incremental Build of configuration Debug for project cpt_m__ac6 ****
make -j16 all 
make: Nothing to be done for 'all'.
11:30:33 **** Incremental Build of configuration Debug for project cpt_m__ac6 ****
make -j16 all 
Building file: D:/GIT/my__MARS/CPT_MARS___ac6/cpt_m__ac6/Src/hist.c
Building file: D:/GIT/my__MARS/CPT_MARS___ac6/cpt_m__ac6/Src/interface_AD5668.c
Building file: D:/GIT/my__MARS/CPT_MARS___ac6/cpt_m__ac6/Src/interface_ADT7410.c
Invoking: MCU GCC Compiler
Invoking: MCU GCC Compiler
Building file: D:/GIT/my__MARS/CPT_MARS___ac6/cpt_m__ac6/Src/interface_LMX2486.c
Invoking: MCU GCC Compiler
D:\GIT\my__MARS\CPT_MARS___ac6\cpt_m__ac6\SW4STM32\cpt_m__ac6\Debug
D:\GIT\my__MARS\CPT_MARS___ac6\cpt_m__ac6\SW4STM32\cpt_m__ac6\Debug
Invoking: MCU GCC Compiler
arm-none-eabi-gcc -mcpu=cortex-m4 -mthumb -mfloat-abi=hard -mfpu=fpv4-sp-d16 -DUSE_HAL_DRIVER -DSTM32L476xx -I"D:/GIT/my__MARS/CPT_MARS___ac6/cpt_m__ac6/Inc" -I"D:/GIT/my__MARS/CPT_MARS___ac6/cpt_m__ac6/Drivers/STM32L4xx_HAL_Driver/Inc" -I"D:/GIT/my__MARS/CPT_MARS___ac6/cpt_m__ac6/Drivers/STM32L4xx_HAL_Driver/Inc/Legacy" -I"D:/GIT/my__MARS/CPT_MARS___ac6/cpt_m__ac6/Drivers/CMSIS/Device/ST/STM32L4xx/Include" -I"D:/GIT/my__MARS/CPT_MARS___ac6/cpt_m__ac6/Drivers/CMSIS/Include"  -Og -g3 -Wall -fmessage-length=0 -ffunction-sections -c -fmessage-length=0 -MMD -MP -MF"Application/Src/hist.d" -MT"Application/Src/hist.o" -o "Application/Src/hist.o" "D:/GIT/my__MARS/CPT_MARS___ac6/cpt_m__ac6/Src/hist.c"
D:\GIT\my__MARS\CPT_MARS___ac6\cpt_m__ac6\SW4STM32\cpt_m__ac6\Debug
arm-none-eabi-gcc -mcpu=cortex-m4 -mthumb -mfloat-abi=hard -mfpu=fpv4-sp-d16 -DUSE_HAL_DRIVER -DSTM32L476xx -I"D:/GIT/my__MARS/CPT_MARS___ac6/cpt_m__ac6/Inc" -I"D:/GIT/my__MARS/CPT_MARS___ac6/cpt_m__ac6/Drivers/STM32L4xx_HAL_Driver/Inc" -I"D:/GIT/my__MARS/CPT_MARS___ac6/cpt_m__ac6/Drivers/STM32L4xx_HAL_Driver/Inc/Legacy" -I"D:/GIT/my__MARS/CPT_MARS___ac6/cpt_m__ac6/Drivers/CMSIS/Device/ST/STM32L4xx/Include" -I"D:/GIT/my__MARS/CPT_MARS___ac6/cpt_m__ac6/Drivers/CMSIS/Include"  -Og -g3 -Wall -fmessage-length=0 -ffunction-sections -c -fmessage-length=0 -MMD -MP -MF"Application/Src/interface_AD5668.d" -MT"Application/Src/interface_AD5668.o" -o "Application/Src/interface_AD5668.o" "D:/GIT/my__MARS/CPT_MARS___ac6/cpt_m__ac6/Src/interface_AD5668.c"
Building file: D:/GIT/my__MARS/CPT_MARS___ac6/cpt_m__ac6/Src/main.c
arm-none-eabi-gcc -mcpu=cortex-m4 -mthumb -mfloat-abi=hard -mfpu=fpv4-sp-d16 -DUSE_HAL_DRIVER -DSTM32L476xx -I"D:/GIT/my__MARS/CPT_MARS___ac6/cpt_m__ac6/Inc" -I"D:/GIT/my__MARS/CPT_MARS___ac6/cpt_m__ac6/Drivers/STM32L4xx_HAL_Driver/Inc" -I"D:/GIT/my__MARS/CPT_MARS___ac6/cpt_m__ac6/Drivers/STM32L4xx_HAL_Driver/Inc/Legacy" -I"D:/GIT/my__MARS/CPT_MARS___ac6/cpt_m__ac6/Drivers/CMSIS/Device/ST/STM32L4xx/Include" -I"D:/GIT/my__MARS/CPT_MARS___ac6/cpt_m__ac6/Drivers/CMSIS/Include"  -Og -g3 -Wall -fmessage-length=0 -ffunction-sections -c -fmessage-length=0 -MMD -MP -MF"Application/Src/interface_ADT7410.d" -MT"Application/Src/interface_ADT7410.o" -o "Application/Src/interface_ADT7410.o" "D:/GIT/my__MARS/CPT_MARS___ac6/cpt_m__ac6/Src/interface_ADT7410.c"
D:\GIT\my__MARS\CPT_MARS___ac6\cpt_m__ac6\SW4STM32\cpt_m__ac6\Debug
arm-none-eabi-gcc -mcpu=cortex-m4 -mthumb -mfloat-abi=hard -mfpu=fpv4-sp-d16 -DUSE_HAL_DRIVER -DSTM32L476xx -I"D:/GIT/my__MARS/CPT_MARS___ac6/cpt_m__ac6/Inc" -I"D:/GIT/my__MARS/CPT_MARS___ac6/cpt_m__ac6/Drivers/STM32L4xx_HAL_Driver/Inc" -I"D:/GIT/my__MARS/CPT_MARS___ac6/cpt_m__ac6/Drivers/STM32L4xx_HAL_Driver/Inc/Legacy" -I"D:/GIT/my__MARS/CPT_MARS___ac6/cpt_m__ac6/Drivers/CMSIS/Device/ST/STM32L4xx/Include" -I"D:/GIT/my__MARS/CPT_MARS___ac6/cpt_m__ac6/Drivers/CMSIS/Include"  -Og -g3 -Wall -fmessage-length=0 -ffunction-sections -c -fmessage-length=0 -MMD -MP -MF"Application/Src/interface_LMX2486.d" -MT"Application/Src/interface_LMX2486.o" -o "Application/Src/interface_LMX2486.o" "D:/GIT/my__MARS/CPT_MARS___ac6/cpt_m__ac6/Src/interface_LMX2486.c"
Invoking: MCU GCC Compiler
Building file: D:/GIT/my__MARS/CPT_MARS___ac6/cpt_m__ac6/Src/my_FUN_.c
D:\GIT\my__MARS\CPT_MARS___ac6\cpt_m__ac6\SW4STM32\cpt_m__ac6\Debug
Building file: D:/GIT/my__MARS/CPT_MARS___ac6/cpt_m__ac6/Src/pid_DOPLER_FREQ.c
Invoking: MCU GCC Compiler
arm-none-eabi-gcc -mcpu=cortex-m4 -mthumb -mfloat-abi=hard -mfpu=fpv4-sp-d16 -DUSE_HAL_DRIVER -DSTM32L476xx -I"D:/GIT/my__MARS/CPT_MARS___ac6/cpt_m__ac6/Inc" -I"D:/GIT/my__MARS/CPT_MARS___ac6/cpt_m__ac6/Drivers/STM32L4xx_HAL_Driver/Inc" -I"D:/GIT/my__MARS/CPT_MARS___ac6/cpt_m__ac6/Drivers/STM32L4xx_HAL_Driver/Inc/Legacy" -I"D:/GIT/my__MARS/CPT_MARS___ac6/cpt_m__ac6/Drivers/CMSIS/Device/ST/STM32L4xx/Include" -I"D:/GIT/my__MARS/CPT_MARS___ac6/cpt_m__ac6/Drivers/CMSIS/Include"  -Og -g3 -Wall -fmessage-length=0 -ffunction-sections -c -fmessage-length=0 -MMD -MP -MF"Application/Src/main.d" -MT"Application/Src/main.o" -o "Application/Src/main.o" "D:/GIT/my__MARS/CPT_MARS___ac6/cpt_m__ac6/Src/main.c"
Building file: D:/GIT/my__MARS/CPT_MARS___ac6/cpt_m__ac6/Src/pid_MICROWAVE.c
Invoking: MCU GCC Compiler
D:\GIT\my__MARS\CPT_MARS___ac6\cpt_m__ac6\SW4STM32\cpt_m__ac6\Debug
Invoking: MCU GCC Compiler
arm-none-eabi-gcc -mcpu=cortex-m4 -mthumb -mfloat-abi=hard -mfpu=fpv4-sp-d16 -DUSE_HAL_DRIVER -DSTM32L476xx -I"D:/GIT/my__MARS/CPT_MARS___ac6/cpt_m__ac6/Inc" -I"D:/GIT/my__MARS/CPT_MARS___ac6/cpt_m__ac6/Drivers/STM32L4xx_HAL_Driver/Inc" -I"D:/GIT/my__MARS/CPT_MARS___ac6/cpt_m__ac6/Drivers/STM32L4xx_HAL_Driver/Inc/Legacy" -I"D:/GIT/my__MARS/CPT_MARS___ac6/cpt_m__ac6/Drivers/CMSIS/Device/ST/STM32L4xx/Include" -I"D:/GIT/my__MARS/CPT_MARS___ac6/cpt_m__ac6/Drivers/CMSIS/Include"  -Og -g3 -Wall -fmessage-length=0 -ffunction-sections -c -fmessage-length=0 -MMD -MP -MF"Application/Src/my_FUN_.d" -MT"Application/Src/my_FUN_.o" -o "Application/Src/my_FUN_.o" "D:/GIT/my__MARS/CPT_MARS___ac6/cpt_m__ac6/Src/my_FUN_.c"
Building file: D:/GIT/my__MARS/CPT_MARS___ac6/cpt_m__ac6/Src/pid_optics_pwr.c
D:\GIT\my__MARS\CPT_MARS___ac6\cpt_m__ac6\SW4STM32\cpt_m__ac6\Debug
D:\GIT\my__MARS\CPT_MARS___ac6\cpt_m__ac6\SW4STM32\cpt_m__ac6\Debug
Invoking: MCU GCC Compiler
arm-none-eabi-gcc -mcpu=cortex-m4 -mthumb -mfloat-abi=hard -mfpu=fpv4-sp-d16 -DUSE_HAL_DRIVER -DSTM32L476xx -I"D:/GIT/my__MARS/CPT_MARS___ac6/cpt_m__ac6/Inc" -I"D:/GIT/my__MARS/CPT_MARS___ac6/cpt_m__ac6/Drivers/STM32L4xx_HAL_Driver/Inc" -I"D:/GIT/my__MARS/CPT_MARS___ac6/cpt_m__ac6/Drivers/STM32L4xx_HAL_Driver/Inc/Legacy" -I"D:/GIT/my__MARS/CPT_MARS___ac6/cpt_m__ac6/Drivers/CMSIS/Device/ST/STM32L4xx/Include" -I"D:/GIT/my__MARS/CPT_MARS___ac6/cpt_m__ac6/Drivers/CMSIS/Include"  -Og -g3 -Wall -fmessage-length=0 -ffunction-sections -c -fmessage-length=0 -MMD -MP -MF"Application/Src/pid_DOPLER_FREQ.d" -MT"Application/Src/pid_DOPLER_FREQ.o" -o "Application/Src/pid_DOPLER_FREQ.o" "D:/GIT/my__MARS/CPT_MARS___ac6/cpt_m__ac6/Src/pid_DOPLER_FREQ.c"
Building file: D:/GIT/my__MARS/CPT_MARS___ac6/cpt_m__ac6/Src/stm32l4xx_it.c
arm-none-eabi-gcc -mcpu=cortex-m4 -mthumb -mfloat-abi=hard -mfpu=fpv4-sp-d16 -DUSE_HAL_DRIVER -DSTM32L476xx -I"D:/GIT/my__MARS/CPT_MARS___ac6/cpt_m__ac6/Inc" -I"D:/GIT/my__MARS/CPT_MARS___ac6/cpt_m__ac6/Drivers/STM32L4xx_HAL_Driver/Inc" -I"D:/GIT/my__MARS/CPT_MARS___ac6/cpt_m__ac6/Drivers/STM32L4xx_HAL_Driver/Inc/Legacy" -I"D:/GIT/my__MARS/CPT_MARS___ac6/cpt_m__ac6/Drivers/CMSIS/Device/ST/STM32L4xx/Include" -I"D:/GIT/my__MARS/CPT_MARS___ac6/cpt_m__ac6/Drivers/CMSIS/Include"  -Og -g3 -Wall -fmessage-length=0 -ffunction-sections -c -fmessage-length=0 -MMD -MP -MF"Application/Src/pid_MICROWAVE.d" -MT"Application/Src/pid_MICROWAVE.o" -o "Application/Src/pid_MICROWAVE.o" "D:/GIT/my__MARS/CPT_MARS___ac6/cpt_m__ac6/Src/pid_MICROWAVE.c"
D:\GIT\my__MARS\CPT_MARS___ac6\cpt_m__ac6\SW4STM32\cpt_m__ac6\Debug
Invoking: MCU GCC Compiler
Building file: D:/GIT/my__MARS/CPT_MARS___ac6/cpt_m__ac6/Src/usart_protocol.c
arm-none-eabi-gcc -mcpu=cortex-m4 -mthumb -mfloat-abi=hard -mfpu=fpv4-sp-d16 -DUSE_HAL_DRIVER -DSTM32L476xx -I"D:/GIT/my__MARS/CPT_MARS___ac6/cpt_m__ac6/Inc" -I"D:/GIT/my__MARS/CPT_MARS___ac6/cpt_m__ac6/Drivers/STM32L4xx_HAL_Driver/Inc" -I"D:/GIT/my__MARS/CPT_MARS___ac6/cpt_m__ac6/Drivers/STM32L4xx_HAL_Driver/Inc/Legacy" -I"D:/GIT/my__MARS/CPT_MARS___ac6/cpt_m__ac6/Drivers/CMSIS/Device/ST/STM32L4xx/Include" -I"D:/GIT/my__MARS/CPT_MARS___ac6/cpt_m__ac6/Drivers/CMSIS/Include"  -Og -g3 -Wall -fmessage-length=0 -ffunction-sections -c -fmessage-length=0 -MMD -MP -MF"Application/Src/pid_optics_pwr.d" -MT"Application/Src/pid_optics_pwr.o" -o "Application/Src/pid_optics_pwr.o" "D:/GIT/my__MARS/CPT_MARS___ac6/cpt_m__ac6/Src/pid_optics_pwr.c"
Building file: D:/GIT/my__MARS/CPT_MARS___ac6/cpt_m__ac6/Src/var.c
D:\GIT\my__MARS\CPT_MARS___ac6\cpt_m__ac6\SW4STM32\cpt_m__ac6\Debug
Invoking: MCU GCC Compiler
Invoking: MCU GCC Compiler
arm-none-eabi-gcc -mcpu=cortex-m4 -mthumb -mfloat-abi=hard -mfpu=fpv4-sp-d16 -DUSE_HAL_DRIVER -DSTM32L476xx -I"D:/GIT/my__MARS/CPT_MARS___ac6/cpt_m__ac6/Inc" -I"D:/GIT/my__MARS/CPT_MARS___ac6/cpt_m__ac6/Drivers/STM32L4xx_HAL_Driver/Inc" -I"D:/GIT/my__MARS/CPT_MARS___ac6/cpt_m__ac6/Drivers/STM32L4xx_HAL_Driver/Inc/Legacy" -I"D:/GIT/my__MARS/CPT_MARS___ac6/cpt_m__ac6/Drivers/CMSIS/Device/ST/STM32L4xx/Include" -I"D:/GIT/my__MARS/CPT_MARS___ac6/cpt_m__ac6/Drivers/CMSIS/Include"  -Og -g3 -Wall -fmessage-length=0 -ffunction-sections -c -fmessage-length=0 -MMD -MP -MF"Application/Src/stm32l4xx_it.d" -MT"Application/Src/stm32l4xx_it.o" -o "Application/Src/stm32l4xx_it.o" "D:/GIT/my__MARS/CPT_MARS___ac6/cpt_m__ac6/Src/stm32l4xx_it.c"
D:\GIT\my__MARS\CPT_MARS___ac6\cpt_m__ac6\SW4STM32\cpt_m__ac6\Debug
arm-none-eabi-gcc -mcpu=cortex-m4 -mthumb -mfloat-abi=hard -mfpu=fpv4-sp-d16 -DUSE_HAL_DRIVER -DSTM32L476xx -I"D:/GIT/my__MARS/CPT_MARS___ac6/cpt_m__ac6/Inc" -I"D:/GIT/my__MARS/CPT_MARS___ac6/cpt_m__ac6/Drivers/STM32L4xx_HAL_Driver/Inc" -I"D:/GIT/my__MARS/CPT_MARS___ac6/cpt_m__ac6/Drivers/STM32L4xx_HAL_Driver/Inc/Legacy" -I"D:/GIT/my__MARS/CPT_MARS___ac6/cpt_m__ac6/Drivers/CMSIS/Device/ST/STM32L4xx/Include" -I"D:/GIT/my__MARS/CPT_MARS___ac6/cpt_m__ac6/Drivers/CMSIS/Include"  -Og -g3 -Wall -fmessage-length=0 -ffunction-sections -c -fmessage-length=0 -MMD -MP -MF"Application/Src/usart_protocol.d" -MT"Application/Src/usart_protocol.o" -o "Application/Src/usart_protocol.o" "D:/GIT/my__MARS/CPT_MARS___ac6/cpt_m__ac6/Src/usart_protocol.c"
D:\GIT\my__MARS\CPT_MARS___ac6\cpt_m__ac6\SW4STM32\cpt_m__ac6\Debug
arm-none-eabi-gcc -mcpu=cortex-m4 -mthumb -mfloat-abi=hard -mfpu=fpv4-sp-d16 -DUSE_HAL_DRIVER -DSTM32L476xx -I"D:/GIT/my__MARS/CPT_MARS___ac6/cpt_m__ac6/Inc" -I"D:/GIT/my__MARS/CPT_MARS___ac6/cpt_m__ac6/Drivers/STM32L4xx_HAL_Driver/Inc" -I"D:/GIT/my__MARS/CPT_MARS___ac6/cpt_m__ac6/Drivers/STM32L4xx_HAL_Driver/Inc/Legacy" -I"D:/GIT/my__MARS/CPT_MARS___ac6/cpt_m__ac6/Drivers/CMSIS/Device/ST/STM32L4xx/Include" -I"D:/GIT/my__MARS/CPT_MARS___ac6/cpt_m__ac6/Drivers/CMSIS/Include"  -Og -g3 -Wall -fmessage-length=0 -ffunction-sections -c -fmessage-length=0 -MMD -MP -MF"Application/Src/var.d" -MT"Application/Src/var.o" -o "Application/Src/var.o" "D:/GIT/my__MARS/CPT_MARS___ac6/cpt_m__ac6/Src/var.c"
D:/GIT/my__MARS/CPT_MARS___ac6/cpt_m__ac6/Src/interface_LMX2486.c: In function 'LMX2486_SendData':
D:/GIT/my__MARS/CPT_MARS___ac6/cpt_m__ac6/Src/interface_LMX2486.c:8:19: warning: variable 'rx' set but not used [-Wunused-but-set-variable]
  volatile uint8_t rx = 0;
                   ^~
D:/GIT/my__MARS/CPT_MARS___ac6/cpt_m__ac6/Src/interface_AD5668.c: In function 'AD5668_Init':
D:/GIT/my__MARS/CPT_MARS___ac6/cpt_m__ac6/Src/interface_AD5668.c:12:19: warning: variable 'rx' set but not used [-Wunused-but-set-variable]
  volatile uint8_t rx = 0;
                   ^~
D:/GIT/my__MARS/CPT_MARS___ac6/cpt_m__ac6/Src/interface_AD5668.c: In function 'AD5668_SetValue':
D:/GIT/my__MARS/CPT_MARS___ac6/cpt_m__ac6/Src/interface_AD5668.c:57:19: warning: variable 'rx' set but not used [-Wunused-but-set-variable]
  volatile uint8_t rx = 0;
                   ^~
D:/GIT/my__MARS/CPT_MARS___ac6/cpt_m__ac6/Src/hist.c: In function 'HIST':
D:/GIT/my__MARS/CPT_MARS___ac6/cpt_m__ac6/Src/hist.c:64:25: warning: 'i' may be used uninitialized in this function [-Wmaybe-uninitialized]
   for(int i; i < 1000; i++)       //формируем значения ячеек гистограммы
                        ~^~
D:/GIT/my__MARS/CPT_MARS___ac6/cpt_m__ac6/Src/interface_AD5668.c: In function 'AD5668_WriteValue':
D:/GIT/my__MARS/CPT_MARS___ac6/cpt_m__ac6/Src/interface_AD5668.c:105:19: warning: variable 'rx' set but not used [-Wunused-but-set-variable]
  volatile uint8_t rx = 0;
                   ^~
D:/GIT/my__MARS/CPT_MARS___ac6/cpt_m__ac6/Src/interface_AD5668.c: In function 'AD5668_Reset':
D:/GIT/my__MARS/CPT_MARS___ac6/cpt_m__ac6/Src/interface_AD5668.c:152:19: warning: variable 'rx' set but not used [-Wunused-but-set-variable]
  volatile uint8_t rx = 0;
                   ^~
D:/GIT/my__MARS/CPT_MARS___ac6/cpt_m__ac6/Src/main.c: In function 'main':
D:/GIT/my__MARS/CPT_MARS___ac6/cpt_m__ac6/Src/main.c:366:4: warning: implicit declaration of function 'InitTEMP' [-Wimplicit-function-declaration]
    InitTEMP();
    ^~~~~~~~
D:/GIT/my__MARS/CPT_MARS___ac6/cpt_m__ac6/Src/main.c: In function 'ProgressPID_SENSOR_CELL':
D:/GIT/my__MARS/CPT_MARS___ac6/cpt_m__ac6/Src/main.c:881:4: warning: implicit declaration of function 'GetTEMP' [-Wimplicit-function-declaration]
    GetTEMP(); // value_TempCell - это температура
    ^~~~~~~
D:/GIT/my__MARS/CPT_MARS___ac6/cpt_m__ac6/Src/stm32l4xx_it.c: In function 'my_ADC1_1':
D:/GIT/my__MARS/CPT_MARS___ac6/cpt_m__ac6/Src/stm32l4xx_it.c:1002:2: warning: implicit declaration of function 'my_DataADC1_0'; did you mean 'my_DataADC2_0'? [-Wimplicit-function-declaration]
  my_DataADC1_0();  // Время выполнения my_DataADC1_0() ____ тактов
  ^~~~~~~~~~~~~
  my_DataADC2_0
D:/GIT/my__MARS/CPT_MARS___ac6/cpt_m__ac6/Src/stm32l4xx_it.c:1003:2: warning: implicit declaration of function 'my_DataADC1_2'; did you mean 'my_DataADC2_2'? [-Wimplicit-function-declaration]
  my_DataADC1_2();  // Время выполнения my_DataADC1_0()+my_DataADC1_2() ____ тактов
  ^~~~~~~~~~~~~
  my_DataADC2_2
D:/GIT/my__MARS/CPT_MARS___ac6/cpt_m__ac6/Src/stm32l4xx_it.c:1004:2: warning: implicit declaration of function 'my_OUT1_F1'; did you mean 'my_ADC1_1'? [-Wimplicit-function-declaration]
  my_OUT1_F1();   //  ___ тактов
  ^~~~~~~~~~
  my_ADC1_1
D:/GIT/my__MARS/CPT_MARS___ac6/cpt_m__ac6/Src/stm32l4xx_it.c:1005:2: warning: implicit declaration of function 'my_OUT1_F2'; did you mean 'my_F1_F2'? [-Wimplicit-function-declaration]
  my_OUT1_F2();   // ____ тактов
  ^~~~~~~~~~
  my_F1_F2
D:/GIT/my__MARS/CPT_MARS___ac6/cpt_m__ac6/Src/stm32l4xx_it.c:1006:2: warning: implicit declaration of function 'my_OUT1_F1F2'; did you mean 'my_F1_F2'? [-Wimplicit-function-declaration]
  my_OUT1_F1F2();  //  ___ тактов
  ^~~~~~~~~~~~
  my_F1_F2
D:/GIT/my__MARS/CPT_MARS___ac6/cpt_m__ac6/Src/stm32l4xx_it.c:1008:2: warning: implicit declaration of function 'my_OUT1_F2F1'; did you mean 'my_F1_F2_'? [-Wimplicit-function-declaration]
  my_OUT1_F2F1();  //  ___ такта, измеренная сумма = ___
  ^~~~~~~~~~~~
  my_F1_F2_
D:/GIT/my__MARS/CPT_MARS___ac6/cpt_m__ac6/Src/stm32l4xx_it.c:1009:2: warning: implicit declaration of function 'my_OUT1_F1_F2'; did you mean 'my_F1_F2'? [-Wimplicit-function-declaration]
  my_OUT1_F1_F2();  //  ___ тактов, измеренная сумма =
  ^~~~~~~~~~~~~
  my_F1_F2
D:/GIT/my__MARS/CPT_MARS___ac6/cpt_m__ac6/Src/stm32l4xx_it.c:1042:4: warning: "/*" within comment [-Wcomment]
   //*
     
D:/GIT/my__MARS/CPT_MARS___ac6/cpt_m__ac6/Src/stm32l4xx_it.c: In function 'UpdateDataADC2':
D:/GIT/my__MARS/CPT_MARS___ac6/cpt_m__ac6/Src/stm32l4xx_it.c:1479:13: warning: unused variable 'i_NN' [-Wunused-variable]
  static int i_NN = 0;
             ^~~~
D:/GIT/my__MARS/CPT_MARS___ac6/cpt_m__ac6/Src/stm32l4xx_it.c:1402:13: warning: unused variable 'idT' [-Wunused-variable]
  static int idT = 0;
             ^~~
D:/GIT/my__MARS/CPT_MARS___ac6/cpt_m__ac6/Src/stm32l4xx_it.c:1401:13: warning: unused variable 'iT2' [-Wunused-variable]
  static int iT2 = 0;
             ^~~
D:/GIT/my__MARS/CPT_MARS___ac6/cpt_m__ac6/Src/stm32l4xx_it.c:1400:13: warning: unused variable 'iT1' [-Wunused-variable]
  static int iT1 = 0;
             ^~~
D:/GIT/my__MARS/CPT_MARS___ac6/cpt_m__ac6/Src/stm32l4xx_it.c: In function 'funWork_SCAN_CRNT':
D:/GIT/my__MARS/CPT_MARS___ac6/cpt_m__ac6/Src/stm32l4xx_it.c:1847:5: warning: "/*" within comment [-Wcomment]
     /*
      
D:/GIT/my__MARS/CPT_MARS___ac6/cpt_m__ac6/Src/stm32l4xx_it.c: In function 'UpdateRS232':
D:/GIT/my__MARS/CPT_MARS___ac6/cpt_m__ac6/Src/stm32l4xx_it.c:2237:12: warning: unused variable 'cr3its' [-Wunused-variable]
   uint32_t cr3its = USART3->CR3;
            ^~~~~~
D:/GIT/my__MARS/CPT_MARS___ac6/cpt_m__ac6/Src/stm32l4xx_it.c:2236:12: warning: unused variable 'cr1its' [-Wunused-variable]
   uint32_t cr1its = USART3->CR1;
            ^~~~~~
At top level:
D:/GIT/my__MARS/CPT_MARS___ac6/cpt_m__ac6/Src/stm32l4xx_it.c:1400:13: warning: 'iT1' defined but not used [-Wunused-variable]
  static int iT1 = 0;
             ^~~
D:/GIT/my__MARS/CPT_MARS___ac6/cpt_m__ac6/Src/stm32l4xx_it.c:1401:13: warning: 'iT2' defined but not used [-Wunused-variable]
  static int iT2 = 0;
             ^~~
D:/GIT/my__MARS/CPT_MARS___ac6/cpt_m__ac6/Src/stm32l4xx_it.c:1402:13: warning: 'idT' defined but not used [-Wunused-variable]
  static int idT = 0;
             ^~~
D:/GIT/my__MARS/CPT_MARS___ac6/cpt_m__ac6/Src/stm32l4xx_it.c:1479:13: warning: 'i_NN' defined but not used [-Wunused-variable]
  static int i_NN = 0;
             ^~~~
Finished building: D:/GIT/my__MARS/CPT_MARS___ac6/cpt_m__ac6/Src/hist.c
Finished building: D:/GIT/my__MARS/CPT_MARS___ac6/cpt_m__ac6/Src/interface_ADT7410.c
Finished building: D:/GIT/my__MARS/CPT_MARS___ac6/cpt_m__ac6/Src/interface_AD5668.c
 
 
 
Finished building: D:/GIT/my__MARS/CPT_MARS___ac6/cpt_m__ac6/Src/interface_LMX2486.c
 
Finished building: D:/GIT/my__MARS/CPT_MARS___ac6/cpt_m__ac6/Src/pid_MICROWAVE.c
Finished building: D:/GIT/my__MARS/CPT_MARS___ac6/cpt_m__ac6/Src/my_FUN_.c
 
 
Finished building: D:/GIT/my__MARS/CPT_MARS___ac6/cpt_m__ac6/Src/pid_optics_pwr.c
Finished building: D:/GIT/my__MARS/CPT_MARS___ac6/cpt_m__ac6/Src/pid_DOPLER_FREQ.c
Finished building: D:/GIT/my__MARS/CPT_MARS___ac6/cpt_m__ac6/Src/main.c
 
 
 
Finished building: D:/GIT/my__MARS/CPT_MARS___ac6/cpt_m__ac6/Src/var.c
 
Finished building: D:/GIT/my__MARS/CPT_MARS___ac6/cpt_m__ac6/Src/usart_protocol.c
 
Finished building: D:/GIT/my__MARS/CPT_MARS___ac6/cpt_m__ac6/Src/stm32l4xx_it.c
 
Building target: cpt_m__ac6.elf
Invoking: MCU GCC Linker
arm-none-eabi-gcc -mcpu=cortex-m4 -mthumb -mfloat-abi=hard -mfpu=fpv4-sp-d16 -specs=nosys.specs -specs=nano.specs -T"../STM32L476RCTx_FLASH.ld" -Wl,-Map=output.map -Wl,--gc-sections -o "cpt_m__ac6.elf" @"objects.list"   -lm
Finished building target: cpt_m__ac6.elf
 
make --no-print-directory post-build
Generating hex and Printing size information:
arm-none-eabi-objcopy -O ihex "cpt_m__ac6.elf" "cpt_m__ac6.hex"
arm-none-eabi-size "cpt_m__ac6.elf"
   text	   data	    bss	    dec	    hex	filename
  44616	    376	  33864	  78856	  13408	cpt_m__ac6.elf
 
11:30:41 **** Incremental Build of configuration Debug for project cpt_m__ac6 ****
make -j16 all 
make: Nothing to be done for 'all'.
12:20:58 **** Incremental Build of configuration Debug for project cpt_m__ac6 ****
make -j16 all 
Building file: D:/GIT/my__MARS/CPT_MARS___ac6/cpt_m__ac6/Src/main.c
Invoking: MCU GCC Compiler
D:\GIT\my__MARS\CPT_MARS___ac6\cpt_m__ac6\SW4STM32\cpt_m__ac6\Debug
arm-none-eabi-gcc -mcpu=cortex-m4 -mthumb -mfloat-abi=hard -mfpu=fpv4-sp-d16 -DUSE_HAL_DRIVER -DSTM32L476xx -I"D:/GIT/my__MARS/CPT_MARS___ac6/cpt_m__ac6/Inc" -I"D:/GIT/my__MARS/CPT_MARS___ac6/cpt_m__ac6/Drivers/STM32L4xx_HAL_Driver/Inc" -I"D:/GIT/my__MARS/CPT_MARS___ac6/cpt_m__ac6/Drivers/STM32L4xx_HAL_Driver/Inc/Legacy" -I"D:/GIT/my__MARS/CPT_MARS___ac6/cpt_m__ac6/Drivers/CMSIS/Device/ST/STM32L4xx/Include" -I"D:/GIT/my__MARS/CPT_MARS___ac6/cpt_m__ac6/Drivers/CMSIS/Include"  -Og -g3 -Wall -fmessage-length=0 -ffunction-sections -c -fmessage-length=0 -MMD -MP -MF"Application/Src/main.d" -MT"Application/Src/main.o" -o "Application/Src/main.o" "D:/GIT/my__MARS/CPT_MARS___ac6/cpt_m__ac6/Src/main.c"
D:/GIT/my__MARS/CPT_MARS___ac6/cpt_m__ac6/Src/main.c: In function 'main':
D:/GIT/my__MARS/CPT_MARS___ac6/cpt_m__ac6/Src/main.c:366:4: warning: implicit declaration of function 'InitTEMP' [-Wimplicit-function-declaration]
    InitTEMP();
    ^~~~~~~~
D:/GIT/my__MARS/CPT_MARS___ac6/cpt_m__ac6/Src/main.c: In function 'ProgressPID_SENSOR_CELL':
D:/GIT/my__MARS/CPT_MARS___ac6/cpt_m__ac6/Src/main.c:881:4: warning: implicit declaration of function 'GetTEMP' [-Wimplicit-function-declaration]
    GetTEMP(); // value_TempCell - это температура
    ^~~~~~~
Finished building: D:/GIT/my__MARS/CPT_MARS___ac6/cpt_m__ac6/Src/main.c
 
Building target: cpt_m__ac6.elf
Invoking: MCU GCC Linker
arm-none-eabi-gcc -mcpu=cortex-m4 -mthumb -mfloat-abi=hard -mfpu=fpv4-sp-d16 -specs=nosys.specs -specs=nano.specs -T"../STM32L476RCTx_FLASH.ld" -Wl,-Map=output.map -Wl,--gc-sections -o "cpt_m__ac6.elf" @"objects.list"   -lm
Finished building target: cpt_m__ac6.elf
 
make --no-print-directory post-build
Generating hex and Printing size information:
arm-none-eabi-objcopy -O ihex "cpt_m__ac6.elf" "cpt_m__ac6.hex"
arm-none-eabi-size "cpt_m__ac6.elf"
   text	   data	    bss	    dec	    hex	filename
  44136	    376	  33864	  78376	  13228	cpt_m__ac6.elf
 
12:21:08 **** Incremental Build of configuration Debug for project cpt_m__ac6 ****
make -j16 all 
make: Nothing to be done for 'all'.
12:28:42 **** Incremental Build of configuration Debug for project cpt_m__ac6 ****
make -j16 all 
make: Nothing to be done for 'all'.
12:28:50 **** Incremental Build of configuration Debug for project cpt_m__ac6 ****
make -j16 all 
make: Nothing to be done for 'all'.
12:43:11 **** Incremental Build of configuration Debug for project cpt_m__ac6 ****
make -j16 all 
make: Nothing to be done for 'all'.
12:43:34 **** Incremental Build of configuration Debug for project cpt_m__ac6 ****
make -j16 all 
make: Nothing to be done for 'all'.
12:47:12 **** Incremental Build of configuration Debug for project cpt_m__ac6 ****
make -j16 all 
Building file: D:/GIT/my__MARS/CPT_MARS___ac6/cpt_m__ac6/Src/hist.c
Building file: D:/GIT/my__MARS/CPT_MARS___ac6/cpt_m__ac6/Src/interface_AD5668.c
Building file: D:/GIT/my__MARS/CPT_MARS___ac6/cpt_m__ac6/Src/interface_ADT7410.c
Invoking: MCU GCC Compiler
Invoking: MCU GCC Compiler
Building file: D:/GIT/my__MARS/CPT_MARS___ac6/cpt_m__ac6/Src/interface_LMX2486.c
Invoking: MCU GCC Compiler
D:\GIT\my__MARS\CPT_MARS___ac6\cpt_m__ac6\SW4STM32\cpt_m__ac6\Debug
D:\GIT\my__MARS\CPT_MARS___ac6\cpt_m__ac6\SW4STM32\cpt_m__ac6\Debug
Invoking: MCU GCC Compiler
arm-none-eabi-gcc -mcpu=cortex-m4 -mthumb -mfloat-abi=hard -mfpu=fpv4-sp-d16 -DUSE_HAL_DRIVER -DSTM32L476xx -I"D:/GIT/my__MARS/CPT_MARS___ac6/cpt_m__ac6/Inc" -I"D:/GIT/my__MARS/CPT_MARS___ac6/cpt_m__ac6/Drivers/STM32L4xx_HAL_Driver/Inc" -I"D:/GIT/my__MARS/CPT_MARS___ac6/cpt_m__ac6/Drivers/STM32L4xx_HAL_Driver/Inc/Legacy" -I"D:/GIT/my__MARS/CPT_MARS___ac6/cpt_m__ac6/Drivers/CMSIS/Device/ST/STM32L4xx/Include" -I"D:/GIT/my__MARS/CPT_MARS___ac6/cpt_m__ac6/Drivers/CMSIS/Include"  -Og -g3 -Wall -fmessage-length=0 -ffunction-sections -c -fmessage-length=0 -MMD -MP -MF"Application/Src/hist.d" -MT"Application/Src/hist.o" -o "Application/Src/hist.o" "D:/GIT/my__MARS/CPT_MARS___ac6/cpt_m__ac6/Src/hist.c"
arm-none-eabi-gcc -mcpu=cortex-m4 -mthumb -mfloat-abi=hard -mfpu=fpv4-sp-d16 -DUSE_HAL_DRIVER -DSTM32L476xx -I"D:/GIT/my__MARS/CPT_MARS___ac6/cpt_m__ac6/Inc" -I"D:/GIT/my__MARS/CPT_MARS___ac6/cpt_m__ac6/Drivers/STM32L4xx_HAL_Driver/Inc" -I"D:/GIT/my__MARS/CPT_MARS___ac6/cpt_m__ac6/Drivers/STM32L4xx_HAL_Driver/Inc/Legacy" -I"D:/GIT/my__MARS/CPT_MARS___ac6/cpt_m__ac6/Drivers/CMSIS/Device/ST/STM32L4xx/Include" -I"D:/GIT/my__MARS/CPT_MARS___ac6/cpt_m__ac6/Drivers/CMSIS/Include"  -Og -g3 -Wall -fmessage-length=0 -ffunction-sections -c -fmessage-length=0 -MMD -MP -MF"Application/Src/interface_AD5668.d" -MT"Application/Src/interface_AD5668.o" -o "Application/Src/interface_AD5668.o" "D:/GIT/my__MARS/CPT_MARS___ac6/cpt_m__ac6/Src/interface_AD5668.c"
Building file: D:/GIT/my__MARS/CPT_MARS___ac6/cpt_m__ac6/Src/main.c
D:\GIT\my__MARS\CPT_MARS___ac6\cpt_m__ac6\SW4STM32\cpt_m__ac6\Debug
arm-none-eabi-gcc -mcpu=cortex-m4 -mthumb -mfloat-abi=hard -mfpu=fpv4-sp-d16 -DUSE_HAL_DRIVER -DSTM32L476xx -I"D:/GIT/my__MARS/CPT_MARS___ac6/cpt_m__ac6/Inc" -I"D:/GIT/my__MARS/CPT_MARS___ac6/cpt_m__ac6/Drivers/STM32L4xx_HAL_Driver/Inc" -I"D:/GIT/my__MARS/CPT_MARS___ac6/cpt_m__ac6/Drivers/STM32L4xx_HAL_Driver/Inc/Legacy" -I"D:/GIT/my__MARS/CPT_MARS___ac6/cpt_m__ac6/Drivers/CMSIS/Device/ST/STM32L4xx/Include" -I"D:/GIT/my__MARS/CPT_MARS___ac6/cpt_m__ac6/Drivers/CMSIS/Include"  -Og -g3 -Wall -fmessage-length=0 -ffunction-sections -c -fmessage-length=0 -MMD -MP -MF"Application/Src/interface_ADT7410.d" -MT"Application/Src/interface_ADT7410.o" -o "Application/Src/interface_ADT7410.o" "D:/GIT/my__MARS/CPT_MARS___ac6/cpt_m__ac6/Src/interface_ADT7410.c"
D:\GIT\my__MARS\CPT_MARS___ac6\cpt_m__ac6\SW4STM32\cpt_m__ac6\Debug
Invoking: MCU GCC Compiler
arm-none-eabi-gcc -mcpu=cortex-m4 -mthumb -mfloat-abi=hard -mfpu=fpv4-sp-d16 -DUSE_HAL_DRIVER -DSTM32L476xx -I"D:/GIT/my__MARS/CPT_MARS___ac6/cpt_m__ac6/Inc" -I"D:/GIT/my__MARS/CPT_MARS___ac6/cpt_m__ac6/Drivers/STM32L4xx_HAL_Driver/Inc" -I"D:/GIT/my__MARS/CPT_MARS___ac6/cpt_m__ac6/Drivers/STM32L4xx_HAL_Driver/Inc/Legacy" -I"D:/GIT/my__MARS/CPT_MARS___ac6/cpt_m__ac6/Drivers/CMSIS/Device/ST/STM32L4xx/Include" -I"D:/GIT/my__MARS/CPT_MARS___ac6/cpt_m__ac6/Drivers/CMSIS/Include"  -Og -g3 -Wall -fmessage-length=0 -ffunction-sections -c -fmessage-length=0 -MMD -MP -MF"Application/Src/interface_LMX2486.d" -MT"Application/Src/interface_LMX2486.o" -o "Application/Src/interface_LMX2486.o" "D:/GIT/my__MARS/CPT_MARS___ac6/cpt_m__ac6/Src/interface_LMX2486.c"
Building file: D:/GIT/my__MARS/CPT_MARS___ac6/cpt_m__ac6/Src/my_FUN_.c
D:\GIT\my__MARS\CPT_MARS___ac6\cpt_m__ac6\SW4STM32\cpt_m__ac6\Debug
Building file: D:/GIT/my__MARS/CPT_MARS___ac6/cpt_m__ac6/Src/pid_DOPLER_FREQ.c
Invoking: MCU GCC Compiler
arm-none-eabi-gcc -mcpu=cortex-m4 -mthumb -mfloat-abi=hard -mfpu=fpv4-sp-d16 -DUSE_HAL_DRIVER -DSTM32L476xx -I"D:/GIT/my__MARS/CPT_MARS___ac6/cpt_m__ac6/Inc" -I"D:/GIT/my__MARS/CPT_MARS___ac6/cpt_m__ac6/Drivers/STM32L4xx_HAL_Driver/Inc" -I"D:/GIT/my__MARS/CPT_MARS___ac6/cpt_m__ac6/Drivers/STM32L4xx_HAL_Driver/Inc/Legacy" -I"D:/GIT/my__MARS/CPT_MARS___ac6/cpt_m__ac6/Drivers/CMSIS/Device/ST/STM32L4xx/Include" -I"D:/GIT/my__MARS/CPT_MARS___ac6/cpt_m__ac6/Drivers/CMSIS/Include"  -Og -g3 -Wall -fmessage-length=0 -ffunction-sections -c -fmessage-length=0 -MMD -MP -MF"Application/Src/main.d" -MT"Application/Src/main.o" -o "Application/Src/main.o" "D:/GIT/my__MARS/CPT_MARS___ac6/cpt_m__ac6/Src/main.c"
Building file: D:/GIT/my__MARS/CPT_MARS___ac6/cpt_m__ac6/Src/pid_MICROWAVE.c
Invoking: MCU GCC Compiler
D:\GIT\my__MARS\CPT_MARS___ac6\cpt_m__ac6\SW4STM32\cpt_m__ac6\Debug
Invoking: MCU GCC Compiler
arm-none-eabi-gcc -mcpu=cortex-m4 -mthumb -mfloat-abi=hard -mfpu=fpv4-sp-d16 -DUSE_HAL_DRIVER -DSTM32L476xx -I"D:/GIT/my__MARS/CPT_MARS___ac6/cpt_m__ac6/Inc" -I"D:/GIT/my__MARS/CPT_MARS___ac6/cpt_m__ac6/Drivers/STM32L4xx_HAL_Driver/Inc" -I"D:/GIT/my__MARS/CPT_MARS___ac6/cpt_m__ac6/Drivers/STM32L4xx_HAL_Driver/Inc/Legacy" -I"D:/GIT/my__MARS/CPT_MARS___ac6/cpt_m__ac6/Drivers/CMSIS/Device/ST/STM32L4xx/Include" -I"D:/GIT/my__MARS/CPT_MARS___ac6/cpt_m__ac6/Drivers/CMSIS/Include"  -Og -g3 -Wall -fmessage-length=0 -ffunction-sections -c -fmessage-length=0 -MMD -MP -MF"Application/Src/my_FUN_.d" -MT"Application/Src/my_FUN_.o" -o "Application/Src/my_FUN_.o" "D:/GIT/my__MARS/CPT_MARS___ac6/cpt_m__ac6/Src/my_FUN_.c"
Building file: D:/GIT/my__MARS/CPT_MARS___ac6/cpt_m__ac6/Src/pid_optics_pwr.c
D:\GIT\my__MARS\CPT_MARS___ac6\cpt_m__ac6\SW4STM32\cpt_m__ac6\Debug
arm-none-eabi-gcc -mcpu=cortex-m4 -mthumb -mfloat-abi=hard -mfpu=fpv4-sp-d16 -DUSE_HAL_DRIVER -DSTM32L476xx -I"D:/GIT/my__MARS/CPT_MARS___ac6/cpt_m__ac6/Inc" -I"D:/GIT/my__MARS/CPT_MARS___ac6/cpt_m__ac6/Drivers/STM32L4xx_HAL_Driver/Inc" -I"D:/GIT/my__MARS/CPT_MARS___ac6/cpt_m__ac6/Drivers/STM32L4xx_HAL_Driver/Inc/Legacy" -I"D:/GIT/my__MARS/CPT_MARS___ac6/cpt_m__ac6/Drivers/CMSIS/Device/ST/STM32L4xx/Include" -I"D:/GIT/my__MARS/CPT_MARS___ac6/cpt_m__ac6/Drivers/CMSIS/Include"  -Og -g3 -Wall -fmessage-length=0 -ffunction-sections -c -fmessage-length=0 -MMD -MP -MF"Application/Src/pid_DOPLER_FREQ.d" -MT"Application/Src/pid_DOPLER_FREQ.o" -o "Application/Src/pid_DOPLER_FREQ.o" "D:/GIT/my__MARS/CPT_MARS___ac6/cpt_m__ac6/Src/pid_DOPLER_FREQ.c"
D:\GIT\my__MARS\CPT_MARS___ac6\cpt_m__ac6\SW4STM32\cpt_m__ac6\Debug
Invoking: MCU GCC Compiler
arm-none-eabi-gcc -mcpu=cortex-m4 -mthumb -mfloat-abi=hard -mfpu=fpv4-sp-d16 -DUSE_HAL_DRIVER -DSTM32L476xx -I"D:/GIT/my__MARS/CPT_MARS___ac6/cpt_m__ac6/Inc" -I"D:/GIT/my__MARS/CPT_MARS___ac6/cpt_m__ac6/Drivers/STM32L4xx_HAL_Driver/Inc" -I"D:/GIT/my__MARS/CPT_MARS___ac6/cpt_m__ac6/Drivers/STM32L4xx_HAL_Driver/Inc/Legacy" -I"D:/GIT/my__MARS/CPT_MARS___ac6/cpt_m__ac6/Drivers/CMSIS/Device/ST/STM32L4xx/Include" -I"D:/GIT/my__MARS/CPT_MARS___ac6/cpt_m__ac6/Drivers/CMSIS/Include"  -Og -g3 -Wall -fmessage-length=0 -ffunction-sections -c -fmessage-length=0 -MMD -MP -MF"Application/Src/pid_MICROWAVE.d" -MT"Application/Src/pid_MICROWAVE.o" -o "Application/Src/pid_MICROWAVE.o" "D:/GIT/my__MARS/CPT_MARS___ac6/cpt_m__ac6/Src/pid_MICROWAVE.c"
Building file: D:/GIT/my__MARS/CPT_MARS___ac6/cpt_m__ac6/Src/stm32l4xx_it.c
D:\GIT\my__MARS\CPT_MARS___ac6\cpt_m__ac6\SW4STM32\cpt_m__ac6\Debug
Invoking: MCU GCC Compiler
Building file: D:/GIT/my__MARS/CPT_MARS___ac6/cpt_m__ac6/Src/usart_protocol.c
[...]
Building file: D:/GIT/my__MARS/CPT_MARS___ac6/cpt_m__ac6/Src/pid_optics_pwr.c
D:\GIT\my__MARS\CPT_MARS___ac6\cpt_m__ac6\SW4STM32\cpt_m__ac6\Debug
Invoking: MCU GCC Compiler
arm-none-eabi-gcc -mcpu=cortex-m4 -mthumb -mfloat-abi=hard -mfpu=fpv4-sp-d16 -DUSE_HAL_DRIVER -DSTM32L476xx -I"D:/GIT/my__MARS/CPT_MARS___ac6/cpt_m__ac6/Inc" -I"D:/GIT/my__MARS/CPT_MARS___ac6/cpt_m__ac6/Drivers/STM32L4xx_HAL_Driver/Inc" -I"D:/GIT/my__MARS/CPT_MARS___ac6/cpt_m__ac6/Drivers/STM32L4xx_HAL_Driver/Inc/Legacy" -I"D:/GIT/my__MARS/CPT_MARS___ac6/cpt_m__ac6/Drivers/CMSIS/Device/ST/STM32L4xx/Include" -I"D:/GIT/my__MARS/CPT_MARS___ac6/cpt_m__ac6/Drivers/CMSIS/Include"  -Og -g3 -Wall -fmessage-length=0 -ffunction-sections -c -fmessage-length=0 -MMD -MP -MF"Application/Src/pid_DOPLER_FREQ.d" -MT"Application/Src/pid_DOPLER_FREQ.o" -o "Application/Src/pid_DOPLER_FREQ.o" "D:/GIT/my__MARS/CPT_MARS___ac6/cpt_m__ac6/Src/pid_DOPLER_FREQ.c"
Invoking: MCU GCC Compiler
Building file: D:/GIT/my__MARS/CPT_MARS___ac6/cpt_m__ac6/Src/stm32l4xx_it.c
D:\GIT\my__MARS\CPT_MARS___ac6\cpt_m__ac6\SW4STM32\cpt_m__ac6\Debug
D:\GIT\my__MARS\CPT_MARS___ac6\cpt_m__ac6\SW4STM32\cpt_m__ac6\Debug
Invoking: MCU GCC Compiler
Building file: D:/GIT/my__MARS/CPT_MARS___ac6/cpt_m__ac6/Src/usart_protocol.c
arm-none-eabi-gcc -mcpu=cortex-m4 -mthumb -mfloat-abi=hard -mfpu=fpv4-sp-d16 -DUSE_HAL_DRIVER -DSTM32L476xx -I"D:/GIT/my__MARS/CPT_MARS___ac6/cpt_m__ac6/Inc" -I"D:/GIT/my__MARS/CPT_MARS___ac6/cpt_m__ac6/Drivers/STM32L4xx_HAL_Driver/Inc" -I"D:/GIT/my__MARS/CPT_MARS___ac6/cpt_m__ac6/Drivers/STM32L4xx_HAL_Driver/Inc/Legacy" -I"D:/GIT/my__MARS/CPT_MARS___ac6/cpt_m__ac6/Drivers/CMSIS/Device/ST/STM32L4xx/Include" -I"D:/GIT/my__MARS/CPT_MARS___ac6/cpt_m__ac6/Drivers/CMSIS/Include"  -Og -g3 -Wall -fmessage-length=0 -ffunction-sections -c -fmessage-length=0 -MMD -MP -MF"Application/Src/pid_MICROWAVE.d" -MT"Application/Src/pid_MICROWAVE.o" -o "Application/Src/pid_MICROWAVE.o" "D:/GIT/my__MARS/CPT_MARS___ac6/cpt_m__ac6/Src/pid_MICROWAVE.c"
arm-none-eabi-gcc -mcpu=cortex-m4 -mthumb -mfloat-abi=hard -mfpu=fpv4-sp-d16 -DUSE_HAL_DRIVER -DSTM32L476xx -I"D:/GIT/my__MARS/CPT_MARS___ac6/cpt_m__ac6/Inc" -I"D:/GIT/my__MARS/CPT_MARS___ac6/cpt_m__ac6/Drivers/STM32L4xx_HAL_Driver/Inc" -I"D:/GIT/my__MARS/CPT_MARS___ac6/cpt_m__ac6/Drivers/STM32L4xx_HAL_Driver/Inc/Legacy" -I"D:/GIT/my__MARS/CPT_MARS___ac6/cpt_m__ac6/Drivers/CMSIS/Device/ST/STM32L4xx/Include" -I"D:/GIT/my__MARS/CPT_MARS___ac6/cpt_m__ac6/Drivers/CMSIS/Include"  -Og -g3 -Wall -fmessage-length=0 -ffunction-sections -c -fmessage-length=0 -MMD -MP -MF"Application/Src/pid_optics_pwr.d" -MT"Application/Src/pid_optics_pwr.o" -o "Application/Src/pid_optics_pwr.o" "D:/GIT/my__MARS/CPT_MARS___ac6/cpt_m__ac6/Src/pid_optics_pwr.c"
Building file: D:/GIT/my__MARS/CPT_MARS___ac6/cpt_m__ac6/Src/var.c
D:\GIT\my__MARS\CPT_MARS___ac6\cpt_m__ac6\SW4STM32\cpt_m__ac6\Debug
Invoking: MCU GCC Compiler
Invoking: MCU GCC Compiler
arm-none-eabi-gcc -mcpu=cortex-m4 -mthumb -mfloat-abi=hard -mfpu=fpv4-sp-d16 -DUSE_HAL_DRIVER -DSTM32L476xx -I"D:/GIT/my__MARS/CPT_MARS___ac6/cpt_m__ac6/Inc" -I"D:/GIT/my__MARS/CPT_MARS___ac6/cpt_m__ac6/Drivers/STM32L4xx_HAL_Driver/Inc" -I"D:/GIT/my__MARS/CPT_MARS___ac6/cpt_m__ac6/Drivers/STM32L4xx_HAL_Driver/Inc/Legacy" -I"D:/GIT/my__MARS/CPT_MARS___ac6/cpt_m__ac6/Drivers/CMSIS/Device/ST/STM32L4xx/Include" -I"D:/GIT/my__MARS/CPT_MARS___ac6/cpt_m__ac6/Drivers/CMSIS/Include"  -Og -g3 -Wall -fmessage-length=0 -ffunction-sections -c -fmessage-length=0 -MMD -MP -MF"Application/Src/stm32l4xx_it.d" -MT"Application/Src/stm32l4xx_it.o" -o "Application/Src/stm32l4xx_it.o" "D:/GIT/my__MARS/CPT_MARS___ac6/cpt_m__ac6/Src/stm32l4xx_it.c"
D:\GIT\my__MARS\CPT_MARS___ac6\cpt_m__ac6\SW4STM32\cpt_m__ac6\Debug
arm-none-eabi-gcc -mcpu=cortex-m4 -mthumb -mfloat-abi=hard -mfpu=fpv4-sp-d16 -DUSE_HAL_DRIVER -DSTM32L476xx -I"D:/GIT/my__MARS/CPT_MARS___ac6/cpt_m__ac6/Inc" -I"D:/GIT/my__MARS/CPT_MARS___ac6/cpt_m__ac6/Drivers/STM32L4xx_HAL_Driver/Inc" -I"D:/GIT/my__MARS/CPT_MARS___ac6/cpt_m__ac6/Drivers/STM32L4xx_HAL_Driver/Inc/Legacy" -I"D:/GIT/my__MARS/CPT_MARS___ac6/cpt_m__ac6/Drivers/CMSIS/Device/ST/STM32L4xx/Include" -I"D:/GIT/my__MARS/CPT_MARS___ac6/cpt_m__ac6/Drivers/CMSIS/Include"  -Og -g3 -Wall -fmessage-length=0 -ffunction-sections -c -fmessage-length=0 -MMD -MP -MF"Application/Src/usart_protocol.d" -MT"Application/Src/usart_protocol.o" -o "Application/Src/usart_protocol.o" "D:/GIT/my__MARS/CPT_MARS___ac6/cpt_m__ac6/Src/usart_protocol.c"
D:\GIT\my__MARS\CPT_MARS___ac6\cpt_m__ac6\SW4STM32\cpt_m__ac6\Debug
arm-none-eabi-gcc -mcpu=cortex-m4 -mthumb -mfloat-abi=hard -mfpu=fpv4-sp-d16 -DUSE_HAL_DRIVER -DSTM32L476xx -I"D:/GIT/my__MARS/CPT_MARS___ac6/cpt_m__ac6/Inc" -I"D:/GIT/my__MARS/CPT_MARS___ac6/cpt_m__ac6/Drivers/STM32L4xx_HAL_Driver/Inc" -I"D:/GIT/my__MARS/CPT_MARS___ac6/cpt_m__ac6/Drivers/STM32L4xx_HAL_Driver/Inc/Legacy" -I"D:/GIT/my__MARS/CPT_MARS___ac6/cpt_m__ac6/Drivers/CMSIS/Device/ST/STM32L4xx/Include" -I"D:/GIT/my__MARS/CPT_MARS___ac6/cpt_m__ac6/Drivers/CMSIS/Include"  -Og -g3 -Wall -fmessage-length=0 -ffunction-sections -c -fmessage-length=0 -MMD -MP -MF"Application/Src/var.d" -MT"Application/Src/var.o" -o "Application/Src/var.o" "D:/GIT/my__MARS/CPT_MARS___ac6/cpt_m__ac6/Src/var.c"
D:/GIT/my__MARS/CPT_MARS___ac6/cpt_m__ac6/Src/interface_AD5668.c: In function 'AD5668_Init':
D:/GIT/my__MARS/CPT_MARS___ac6/cpt_m__ac6/Src/interface_AD5668.c:12:19: warning: variable 'rx' set but not used [-Wunused-but-set-variable]
  volatile uint8_t rx = 0;
                   ^~
D:/GIT/my__MARS/CPT_MARS___ac6/cpt_m__ac6/Src/interface_AD5668.c: In function 'AD5668_SetValue':
D:/GIT/my__MARS/CPT_MARS___ac6/cpt_m__ac6/Src/interface_AD5668.c:57:19: warning: variable 'rx' set but not used [-Wunused-but-set-variable]
  volatile uint8_t rx = 0;
                   ^~
D:/GIT/my__MARS/CPT_MARS___ac6/cpt_m__ac6/Src/interface_AD5668.c: In function 'AD5668_WriteValue':
D:/GIT/my__MARS/CPT_MARS___ac6/cpt_m__ac6/Src/interface_AD5668.c:105:19: warning: variable 'rx' set but not used [-Wunused-but-set-variable]
  volatile uint8_t rx = 0;
                   ^~
D:/GIT/my__MARS/CPT_MARS___ac6/cpt_m__ac6/Src/interface_AD5668.c: In function 'AD5668_Reset':
D:/GIT/my__MARS/CPT_MARS___ac6/cpt_m__ac6/Src/interface_AD5668.c:152:19: warning: variable 'rx' set but not used [-Wunused-but-set-variable]
  volatile uint8_t rx = 0;
                   ^~
D:/GIT/my__MARS/CPT_MARS___ac6/cpt_m__ac6/Src/interface_LMX2486.c: In function 'LMX2486_SendData':
D:/GIT/my__MARS/CPT_MARS___ac6/cpt_m__ac6/Src/interface_LMX2486.c:8:19: warning: variable 'rx' set but not used [-Wunused-but-set-variable]
  volatile uint8_t rx = 0;
                   ^~
D:/GIT/my__MARS/CPT_MARS___ac6/cpt_m__ac6/Src/hist.c: In function 'HIST':
D:/GIT/my__MARS/CPT_MARS___ac6/cpt_m__ac6/Src/hist.c:64:25: warning: 'i' may be used uninitialized in this function [-Wmaybe-uninitialized]
   for(int i; i < 1000; i++)       //формируем значения ячеек гистограммы
                        ~^~
D:/GIT/my__MARS/CPT_MARS___ac6/cpt_m__ac6/Src/stm32l4xx_it.c: In function 'my_ADC1_1':
D:/GIT/my__MARS/CPT_MARS___ac6/cpt_m__ac6/Src/stm32l4xx_it.c:1002:2: warning: implicit declaration of function 'my_DataADC1_0'; did you mean 'my_DataADC2_0'? [-Wimplicit-function-declaration]
  my_DataADC1_0();  // Время выполнения my_DataADC1_0() ____ тактов
  ^~~~~~~~~~~~~
  my_DataADC2_0
D:/GIT/my__MARS/CPT_MARS___ac6/cpt_m__ac6/Src/stm32l4xx_it.c:1003:2: warning: implicit declaration of function 'my_DataADC1_2'; did you mean 'my_DataADC2_2'? [-Wimplicit-function-declaration]
  my_DataADC1_2();  // Время выполнения my_DataADC1_0()+my_DataADC1_2() ____ тактов
  ^~~~~~~~~~~~~
  my_DataADC2_2
D:/GIT/my__MARS/CPT_MARS___ac6/cpt_m__ac6/Src/stm32l4xx_it.c:1004:2: warning: implicit declaration of function 'my_OUT1_F1'; did you mean 'my_ADC1_1'? [-Wimplicit-function-declaration]
  my_OUT1_F1();   //  ___ тактов
  ^~~~~~~~~~
  my_ADC1_1
D:/GIT/my__MARS/CPT_MARS___ac6/cpt_m__ac6/Src/main.c: In function 'main':
D:/GIT/my__MARS/CPT_MARS___ac6/cpt_m__ac6/Src/main.c:366:4: warning: implicit declaration of function 'InitTEMP' [-Wimplicit-function-declaration]
    InitTEMP();
    ^~~~~~~~
D:/GIT/my__MARS/CPT_MARS___ac6/cpt_m__ac6/Src/stm32l4xx_it.c:1005:2: warning: implicit declaration of function 'my_OUT1_F2'; did you mean 'my_F1_F2'? [-Wimplicit-function-declaration]
  my_OUT1_F2();   // ____ тактов
  ^~~~~~~~~~
  my_F1_F2
D:/GIT/my__MARS/CPT_MARS___ac6/cpt_m__ac6/Src/main.c: In function 'ProgressPID_SENSOR_CELL':
D:/GIT/my__MARS/CPT_MARS___ac6/cpt_m__ac6/Src/main.c:881:4: warning: implicit declaration of function 'GetTEMP' [-Wimplicit-function-declaration]
    GetTEMP(); // value_TempCell - это температура
    ^~~~~~~
D:/GIT/my__MARS/CPT_MARS___ac6/cpt_m__ac6/Src/stm32l4xx_it.c:1006:2: warning: implicit declaration of function 'my_OUT1_F1F2'; did you mean 'my_F1_F2'? [-Wimplicit-function-declaration]
  my_OUT1_F1F2();  //  ___ тактов
  ^~~~~~~~~~~~
  my_F1_F2
D:/GIT/my__MARS/CPT_MARS___ac6/cpt_m__ac6/Src/stm32l4xx_it.c:1008:2: warning: implicit declaration of function 'my_OUT1_F2F1'; did you mean 'my_F1_F2_'? [-Wimplicit-function-declaration]
  my_OUT1_F2F1();  //  ___ такта, измеренная сумма = ___
  ^~~~~~~~~~~~
  my_F1_F2_
D:/GIT/my__MARS/CPT_MARS___ac6/cpt_m__ac6/Src/stm32l4xx_it.c:1009:2: warning: implicit declaration of function 'my_OUT1_F1_F2'; did you mean 'my_F1_F2'? [-Wimplicit-function-declaration]
  my_OUT1_F1_F2();  //  ___ тактов, измеренная сумма =
  ^~~~~~~~~~~~~
  my_F1_F2
D:/GIT/my__MARS/CPT_MARS___ac6/cpt_m__ac6/Src/stm32l4xx_it.c:1042:4: warning: "/*" within comment [-Wcomment]
   //*
     
D:/GIT/my__MARS/CPT_MARS___ac6/cpt_m__ac6/Src/stm32l4xx_it.c: In function 'UpdateDataADC2':
D:/GIT/my__MARS/CPT_MARS___ac6/cpt_m__ac6/Src/stm32l4xx_it.c:1479:13: warning: unused variable 'i_NN' [-Wunused-variable]
  static int i_NN = 0;
             ^~~~
D:/GIT/my__MARS/CPT_MARS___ac6/cpt_m__ac6/Src/stm32l4xx_it.c:1402:13: warning: unused variable 'idT' [-Wunused-variable]
  static int idT = 0;
             ^~~
D:/GIT/my__MARS/CPT_MARS___ac6/cpt_m__ac6/Src/stm32l4xx_it.c:1401:13: warning: unused variable 'iT2' [-Wunused-variable]
  static int iT2 = 0;
             ^~~
D:/GIT/my__MARS/CPT_MARS___ac6/cpt_m__ac6/Src/stm32l4xx_it.c:1400:13: warning: unused variable 'iT1' [-Wunused-variable]
  static int iT1 = 0;
             ^~~
D:/GIT/my__MARS/CPT_MARS___ac6/cpt_m__ac6/Src/stm32l4xx_it.c: In function 'funWork_SCAN_CRNT':
D:/GIT/my__MARS/CPT_MARS___ac6/cpt_m__ac6/Src/stm32l4xx_it.c:1847:5: warning: "/*" within comment [-Wcomment]
     /*
      
D:/GIT/my__MARS/CPT_MARS___ac6/cpt_m__ac6/Src/stm32l4xx_it.c: In function 'UpdateRS232':
D:/GIT/my__MARS/CPT_MARS___ac6/cpt_m__ac6/Src/stm32l4xx_it.c:2237:12: warning: unused variable 'cr3its' [-Wunused-variable]
   uint32_t cr3its = USART3->CR3;
            ^~~~~~
D:/GIT/my__MARS/CPT_MARS___ac6/cpt_m__ac6/Src/stm32l4xx_it.c:2236:12: warning: unused variable 'cr1its' [-Wunused-variable]
   uint32_t cr1its = USART3->CR1;
            ^~~~~~
At top level:
D:/GIT/my__MARS/CPT_MARS___ac6/cpt_m__ac6/Src/stm32l4xx_it.c:1400:13: warning: 'iT1' defined but not used [-Wunused-variable]
  static int iT1 = 0;
             ^~~
D:/GIT/my__MARS/CPT_MARS___ac6/cpt_m__ac6/Src/stm32l4xx_it.c:1401:13: warning: 'iT2' defined but not used [-Wunused-variable]
  static int iT2 = 0;
             ^~~
D:/GIT/my__MARS/CPT_MARS___ac6/cpt_m__ac6/Src/stm32l4xx_it.c:1402:13: warning: 'idT' defined but not used [-Wunused-variable]
  static int idT = 0;
             ^~~
D:/GIT/my__MARS/CPT_MARS___ac6/cpt_m__ac6/Src/stm32l4xx_it.c:1479:13: warning: 'i_NN' defined but not used [-Wunused-variable]
  static int i_NN = 0;
             ^~~~
Finished building: D:/GIT/my__MARS/CPT_MARS___ac6/cpt_m__ac6/Src/interface_AD5668.c
Finished building: D:/GIT/my__MARS/CPT_MARS___ac6/cpt_m__ac6/Src/hist.c
Finished building: D:/GIT/my__MARS/CPT_MARS___ac6/cpt_m__ac6/Src/interface_ADT7410.c
Finished building: D:/GIT/my__MARS/CPT_MARS___ac6/cpt_m__ac6/Src/interface_LMX2486.c
Finished building: D:/GIT/my__MARS/CPT_MARS___ac6/cpt_m__ac6/Src/main.c
Finished building: D:/GIT/my__MARS/CPT_MARS___ac6/cpt_m__ac6/Src/my_FUN_.c
Finished building: D:/GIT/my__MARS/CPT_MARS___ac6/cpt_m__ac6/Src/pid_DOPLER_FREQ.c
Finished building: D:/GIT/my__MARS/CPT_MARS___ac6/cpt_m__ac6/Src/pid_MICROWAVE.c
Finished building: D:/GIT/my__MARS/CPT_MARS___ac6/cpt_m__ac6/Src/pid_optics_pwr.c
Finished building: D:/GIT/my__MARS/CPT_MARS___ac6/cpt_m__ac6/Src/usart_protocol.c
Finished building: D:/GIT/my__MARS/CPT_MARS___ac6/cpt_m__ac6/Src/var.c
 
 
 
 
 
 
 
 
 
 
 
Finished building: D:/GIT/my__MARS/CPT_MARS___ac6/cpt_m__ac6/Src/stm32l4xx_it.c
 
Building target: cpt_m__ac6.elf
Invoking: MCU GCC Linker
arm-none-eabi-gcc -mcpu=cortex-m4 -mthumb -mfloat-abi=hard -mfpu=fpv4-sp-d16 -specs=nosys.specs -specs=nano.specs -T"../STM32L476RCTx_FLASH.ld" -Wl,-Map=output.map -Wl,--gc-sections -o "cpt_m__ac6.elf" @"objects.list"   -lm
Finished building target: cpt_m__ac6.elf
 
make --no-print-directory post-build
Generating hex and Printing size information:
arm-none-eabi-objcopy -O ihex "cpt_m__ac6.elf" "cpt_m__ac6.hex"
arm-none-eabi-size "cpt_m__ac6.elf"
   text	   data	    bss	    dec	    hex	filename
  44616	    376	  33864	  78856	  13408	cpt_m__ac6.elf
 
13:36:22 **** Build of configuration Debug for project cpt_m__ac6 ****
make -j16 all 
make: Nothing to be done for 'all'.
13:36:31 **** Incremental Build of configuration Debug for project cpt_m__ac6 ****
make -j16 all 
make: Nothing to be done for 'all'.
13:37:08 **** Incremental Build of configuration Debug for project cpt_m__ac6 ****
make -j16 all 
Building file: D:/GIT/my__MARS/CPT_MARS___ac6/cpt_m__ac6/Src/stm32l4xx_it.c
Invoking: MCU GCC Compiler
D:\GIT\my__MARS\CPT_MARS___ac6\cpt_m__ac6\SW4STM32\cpt_m__ac6\Debug
arm-none-eabi-gcc -mcpu=cortex-m4 -mthumb -mfloat-abi=hard -mfpu=fpv4-sp-d16 -DUSE_HAL_DRIVER -DSTM32L476xx -I"D:/GIT/my__MARS/CPT_MARS___ac6/cpt_m__ac6/Inc" -I"D:/GIT/my__MARS/CPT_MARS___ac6/cpt_m__ac6/Drivers/STM32L4xx_HAL_Driver/Inc" -I"D:/GIT/my__MARS/CPT_MARS___ac6/cpt_m__ac6/Drivers/STM32L4xx_HAL_Driver/Inc/Legacy" -I"D:/GIT/my__MARS/CPT_MARS___ac6/cpt_m__ac6/Drivers/CMSIS/Device/ST/STM32L4xx/Include" -I"D:/GIT/my__MARS/CPT_MARS___ac6/cpt_m__ac6/Drivers/CMSIS/Include"  -Og -g3 -Wall -fmessage-length=0 -ffunction-sections -c -fmessage-length=0 -MMD -MP -MF"Application/Src/stm32l4xx_it.d" -MT"Application/Src/stm32l4xx_it.o" -o "Application/Src/stm32l4xx_it.o" "D:/GIT/my__MARS/CPT_MARS___ac6/cpt_m__ac6/Src/stm32l4xx_it.c"
D:/GIT/my__MARS/CPT_MARS___ac6/cpt_m__ac6/Src/stm32l4xx_it.c: In function 'my_ADC1_1':
D:/GIT/my__MARS/CPT_MARS___ac6/cpt_m__ac6/Src/stm32l4xx_it.c:1002:2: warning: implicit declaration of function 'my_DataADC1_0'; did you mean 'my_DataADC2_0'? [-Wimplicit-function-declaration]
  my_DataADC1_0();  // Время выполнения my_DataADC1_0() ____ тактов
  ^~~~~~~~~~~~~
  my_DataADC2_0
D:/GIT/my__MARS/CPT_MARS___ac6/cpt_m__ac6/Src/stm32l4xx_it.c:1003:2: warning: implicit declaration of function 'my_DataADC1_2'; did you mean 'my_DataADC2_2'? [-Wimplicit-function-declaration]
  my_DataADC1_2();  // Время выполнения my_DataADC1_0()+my_DataADC1_2() ____ тактов
  ^~~~~~~~~~~~~
  my_DataADC2_2
D:/GIT/my__MARS/CPT_MARS___ac6/cpt_m__ac6/Src/stm32l4xx_it.c:1004:2: warning: implicit declaration of function 'my_OUT1_F1'; did you mean 'my_ADC1_1'? [-Wimplicit-function-declaration]
  my_OUT1_F1();   //  ___ тактов
  ^~~~~~~~~~
  my_ADC1_1
D:/GIT/my__MARS/CPT_MARS___ac6/cpt_m__ac6/Src/stm32l4xx_it.c:1005:2: warning: implicit declaration of function 'my_OUT1_F2'; did you mean 'my_F1_F2'? [-Wimplicit-function-declaration]
  my_OUT1_F2();   // ____ тактов
  ^~~~~~~~~~
  my_F1_F2
D:/GIT/my__MARS/CPT_MARS___ac6/cpt_m__ac6/Src/stm32l4xx_it.c:1006:2: warning: implicit declaration of function 'my_OUT1_F1F2'; did you mean 'my_F1_F2'? [-Wimplicit-function-declaration]
  my_OUT1_F1F2();  //  ___ тактов
  ^~~~~~~~~~~~
  my_F1_F2
D:/GIT/my__MARS/CPT_MARS___ac6/cpt_m__ac6/Src/stm32l4xx_it.c:1008:2: warning: implicit declaration of function 'my_OUT1_F2F1'; did you mean 'my_F1_F2_'? [-Wimplicit-function-declaration]
  my_OUT1_F2F1();  //  ___ такта, измеренная сумма = ___
  ^~~~~~~~~~~~
  my_F1_F2_
D:/GIT/my__MARS/CPT_MARS___ac6/cpt_m__ac6/Src/stm32l4xx_it.c:1009:2: warning: implicit declaration of function 'my_OUT1_F1_F2'; did you mean 'my_F1_F2'? [-Wimplicit-function-declaration]
  my_OUT1_F1_F2();  //  ___ тактов, измеренная сумма =
  ^~~~~~~~~~~~~
  my_F1_F2
D:/GIT/my__MARS/CPT_MARS___ac6/cpt_m__ac6/Src/stm32l4xx_it.c:1042:4: warning: "/*" within comment [-Wcomment]
   //*
     
D:/GIT/my__MARS/CPT_MARS___ac6/cpt_m__ac6/Src/stm32l4xx_it.c: In function 'UpdateDataADC2':
D:/GIT/my__MARS/CPT_MARS___ac6/cpt_m__ac6/Src/stm32l4xx_it.c:1479:13: warning: unused variable 'i_NN' [-Wunused-variable]
  static int i_NN = 0;
             ^~~~
D:/GIT/my__MARS/CPT_MARS___ac6/cpt_m__ac6/Src/stm32l4xx_it.c:1402:13: warning: unused variable 'idT' [-Wunused-variable]
  static int idT = 0;
             ^~~
D:/GIT/my__MARS/CPT_MARS___ac6/cpt_m__ac6/Src/stm32l4xx_it.c:1401:13: warning: unused variable 'iT2' [-Wunused-variable]
  static int iT2 = 0;
             ^~~
D:/GIT/my__MARS/CPT_MARS___ac6/cpt_m__ac6/Src/stm32l4xx_it.c:1400:13: warning: unused variable 'iT1' [-Wunused-variable]
  static int iT1 = 0;
             ^~~
D:/GIT/my__MARS/CPT_MARS___ac6/cpt_m__ac6/Src/stm32l4xx_it.c: In function 'funWork_SCAN_CRNT':
D:/GIT/my__MARS/CPT_MARS___ac6/cpt_m__ac6/Src/stm32l4xx_it.c:1847:5: warning: "/*" within comment [-Wcomment]
     /*
      
D:/GIT/my__MARS/CPT_MARS___ac6/cpt_m__ac6/Src/stm32l4xx_it.c: In function 'UpdateRS232':
D:/GIT/my__MARS/CPT_MARS___ac6/cpt_m__ac6/Src/stm32l4xx_it.c:2237:12: warning: unused variable 'cr3its' [-Wunused-variable]
   uint32_t cr3its = USART3->CR3;
            ^~~~~~
D:/GIT/my__MARS/CPT_MARS___ac6/cpt_m__ac6/Src/stm32l4xx_it.c:2236:12: warning: unused variable 'cr1its' [-Wunused-variable]
   uint32_t cr1its = USART3->CR1;
            ^~~~~~
At top level:
D:/GIT/my__MARS/CPT_MARS___ac6/cpt_m__ac6/Src/stm32l4xx_it.c:1400:13: warning: 'iT1' defined but not used [-Wunused-variable]
  static int iT1 = 0;
             ^~~
D:/GIT/my__MARS/CPT_MARS___ac6/cpt_m__ac6/Src/stm32l4xx_it.c:1401:13: warning: 'iT2' defined but not used [-Wunused-variable]
  static int iT2 = 0;
             ^~~
D:/GIT/my__MARS/CPT_MARS___ac6/cpt_m__ac6/Src/stm32l4xx_it.c:1402:13: warning: 'idT' defined but not used [-Wunused-variable]
  static int idT = 0;
             ^~~
D:/GIT/my__MARS/CPT_MARS___ac6/cpt_m__ac6/Src/stm32l4xx_it.c:1479:13: warning: 'i_NN' defined but not used [-Wunused-variable]
  static int i_NN = 0;
             ^~~~
Finished building: D:/GIT/my__MARS/CPT_MARS___ac6/cpt_m__ac6/Src/stm32l4xx_it.c
 
Building target: cpt_m__ac6.elf
Invoking: MCU GCC Linker
arm-none-eabi-gcc -mcpu=cortex-m4 -mthumb -mfloat-abi=hard -mfpu=fpv4-sp-d16 -specs=nosys.specs -specs=nano.specs -T"../STM32L476RCTx_FLASH.ld" -Wl,-Map=output.map -Wl,--gc-sections -o "cpt_m__ac6.elf" @"objects.list"   -lm
Finished building target: cpt_m__ac6.elf
 
make --no-print-directory post-build
Generating hex and Printing size information:
arm-none-eabi-objcopy -O ihex "cpt_m__ac6.elf" "cpt_m__ac6.hex"
arm-none-eabi-size "cpt_m__ac6.elf"
   text	   data	    bss	    dec	    hex	filename
  44616	    376	  33864	  78856	  13408	cpt_m__ac6.elf
 
13:37:20 **** Incremental Build of configuration Debug for project cpt_m__ac6 ****
make -j16 all 
make: Nothing to be done for 'all'.
