Archive member included to satisfy reference by file (symbol)

c:/ac6/systemworkbench/plugins/fr.ac6.mcu.externaltools.arm-none.win32_1.17.0.201812190825/tools/compiler/bin/../lib/gcc/arm-none-eabi/7.3.1/thumb/v7e-m/fpv4-sp/hard\libgcc.a(_arm_addsubdf3.o)
                              Src/interface_LMX2486.o (__aeabi_dsub)
c:/ac6/systemworkbench/plugins/fr.ac6.mcu.externaltools.arm-none.win32_1.17.0.201812190825/tools/compiler/bin/../lib/gcc/arm-none-eabi/7.3.1/thumb/v7e-m/fpv4-sp/hard\libgcc.a(_arm_muldivdf3.o)
                              Src/interface_LMX2486.o (__aeabi_dmul)
c:/ac6/systemworkbench/plugins/fr.ac6.mcu.externaltools.arm-none.win32_1.17.0.201812190825/tools/compiler/bin/../lib/gcc/arm-none-eabi/7.3.1/thumb/v7e-m/fpv4-sp/hard\libgcc.a(_arm_cmpdf2.o)
                              Src/interface_LMX2486.o (__aeabi_dcmpeq)
c:/ac6/systemworkbench/plugins/fr.ac6.mcu.externaltools.arm-none.win32_1.17.0.201812190825/tools/compiler/bin/../lib/gcc/arm-none-eabi/7.3.1/thumb/v7e-m/fpv4-sp/hard\libgcc.a(_arm_fixdfsi.o)
                              Src/interface_LMX2486.o (__aeabi_d2iz)
c:/ac6/systemworkbench/plugins/fr.ac6.mcu.externaltools.arm-none.win32_1.17.0.201812190825/tools/compiler/bin/../lib/gcc/arm-none-eabi/7.3.1/thumb/v7e-m/fpv4-sp/hard\libgcc.a(_arm_truncdfsf2.o)
                              Src/main.o (__aeabi_d2f)
c:/ac6/systemworkbench/plugins/fr.ac6.mcu.externaltools.arm-none.win32_1.17.0.201812190825/tools/compiler/bin/../lib/gcc/arm-none-eabi/7.3.1/thumb/v7e-m/fpv4-sp/hard\libgcc.a(_aeabi_ldivmod.o)
                              Src/interface_LMX2486.o (__aeabi_ldivmod)
c:/ac6/systemworkbench/plugins/fr.ac6.mcu.externaltools.arm-none.win32_1.17.0.201812190825/tools/compiler/bin/../lib/gcc/arm-none-eabi/7.3.1/thumb/v7e-m/fpv4-sp/hard\libgcc.a(_aeabi_uldivmod.o)
                              Drivers/STM32L4xx_HAL_Driver/Src/stm32l4xx_hal_uart.o (__aeabi_uldivmod)
c:/ac6/systemworkbench/plugins/fr.ac6.mcu.externaltools.arm-none.win32_1.17.0.201812190825/tools/compiler/bin/../lib/gcc/arm-none-eabi/7.3.1/thumb/v7e-m/fpv4-sp/hard\libgcc.a(_fixdfdi.o)
                              Src/interface_LMX2486.o (__aeabi_d2lz)
c:/ac6/systemworkbench/plugins/fr.ac6.mcu.externaltools.arm-none.win32_1.17.0.201812190825/tools/compiler/bin/../lib/gcc/arm-none-eabi/7.3.1/thumb/v7e-m/fpv4-sp/hard\libgcc.a(_fixunsdfdi.o)
                              c:/ac6/systemworkbench/plugins/fr.ac6.mcu.externaltools.arm-none.win32_1.17.0.201812190825/tools/compiler/bin/../lib/gcc/arm-none-eabi/7.3.1/thumb/v7e-m/fpv4-sp/hard\libgcc.a(_fixdfdi.o) (__aeabi_d2ulz)
c:/ac6/systemworkbench/plugins/fr.ac6.mcu.externaltools.arm-none.win32_1.17.0.201812190825/tools/compiler/bin/../lib/gcc/arm-none-eabi/7.3.1/thumb/v7e-m/fpv4-sp/hard\libgcc.a(_udivmoddi4.o)
                              c:/ac6/systemworkbench/plugins/fr.ac6.mcu.externaltools.arm-none.win32_1.17.0.201812190825/tools/compiler/bin/../lib/gcc/arm-none-eabi/7.3.1/thumb/v7e-m/fpv4-sp/hard\libgcc.a(_aeabi_ldivmod.o) (__udivmoddi4)
c:/ac6/systemworkbench/plugins/fr.ac6.mcu.externaltools.arm-none.win32_1.17.0.201812190825/tools/compiler/bin/../lib/gcc/arm-none-eabi/7.3.1/thumb/v7e-m/fpv4-sp/hard\libgcc.a(_dvmd_tls.o)
                              c:/ac6/systemworkbench/plugins/fr.ac6.mcu.externaltools.arm-none.win32_1.17.0.201812190825/tools/compiler/bin/../lib/gcc/arm-none-eabi/7.3.1/thumb/v7e-m/fpv4-sp/hard\libgcc.a(_aeabi_ldivmod.o) (__aeabi_ldiv0)
c:/ac6/systemworkbench/plugins/fr.ac6.mcu.externaltools.arm-none.win32_1.17.0.201812190825/tools/compiler/bin/../lib/gcc/arm-none-eabi/7.3.1/thumb/v7e-m/fpv4-sp/hard\libgcc.a(_arm_fixunsdfsi.o)
                              c:/ac6/systemworkbench/plugins/fr.ac6.mcu.externaltools.arm-none.win32_1.17.0.201812190825/tools/compiler/bin/../lib/gcc/arm-none-eabi/7.3.1/thumb/v7e-m/fpv4-sp/hard\libgcc.a(_fixunsdfdi.o) (__aeabi_d2uiz)
c:/ac6/systemworkbench/plugins/fr.ac6.mcu.externaltools.arm-none.win32_1.17.0.201812190825/tools/compiler/bin/../lib/gcc/arm-none-eabi/7.3.1/../../../../arm-none-eabi/lib/thumb/v7e-m/fpv4-sp/hard\libc_nano.a(lib_a-errno.o)
                              Src/syscalls.o (__errno)
c:/ac6/systemworkbench/plugins/fr.ac6.mcu.externaltools.arm-none.win32_1.17.0.201812190825/tools/compiler/bin/../lib/gcc/arm-none-eabi/7.3.1/../../../../arm-none-eabi/lib/thumb/v7e-m/fpv4-sp/hard\libc_nano.a(lib_a-exit.o)
                              c:/ac6/systemworkbench/plugins/fr.ac6.mcu.externaltools.arm-none.win32_1.17.0.201812190825/tools/compiler/bin/../lib/gcc/arm-none-eabi/7.3.1/../../../../arm-none-eabi/lib/thumb/v7e-m/fpv4-sp/hard/crt0.o (exit)
c:/ac6/systemworkbench/plugins/fr.ac6.mcu.externaltools.arm-none.win32_1.17.0.201812190825/tools/compiler/bin/../lib/gcc/arm-none-eabi/7.3.1/../../../../arm-none-eabi/lib/thumb/v7e-m/fpv4-sp/hard\libc_nano.a(lib_a-impure.o)
[...]
Memory Configuration

Name             Origin             Length             Attributes
RAM              0x20000000         0x00018000         xrw
RAM2             0x10000000         0x00008000         xrw
FLASH            0x08000000         0x00040000         xr
*default*        0x00000000         0xffffffff

Linker script and memory map

LOAD c:/ac6/systemworkbench/plugins/fr.ac6.mcu.externaltools.arm-none.win32_1.17.0.201812190825/tools/compiler/bin/../lib/gcc/arm-none-eabi/7.3.1/thumb/v7e-m/fpv4-sp/hard/crti.o
LOAD c:/ac6/systemworkbench/plugins/fr.ac6.mcu.externaltools.arm-none.win32_1.17.0.201812190825/tools/compiler/bin/../lib/gcc/arm-none-eabi/7.3.1/thumb/v7e-m/fpv4-sp/hard/crtbegin.o
LOAD c:/ac6/systemworkbench/plugins/fr.ac6.mcu.externaltools.arm-none.win32_1.17.0.201812190825/tools/compiler/bin/../lib/gcc/arm-none-eabi/7.3.1/../../../../arm-none-eabi/lib/thumb/v7e-m/fpv4-sp/hard/crt0.o
LOAD Drivers/STM32L4xx_HAL_Driver/Src/stm32l4xx_hal.o
LOAD Drivers/STM32L4xx_HAL_Driver/Src/stm32l4xx_hal_adc.o
LOAD Drivers/STM32L4xx_HAL_Driver/Src/stm32l4xx_hal_adc_ex.o
LOAD Drivers/STM32L4xx_HAL_Driver/Src/stm32l4xx_hal_cortex.o
LOAD Drivers/STM32L4xx_HAL_Driver/Src/stm32l4xx_hal_dac.o
LOAD Drivers/STM32L4xx_HAL_Driver/Src/stm32l4xx_hal_dac_ex.o
LOAD Drivers/STM32L4xx_HAL_Driver/Src/stm32l4xx_hal_dma.o
LOAD Drivers/STM32L4xx_HAL_Driver/Src/stm32l4xx_hal_dma_ex.o
LOAD Drivers/STM32L4xx_HAL_Driver/Src/stm32l4xx_hal_exti.o
LOAD Drivers/STM32L4xx_HAL_Driver/Src/stm32l4xx_hal_flash.o
LOAD Drivers/STM32L4xx_HAL_Driver/Src/stm32l4xx_hal_flash_ex.o
LOAD Drivers/STM32L4xx_HAL_Driver/Src/stm32l4xx_hal_flash_ramfunc.o
LOAD Drivers/STM32L4xx_HAL_Driver/Src/stm32l4xx_hal_gpio.o
LOAD Drivers/STM32L4xx_HAL_Driver/Src/stm32l4xx_hal_i2c.o
LOAD Drivers/STM32L4xx_HAL_Driver/Src/stm32l4xx_hal_i2c_ex.o
LOAD Drivers/STM32L4xx_HAL_Driver/Src/stm32l4xx_hal_pwr.o
LOAD Drivers/STM32L4xx_HAL_Driver/Src/stm32l4xx_hal_pwr_ex.o
LOAD Drivers/STM32L4xx_HAL_Driver/Src/stm32l4xx_hal_rcc.o
LOAD Drivers/STM32L4xx_HAL_Driver/Src/stm32l4xx_hal_rcc_ex.o
LOAD Drivers/STM32L4xx_HAL_Driver/Src/stm32l4xx_hal_spi.o
LOAD Drivers/STM32L4xx_HAL_Driver/Src/stm32l4xx_hal_spi_ex.o
LOAD Drivers/STM32L4xx_HAL_Driver/Src/stm32l4xx_hal_tim.o
LOAD Drivers/STM32L4xx_HAL_Driver/Src/stm32l4xx_hal_tim_ex.o
LOAD Drivers/STM32L4xx_HAL_Driver/Src/stm32l4xx_hal_uart.o
LOAD Drivers/STM32L4xx_HAL_Driver/Src/stm32l4xx_hal_uart_ex.o
LOAD Src/LSM303D.o
LOAD Src/adc.o
LOAD Src/dac.o
LOAD Src/dma.o
LOAD Src/gpio.o
LOAD Src/hist.o
LOAD Src/i2c.o
LOAD Src/interface_AD5668.o
LOAD Src/interface_AD8400.o
LOAD Src/interface_ADT7410.o
LOAD Src/interface_LMX2486.o
LOAD Src/main.o
LOAD Src/my_FUN.o
LOAD Src/my_FUN_.o
LOAD Src/my_tst_1.o
LOAD Src/pid_DOPLER_FREQ.o
LOAD Src/pid_MICROWAVE.o
LOAD Src/pid_cell.o
LOAD Src/pid_dopler_crnt.o
LOAD Src/pid_dopler_tec.o
LOAD Src/pid_freq.o
LOAD Src/pid_optics_pwr.o
LOAD Src/pid_tec_ctrl.o
LOAD Src/spi.o
LOAD Src/stm32l4xx_hal_msp.o
LOAD Src/stm32l4xx_it.o
LOAD Src/syscalls.o
LOAD Src/system_stm32l4xx.o
LOAD Src/tim.o
LOAD Src/usart.o
LOAD Src/usart_protocol.o
LOAD Src/var.o
LOAD startup/startup_stm32l476xx.o
LOAD c:/ac6/systemworkbench/plugins/fr.ac6.mcu.externaltools.arm-none.win32_1.17.0.201812190825/tools/compiler/bin/../lib/gcc/arm-none-eabi/7.3.1/../../../../arm-none-eabi/lib/thumb/v7e-m/fpv4-sp/hard\libm.a
START GROUP
LOAD c:/ac6/systemworkbench/plugins/fr.ac6.mcu.externaltools.arm-none.win32_1.17.0.201812190825/tools/compiler/bin/../lib/gcc/arm-none-eabi/7.3.1/thumb/v7e-m/fpv4-sp/hard\libgcc.a
LOAD c:/ac6/systemworkbench/plugins/fr.ac6.mcu.externaltools.arm-none.win32_1.17.0.201812190825/tools/compiler/bin/../lib/gcc/arm-none-eabi/7.3.1/../../../../arm-none-eabi/lib/thumb/v7e-m/fpv4-sp/hard\libc_nano.a
END GROUP
START GROUP
LOAD c:/ac6/systemworkbench/plugins/fr.ac6.mcu.externaltools.arm-none.win32_1.17.0.201812190825/tools/compiler/bin/../lib/gcc/arm-none-eabi/7.3.1/thumb/v7e-m/fpv4-sp/hard\libgcc.a
LOAD c:/ac6/systemworkbench/plugins/fr.ac6.mcu.externaltools.arm-none.win32_1.17.0.201812190825/tools/compiler/bin/../lib/gcc/arm-none-eabi/7.3.1/../../../../arm-none-eabi/lib/thumb/v7e-m/fpv4-sp/hard\libc_nano.a
LOAD c:/ac6/systemworkbench/plugins/fr.ac6.mcu.externaltools.arm-none.win32_1.17.0.201812190825/tools/compiler/bin/../lib/gcc/arm-none-eabi/7.3.1/../../../../arm-none-eabi/lib/thumb/v7e-m/fpv4-sp/hard\libnosys.a
END GROUP
START GROUP
LOAD c:/ac6/systemworkbench/plugins/fr.ac6.mcu.externaltools.arm-none.win32_1.17.0.201812190825/tools/compiler/bin/../lib/gcc/arm-none-eabi/7.3.1/thumb/v7e-m/fpv4-sp/hard\libgcc.a
LOAD c:/ac6/systemworkbench/plugins/fr.ac6.mcu.externaltools.arm-none.win32_1.17.0.201812190825/tools/compiler/bin/../lib/gcc/arm-none-eabi/7.3.1/../../../../arm-none-eabi/lib/thumb/v7e-m/fpv4-sp/hard\libc_nano.a
LOAD c:/ac6/systemworkbench/plugins/fr.ac6.mcu.externaltools.arm-none.win32_1.17.0.201812190825/tools/compiler/bin/../lib/gcc/arm-none-eabi/7.3.1/../../../../arm-none-eabi/lib/thumb/v7e-m/fpv4-sp/hard\libnosys.a
END GROUP
LOAD c:/ac6/systemworkbench/plugins/fr.ac6.mcu.externaltools.arm-none.win32_1.17.0.201812190825/tools/compiler/bin/../lib/gcc/arm-none-eabi/7.3.1/thumb/v7e-m/fpv4-sp/hard/crtend.o
LOAD c:/ac6/systemworkbench/plugins/fr.ac6.mcu.externaltools.arm-none.win32_1.17.0.201812190825/tools/compiler/bin/../lib/gcc/arm-none-eabi/7.3.1/thumb/v7e-m/fpv4-sp/hard/crtn.o
                0x20018000                _estack = 0x20018000
                0x00000200                _Min_Heap_Size = 0x200
                0x00000400                _Min_Stack_Size = 0x400

.isr_vector     0x08000000      0x188
                0x08000000                . = ALIGN (0x8)
 *(.isr_vector)
 .isr_vector    0x08000000      0x188 startup/startup_stm32l476xx.o
                0x08000000                g_pfnVectors
                0x08000188                . = ALIGN (0x8)

.text           0x08000188     0xa2a8
                0x08000188                . = ALIGN (0x8)
 *(.text)
 .text          0x08000188       0x40 c:/ac6/systemworkbench/plugins/fr.ac6.mcu.externaltools.arm-none.win32_1.17.0.201812190825/tools/compiler/bin/../lib/gcc/arm-none-eabi/7.3.1/thumb/v7e-m/fpv4-sp/hard/crtbegin.o
 .text          0x080001c8      0x73c Src/my_FUN.o
                0x080001c8                my_0x0000FFFF
                0x080001cc                ::my_DataADC(void)
                0x080001f6                my_DataADC1__1
                0x0800025c                my_DataADC2__1
                0x080002be                my_DataADC3__1
                0x0800034a                my_DataADC1_0
                0x08000372                my_DataADC2_0
                0x0800039a                my_DataADC2_2
                0x0800043a                my_DataADC2_3
                0x080004ba                my_F1
                0x08000514                my_F2
                0x08000580                my_F1F2
                0x0800062c                my_F1F2_P
                0x080006ca                my_F2F1
                0x08000794                my_F2F1_P
                0x0800084e                my_F1_F2
 .text          0x08000904      0x378 c:/ac6/systemworkbench/plugins/fr.ac6.mcu.externaltools.arm-none.win32_1.17.0.201812190825/tools/compiler/bin/../lib/gcc/arm-none-eabi/7.3.1/thumb/v7e-m/fpv4-sp/hard\libgcc.a(_arm_addsubdf3.o)
                0x08000904                __aeabi_drsub
                0x0800090c                __aeabi_dsub
                0x0800090c                __subdf3
                0x08000910                __aeabi_dadd
                0x08000910                __adddf3
                0x08000b88                __floatunsidf
                0x08000b88                __aeabi_ui2d
                0x08000ba8                __floatsidf
                0x08000ba8                __aeabi_i2d
                0x08000bcc                __aeabi_f2d
                0x08000bcc                __extendsfdf2
                0x08000c10                __floatundidf
                0x08000c10                __aeabi_ul2d
                0x08000c20                __floatdidf
                0x08000c20                __aeabi_l2d
 .text          0x08000c7c      0x424 c:/ac6/systemworkbench/plugins/fr.ac6.mcu.externaltools.arm-none.win32_1.17.0.201812190825/tools/compiler/bin/../lib/gcc/arm-none-eabi/7.3.1/thumb/v7e-m/fpv4-sp/hard\libgcc.a(_arm_muldivdf3.o)
                0x08000c7c                __aeabi_dmul
                0x08000c7c                __muldf3
                0x08000ed0                __divdf3
                0x08000ed0                __aeabi_ddiv
 .text          0x080010a0       0xa0 c:/ac6/systemworkbench/plugins/fr.ac6.mcu.externaltools.arm-none.win32_1.17.0.201812190825/tools/compiler/bin/../lib/gcc/arm-none-eabi/7.3.1/thumb/v7e-m/fpv4-sp/hard\libgcc.a(_arm_truncdfsf2.o)
                0x080010a0                __truncdfsf2
                0x080010a0                __aeabi_d2f
 .text          0x08001140       0x30 c:/ac6/systemworkbench/plugins/fr.ac6.mcu.externaltools.arm-none.win32_1.17.0.201812190825/tools/compiler/bin/../lib/gcc/arm-none-eabi/7.3.1/thumb/v7e-m/fpv4-sp/hard\libgcc.a(_aeabi_uldivmod.o)
                0x08001140                __aeabi_uldivmod
 .text          0x08001170      0x2cc c:/ac6/systemworkbench/plugins/fr.ac6.mcu.externaltools.arm-none.win32_1.17.0.201812190825/tools/compiler/bin/../lib/gcc/arm-none-eabi/7.3.1/thumb/v7e-m/fpv4-sp/hard\libgcc.a(_udivmoddi4.o)
                0x08001170                __udivmoddi4
 .text          0x0800143c        0x4 c:/ac6/systemworkbench/plugins/fr.ac6.mcu.externaltools.arm-none.win32_1.17.0.201812190825/tools/compiler/bin/../lib/gcc/arm-none-eabi/7.3.1/thumb/v7e-m/fpv4-sp/hard\libgcc.a(_dvmd_tls.o)
                0x0800143c                __aeabi_idiv0
                0x0800143c                __aeabi_ldiv0
 *(.text*)
 .text.HAL_InitTick
                0x08001440       0x4c Drivers/STM32L4xx_HAL_Driver/Src/stm32l4xx_hal.o
                0x08001440                HAL_InitTick
 .text.HAL_Init
                0x0800148c       0x1e Drivers/STM32L4xx_HAL_Driver/Src/stm32l4xx_hal.o
                0x0800148c                HAL_Init
 *fill*         0x080014aa        0x2 
 .text.HAL_IncTick
                0x080014ac       0x18 Drivers/STM32L4xx_HAL_Driver/Src/stm32l4xx_hal.o
                0x080014ac                HAL_IncTick
 .text.HAL_GetTick
                0x080014c4        0xc Drivers/STM32L4xx_HAL_Driver/Src/stm32l4xx_hal.o
                0x080014c4                HAL_GetTick
 .text.HAL_Delay
                0x080014d0       0x28 Drivers/STM32L4xx_HAL_Driver/Src/stm32l4xx_hal.o
                0x080014d0                HAL_Delay
 .text.HAL_ADC_Init
                0x080014f8      0x218 Drivers/STM32L4xx_HAL_Driver/Src/stm32l4xx_hal_adc.o
                0x080014f8                HAL_ADC_Init
 .text.HAL_ADC_ConvCpltCallback
                0x08001710        0x2 Drivers/STM32L4xx_HAL_Driver/Src/stm32l4xx_hal_adc.o
                0x08001710                HAL_ADC_ConvCpltCallback
 .text.HAL_ADC_ConvHalfCpltCallback
                0x08001712        0x2 Drivers/STM32L4xx_HAL_Driver/Src/stm32l4xx_hal_adc.o
                0x08001712                HAL_ADC_ConvHalfCpltCallback
 .text.ADC_DMAHalfConvCplt
                0x08001714        0xa Drivers/STM32L4xx_HAL_Driver/Src/stm32l4xx_hal_adc.o
                0x08001714                ADC_DMAHalfConvCplt
 .text.HAL_ADC_ErrorCallback
                0x0800171e        0x2 Drivers/STM32L4xx_HAL_Driver/Src/stm32l4xx_hal_adc.o
                0x0800171e                HAL_ADC_ErrorCallback
 .text.ADC_DMAConvCplt
                0x08001720       0x88 Drivers/STM32L4xx_HAL_Driver/Src/stm32l4xx_hal_adc.o
                0x08001720                ADC_DMAConvCplt
 .text.ADC_DMAError
                0x080017a8       0x1a Drivers/STM32L4xx_HAL_Driver/Src/stm32l4xx_hal_adc.o
                0x080017a8                ADC_DMAError
 *fill*         0x080017c2        0x2 
 .text.HAL_ADC_ConfigChannel
                0x080017c4      0x450 Drivers/STM32L4xx_HAL_Driver/Src/stm32l4xx_hal_adc.o
                0x080017c4                HAL_ADC_ConfigChannel
 .text.ADC_Enable
                0x08001c14       0x90 Drivers/STM32L4xx_HAL_Driver/Src/stm32l4xx_hal_adc.o
                0x08001c14                ADC_Enable
 .text.HAL_ADC_Start_DMA
                0x08001ca4      0x108 Drivers/STM32L4xx_HAL_Driver/Src/stm32l4xx_hal_adc.o
                0x08001ca4                HAL_ADC_Start_DMA
 .text.ADC_Disable
                0x08001dac       0x8e Drivers/STM32L4xx_HAL_Driver/Src/stm32l4xx_hal_adc.o
                0x08001dac                ADC_Disable
 .text.HAL_ADCEx_Calibration_Start
                0x08001e3a       0x9c Drivers/STM32L4xx_HAL_Driver/Src/stm32l4xx_hal_adc_ex.o
                0x08001e3a                HAL_ADCEx_Calibration_Start
 .text.HAL_ADCEx_Calibration_GetValue
                0x08001ed6       0x16 Drivers/STM32L4xx_HAL_Driver/Src/stm32l4xx_hal_adc_ex.o
                0x08001ed6                HAL_ADCEx_Calibration_GetValue
 .text.HAL_ADCEx_Calibration_SetValue
                0x08001eec       0x82 Drivers/STM32L4xx_HAL_Driver/Src/stm32l4xx_hal_adc_ex.o
                0x08001eec                HAL_ADCEx_Calibration_SetValue
 *fill*         0x08001f6e        0x2 
 .text.HAL_ADCEx_MultiModeConfigChannel
                0x08001f70      0x148 Drivers/STM32L4xx_HAL_Driver/Src/stm32l4xx_hal_adc_ex.o
                0x08001f70                HAL_ADCEx_MultiModeConfigChannel
 .text.HAL_NVIC_SetPriorityGrouping
                0x080020b8       0x24 Drivers/STM32L4xx_HAL_Driver/Src/stm32l4xx_hal_cortex.o
                0x080020b8                HAL_NVIC_SetPriorityGrouping
 .text.HAL_NVIC_SetPriority
                0x080020dc       0x68 Drivers/STM32L4xx_HAL_Driver/Src/stm32l4xx_hal_cortex.o
                0x080020dc                HAL_NVIC_SetPriority
 .text.HAL_NVIC_EnableIRQ
                0x08002144       0x1c Drivers/STM32L4xx_HAL_Driver/Src/stm32l4xx_hal_cortex.o
                0x08002144                HAL_NVIC_EnableIRQ
 .text.HAL_SYSTICK_Config
                0x08002160       0x2c Drivers/STM32L4xx_HAL_Driver/Src/stm32l4xx_hal_cortex.o
                0x08002160                HAL_SYSTICK_Config
 .text.HAL_DAC_Init
                0x0800218c       0x24 Drivers/STM32L4xx_HAL_Driver/Src/stm32l4xx_hal_dac.o
                0x0800218c                HAL_DAC_Init
 .text.HAL_DAC_Start
                0x080021b0       0x60 Drivers/STM32L4xx_HAL_Driver/Src/stm32l4xx_hal_dac.o
                0x080021b0                HAL_DAC_Start
 .text.HAL_DAC_ConfigChannel
                0x08002210      0x136 Drivers/STM32L4xx_HAL_Driver/Src/stm32l4xx_hal_dac.o
                0x08002210                HAL_DAC_ConfigChannel
 .text.DMA_SetConfig
                0x08002346       0x30 Drivers/STM32L4xx_HAL_Driver/Src/stm32l4xx_hal_dma.o
 *fill*         0x08002376        0x2 
 .text.HAL_DMA_Init
                0x08002378       0xf8 Drivers/STM32L4xx_HAL_Driver/Src/stm32l4xx_hal_dma.o
                0x08002378                HAL_DMA_Init
 .text.HAL_DMA_Start_IT
                0x08002470       0x76 Drivers/STM32L4xx_HAL_Driver/Src/stm32l4xx_hal_dma.o
                0x08002470                HAL_DMA_Start_IT
 .text.HAL_DMA_IRQHandler
                0x080024e6       0xc4 Drivers/STM32L4xx_HAL_Driver/Src/stm32l4xx_hal_dma.o
                0x080024e6                HAL_DMA_IRQHandler
 *fill*         0x080025aa        0x2 
 .text.HAL_GPIO_Init
                0x080025ac      0x1d4 Drivers/STM32L4xx_HAL_Driver/Src/stm32l4xx_hal_gpio.o
                0x080025ac                HAL_GPIO_Init
 .text.HAL_GPIO_WritePin
                0x08002780        0xa Drivers/STM32L4xx_HAL_Driver/Src/stm32l4xx_hal_gpio.o
                0x08002780                HAL_GPIO_WritePin
 .text.I2C_Flush_TXDR
                0x0800278a       0x22 Drivers/STM32L4xx_HAL_Driver/Src/stm32l4xx_hal_i2c.o
 .text.I2C_TransferConfig
                0x080027ac       0x36 Drivers/STM32L4xx_HAL_Driver/Src/stm32l4xx_hal_i2c.o
 .text.I2C_IsAcknowledgeFailed
                0x080027e2       0x90 Drivers/STM32L4xx_HAL_Driver/Src/stm32l4xx_hal_i2c.o
 .text.I2C_WaitOnTXISFlagUntilTimeout
                0x08002872       0x56 Drivers/STM32L4xx_HAL_Driver/Src/stm32l4xx_hal_i2c.o
 .text.I2C_WaitOnFlagUntilTimeout
                0x080028c8       0x52 Drivers/STM32L4xx_HAL_Driver/Src/stm32l4xx_hal_i2c.o
 *fill*         0x0800291a        0x2 
 .text.I2C_RequestMemoryWrite
                0x0800291c       0x70 Drivers/STM32L4xx_HAL_Driver/Src/stm32l4xx_hal_i2c.o
 .text.I2C_WaitOnSTOPFlagUntilTimeout
                0x0800298c       0x50 Drivers/STM32L4xx_HAL_Driver/Src/stm32l4xx_hal_i2c.o
 .text.I2C_WaitOnRXNEFlagUntilTimeout
                0x080029dc       0x98 Drivers/STM32L4xx_HAL_Driver/Src/stm32l4xx_hal_i2c.o
 .text.HAL_I2C_Init
                0x08002a74       0xbc Drivers/STM32L4xx_HAL_Driver/Src/stm32l4xx_hal_i2c.o
                0x08002a74                HAL_I2C_Init
 .text.HAL_I2C_Master_Transmit
                0x08002b30      0x17c Drivers/STM32L4xx_HAL_Driver/Src/stm32l4xx_hal_i2c.o
                0x08002b30                HAL_I2C_Master_Transmit
 .text.HAL_I2C_Master_Receive
                0x08002cac      0x17c Drivers/STM32L4xx_HAL_Driver/Src/stm32l4xx_hal_i2c.o
                0x08002cac                HAL_I2C_Master_Receive
 .text.HAL_I2C_Mem_Write
                0x08002e28      0x1a4 Drivers/STM32L4xx_HAL_Driver/Src/stm32l4xx_hal_i2c.o
                0x08002e28                HAL_I2C_Mem_Write
 .text.HAL_I2CEx_ConfigAnalogFilter
                0x08002fcc       0x5c Drivers/STM32L4xx_HAL_Driver/Src/stm32l4xx_hal_i2c_ex.o
                0x08002fcc                HAL_I2CEx_ConfigAnalogFilter
 .text.HAL_I2CEx_ConfigDigitalFilter
                0x08003028       0x58 Drivers/STM32L4xx_HAL_Driver/Src/stm32l4xx_hal_i2c_ex.o
                0x08003028                HAL_I2CEx_ConfigDigitalFilter
 .text.HAL_PWREx_GetVoltageRange
                0x08003080       0x10 Drivers/STM32L4xx_HAL_Driver/Src/stm32l4xx_hal_pwr_ex.o
                0x08003080                HAL_PWREx_GetVoltageRange
 .text.HAL_PWREx_ControlVoltageScaling
                0x08003090       0x90 Drivers/STM32L4xx_HAL_Driver/Src/stm32l4xx_hal_pwr_ex.o
                0x08003090                HAL_PWREx_ControlVoltageScaling
 .text.RCC_SetFlashLatencyFromMSIRange
                0x08003120       0x90 Drivers/STM32L4xx_HAL_Driver/Src/stm32l4xx_hal_rcc.o
 .text.HAL_RCC_GetSysClockFreq
                0x080031b0       0xb4 Drivers/STM32L4xx_HAL_Driver/Src/stm32l4xx_hal_rcc.o
                0x080031b0                HAL_RCC_GetSysClockFreq
 .text.HAL_RCC_OscConfig
                0x08003264      0x5dc Drivers/STM32L4xx_HAL_Driver/Src/stm32l4xx_hal_rcc.o
                0x08003264                HAL_RCC_OscConfig
 .text.HAL_RCC_ClockConfig
                0x08003840      0x158 Drivers/STM32L4xx_HAL_Driver/Src/stm32l4xx_hal_rcc.o
                0x08003840                HAL_RCC_ClockConfig
 .text.HAL_RCC_GetHCLKFreq
                0x08003998        0xc Drivers/STM32L4xx_HAL_Driver/Src/stm32l4xx_hal_rcc.o
                0x08003998                HAL_RCC_GetHCLKFreq
 .text.HAL_RCC_GetPCLK1Freq
                0x080039a4       0x24 Drivers/STM32L4xx_HAL_Driver/Src/stm32l4xx_hal_rcc.o
                0x080039a4                HAL_RCC_GetPCLK1Freq
 .text.HAL_RCC_GetPCLK2Freq
                0x080039c8       0x24 Drivers/STM32L4xx_HAL_Driver/Src/stm32l4xx_hal_rcc.o
                0x080039c8                HAL_RCC_GetPCLK2Freq
 .text.RCCEx_PLLSAI1_Config
                0x080039ec      0x170 Drivers/STM32L4xx_HAL_Driver/Src/stm32l4xx_hal_rcc_ex.o
 .text.RCCEx_PLLSAI2_Config
                0x08003b5c      0x14c Drivers/STM32L4xx_HAL_Driver/Src/stm32l4xx_hal_rcc_ex.o
 .text.HAL_RCCEx_PeriphCLKConfig
                0x08003ca8      0x450 Drivers/STM32L4xx_HAL_Driver/Src/stm32l4xx_hal_rcc_ex.o
                0x08003ca8                HAL_RCCEx_PeriphCLKConfig
 .text.HAL_SPI_Init
                0x080040f8       0xb0 Drivers/STM32L4xx_HAL_Driver/Src/stm32l4xx_hal_spi.o
                0x080040f8                HAL_SPI_Init
 .text.TIM_OC1_SetConfig
                0x080041a8       0x9c Drivers/STM32L4xx_HAL_Driver/Src/stm32l4xx_hal_tim.o
 .text.TIM_OC3_SetConfig
                0x08004244       0x8c Drivers/STM32L4xx_HAL_Driver/Src/stm32l4xx_hal_tim.o
 .text.TIM_OC4_SetConfig
                0x080042d0       0x6c Drivers/STM32L4xx_HAL_Driver/Src/stm32l4xx_hal_tim.o
 .text.TIM_OC5_SetConfig
                0x0800433c       0x68 Drivers/STM32L4xx_HAL_Driver/Src/stm32l4xx_hal_tim.o
 .text.TIM_OC6_SetConfig
                0x080043a4       0x6c Drivers/STM32L4xx_HAL_Driver/Src/stm32l4xx_hal_tim.o
 .text.TIM_TI1_ConfigInputStage
                0x08004410       0x26 Drivers/STM32L4xx_HAL_Driver/Src/stm32l4xx_hal_tim.o
 .text.TIM_TI2_SetConfig
                0x08004436       0x34 Drivers/STM32L4xx_HAL_Driver/Src/stm32l4xx_hal_tim.o
 .text.TIM_TI2_ConfigInputStage
                0x0800446a       0x28 Drivers/STM32L4xx_HAL_Driver/Src/stm32l4xx_hal_tim.o
 .text.TIM_TI3_SetConfig
                0x08004492       0x32 Drivers/STM32L4xx_HAL_Driver/Src/stm32l4xx_hal_tim.o
 .text.TIM_TI4_SetConfig
                0x080044c4       0x34 Drivers/STM32L4xx_HAL_Driver/Src/stm32l4xx_hal_tim.o
 .text.TIM_ITRx_SetConfig
                0x080044f8       0x10 Drivers/STM32L4xx_HAL_Driver/Src/stm32l4xx_hal_tim.o
 .text.HAL_TIM_Base_Start
                0x08004508       0x30 Drivers/STM32L4xx_HAL_Driver/Src/stm32l4xx_hal_tim.o
                0x08004508                HAL_TIM_Base_Start
 .text.HAL_TIM_PWM_MspInit
                0x08004538        0x2 Drivers/STM32L4xx_HAL_Driver/Src/stm32l4xx_hal_tim.o
                0x08004538                HAL_TIM_PWM_MspInit
 .text.HAL_TIM_IC_MspInit
                0x0800453a        0x2 Drivers/STM32L4xx_HAL_Driver/Src/stm32l4xx_hal_tim.o
                0x0800453a                HAL_TIM_IC_MspInit
 .text.HAL_TIM_PeriodElapsedCallback
                0x0800453c        0x2 Drivers/STM32L4xx_HAL_Driver/Src/stm32l4xx_hal_tim.o
                0x0800453c                HAL_TIM_PeriodElapsedCallback
 .text.HAL_TIM_OC_DelayElapsedCallback
                0x0800453e        0x2 Drivers/STM32L4xx_HAL_Driver/Src/stm32l4xx_hal_tim.o
                0x0800453e                HAL_TIM_OC_DelayElapsedCallback
 .text.HAL_TIM_IC_CaptureCallback
                0x08004540        0x2 Drivers/STM32L4xx_HAL_Driver/Src/stm32l4xx_hal_tim.o
                0x08004540                HAL_TIM_IC_CaptureCallback
 .text.HAL_TIM_PWM_PulseFinishedCallback
                0x08004542        0x2 Drivers/STM32L4xx_HAL_Driver/Src/stm32l4xx_hal_tim.o
                0x08004542                HAL_TIM_PWM_PulseFinishedCallback
 .text.HAL_TIM_TriggerCallback
                0x08004544        0x2 Drivers/STM32L4xx_HAL_Driver/Src/stm32l4xx_hal_tim.o
                0x08004544                HAL_TIM_TriggerCallback
 .text.HAL_TIM_IRQHandler
                0x08004546      0x19a Drivers/STM32L4xx_HAL_Driver/Src/stm32l4xx_hal_tim.o
                0x08004546                HAL_TIM_IRQHandler
 .text.TIM_Base_SetConfig
                0x080046e0       0xc8 Drivers/STM32L4xx_HAL_Driver/Src/stm32l4xx_hal_tim.o
                0x080046e0                TIM_Base_SetConfig
 .text.HAL_TIM_Base_Init
                0x080047a8       0x32 Drivers/STM32L4xx_HAL_Driver/Src/stm32l4xx_hal_tim.o
                0x080047a8                HAL_TIM_Base_Init
 .text.HAL_TIM_PWM_Init
                0x080047da       0x32 Drivers/STM32L4xx_HAL_Driver/Src/stm32l4xx_hal_tim.o
                0x080047da                HAL_TIM_PWM_Init
 .text.HAL_TIM_IC_Init
                0x0800480c       0x32 Drivers/STM32L4xx_HAL_Driver/Src/stm32l4xx_hal_tim.o
                0x0800480c                HAL_TIM_IC_Init
 *fill*         0x0800483e        0x2 
 .text.TIM_OC2_SetConfig
                0x08004840       0x8c Drivers/STM32L4xx_HAL_Driver/Src/stm32l4xx_hal_tim.o
                0x08004840                TIM_OC2_SetConfig
 .text.HAL_TIM_PWM_ConfigChannel
                0x080048cc      0x134 Drivers/STM32L4xx_HAL_Driver/Src/stm32l4xx_hal_tim.o
                0x080048cc                HAL_TIM_PWM_ConfigChannel
 .text.TIM_TI1_SetConfig
                0x08004a00       0x70 Drivers/STM32L4xx_HAL_Driver/Src/stm32l4xx_hal_tim.o
                0x08004a00                TIM_TI1_SetConfig
 .text.HAL_TIM_IC_ConfigChannel
                0x08004a70       0xc0 Drivers/STM32L4xx_HAL_Driver/Src/stm32l4xx_hal_tim.o
                0x08004a70                HAL_TIM_IC_ConfigChannel
 .text.TIM_ETR_SetConfig
                0x08004b30       0x18 Drivers/STM32L4xx_HAL_Driver/Src/stm32l4xx_hal_tim.o
                0x08004b30                TIM_ETR_SetConfig
 .text.HAL_TIM_ConfigClockSource
                0x08004b48       0xdc Drivers/STM32L4xx_HAL_Driver/Src/stm32l4xx_hal_tim.o
                0x08004b48                HAL_TIM_ConfigClockSource
 .text.TIM_SlaveTimer_SetConfig
                0x08004c24       0x8e Drivers/STM32L4xx_HAL_Driver/Src/stm32l4xx_hal_tim.o
 .text.HAL_TIM_SlaveConfigSynchro
                0x08004cb2       0x58 Drivers/STM32L4xx_HAL_Driver/Src/stm32l4xx_hal_tim.o
                0x08004cb2                HAL_TIM_SlaveConfigSynchro
 .text.TIM_CCxChannelCmd
                0x08004d0a       0x22 Drivers/STM32L4xx_HAL_Driver/Src/stm32l4xx_hal_tim.o
                0x08004d0a                TIM_CCxChannelCmd
 .text.HAL_TIM_IC_Start
                0x08004d2c       0x30 Drivers/STM32L4xx_HAL_Driver/Src/stm32l4xx_hal_tim.o
                0x08004d2c                HAL_TIM_IC_Start
 .text.HAL_TIMEx_MasterConfigSynchronization
                0x08004d5c       0x64 Drivers/STM32L4xx_HAL_Driver/Src/stm32l4xx_hal_tim_ex.o
                0x08004d5c                HAL_TIMEx_MasterConfigSynchronization
 .text.HAL_TIMEx_ConfigBreakDeadTime
                0x08004dc0       0x90 Drivers/STM32L4xx_HAL_Driver/Src/stm32l4xx_hal_tim_ex.o
                0x08004dc0                HAL_TIMEx_ConfigBreakDeadTime
 .text.HAL_TIMEx_CommutCallback
                0x08004e50        0x2 Drivers/STM32L4xx_HAL_Driver/Src/stm32l4xx_hal_tim_ex.o
                0x08004e50                HAL_TIMEx_CommutCallback
 .text.HAL_TIMEx_BreakCallback
                0x08004e52        0x2 Drivers/STM32L4xx_HAL_Driver/Src/stm32l4xx_hal_tim_ex.o
                0x08004e52                HAL_TIMEx_BreakCallback
 .text.HAL_TIMEx_Break2Callback
                0x08004e54        0x2 Drivers/STM32L4xx_HAL_Driver/Src/stm32l4xx_hal_tim_ex.o
                0x08004e54                HAL_TIMEx_Break2Callback
 *fill*         0x08004e56        0x2 
 .text.UART_SetConfig
                0x08004e58      0x424 Drivers/STM32L4xx_HAL_Driver/Src/stm32l4xx_hal_uart.o
                0x08004e58                UART_SetConfig
 .text.UART_AdvFeatureConfig
                0x0800527c       0xca Drivers/STM32L4xx_HAL_Driver/Src/stm32l4xx_hal_uart.o
                0x0800527c                UART_AdvFeatureConfig
 .text.UART_WaitOnFlagUntilTimeout
                0x08005346       0x60 Drivers/STM32L4xx_HAL_Driver/Src/stm32l4xx_hal_uart.o
                0x08005346                UART_WaitOnFlagUntilTimeout
 .text.UART_CheckIdleState
                0x080053a6       0x6c Drivers/STM32L4xx_HAL_Driver/Src/stm32l4xx_hal_uart.o
                0x080053a6                UART_CheckIdleState
 .text.HAL_UART_Init
                0x08005412       0x62 Drivers/STM32L4xx_HAL_Driver/Src/stm32l4xx_hal_uart.o
                0x08005412                HAL_UART_Init
 .text.LSM303D_Initialize
                0x08005474       0x8c Src/LSM303D.o
                0x08005474                LSM303D_Initialize
 .text.MX_ADC1_Init
                0x08005500       0xfc Src/adc.o
                0x08005500                MX_ADC1_Init
 .text.MX_ADC2_Init
                0x080055fc       0xe4 Src/adc.o
                0x080055fc                MX_ADC2_Init
 .text.MX_ADC3_Init
                0x080056e0       0xe4 Src/adc.o
                0x080056e0                MX_ADC3_Init
 .text.HAL_ADC_MspInit
                0x080057c4      0x250 Src/adc.o
                0x080057c4                HAL_ADC_MspInit
 .text.MX_DAC1_Init
                0x08005a14       0x4c Src/dac.o
                0x08005a14                MX_DAC1_Init
 .text.HAL_DAC_MspInit
                0x08005a60       0x60 Src/dac.o
                0x08005a60                HAL_DAC_MspInit
 .text.MX_DMA_Init
                0x08005ac0       0x54 Src/dma.o
                0x08005ac0                MX_DMA_Init
 .text.MX_GPIO_Init
                0x08005b14      0x160 Src/gpio.o
                0x08005b14                MX_GPIO_Init
 .text.HIST     0x08005c74       0xac Src/hist.o
                0x08005c74                HIST
 .text.MX_I2C3_Init
                0x08005d20       0x60 Src/i2c.o
                0x08005d20                MX_I2C3_Init
 .text.HAL_I2C_MspInit
                0x08005d80       0x6c Src/i2c.o
                0x08005d80                HAL_I2C_MspInit
 .text.AD5668_SetValue
                0x08005dec      0x114 Src/interface_AD5668.o
                0x08005dec                AD5668_SetValue
 .text.AD5668_WriteValue
                0x08005f00      0x110 Src/interface_AD5668.o
                0x08005f00                AD5668_WriteValue
 .text.AD5668_Reset
                0x08006010       0xec Src/interface_AD5668.o
                0x08006010                AD5668_Reset
 .text.AD5668_Init
                0x080060fc       0xf0 Src/interface_AD5668.o
                0x080060fc                AD5668_Init
 .text.AD8400_SetValue
                0x080061ec       0xac Src/interface_AD8400.o
                0x080061ec                AD8400_SetValue
 .text.InitTEMP
                0x08006298       0x70 Src/interface_ADT7410.o
                0x08006298                InitTEMP
 .text.GetTEMP  0x08006308       0x5c Src/interface_ADT7410.o
                0x08006308                GetTEMP
 .text.LMX2486_SendData
                0x08006364       0xc4 Src/interface_LMX2486.o
                0x08006364                LMX2486_SendData
 .text.LMX2486_Init
                0x08006428       0xb4 Src/interface_LMX2486.o
                0x08006428                LMX2486_Init
 .text.LMX2486_SetFreq
                0x080064dc       0x64 Src/interface_LMX2486.o
                0x080064dc                LMX2486_SetFreq
 .text.Error_Handler
                0x08006540        0x2 Src/main.o
                0x08006540                Error_Handler
 .text.SystemClock_Config
                0x08006542       0xa8 Src/main.o
                0x08006542                SystemClock_Config
 *fill*         0x080065ea        0x6 
 .text.main     0x080065f0      0xcf8 Src/main.o
                0x080065f0                main
 .text.Reset_DOPLER_FREQ_PID
                0x080072e8       0x1c Src/pid_DOPLER_FREQ.o
                0x080072e8                Reset_DOPLER_FREQ_PID
 .text.Compute_DOPLER_FREQ_PID
                0x08007304       0xc8 Src/pid_DOPLER_FREQ.o
                0x08007304                Compute_DOPLER_FREQ_PID
 .text.Reset_MICROWAVE_PID
                0x080073cc       0x1c Src/pid_MICROWAVE.o
                0x080073cc                Reset_MICROWAVE_PID
 .text.Compute_MICROWAVE_PID
                0x080073e8       0xc8 Src/pid_MICROWAVE.o
                0x080073e8                Compute_MICROWAVE_PID
 .text.Reset_CELL_PID
                0x080074b0       0x1c Src/pid_cell.o
                0x080074b0                Reset_CELL_PID
 .text.Compute_CELL_PID
                0x080074cc       0xc4 Src/pid_cell.o
                0x080074cc                Compute_CELL_PID
 .text.Reset_DOPLER_CRNT_PID
                0x08007590       0x1c Src/pid_dopler_crnt.o
                0x08007590                Reset_DOPLER_CRNT_PID
 .text.Compute_DOPLER_CRNT_PID
                0x080075ac       0xc8 Src/pid_dopler_crnt.o
                0x080075ac                Compute_DOPLER_CRNT_PID
 .text.Reset_DOPLER_TEC_PID
                0x08007674       0x1c Src/pid_dopler_tec.o
                0x08007674                Reset_DOPLER_TEC_PID
 .text.Compute_DOPLER_TEC_PID
                0x08007690       0xc8 Src/pid_dopler_tec.o
                0x08007690                Compute_DOPLER_TEC_PID
 .text.Reset_FREQ_PID
                0x08007758       0x1c Src/pid_freq.o
                0x08007758                Reset_FREQ_PID
 .text.Compute_FREQ_PID
                0x08007774       0xc8 Src/pid_freq.o
                0x08007774                Compute_FREQ_PID
 .text.Reset_OPTICS_PWR_PID
                0x0800783c       0x2c Src/pid_optics_pwr.o
                0x0800783c                Reset_OPTICS_PWR_PID
 .text.Compute_OPTICS_PWR_PID
                0x08007868       0xc8 Src/pid_optics_pwr.o
                0x08007868                Compute_OPTICS_PWR_PID
 .text.Compute_TECCTRL_PID
                0x08007930       0xc8 Src/pid_tec_ctrl.o
                0x08007930                Compute_TECCTRL_PID
 .text.MX_SPI1_Init
                0x080079f8       0x4c Src/spi.o
                0x080079f8                MX_SPI1_Init
 .text.MX_SPI2_Init
                0x08007a44       0x4c Src/spi.o
                0x08007a44                MX_SPI2_Init
 .text.MX_SPI3_Init
                0x08007a90       0x4c Src/spi.o
                0x08007a90                MX_SPI3_Init
 .text.HAL_SPI_MspInit
                0x08007adc      0x108 Src/spi.o
                0x08007adc                HAL_SPI_MspInit
 .text.HAL_MspInit
                0x08007be4       0x30 Src/stm32l4xx_hal_msp.o
                0x08007be4                HAL_MspInit
 .text.NMI_Handler
                0x08007c14        0x2 Src/stm32l4xx_it.o
                0x08007c14                NMI_Handler
 .text.HardFault_Handler
                0x08007c16        0x2 Src/stm32l4xx_it.o
                0x08007c16                HardFault_Handler
 .text.MemManage_Handler
                0x08007c18        0x2 Src/stm32l4xx_it.o
                0x08007c18                MemManage_Handler
 .text.BusFault_Handler
                0x08007c1a        0x2 Src/stm32l4xx_it.o
                0x08007c1a                BusFault_Handler
 .text.UsageFault_Handler
                0x08007c1c        0x2 Src/stm32l4xx_it.o
                0x08007c1c                UsageFault_Handler
 .text.SVC_Handler
                0x08007c1e        0x2 Src/stm32l4xx_it.o
                0x08007c1e                SVC_Handler
 .text.DebugMon_Handler
                0x08007c20        0x2 Src/stm32l4xx_it.o
                0x08007c20                DebugMon_Handler
 .text.PendSV_Handler
                0x08007c22        0x2 Src/stm32l4xx_it.o
                0x08007c22                PendSV_Handler
 .text.SysTick_Handler
                0x08007c24       0x1c Src/stm32l4xx_it.o
                0x08007c24                SysTick_Handler
 .text.DMA1_Channel1_IRQHandler
                0x08007c40       0xa8 Src/stm32l4xx_it.o
                0x08007c40                DMA1_Channel1_IRQHandler
 .text.DMA1_Channel2_IRQHandler
                0x08007ce8       0xb4 Src/stm32l4xx_it.o
                0x08007ce8                DMA1_Channel2_IRQHandler
 .text.DMA1_Channel3_IRQHandler
                0x08007d9c       0xb4 Src/stm32l4xx_it.o
                0x08007d9c                DMA1_Channel3_IRQHandler
 .text.TIM4_IRQHandler
                0x08007e50       0x4c Src/stm32l4xx_it.o
                0x08007e50                TIM4_IRQHandler
 .text.USART3_IRQHandler
                0x08007e9c      0x110 Src/stm32l4xx_it.o
                0x08007e9c                USART3_IRQHandler
 .text.EXTI0_IRQHandler
                0x08007fac     0x10bc Src/stm32l4xx_it.o
                0x08007fac                EXTI0_IRQHandler
 .text.SystemInit
                0x08009068       0x48 Src/system_stm32l4xx.o
                0x08009068                SystemInit
 .text.MX_TIM2_Init
                0x080090b0       0x94 Src/tim.o
                0x080090b0                MX_TIM2_Init
 .text.MX_TIM17_Init
                0x08009144       0x68 Src/tim.o
                0x08009144                MX_TIM17_Init
 .text.HAL_TIM_Base_MspInit
                0x080091ac      0x114 Src/tim.o
                0x080091ac                HAL_TIM_Base_MspInit
 .text.HAL_TIM_MspPostInit
                0x080092c0       0xfc Src/tim.o
                0x080092c0                HAL_TIM_MspPostInit
 .text.MX_TIM1_Init
                0x080093bc      0x100 Src/tim.o
                0x080093bc                MX_TIM1_Init
 .text.MX_TIM3_Init
                0x080094bc       0xd8 Src/tim.o
                0x080094bc                MX_TIM3_Init
 .text.MX_TIM4_Init
                0x08009594       0xb8 Src/tim.o
                0x08009594                MX_TIM4_Init
 .text.MX_TIM8_Init
                0x0800964c      0x124 Src/tim.o
                0x0800964c                MX_TIM8_Init
 .text.MX_USART3_UART_Init
                0x08009770       0x38 Src/usart.o
                0x08009770                MX_USART3_UART_Init
 .text.HAL_UART_MspInit
                0x080097a8       0x7c Src/usart.o
                0x080097a8                HAL_UART_MspInit
 .text.USART_GetByte
                0x08009824       0x4c Src/usart_protocol.o
                0x08009824                USART_GetByte
 .text.USART_SendByte
                0x08009870       0x44 Src/usart_protocol.o
                0x08009870                USART_SendByte
 .text.USART_SendString
                0x080098b4       0x1a Src/usart_protocol.o
                0x080098b4                USART_SendString
 .text.EraseStr
                0x080098ce       0x2c Src/usart_protocol.o
                0x080098ce                EraseStr
 .text.unpackFloat
                0x080098fa       0x22 Src/usart_protocol.o
                0x080098fa                unpackFloat
 .text.packFloat
                0x0800991c       0x1a Src/usart_protocol.o
                0x0800991c                packFloat
 *fill*         0x08009936        0x2 
 .text.SendPkgData
                0x08009938       0x44 Src/usart_protocol.o
                0x08009938                SendPkgData
 .text.GetCmdID
                0x0800997c      0x11c Src/usart_protocol.o
                0x0800997c                GetCmdID
 .text.SetValueFloat
                0x08009a98       0x2c Src/usart_protocol.o
                0x08009a98                SetValueFloat
 .text.SetOptionPID
                0x08009ac4       0x68 Src/usart_protocol.o
                0x08009ac4                SetOptionPID
 .text.GetOptionPID
                0x08009b2c       0x40 Src/usart_protocol.o
                0x08009b2c                GetOptionPID
 .text.ComputeCmd
                0x08009b6c      0x7fc Src/usart_protocol.o
                0x08009b6c                ComputeCmd
 .text.Reset_Handler
                0x0800a368       0x50 startup/startup_stm32l476xx.o
                0x0800a368                Reset_Handler
 .text.Default_Handler
                0x0800a3b8        0x2 startup/startup_stm32l476xx.o
                0x0800a3b8                RTC_Alarm_IRQHandler
                0x0800a3b8                EXTI2_IRQHandler
                0x0800a3b8                TIM8_TRG_COM_IRQHandler
                0x0800a3b8                TIM8_CC_IRQHandler
                0x0800a3b8                TIM1_CC_IRQHandler
                0x0800a3b8                TSC_IRQHandler
                0x0800a3b8                TAMP_STAMP_IRQHandler
                0x0800a3b8                EXTI3_IRQHandler
                0x0800a3b8                LPTIM2_IRQHandler
                0x0800a3b8                DFSDM1_FLT1_IRQHandler
                0x0800a3b8                I2C3_ER_IRQHandler
                0x0800a3b8                DFSDM1_FLT2_IRQHandler
                0x0800a3b8                I2C2_EV_IRQHandler
                0x0800a3b8                CAN1_RX0_IRQHandler
                0x0800a3b8                FPU_IRQHandler
                0x0800a3b8                TIM1_UP_TIM16_IRQHandler
                0x0800a3b8                ADC1_2_IRQHandler
                0x0800a3b8                SPI1_IRQHandler
                0x0800a3b8                TIM6_DAC_IRQHandler
                0x0800a3b8                TIM8_UP_IRQHandler
                0x0800a3b8                DMA2_Channel2_IRQHandler
                0x0800a3b8                DMA1_Channel4_IRQHandler
                0x0800a3b8                SAI2_IRQHandler
                0x0800a3b8                DFSDM1_FLT3_IRQHandler
                0x0800a3b8                DMA1_Channel7_IRQHandler
                0x0800a3b8                CAN1_RX1_IRQHandler
                0x0800a3b8                LCD_IRQHandler
                0x0800a3b8                UART5_IRQHandler
                0x0800a3b8                ADC3_IRQHandler
                0x0800a3b8                DMA2_Channel1_IRQHandler
                0x0800a3b8                QUADSPI_IRQHandler
                0x0800a3b8                I2C1_EV_IRQHandler
                0x0800a3b8                DMA1_Channel6_IRQHandler
                0x0800a3b8                UART4_IRQHandler
                0x0800a3b8                DMA2_Channel4_IRQHandler
                0x0800a3b8                TIM3_IRQHandler
                0x0800a3b8                RCC_IRQHandler
                0x0800a3b8                Default_Handler
                0x0800a3b8                DMA2_Channel7_IRQHandler
                0x0800a3b8                EXTI15_10_IRQHandler
                0x0800a3b8                TIM7_IRQHandler
                0x0800a3b8                SDMMC1_IRQHandler
                0x0800a3b8                TIM5_IRQHandler
                0x0800a3b8                I2C3_EV_IRQHandler
                0x0800a3b8                EXTI9_5_IRQHandler
                0x0800a3b8                RTC_WKUP_IRQHandler
                0x0800a3b8                PVD_PVM_IRQHandler
                0x0800a3b8                SPI2_IRQHandler
                0x0800a3b8                CAN1_TX_IRQHandler
                0x0800a3b8                DMA2_Channel5_IRQHandler
                0x0800a3b8                DMA1_Channel5_IRQHandler
                0x0800a3b8                EXTI4_IRQHandler
                0x0800a3b8                RNG_IRQHandler
                0x0800a3b8                TIM1_TRG_COM_TIM17_IRQHandler
                0x0800a3b8                COMP_IRQHandler
                0x0800a3b8                WWDG_IRQHandler
                0x0800a3b8                LPUART1_IRQHandler
                0x0800a3b8                DMA2_Channel6_IRQHandler
                0x0800a3b8                TIM2_IRQHandler
                0x0800a3b8                EXTI1_IRQHandler
                0x0800a3b8                USART2_IRQHandler
                0x0800a3b8                DFSDM1_FLT0_IRQHandler
                0x0800a3b8                I2C2_ER_IRQHandler
                0x0800a3b8                TIM8_BRK_IRQHandler
                0x0800a3b8                CAN1_SCE_IRQHandler
                0x0800a3b8                FLASH_IRQHandler
                0x0800a3b8                USART1_IRQHandler
                0x0800a3b8                OTG_FS_IRQHandler
                0x0800a3b8                SPI3_IRQHandler
                0x0800a3b8                I2C1_ER_IRQHandler
                0x0800a3b8                FMC_IRQHandler
                0x0800a3b8                SWPMI1_IRQHandler
                0x0800a3b8                LPTIM1_IRQHandler
                0x0800a3b8                SAI1_IRQHandler
                0x0800a3b8                DMA2_Channel3_IRQHandler
                0x0800a3b8                TIM1_BRK_TIM15_IRQHandler
 *fill*         0x0800a3ba        0x2 
 .text.__libc_init_array
                0x0800a3bc       0x48 c:/ac6/systemworkbench/plugins/fr.ac6.mcu.externaltools.arm-none.win32_1.17.0.201812190825/tools/compiler/bin/../lib/gcc/arm-none-eabi/7.3.1/../../../../arm-none-eabi/lib/thumb/v7e-m/fpv4-sp/hard\libc_nano.a(lib_a-init.o)
                0x0800a3bc                __libc_init_array
 .text.memset   0x0800a404       0x10 c:/ac6/systemworkbench/plugins/fr.ac6.mcu.externaltools.arm-none.win32_1.17.0.201812190825/tools/compiler/bin/../lib/gcc/arm-none-eabi/7.3.1/../../../../arm-none-eabi/lib/thumb/v7e-m/fpv4-sp/hard\libc_nano.a(lib_a-memset.o)
                0x0800a404                memset
 *(.glue_7)
 .glue_7        0x0800a414        0x0 linker stubs
 *(.glue_7t)
 .glue_7t       0x0800a414        0x0 linker stubs
 *(.eh_frame)
 .eh_frame      0x0800a414        0x0 c:/ac6/systemworkbench/plugins/fr.ac6.mcu.externaltools.arm-none.win32_1.17.0.201812190825/tools/compiler/bin/../lib/gcc/arm-none-eabi/7.3.1/thumb/v7e-m/fpv4-sp/hard/crtbegin.o
 *(.init)
 .init          0x0800a414        0x4 c:/ac6/systemworkbench/plugins/fr.ac6.mcu.externaltools.arm-none.win32_1.17.0.201812190825/tools/compiler/bin/../lib/gcc/arm-none-eabi/7.3.1/thumb/v7e-m/fpv4-sp/hard/crti.o
                0x0800a414                _init
 .init          0x0800a418        0x8 c:/ac6/systemworkbench/plugins/fr.ac6.mcu.externaltools.arm-none.win32_1.17.0.201812190825/tools/compiler/bin/../lib/gcc/arm-none-eabi/7.3.1/thumb/v7e-m/fpv4-sp/hard/crtn.o
 *(.fini)
 .fini          0x0800a420        0x4 c:/ac6/systemworkbench/plugins/fr.ac6.mcu.externaltools.arm-none.win32_1.17.0.201812190825/tools/compiler/bin/../lib/gcc/arm-none-eabi/7.3.1/thumb/v7e-m/fpv4-sp/hard/crti.o
                0x0800a420                _fini
 .fini          0x0800a424        0x8 c:/ac6/systemworkbench/plugins/fr.ac6.mcu.externaltools.arm-none.win32_1.17.0.201812190825/tools/compiler/bin/../lib/gcc/arm-none-eabi/7.3.1/thumb/v7e-m/fpv4-sp/hard/crtn.o
                0x0800a430                . = ALIGN (0x8)
 *fill*         0x0800a42c        0x4 
                0x0800a430                _etext = .

.vfp11_veneer   0x0800a430        0x0
 .vfp11_veneer  0x0800a430        0x0 linker stubs

.v4_bx          0x0800a430        0x0
 .v4_bx         0x0800a430        0x0 linker stubs

.iplt           0x0800a430        0x0
 .iplt          0x0800a430        0x0 c:/ac6/systemworkbench/plugins/fr.ac6.mcu.externaltools.arm-none.win32_1.17.0.201812190825/tools/compiler/bin/../lib/gcc/arm-none-eabi/7.3.1/thumb/v7e-m/fpv4-sp/hard/crtbegin.o

.rodata         0x0800a430       0x48
                0x0800a430                . = ALIGN (0x8)
 *(.rodata)
 .rodata        0x0800a430       0x48 Src/system_stm32l4xx.o
                0x0800a430                MSIRangeTable
                0x0800a460                AHBPrescTable
                0x0800a470                APBPrescTable
 *(.rodata*)
                0x0800a478                . = ALIGN (0x8)

.ARM.extab      0x0800a478        0x0
                0x0800a478                . = ALIGN (0x8)
 *(.ARM.extab* .gnu.linkonce.armextab.*)
                0x0800a478                . = ALIGN (0x8)

.ARM            0x0800a478        0x8
                0x0800a478                . = ALIGN (0x8)
                0x0800a478                __exidx_start = .
 *(.ARM.exidx*)
 .ARM.exidx     0x0800a478        0x8 c:/ac6/systemworkbench/plugins/fr.ac6.mcu.externaltools.arm-none.win32_1.17.0.201812190825/tools/compiler/bin/../lib/gcc/arm-none-eabi/7.3.1/thumb/v7e-m/fpv4-sp/hard\libgcc.a(_udivmoddi4.o)
                0x0800a480                __exidx_end = .
                0x0800a480                . = ALIGN (0x8)

.rel.dyn        0x0800a480        0x0
 .rel.iplt      0x0800a480        0x0 c:/ac6/systemworkbench/plugins/fr.ac6.mcu.externaltools.arm-none.win32_1.17.0.201812190825/tools/compiler/bin/../lib/gcc/arm-none-eabi/7.3.1/thumb/v7e-m/fpv4-sp/hard/crtbegin.o

.preinit_array  0x0800a480        0x0
                0x0800a480                . = ALIGN (0x8)
                0x0800a480                PROVIDE (__preinit_array_start = .)
 *(.preinit_array*)
                0x0800a480                PROVIDE (__preinit_array_end = .)
                0x0800a480                . = ALIGN (0x8)

.init_array     0x0800a480        0x8
                0x0800a480                . = ALIGN (0x8)
                0x0800a480                PROVIDE (__init_array_start = .)
 *(SORT_BY_NAME(.init_array.*))
 *(.init_array*)
 .init_array    0x0800a480        0x4 c:/ac6/systemworkbench/plugins/fr.ac6.mcu.externaltools.arm-none.win32_1.17.0.201812190825/tools/compiler/bin/../lib/gcc/arm-none-eabi/7.3.1/thumb/v7e-m/fpv4-sp/hard/crtbegin.o
                0x0800a484                PROVIDE (__init_array_end = .)
                0x0800a488                . = ALIGN (0x8)
 *fill*         0x0800a484        0x4 

.fini_array     0x0800a488        0x8
                0x0800a488                . = ALIGN (0x8)
                [!provide]                PROVIDE (__fini_array_start = .)
 *(SORT_BY_NAME(.fini_array.*))
 *(.fini_array*)
 .fini_array    0x0800a488        0x4 c:/ac6/systemworkbench/plugins/fr.ac6.mcu.externaltools.arm-none.win32_1.17.0.201812190825/tools/compiler/bin/../lib/gcc/arm-none-eabi/7.3.1/thumb/v7e-m/fpv4-sp/hard/crtbegin.o
                [!provide]                PROVIDE (__fini_array_end = .)
                0x0800a490                . = ALIGN (0x8)
 *fill*         0x0800a48c        0x4 
                0x0800a490                _sidata = LOADADDR (.data)

.data           0x20000000      0x170 load address 0x0800a490
                0x20000000                . = ALIGN (0x8)
                0x20000000                _sdata = .
 *(.data)
 .data          0x20000000        0x8 Drivers/STM32L4xx_HAL_Driver/Src/stm32l4xx_hal.o
                0x20000000                uwTickFreq
                0x20000004                uwTickPrio
 .data          0x20000008        0x2 Src/hist.o
                0x20000008                max_diff
 *fill*         0x2000000a        0x2 
 .data          0x2000000c        0x4 Src/my_FUN.o
                0x2000000c                p_my_DMA2_Data
 .data          0x20000010       0x10 Src/pid_DOPLER_FREQ.o
                0x20000010                DOPLER_FREQ_factorKi
                0x20000014                DOPLER_FREQ_rangeMax
                0x20000018                DOPLER_FREQ_rangeMin
                0x2000001c                DOPLER_FREQ_factorKp
 .data          0x20000020       0x10 Src/pid_MICROWAVE.o
                0x20000020                MICROWAVE_factorKi
                0x20000024                MICROWAVE_rangeMax
                0x20000028                MICROWAVE_rangeMin
                0x2000002c                MICROWAVE_factorKp
 .data          0x20000030        0xc Src/pid_cell.o
                0x20000030                CELL_factorKi
                0x20000034                CELL_rangeMax
                0x20000038                CELL_factorKp
 .data          0x2000003c       0x10 Src/pid_dopler_crnt.o
                0x2000003c                DOPLER_CRNT_factorKi
                0x20000040                DOPLER_CRNT_rangeMax
                0x20000044                DOPLER_CRNT_rangeMin
                0x20000048                DOPLER_CRNT_factorKp
 .data          0x2000004c       0x10 Src/pid_dopler_tec.o
                0x2000004c                DOPLER_TEC_factorKi
                0x20000050                DOPLER_TEC_rangeMax
                0x20000054                DOPLER_TEC_rangeMin
                0x20000058                DOPLER_TEC_factorKp
 .data          0x2000005c       0x10 Src/pid_freq.o
                0x2000005c                FREQ_factorKi
                0x20000060                FREQ_rangeMax
                0x20000064                FREQ_rangeMin
                0x20000068                FREQ_factorKp
 .data          0x2000006c       0x10 Src/pid_optics_pwr.o
                0x2000006c                OPTICS_PWR_factorKi
                0x20000070                OPTICS_PWR_rangeMax
                0x20000074                OPTICS_PWR_rangeMin
                0x20000078                OPTICS_PWR_factorKp
 .data          0x2000007c       0x10 Src/pid_tec_ctrl.o
                0x2000007c                TECCTRL_factorKi
                0x20000080                TECCTRL_rangeMax
                0x20000084                TECCTRL_rangeMin
                0x20000088                TECCTRL_factorKp
 .data          0x2000008c        0x4 Src/system_stm32l4xx.o
                0x2000008c                SystemCoreClock
 .data          0x20000090       0xdc Src/var.o
                0x20000090                byteUSART
                0x20000094                count_OUT1_CPT_FREQ
                0x20000098                step_Freq_GNSS
                0x2000009c                flagUpdateCompute_FREQ_GNSS
                0x200000a0                count_OUT2_CPT_FREQ
                0x200000a4                count_OUT2_CPT_CRNT
                0x200000a8                count_OUT1_CPT_CRNT
                0x200000ac                count_OUT1_DOPLER_CRNT
                0x200000b0                count_SD2
                0x200000b4                count_OUT_0R
                0x200000b8                count_OUT_2R
                0x200000bc                count_OUT_3R
                0x200000c0                count_SD1
                0x200000c4                count_CONTR
                0x200000c8                count_OUT_1R
                0x200000cc                count_OUT_DC
                0x200000d0                MOD_CRNT_width
                0x200000d4                my_dat_2
                0x200000d8                my_dat_1
                0x200000dc                value_N_STEP_L
                0x200000e0                levelValueSensor_TempCell
                0x200000e4                levelTemp_D_CELL
                0x200000e8                levelTemp_CELL
                0x200000ec                timeLoopPID_MICROWAVE
                0x200000f0                timeLoopPID_TEC_CTRL
                0x200000f4                sigmaPID_CTRL
                0x200000f8                level_CONTR
                0x200000fc                statusLoopPID
                0x20000100                itemOptionLMX
                0x20000104                LMX_ShiftFreq
                0x20000108                LMX_ValueFD
                0x2000010c                LMX_ValueFN
                0x20000110                LMX_ValueN
                0x20000114                scanMax_UT2A
                0x20000118                scanStep_UT2A
                0x2000011c                scanMax_VY
                0x20000120                scanMin_VY
                0x20000124                scanStep_VY
                0x20000128                fixValue_UT1A
                0x2000012c                fixValue_U2R
                0x20000130                fixValue_VY
                0x20000134                value_OutFactor
                0x20000138                value_RFI
                0x2000013c                value_DTX
                0x20000140                value_L1
                0x20000144                value_VT1
                0x20000148                value_U2R_D
                0x2000014c                value_U2R
                0x20000150                value_VY
                0x20000154                value_UT2A
                0x20000158                value_UT1A
                0x2000015c                my_alarm
                0x20000160                var_my_ADC2
                0x20000164                itemWork
                0x20000168                ID_keyTest
 *(.data*)
                0x20000170                . = ALIGN (0x8)
 *fill*         0x2000016c        0x4 
                0x20000170                _edata = .

.igot.plt       0x20000170        0x0 load address 0x0800a600
 .igot.plt      0x20000170        0x0 c:/ac6/systemworkbench/plugins/fr.ac6.mcu.externaltools.arm-none.win32_1.17.0.201812190825/tools/compiler/bin/../lib/gcc/arm-none-eabi/7.3.1/thumb/v7e-m/fpv4-sp/hard/crtbegin.o

my_section_2    0x20000170       0x28 load address 0x0800a600
 my_section_2   0x20000170       0x28 Src/my_FUN.o
                0x20000170                p_my_DMA2_Data_F0
                0x20000174                p_my_DMA2_Data_F1
                0x20000178                p_my_DMA2_Data_F2
                0x2000017c                p_my_DMA2_Data_F1_F2
                0x20000180                p_my_F2F1_rez
                0x20000184                p_my_F1F2_rez
                0x20000188                p_sum_OUT_2R
                0x2000018c                p_sum_OUT_0R
                0x20000190                p_rez_OUT_2R
                0x20000194                p_sum_SD2
                0x20000198                . = ALIGN (0x4)

.bss            0x20000198     0xb680 load address 0x0800a628
                0x20000198                _sbss = .
                0x20000198                __bss_start__ = _sbss
 *(.bss)
 .bss           0x20000198       0x1c c:/ac6/systemworkbench/plugins/fr.ac6.mcu.externaltools.arm-none.win32_1.17.0.201812190825/tools/compiler/bin/../lib/gcc/arm-none-eabi/7.3.1/thumb/v7e-m/fpv4-sp/hard/crtbegin.o
 .bss           0x200001b4        0x4 Src/adc.o
 .bss           0x200001b8       0x14 Src/hist.o
                0x200001b8                flagHist
                0x200001bc                no
                0x200001c0                num_sec_Hist
                0x200001c4                b_buf_HIST
                0x200001c8                numPosHist
 .bss           0x200001cc       0x10 Src/interface_AD5668.o
 .bss           0x200001dc       0x10 Src/main.o
 .bss           0x200001ec       0x20 Src/pid_DOPLER_FREQ.o
                0x200001ec                DOPLER_FREQ_valueP
                0x200001f0                DOPLER_FREQ_valueI
                0x200001f4                DOPLER_FREQ_valueD
                0x200001f8                DOPLER_FREQ_valueS
                0x200001fc                DOPLER_FREQ_nowValue
                0x20000200                DOPLER_FREQ_backValue
                0x20000204                DOPLER_FREQ_flagRun
                0x20000208                DOPLER_FREQ_factorKd
 .bss           0x2000020c       0x20 Src/pid_MICROWAVE.o
                0x2000020c                MICROWAVE_valueP
                0x20000210                MICROWAVE_valueI
                0x20000214                MICROWAVE_valueD
                0x20000218                MICROWAVE_valueS
                0x2000021c                MICROWAVE_nowValue
                0x20000220                MICROWAVE_backValue
                0x20000224                MICROWAVE_flagRun
                0x20000228                MICROWAVE_factorKd
 .bss           0x2000022c       0x24 Src/pid_cell.o
                0x2000022c                CELL_valueP
                0x20000230                CELL_valueI
                0x20000234                CELL_valueD
                0x20000238                CELL_valueS
                0x2000023c                CELL_nowValue
                0x20000240                CELL_backValue
                0x20000244                CELL_flagRun
                0x20000248                CELL_rangeMin
                0x2000024c                CELL_factorKd
 .bss           0x20000250       0x20 Src/pid_dopler_crnt.o
                0x20000250                DOPLER_CRNT_valueP
                0x20000254                DOPLER_CRNT_valueI
                0x20000258                DOPLER_CRNT_valueD
                0x2000025c                DOPLER_CRNT_valueS
                0x20000260                DOPLER_CRNT_nowValue
                0x20000264                DOPLER_CRNT_backValue
                0x20000268                DOPLER_CRNT_flagRun
                0x2000026c                DOPLER_CRNT_factorKd
 .bss           0x20000270       0x20 Src/pid_dopler_tec.o
                0x20000270                DOPLER_TEC_valueP
                0x20000274                DOPLER_TEC_valueI
                0x20000278                DOPLER_TEC_valueD
                0x2000027c                DOPLER_TEC_valueS
                0x20000280                DOPLER_TEC_nowValue
                0x20000284                DOPLER_TEC_backValue
                0x20000288                DOPLER_TEC_flagRun
                0x2000028c                DOPLER_TEC_factorKd
 .bss           0x20000290       0x20 Src/pid_freq.o
                0x20000290                FREQ_valueP
                0x20000294                FREQ_valueI
                0x20000298                FREQ_valueD
                0x2000029c                FREQ_valueS
                0x200002a0                FREQ_nowValue
                0x200002a4                FREQ_backValue
                0x200002a8                FREQ_flagRun
                0x200002ac                FREQ_factorKd
 .bss           0x200002b0       0x20 Src/pid_optics_pwr.o
                0x200002b0                OPTICS_PWR_valueP
                0x200002b4                OPTICS_PWR_valueI
                0x200002b8                OPTICS_PWR_valueD
                0x200002bc                OPTICS_PWR_valueS
                0x200002c0                OPTICS_PWR_nowValue
                0x200002c4                OPTICS_PWR_backValue
                0x200002c8                OPTICS_PWR_flagRun
                0x200002cc                OPTICS_PWR_factorKd
 .bss           0x200002d0       0x20 Src/pid_tec_ctrl.o
                0x200002d0                TECCTRL_valueP
                0x200002d4                TECCTRL_valueI
                0x200002d8                TECCTRL_valueD
                0x200002dc                TECCTRL_valueS
                0x200002e0                TECCTRL_nowValue
                0x200002e4                TECCTRL_backValue
                0x200002e8                TECCTRL_flagRun
                0x200002ec                TECCTRL_factorKd
 .bss           0x200002f0      0x150 Src/stm32l4xx_it.o
 .bss           0x20000440      0x161 Src/usart_protocol.o
 *fill*         0x200005a1        0x7 
 .bss           0x200005a8      0x7c4 Src/var.o
                0x200005a8                cmdID
                0x200005ac                lengthBufferCmd
                0x200005ae                USART_rx_buffer_overflow
                0x200005b0                USART_rx_rd_index
                0x200005b2                USART_rx_wr_index
                0x200005b4                USART_rx_count
                0x200005b6                USART_tx_buffer_overflow
                0x200005b8                USART_tx_rd_index
                0x200005ba                USART_tx_wr_index
                0x200005bc                USART_tx_count
                0x200005c0                DEBUG_item_VT1
                0x200005c4                DEBUG_item_RFI
                0x200005c8                DEBUG_item_DTX
                0x200005cc                DEBUG_item_VY
                0x200005d0                DEBUG_maxDWT3
                0x200005d4                DEBUG_maxDWT2
                0x200005d8                DEBUG_maxDWT1
                0x200005dc                fixValue_CPT_FREQ
                0x200005e0                result_OUT1_CPT_FREQ
                0x200005f8                flagUpdateCompute_OUT1_CPT_FREQ
                0x200005fc                index_OUT1_CPT_FREQ
                0x20000600                sum_OUT1_CPT_FREQ
                0x20000618                shift_Freq_GNSS_I
                0x2000061c                shift_Freq_GNSS
                0x20000620                shift_Lin_Freq
                0x20000624                b_Start_Shift_Freq
                0x20000628                shift_OUT2_FREQ
                0x2000062c                result_OUT2_CPT_FREQ_CPT
                0x20000630                result_OUT2_CPT_FREQ
                0x20000648                flagStartCompute_FREQ_GNSS
                0x20000649                flagUpdateCompute_OUT2_CPT_FREQ
                0x2000064c                index_OUT2_CPT_FREQ
                0x20000650                sum_OUT2_CPT_FREQ
                0x20000668                delta_DOPLER_DC
                0x2000066c                result_OUT2_CPT_CRNT_DOPLER
                0x20000670                result_OUT2_CRNT_2
                0x20000684                result_OUT2_CPT_CRNT
                0x20000698                result_OUT1_CPT_CRNT_DOPLER
                0x2000069c                result_OUT1_CRNT_2
                0x200006b0                result_OUT1_CPT_CRNT
                0x200006c4                flagUpdateCompute_OUT2_CPT_CRNT
                0x200006c8                index_OUT2_CPT_CRNT
                0x200006cc                index_OUT1_CPT_CRNT
                0x200006d0                sum_OUT2_CRNT_2
                0x200006e4                sum_OUT1_CRNT_2
                0x200006f8                sum_OUT2_CPT_CRNT
                0x2000070c                sum_OUT1_CPT_CRNT
                0x20000720                fixValue_OUT1_DOPLER_CRNT
                0x20000724                result_OUT1_DOPLER_CRNT
                0x20000728                flagUpdateCompute_OUT1_DOPLER_CRNT
                0x2000072c                sum_OUT1_DOPLER_CRNT
                0x20000734                shift_OUT2_DOPLER_CRNT
                0x20000738                fixValue_OUT2_CPT
                0x2000073c                flagUpdateCompute_OUT2_CPT
                0x20000740                index_SD2
                0x20000744                index_OUT_0R
                0x20000748                index_OUT_2R
                0x2000074c                index_OUT_3R
                0x20000750                index_SD1
                0x20000754                index_CONTR
                0x20000758                index_OUT_1N
                0x2000075c                index_OUT_DC
                0x20000760                avrResult_OUT_0RN
                0x20000764                avrResult_OUT2_DC
                0x20000768                avrResult_SD2
                0x2000076c                avrResult_OUT_0R_
                0x20000770                avrResult_OUT_0R
                0x20000774                avrResult_OUT_2R
                0x20000778                startResult_OUT_3R
                0x2000077c                avrResult_OUT_3R
                0x20000780                avrResult_SD1_
                0x20000784                avrResult_SD1
                0x20000788                avrResult_CONTR
                0x2000078c                avrResult_OUT_1R
                0x20000790                avrResult_OUT_1A
                0x20000794                avrResult_OUT_1N
                0x20000798                avrResult_OUT_DC
                0x2000079c                fix_avrResult_OUT_DC
                0x200007a0                p_sum_OUT_3R
                0x200007a4                p_sum_SD1
                0x200007a8                p_sum_CONTR
                0x200007ac                p_sum_OUT_1R
                0x200007b0                p_sum_OUT_DC
                0x200007b4                rez_OUT_2R
                0x200007b8                sum_OUT_0RN
                0x200007bc                sum_OUT_2RN
                0x200007c0                sum_SD2_
                0x200007c4                sum_OUT_0R_
                0x200007c8                sum_OUT_2R_
                0x200007cc                sum_SD2
                0x200007d0                sum_OUT_1A
                0x200007d4                sum_OUT_0R
                0x200007d8                sum_OUT_2R
                0x200007dc                sum_OUT_3R
                0x200007e0                sum_SD1
                0x200007e4                sum_CONTR
                0x200007e8                sum_OUT_DC
                0x200007ec                sum_TS
                0x200007f0                sum_OUT_1N
                0x200007f4                sum_OUT_1
                0x200007f8                abs_diff_CONT
                0x200007fc                sum_CONT
                0x20000800                sum_CONT2
                0x20000804                sum_CONT1
                0x20000808                itemMOD_FREQ
                0x2000080c                itemMOD_CRNT
                0x20000810                itemPartResultDMA1_ADC3
                0x20000811                itemPartResultDMA1_ADC2
                0x20000812                itemPartResultDMA1_ADC1
                0x20000814                sum_ampl_Data_F1_F2_
                0x20000818                sum_ampl_Data_F2_
                0x2000081c                sum_ampl_Data_F1_
                0x20000820                sum_ampl_Data_F0_
                0x20000824                numPos
                0x20000828                pkgPos
                0x2000082c                num_corr_TEST_ADC_2
                0x20000830                corr_TEST_ADC_2
                0x20000834                corr_12_TEST_ADC_2
                0x20000838                corr_2_TEST_ADC_2
                0x2000083c                corr_1_TEST_ADC_2
                0x20000840                b_buf_TEST_ADC_2
                0x20000841                b_buf_TEST_ADC_3
                0x20000842                b_F2F1_rezult
                0x20000844                my_F1F2_rez_A
                0x20000848                my_F2F1_rez_A
                0x2000084c                my_Data_F1_F2
                0x20000850                my_Data_F2
                0x20000854                my_Data_F1
                0x20000858                my_Data_F0
                0x20000860                my_DMA2_tst_Data
                0x20000c20                resultAverage_SENSOR_TempCell
                0x20000c24                tickDelayUpdateTempCell
                0x20000c28                TempCellIsCorrect
                0x20000c2c                value_Temp_D_Cell
                0x20000c30                value_TempCell
                0x20000c34                iT__n
                0x20000c38                iT4__
                0x20000c3c                iT3__
                0x20000c40                iT2__
                0x20000c44                iT1__
                0x20000c48                iF0
                0x20000c4c                b_eq
                0x20000c4d                b_MESSAGE
                0x20000c50                f_MESSAGE_3
                0x20000c54                f_MESSAGE_2
                0x20000c58                i_MESSAGE_3
                0x20000c5c                i_MESSAGE_2
                0x20000c60                i_MESSAGE_1
                0x20000c64                value_mult_To_FREQ
                0x20000c68                resultTemp_D_CELL
                0x20000c6c                resultTemp_CELL
                0x20000c70                resultDOPLER_FREQ
                0x20000c74                resultMICROWAVE
                0x20000c78                resultTec
                0x20000c7c                isLoopPID_MICROWAVE
                0x20000c7d                isLoopPID_TEC_CTRL
                0x20000c80                countLoopPID_TEC_CTRL
                0x20000c84                fixValue_OUT2_DOPLER_TEC
                0x20000c88                fixValue_OUT2_DOPLER_CRNT
                0x20000c8c                result_OUT1_OPTICS_PWR
                0x20000c90                result_OUT2_DOPLER_TEC
                0x20000c94                result_OUT2_DOPLER_CRNT
                0x20000c98                flagUpdateTempCell
                0x20000c99                flagUpdateCompute_CELL
                0x20000c9a                flagProcess_OUT1_OPTICS_PWR
                0x20000c9b                flagUpdateCompute_OUT1_OPTICS_PWR
                0x20000c9c                flagUpdateCompute_OUT2_DOPLER_TEC
                0x20000c9d                flag_SCAN_CRNT
                0x20000c9e                flagUpdateCompute_OUT2_DOPLER_CRNT
                0x20000c9f                flagProcess_DOPLER_FREQ
                0x20000ca0                flagUpdateCompute_DOPLER_FREQ
                0x20000ca1                flagProcess_MICROWAVE
                0x20000ca2                flagUpdateCompute_MICROWAVE
                0x20000ca3                flagUpdateCompute_TEC_CTRL
                0x20000ca4                LMX_ValueINT
                0x20000ca8                b_PID_FLAG_LOOP_SENSOR_TEMP_CELL
                0x20000ca9                b_PID_FLAG_LOOP_CELL
                0x20000cac                scanMin_UT2A
                0x20000cb0                fixValue_T5
                0x20000cb4                fixValue_DOPLER_FREQ
                0x20000cb8                fixValue_MICROWAVE
                0x20000cbc                fixValue_TEC_CTRL
                0x20000cc0                ticsDelayUpdateTempCell
                0x20000cc4                flagConnectedTempSensor
                0x20000cc5                flagUpdate_LMX2486
                0x20000cc6                flagUpdate_OutFactor
                0x20000cc7                flagUpdate_RFI
                0x20000cc8                flagUpdate_DTX
                0x20000cc9                flagUpdate_T5
                0x20000cca                flagUpdate_L1
                0x20000ccb                flagUpdate_VT1
                0x20000ccc                flagUpdate_U2R
                0x20000ccd                flagUpdate_VY
                0x20000cce                flagUpdate_UT2A
                0x20000ccf                flagUpdate_UT1A
                0x20000cd0                value_DTX_rez
                0x20000cd4                value_DTX_aver
                0x20000cd8                value__T5
                0x20000cdc                value_T5
                0x20000ce0                value_VY_rez
                0x20000ce4                value_VY_aver
                0x20000ce8                value_UT1A_rez
                0x20000cec                value_UT1A_aver
                0x20000cf0                F1F2_rezult_N_900
                0x20000cf4                F1F2_rezult_N_30
                0x20000cf8                F1F2_rezult_A_900
                0x20000cfc                F1F2_rezult_A_30
                0x20000d00                F1F2_rezult_A
                0x20000d04                F1F2_rezult_X
                0x20000d08                F2F1_rezult_N_900
                0x20000d0c                F2F1_rezult_N_30
                0x20000d10                F2F1_rezult_A_900
                0x20000d14                F2F1_rezult_A_30
                0x20000d18                F2F1_rezult_A
                0x20000d1c                F2F1_rezult_X
                0x20000d20                my_LSM303D_Temperature
                0x20000d22                b_TIM4
                0x20000d24                num_TIM4
                0x20000d28                my_Tick
                0x20000d2c                my_ms_num
                0x20000d30                b_my_ms_num
                0x20000d34                avrResult_SD1_start
                0x20000d38                bCompFreqTK_1
                0x20000d39                bCompFreqTK
                0x20000d3c                my_N_4
                0x20000d40                my_N_3
                0x20000d44                my_N_2
                0x20000d48                my_N_1
                0x20000d4c                my_Flag_DMA1_3
                0x20000d50                my_Flag_DMA1_2
                0x20000d54                my_Flag_DMA1_1
                0x20000d58                my_N_EXTI
                0x20000d5c                my_N_DMA1_3
                0x20000d60                my_N_DMA1_2
                0x20000d64                my_N_DMA1_1
                0x20000d68                my_TST
 *(.bss*)
 *(COMMON)
 COMMON         0x20000d6c        0x4 Drivers/STM32L4xx_HAL_Driver/Src/stm32l4xx_hal.o
                0x20000d6c                uwTick
 COMMON         0x20000d70      0x204 Src/adc.o
                0x20000d70                hadc2
                0x20000dd4                hdma_adc3
                0x20000e1c                hadc1
                0x20000e80                hadc3
                0x20000ee4                hdma_adc1
                0x20000f2c                hdma_adc2
 COMMON         0x20000f74       0x14 Src/dac.o
                0x20000f74                hdac1
 COMMON         0x20000f88     0x15ee Src/hist.o
                0x20000f88                tmp
                0x20000f8c                rez_cell
                0x200012ac                step_diff
                0x200012ae                maxfreq
                0x200012b0                p_diff
                0x200012b4                cell
                0x200015d4                diff
                0x20002574                minfreq
 *fill*         0x20002576        0x2 
 COMMON         0x20002578       0x4c Src/i2c.o
                0x20002578                hi2c3
 COMMON         0x200025c4      0x12c Src/spi.o
                0x200025c4                hspi2
                0x20002628                hspi3
                0x2000268c                hspi1
 COMMON         0x200026f0      0x180 Src/tim.o
                0x200026f0                htim8
                0x20002730                htim4
                0x20002770                htim17
                0x200027b0                htim3
                0x200027f0                htim1
                0x20002830                htim2
 COMMON         0x20002870       0x80 Src/usart.o
                0x20002870                huart3
 COMMON         0x200028f0     0x8f28 Src/var.o
                0x200028f0                my_F2F1_P_rez
                0x20002908                LMX_DataValueFD
                0x20002d08                result_OUT2_CPT_FREQ_CPT_tmp
                0x20002d0c                min_Data_F0_
                0x20002d10                value_TC
                0x20002d18                my_ADC2_Data
                0x200030d8                F1F2_P_S
                0x200030e0                my_DMA2_Data_F0_
                0x20003240                F2F1_rezult_2
                0x20003258                F1F2_OUT1_rezult
                0x2000326c                p_my_F2F1_rez_
                0x20003270                max_Data_F1_
                0x20003274                my_F1F2_sum
                0x20003288                value_STEP_L
                0x2000328c                p_my_DMA2_Data_
                0x20003290                p_my_F1F2_OUT1_sum
                0x20003298                my_ADC1_Data
                0x20003658                max_Data_F2_
                0x2000365c                my_F1F2_P_sum
                0x20003670                USART_tx_buffer
                0x20003770                DMA1_1_Data
                0x20003ef0                SD1_d
                0x20003ef4                pDataDMA1_1
                0x20003ef8                value_FAZA_F
                0x20003efc                result_OUT2_CPT_CRNT_DOPLER_tmp
                0x20003f00                my_DMA1_Data_F0
                0x20004060                my_DMA2_Data_F1
                0x20004150                my_F0N
                0x20004580                F1F2_P_rezult
                0x20004594                my_F0_sum_
                0x20004598                my_DMA2_Data_
                0x20004958                I2C3_RxBuffer
                0x20004968                p_my_DMA2_Data_F0_
                0x2000496c                resultData_CONTR
                0x20004d2c                F2F1_rezult_1
                0x20004d44                F1F2_rezult
                0x20004d58                my_ADC3_Data
                0x20005118                pDataDMA2
                0x20005120                my_DMA1_Data
                0x200054e0                pDataDMA
                0x200054e4                my_F1F2_P_rez
                0x200054f8                my_F1F2_sum_2
                0x20005510                my_DMA2_Data_F2_
                0x2000563c                my_F2F1_rez_2
                0x20005654                value_D_TC
                0x20005658                p_my_DMA2_Data_F1_
                0x2000565c                resultData_OUT_3R
                0x20005a1c                BufferDataPack
                0x20005a30                my_DMA1_Data_F1
                0x20005b20                min_Data_F1_
                0x20005b24                my_F0_sum
                0x20005b28                DMA1_2_Data
                0x200062a8                my_DMA2_Data
                0x20006668                my_F2F1_P_sum
                0x20006680                BufferMsg
                0x20006780                my_F0
                0x20006bb0                rez_ampl_Data_F2_
                0x20006bb4                pDataDMA1
                0x20006bb8                DMA2_Data
                0x20007338                my_F1F2_rez_
                0x2000734c                F1F2_rezult_2
                0x20007360                my_DMA2_Data_F1_F2_
                0x20007450                min_Data_F2_
                0x20007454                value_FAZA_L
                0x20007458                F2F1_rezult_D
                0x20007470                rez_ampl_Data_F1_F2_
                0x20007474                rez_ampl_Data_F1_
                0x20007478                LMX_DataValueFN
                0x20007878                F2F1_rezult_
                0x20007890                resultData_OUT_0R
                0x20007c50                resultData_SD2
                0x20008010                buf_TEST_ADC_3
                0x200092d0                my_DMA2_Data_F1_F2
                0x200093c0                p_my_DMA2_Data_F2_
                0x200093c4                I2C3_TxBuffer
                0x200093d4                F1F2_rezult_
                0x200093e8                my_DMA1_Data_F1_F2
                0x200094d8                my_F2F1_sum_
                0x200094f0                p_my_F1F2_sum
                0x200094f4                pDataDMA1_2
                0x200094f8                my_F1F2_rez_2
                0x2000950c                my_F2F1_rez_
                0x20009524                pDataADC
                0x20009528                F2F1_rezult
                0x20009540                resultData_OUT_2R
                0x20009900                DMA1_3_Data
                0x2000a080                my_DMA2_Data_F0
                0x2000a1e0                my_DMA2_Data_F1_
                0x2000a2d0                min_Data_F1_F2_
                0x2000a2d8                DMA1_Data
                0x2000aa58                my_TST_U32
                0x2000aa5c                LSM303_BufferRx
                0x2000aa6c                UART_RxBuffer
                0x2000ab6c                my_F1F2_OUT1_sum
                0x2000ab80                resultData_OUT_1R
                0x2000af40                my_F1F2_sum_
                0x2000af54                p_my_F1F2_rez_
                0x2000af58                rez_ampl_Data_F0_
                0x2000af5c                resultData_SD1
                0x2000b31c                UART_TxBuffer
                0x2000b41c                my_F2F1_sum_2
                0x2000b434                max_Data_F0_
                0x2000b438                my_DMA2_Data_F2
                0x2000b568                my_DMA1_Data_F2
                0x2000b694                LSM303_BufferTx
                0x2000b6a4                p_my_DMA2_Data_F1_F2_
                0x2000b6a8                F2F1_P_rezult
                0x2000b6c0                USART_rx_buffer
                0x2000b7c0                max_Data_F1_F2_
                0x2000b7c4                my_F2F1_sum
                0x2000b7dc                p_my_F2F1_sum
                0x2000b7e0                p_my_F2F1_sum_
                0x2000b7e4                p_my_F1F2_sum_
                0x2000b7e8                my_F1F2_rez
                0x2000b7fc                pDataDMA1_3
                0x2000b800                my_F2F1_rez
                0x2000b818                . = ALIGN (0x4)
                0x2000b818                _ebss = .
                0x2000b818                __bss_end__ = _ebss

._user_heap_stack
                0x2000b818      0x600 load address 0x0800a628
                0x2000b818                . = ALIGN (0x8)
                0x2000b818                PROVIDE (end = .)
                [!provide]                PROVIDE (_end = .)
                0x2000ba18                . = (. + _Min_Heap_Size)
 *fill*         0x2000b818      0x200 
                0x2000be18                . = (. + _Min_Stack_Size)
 *fill*         0x2000ba18      0x400 
                0x2000be18                . = ALIGN (0x8)

/DISCARD/
 libc.a(*)
 libm.a(*)
 libgcc.a(*)

.ARM.attributes
                0x00000000       0x30
 *(.ARM.attributes)
 .ARM.attributes
                0x00000000       0x22 c:/ac6/systemworkbench/plugins/fr.ac6.mcu.externaltools.arm-none.win32_1.17.0.201812190825/tools/compiler/bin/../lib/gcc/arm-none-eabi/7.3.1/thumb/v7e-m/fpv4-sp/hard/crti.o
 .ARM.attributes
                0x00000022       0x34 c:/ac6/systemworkbench/plugins/fr.ac6.mcu.externaltools.arm-none.win32_1.17.0.201812190825/tools/compiler/bin/../lib/gcc/arm-none-eabi/7.3.1/thumb/v7e-m/fpv4-sp/hard/crtbegin.o
 .ARM.attributes
                0x00000056       0x39 Drivers/STM32L4xx_HAL_Driver/Src/stm32l4xx_hal.o
 .ARM.attributes
                0x0000008f       0x39 Drivers/STM32L4xx_HAL_Driver/Src/stm32l4xx_hal_adc.o
 .ARM.attributes
                0x000000c8       0x39 Drivers/STM32L4xx_HAL_Driver/Src/stm32l4xx_hal_adc_ex.o
 .ARM.attributes
                0x00000101       0x39 Drivers/STM32L4xx_HAL_Driver/Src/stm32l4xx_hal_cortex.o
 .ARM.attributes
                0x0000013a       0x39 Drivers/STM32L4xx_HAL_Driver/Src/stm32l4xx_hal_dac.o
 .ARM.attributes
                0x00000173       0x39 Drivers/STM32L4xx_HAL_Driver/Src/stm32l4xx_hal_dma.o
 .ARM.attributes
                0x000001ac       0x39 Drivers/STM32L4xx_HAL_Driver/Src/stm32l4xx_hal_gpio.o
 .ARM.attributes
                0x000001e5       0x39 Drivers/STM32L4xx_HAL_Driver/Src/stm32l4xx_hal_i2c.o
 .ARM.attributes
                0x0000021e       0x39 Drivers/STM32L4xx_HAL_Driver/Src/stm32l4xx_hal_i2c_ex.o
 .ARM.attributes
                0x00000257       0x39 Drivers/STM32L4xx_HAL_Driver/Src/stm32l4xx_hal_pwr_ex.o
 .ARM.attributes
                0x00000290       0x39 Drivers/STM32L4xx_HAL_Driver/Src/stm32l4xx_hal_rcc.o
 .ARM.attributes
                0x000002c9       0x39 Drivers/STM32L4xx_HAL_Driver/Src/stm32l4xx_hal_rcc_ex.o
 .ARM.attributes
                0x00000302       0x39 Drivers/STM32L4xx_HAL_Driver/Src/stm32l4xx_hal_spi.o
 .ARM.attributes
                0x0000033b       0x39 Drivers/STM32L4xx_HAL_Driver/Src/stm32l4xx_hal_tim.o
 .ARM.attributes
                0x00000374       0x39 Drivers/STM32L4xx_HAL_Driver/Src/stm32l4xx_hal_tim_ex.o
 .ARM.attributes
                0x000003ad       0x39 Drivers/STM32L4xx_HAL_Driver/Src/stm32l4xx_hal_uart.o
 .ARM.attributes
                0x000003e6       0x39 Src/LSM303D.o
 .ARM.attributes
                0x0000041f       0x39 Src/adc.o
 .ARM.attributes
                0x00000458       0x39 Src/dac.o
 .ARM.attributes
                0x00000491       0x39 Src/dma.o
 .ARM.attributes
                0x000004ca       0x39 Src/gpio.o
 .ARM.attributes
                0x00000503       0x39 Src/hist.o
 .ARM.attributes
                0x0000053c       0x39 Src/i2c.o
 .ARM.attributes
                0x00000575       0x39 Src/interface_AD5668.o
 .ARM.attributes
                0x000005ae       0x39 Src/interface_AD8400.o
 .ARM.attributes
                0x000005e7       0x39 Src/interface_ADT7410.o
 .ARM.attributes
                0x00000620       0x39 Src/interface_LMX2486.o
 .ARM.attributes
                0x00000659       0x39 Src/main.o
 .ARM.attributes
                0x00000692       0x25 Src/my_FUN.o
 .ARM.attributes
                0x000006b7       0x39 Src/pid_DOPLER_FREQ.o
 .ARM.attributes
                0x000006f0       0x39 Src/pid_MICROWAVE.o
 .ARM.attributes
                0x00000729       0x39 Src/pid_cell.o
 .ARM.attributes
                0x00000762       0x39 Src/pid_dopler_crnt.o
 .ARM.attributes
                0x0000079b       0x39 Src/pid_dopler_tec.o
 .ARM.attributes
                0x000007d4       0x39 Src/pid_freq.o
 .ARM.attributes
                0x0000080d       0x39 Src/pid_optics_pwr.o
 .ARM.attributes
                0x00000846       0x39 Src/pid_tec_ctrl.o
 .ARM.attributes
                0x0000087f       0x39 Src/spi.o
 .ARM.attributes
                0x000008b8       0x39 Src/stm32l4xx_hal_msp.o
 .ARM.attributes
                0x000008f1       0x39 Src/stm32l4xx_it.o
 .ARM.attributes
                0x0000092a       0x39 Src/system_stm32l4xx.o
 .ARM.attributes
                0x00000963       0x39 Src/tim.o
 .ARM.attributes
                0x0000099c       0x39 Src/usart.o
 .ARM.attributes
                0x000009d5       0x39 Src/usart_protocol.o
 .ARM.attributes
                0x00000a0e       0x39 Src/var.o
 .ARM.attributes
                0x00000a47       0x21 startup/startup_stm32l476xx.o
 .ARM.attributes
                0x00000a68       0x22 c:/ac6/systemworkbench/plugins/fr.ac6.mcu.externaltools.arm-none.win32_1.17.0.201812190825/tools/compiler/bin/../lib/gcc/arm-none-eabi/7.3.1/thumb/v7e-m/fpv4-sp/hard\libgcc.a(_arm_addsubdf3.o)
 .ARM.attributes
                0x00000a8a       0x22 c:/ac6/systemworkbench/plugins/fr.ac6.mcu.externaltools.arm-none.win32_1.17.0.201812190825/tools/compiler/bin/../lib/gcc/arm-none-eabi/7.3.1/thumb/v7e-m/fpv4-sp/hard\libgcc.a(_arm_muldivdf3.o)
 .ARM.attributes
                0x00000aac       0x22 c:/ac6/systemworkbench/plugins/fr.ac6.mcu.externaltools.arm-none.win32_1.17.0.201812190825/tools/compiler/bin/../lib/gcc/arm-none-eabi/7.3.1/thumb/v7e-m/fpv4-sp/hard\libgcc.a(_arm_truncdfsf2.o)
 .ARM.attributes
                0x00000ace       0x22 c:/ac6/systemworkbench/plugins/fr.ac6.mcu.externaltools.arm-none.win32_1.17.0.201812190825/tools/compiler/bin/../lib/gcc/arm-none-eabi/7.3.1/thumb/v7e-m/fpv4-sp/hard\libgcc.a(_aeabi_uldivmod.o)
 .ARM.attributes
                0x00000af0       0x34 c:/ac6/systemworkbench/plugins/fr.ac6.mcu.externaltools.arm-none.win32_1.17.0.201812190825/tools/compiler/bin/../lib/gcc/arm-none-eabi/7.3.1/thumb/v7e-m/fpv4-sp/hard\libgcc.a(_udivmoddi4.o)
 .ARM.attributes
                0x00000b24       0x22 c:/ac6/systemworkbench/plugins/fr.ac6.mcu.externaltools.arm-none.win32_1.17.0.201812190825/tools/compiler/bin/../lib/gcc/arm-none-eabi/7.3.1/thumb/v7e-m/fpv4-sp/hard\libgcc.a(_dvmd_tls.o)
 .ARM.attributes
                0x00000b46       0x34 c:/ac6/systemworkbench/plugins/fr.ac6.mcu.externaltools.arm-none.win32_1.17.0.201812190825/tools/compiler/bin/../lib/gcc/arm-none-eabi/7.3.1/../../../../arm-none-eabi/lib/thumb/v7e-m/fpv4-sp/hard\libc_nano.a(lib_a-init.o)
 .ARM.attributes
                0x00000b7a       0x34 c:/ac6/systemworkbench/plugins/fr.ac6.mcu.externaltools.arm-none.win32_1.17.0.201812190825/tools/compiler/bin/../lib/gcc/arm-none-eabi/7.3.1/../../../../arm-none-eabi/lib/thumb/v7e-m/fpv4-sp/hard\libc_nano.a(lib_a-memset.o)
 .ARM.attributes
                0x00000bae       0x22 c:/ac6/systemworkbench/plugins/fr.ac6.mcu.externaltools.arm-none.win32_1.17.0.201812190825/tools/compiler/bin/../lib/gcc/arm-none-eabi/7.3.1/thumb/v7e-m/fpv4-sp/hard/crtn.o
OUTPUT(cpt_m__ac6.elf elf32-littlearm)

.debug_info     0x00000000    0x3993f
 .debug_info    0x00000000      0xca2 Drivers/STM32L4xx_HAL_Driver/Src/stm32l4xx_hal.o
 .debug_info    0x00000ca2     0x2b66 Drivers/STM32L4xx_HAL_Driver/Src/stm32l4xx_hal_adc.o
 .debug_info    0x00003808     0x253b Drivers/STM32L4xx_HAL_Driver/Src/stm32l4xx_hal_adc_ex.o
 .debug_info    0x00005d43     0x10a0 Drivers/STM32L4xx_HAL_Driver/Src/stm32l4xx_hal_cortex.o
 .debug_info    0x00006de3      0xcee Drivers/STM32L4xx_HAL_Driver/Src/stm32l4xx_hal_dac.o
 .debug_info    0x00007ad1      0x956 Drivers/STM32L4xx_HAL_Driver/Src/stm32l4xx_hal_dma.o
 .debug_info    0x00008427      0x989 Drivers/STM32L4xx_HAL_Driver/Src/stm32l4xx_hal_gpio.o
 .debug_info    0x00008db0     0x3a04 Drivers/STM32L4xx_HAL_Driver/Src/stm32l4xx_hal_i2c.o
 .debug_info    0x0000c7b4      0xb4a Drivers/STM32L4xx_HAL_Driver/Src/stm32l4xx_hal_i2c_ex.o
 .debug_info    0x0000d2fe      0xb27 Drivers/STM32L4xx_HAL_Driver/Src/stm32l4xx_hal_pwr_ex.o
 .debug_info    0x0000de25      0xf2a Drivers/STM32L4xx_HAL_Driver/Src/stm32l4xx_hal_rcc.o
 .debug_info    0x0000ed4f     0x12a3 Drivers/STM32L4xx_HAL_Driver/Src/stm32l4xx_hal_rcc_ex.o
 .debug_info    0x0000fff2     0x1f36 Drivers/STM32L4xx_HAL_Driver/Src/stm32l4xx_hal_spi.o
 .debug_info    0x00011f28     0x33df Drivers/STM32L4xx_HAL_Driver/Src/stm32l4xx_hal_tim.o
 .debug_info    0x00015307     0x177b Drivers/STM32L4xx_HAL_Driver/Src/stm32l4xx_hal_tim_ex.o
 .debug_info    0x00016a82     0x1d7a Drivers/STM32L4xx_HAL_Driver/Src/stm32l4xx_hal_uart.o
 .debug_info    0x000187fc      0xb1c Src/LSM303D.o
 .debug_info    0x00019318     0x12f5 Src/adc.o
 .debug_info    0x0001a60d      0xbc9 Src/dac.o
 .debug_info    0x0001b1d6      0x782 Src/dma.o
 .debug_info    0x0001b958      0x7f5 Src/gpio.o
 .debug_info    0x0001c14d     0x1a80 Src/hist.o
 .debug_info    0x0001dbcd      0xc35 Src/i2c.o
 .debug_info    0x0001e802      0x652 Src/interface_AD5668.o
 .debug_info    0x0001ee54      0x474 Src/interface_AD8400.o
 .debug_info    0x0001f2c8     0x1f16 Src/interface_ADT7410.o
 .debug_info    0x000211de     0x208c Src/interface_LMX2486.o
 .debug_info    0x0002326a     0x46c5 Src/main.o
 .debug_info    0x0002792f       0x26 Src/my_FUN.o
 .debug_info    0x00027955     0x1a71 Src/pid_DOPLER_FREQ.o
 .debug_info    0x000293c6     0x1a71 Src/pid_MICROWAVE.o
 .debug_info    0x0002ae37      0x13e Src/pid_cell.o
 .debug_info    0x0002af75      0x13e Src/pid_dopler_crnt.o
 .debug_info    0x0002b0b3      0x13e Src/pid_dopler_tec.o
 .debug_info    0x0002b1f1      0x13e Src/pid_freq.o
 .debug_info    0x0002b32f     0x1a71 Src/pid_optics_pwr.o
 .debug_info    0x0002cda0      0x13e Src/pid_tec_ctrl.o
 .debug_info    0x0002cede      0xcf3 Src/spi.o
 .debug_info    0x0002dbd1      0x4c8 Src/stm32l4xx_hal_msp.o
 .debug_info    0x0002e099     0x3272 Src/stm32l4xx_it.o
 .debug_info    0x0003130b      0x6fc Src/system_stm32l4xx.o
 .debug_info    0x00031a07     0x1988 Src/tim.o
 .debug_info    0x0003338f      0xe9b Src/usart.o
 .debug_info    0x0003422a     0x2793 Src/usart_protocol.o
 .debug_info    0x000369bd     0x2f60 Src/var.o
 .debug_info    0x0003991d       0x22 startup/startup_stm32l476xx.o
