Archive member included to satisfy reference by file (symbol)

c:/ac6/systemworkbench/plugins/fr.ac6.mcu.externaltools.arm-none.win32_1.17.0.201812190825/tools/compiler/bin/../lib/gcc/arm-none-eabi/7.3.1/thumb/v7e-m/fpv4-sp/hard\libgcc.a(_arm_addsubdf3.o)
                              Src/interface_LMX2486.o (__aeabi_dsub)
c:/ac6/systemworkbench/plugins/fr.ac6.mcu.externaltools.arm-none.win32_1.17.0.201812190825/tools/compiler/bin/../lib/gcc/arm-none-eabi/7.3.1/thumb/v7e-m/fpv4-sp/hard\libgcc.a(_arm_muldivdf3.o)
                              Src/interface_LMX2486.o (__aeabi_dmul)
c:/ac6/systemworkbench/plugins/fr.ac6.mcu.externaltools.arm-none.win32_1.17.0.201812190825/tools/compiler/bin/../lib/gcc/arm-none-eabi/7.3.1/thumb/v7e-m/fpv4-sp/hard\libgcc.a(_arm_cmpdf2.o)
                              Src/interface_LMX2486.o (__aeabi_dcmpeq)
c:/ac6/systemworkbench/plugins/fr.ac6.mcu.externaltools.arm-none.win32_1.17.0.201812190825/tools/compiler/bin/../lib/gcc/arm-none-eabi/7.3.1/thumb/v7e-m/fpv4-sp/hard\libgcc.a(_arm_fixdfsi.o)
                              Src/interface_LMX2486.o (__aeabi_d2iz)
c:/ac6/systemworkbench/plugins/fr.ac6.mcu.externaltools.arm-none.win32_1.17.0.201812190825/tools/compiler/bin/../lib/gcc/arm-none-eabi/7.3.1/thumb/v7e-m/fpv4-sp/hard\libgcc.a(_arm_truncdfsf2.o)
                              Src/main.o (__aeabi_d2f)
c:/ac6/systemworkbench/plugins/fr.ac6.mcu.externaltools.arm-none.win32_1.17.0.201812190825/tools/compiler/bin/../lib/gcc/arm-none-eabi/7.3.1/thumb/v7e-m/fpv4-sp/hard\libgcc.a(_aeabi_ldivmod.o)
                              Src/interface_LMX2486.o (__aeabi_ldivmod)
c:/ac6/systemworkbench/plugins/fr.ac6.mcu.externaltools.arm-none.win32_1.17.0.201812190825/tools/compiler/bin/../lib/gcc/arm-none-eabi/7.3.1/thumb/v7e-m/fpv4-sp/hard\libgcc.a(_aeabi_uldivmod.o)
                              Drivers/STM32L4xx_HAL_Driver/Src/stm32l4xx_hal_uart.o (__aeabi_uldivmod)
c:/ac6/systemworkbench/plugins/fr.ac6.mcu.externaltools.arm-none.win32_1.17.0.201812190825/tools/compiler/bin/../lib/gcc/arm-none-eabi/7.3.1/thumb/v7e-m/fpv4-sp/hard\libgcc.a(_fixdfdi.o)
                              Src/interface_LMX2486.o (__aeabi_d2lz)
c:/ac6/systemworkbench/plugins/fr.ac6.mcu.externaltools.arm-none.win32_1.17.0.201812190825/tools/compiler/bin/../lib/gcc/arm-none-eabi/7.3.1/thumb/v7e-m/fpv4-sp/hard\libgcc.a(_fixunsdfdi.o)
                              c:/ac6/systemworkbench/plugins/fr.ac6.mcu.externaltools.arm-none.win32_1.17.0.201812190825/tools/compiler/bin/../lib/gcc/arm-none-eabi/7.3.1/thumb/v7e-m/fpv4-sp/hard\libgcc.a(_fixdfdi.o) (__aeabi_d2ulz)
c:/ac6/systemworkbench/plugins/fr.ac6.mcu.externaltools.arm-none.win32_1.17.0.201812190825/tools/compiler/bin/../lib/gcc/arm-none-eabi/7.3.1/thumb/v7e-m/fpv4-sp/hard\libgcc.a(_udivmoddi4.o)
                              c:/ac6/systemworkbench/plugins/fr.ac6.mcu.externaltools.arm-none.win32_1.17.0.201812190825/tools/compiler/bin/../lib/gcc/arm-none-eabi/7.3.1/thumb/v7e-m/fpv4-sp/hard\libgcc.a(_aeabi_ldivmod.o) (__udivmoddi4)
c:/ac6/systemworkbench/plugins/fr.ac6.mcu.externaltools.arm-none.win32_1.17.0.201812190825/tools/compiler/bin/../lib/gcc/arm-none-eabi/7.3.1/thumb/v7e-m/fpv4-sp/hard\libgcc.a(_dvmd_tls.o)
                              c:/ac6/systemworkbench/plugins/fr.ac6.mcu.externaltools.arm-none.win32_1.17.0.201812190825/tools/compiler/bin/../lib/gcc/arm-none-eabi/7.3.1/thumb/v7e-m/fpv4-sp/hard\libgcc.a(_aeabi_ldivmod.o) (__aeabi_ldiv0)
c:/ac6/systemworkbench/plugins/fr.ac6.mcu.externaltools.arm-none.win32_1.17.0.201812190825/tools/compiler/bin/../lib/gcc/arm-none-eabi/7.3.1/thumb/v7e-m/fpv4-sp/hard\libgcc.a(_arm_fixunsdfsi.o)
                              c:/ac6/systemworkbench/plugins/fr.ac6.mcu.externaltools.arm-none.win32_1.17.0.201812190825/tools/compiler/bin/../lib/gcc/arm-none-eabi/7.3.1/thumb/v7e-m/fpv4-sp/hard\libgcc.a(_fixunsdfdi.o) (__aeabi_d2uiz)
c:/ac6/systemworkbench/plugins/fr.ac6.mcu.externaltools.arm-none.win32_1.17.0.201812190825/tools/compiler/bin/../lib/gcc/arm-none-eabi/7.3.1/../../../../arm-none-eabi/lib/thumb/v7e-m/fpv4-sp/hard\libc_nano.a(lib_a-errno.o)
                              Src/syscalls.o (__errno)
c:/ac6/systemworkbench/plugins/fr.ac6.mcu.externaltools.arm-none.win32_1.17.0.201812190825/tools/compiler/bin/../lib/gcc/arm-none-eabi/7.3.1/../../../../arm-none-eabi/lib/thumb/v7e-m/fpv4-sp/hard\libc_nano.a(lib_a-exit.o)
                              c:/ac6/systemworkbench/plugins/fr.ac6.mcu.externaltools.arm-none.win32_1.17.0.201812190825/tools/compiler/bin/../lib/gcc/arm-none-eabi/7.3.1/../../../../arm-none-eabi/lib/thumb/v7e-m/fpv4-sp/hard/crt0.o (exit)
c:/ac6/systemworkbench/plugins/fr.ac6.mcu.externaltools.arm-none.win32_1.17.0.201812190825/tools/compiler/bin/../lib/gcc/arm-none-eabi/7.3.1/../../../../arm-none-eabi/lib/thumb/v7e-m/fpv4-sp/hard\libc_nano.a(lib_a-impure.o)
[...]
Memory Configuration

Name             Origin             Length             Attributes
RAM              0x20000000         0x00018000         xrw
RAM2             0x10000000         0x00008000         xrw
FLASH            0x08000000         0x00040000         xr
*default*        0x00000000         0xffffffff

Linker script and memory map

LOAD c:/ac6/systemworkbench/plugins/fr.ac6.mcu.externaltools.arm-none.win32_1.17.0.201812190825/tools/compiler/bin/../lib/gcc/arm-none-eabi/7.3.1/thumb/v7e-m/fpv4-sp/hard/crti.o
LOAD c:/ac6/systemworkbench/plugins/fr.ac6.mcu.externaltools.arm-none.win32_1.17.0.201812190825/tools/compiler/bin/../lib/gcc/arm-none-eabi/7.3.1/thumb/v7e-m/fpv4-sp/hard/crtbegin.o
LOAD c:/ac6/systemworkbench/plugins/fr.ac6.mcu.externaltools.arm-none.win32_1.17.0.201812190825/tools/compiler/bin/../lib/gcc/arm-none-eabi/7.3.1/../../../../arm-none-eabi/lib/thumb/v7e-m/fpv4-sp/hard/crt0.o
LOAD Drivers/STM32L4xx_HAL_Driver/Src/stm32l4xx_hal.o
LOAD Drivers/STM32L4xx_HAL_Driver/Src/stm32l4xx_hal_adc.o
LOAD Drivers/STM32L4xx_HAL_Driver/Src/stm32l4xx_hal_adc_ex.o
LOAD Drivers/STM32L4xx_HAL_Driver/Src/stm32l4xx_hal_cortex.o
LOAD Drivers/STM32L4xx_HAL_Driver/Src/stm32l4xx_hal_dac.o
LOAD Drivers/STM32L4xx_HAL_Driver/Src/stm32l4xx_hal_dac_ex.o
LOAD Drivers/STM32L4xx_HAL_Driver/Src/stm32l4xx_hal_dma.o
LOAD Drivers/STM32L4xx_HAL_Driver/Src/stm32l4xx_hal_dma_ex.o
LOAD Drivers/STM32L4xx_HAL_Driver/Src/stm32l4xx_hal_exti.o
LOAD Drivers/STM32L4xx_HAL_Driver/Src/stm32l4xx_hal_flash.o
LOAD Drivers/STM32L4xx_HAL_Driver/Src/stm32l4xx_hal_flash_ex.o
LOAD Drivers/STM32L4xx_HAL_Driver/Src/stm32l4xx_hal_flash_ramfunc.o
LOAD Drivers/STM32L4xx_HAL_Driver/Src/stm32l4xx_hal_gpio.o
LOAD Drivers/STM32L4xx_HAL_Driver/Src/stm32l4xx_hal_i2c.o
LOAD Drivers/STM32L4xx_HAL_Driver/Src/stm32l4xx_hal_i2c_ex.o
LOAD Drivers/STM32L4xx_HAL_Driver/Src/stm32l4xx_hal_pwr.o
LOAD Drivers/STM32L4xx_HAL_Driver/Src/stm32l4xx_hal_pwr_ex.o
LOAD Drivers/STM32L4xx_HAL_Driver/Src/stm32l4xx_hal_rcc.o
LOAD Drivers/STM32L4xx_HAL_Driver/Src/stm32l4xx_hal_rcc_ex.o
LOAD Drivers/STM32L4xx_HAL_Driver/Src/stm32l4xx_hal_spi.o
LOAD Drivers/STM32L4xx_HAL_Driver/Src/stm32l4xx_hal_spi_ex.o
LOAD Drivers/STM32L4xx_HAL_Driver/Src/stm32l4xx_hal_tim.o
LOAD Drivers/STM32L4xx_HAL_Driver/Src/stm32l4xx_hal_tim_ex.o
LOAD Drivers/STM32L4xx_HAL_Driver/Src/stm32l4xx_hal_uart.o
LOAD Drivers/STM32L4xx_HAL_Driver/Src/stm32l4xx_hal_uart_ex.o
LOAD Src/LSM303D.o
LOAD Src/adc.o
LOAD Src/dac.o
LOAD Src/dma.o
LOAD Src/gpio.o
LOAD Src/hist.o
LOAD Src/i2c.o
LOAD Src/interface_AD5668.o
LOAD Src/interface_AD8400.o
LOAD Src/interface_ADT7410.o
LOAD Src/interface_LMX2486.o
LOAD Src/main.o
LOAD Src/my_FUN.o
LOAD Src/my_FUN_.o
LOAD Src/my_tst_1.o
LOAD Src/pid_DOPLER_FREQ.o
LOAD Src/pid_MICROWAVE.o
LOAD Src/pid_cell.o
LOAD Src/pid_dopler_crnt.o
LOAD Src/pid_dopler_tec.o
LOAD Src/pid_freq.o
LOAD Src/pid_optics_pwr.o
LOAD Src/pid_tec_ctrl.o
LOAD Src/spi.o
LOAD Src/stm32l4xx_hal_msp.o
LOAD Src/stm32l4xx_it.o
LOAD Src/syscalls.o
LOAD Src/system_stm32l4xx.o
LOAD Src/tim.o
LOAD Src/usart.o
LOAD Src/usart_protocol.o
LOAD Src/var.o
LOAD startup/startup_stm32l476xx.o
LOAD c:/ac6/systemworkbench/plugins/fr.ac6.mcu.externaltools.arm-none.win32_1.17.0.201812190825/tools/compiler/bin/../lib/gcc/arm-none-eabi/7.3.1/../../../../arm-none-eabi/lib/thumb/v7e-m/fpv4-sp/hard\libm.a
START GROUP
LOAD c:/ac6/systemworkbench/plugins/fr.ac6.mcu.externaltools.arm-none.win32_1.17.0.201812190825/tools/compiler/bin/../lib/gcc/arm-none-eabi/7.3.1/thumb/v7e-m/fpv4-sp/hard\libgcc.a
LOAD c:/ac6/systemworkbench/plugins/fr.ac6.mcu.externaltools.arm-none.win32_1.17.0.201812190825/tools/compiler/bin/../lib/gcc/arm-none-eabi/7.3.1/../../../../arm-none-eabi/lib/thumb/v7e-m/fpv4-sp/hard\libc_nano.a
END GROUP
START GROUP
LOAD c:/ac6/systemworkbench/plugins/fr.ac6.mcu.externaltools.arm-none.win32_1.17.0.201812190825/tools/compiler/bin/../lib/gcc/arm-none-eabi/7.3.1/thumb/v7e-m/fpv4-sp/hard\libgcc.a
LOAD c:/ac6/systemworkbench/plugins/fr.ac6.mcu.externaltools.arm-none.win32_1.17.0.201812190825/tools/compiler/bin/../lib/gcc/arm-none-eabi/7.3.1/../../../../arm-none-eabi/lib/thumb/v7e-m/fpv4-sp/hard\libc_nano.a
LOAD c:/ac6/systemworkbench/plugins/fr.ac6.mcu.externaltools.arm-none.win32_1.17.0.201812190825/tools/compiler/bin/../lib/gcc/arm-none-eabi/7.3.1/../../../../arm-none-eabi/lib/thumb/v7e-m/fpv4-sp/hard\libnosys.a
END GROUP
START GROUP
LOAD c:/ac6/systemworkbench/plugins/fr.ac6.mcu.externaltools.arm-none.win32_1.17.0.201812190825/tools/compiler/bin/../lib/gcc/arm-none-eabi/7.3.1/thumb/v7e-m/fpv4-sp/hard\libgcc.a
LOAD c:/ac6/systemworkbench/plugins/fr.ac6.mcu.externaltools.arm-none.win32_1.17.0.201812190825/tools/compiler/bin/../lib/gcc/arm-none-eabi/7.3.1/../../../../arm-none-eabi/lib/thumb/v7e-m/fpv4-sp/hard\libc_nano.a
LOAD c:/ac6/systemworkbench/plugins/fr.ac6.mcu.externaltools.arm-none.win32_1.17.0.201812190825/tools/compiler/bin/../lib/gcc/arm-none-eabi/7.3.1/../../../../arm-none-eabi/lib/thumb/v7e-m/fpv4-sp/hard\libnosys.a
END GROUP
LOAD c:/ac6/systemworkbench/plugins/fr.ac6.mcu.externaltools.arm-none.win32_1.17.0.201812190825/tools/compiler/bin/../lib/gcc/arm-none-eabi/7.3.1/thumb/v7e-m/fpv4-sp/hard/crtend.o
LOAD c:/ac6/systemworkbench/plugins/fr.ac6.mcu.externaltools.arm-none.win32_1.17.0.201812190825/tools/compiler/bin/../lib/gcc/arm-none-eabi/7.3.1/thumb/v7e-m/fpv4-sp/hard/crtn.o
                0x20018000                _estack = 0x20018000
                0x00000200                _Min_Heap_Size = 0x200
                0x00000400                _Min_Stack_Size = 0x400

.isr_vector     0x08000000      0x188
                0x08000000                . = ALIGN (0x8)
 *(.isr_vector)
 .isr_vector    0x08000000      0x188 startup/startup_stm32l476xx.o
                0x08000000                g_pfnVectors
                0x08000188                . = ALIGN (0x8)

.text           0x08000188     0xb1b8
                0x08000188                . = ALIGN (0x8)
 *(.text)
 .text          0x08000188       0x40 c:/ac6/systemworkbench/plugins/fr.ac6.mcu.externaltools.arm-none.win32_1.17.0.201812190825/tools/compiler/bin/../lib/gcc/arm-none-eabi/7.3.1/thumb/v7e-m/fpv4-sp/hard/crtbegin.o
 .text          0x080001c8      0x580 Src/my_FUN.o
                0x080001c8                my_0x0000FFFF
                0x080001cc                my_DataADC1_0
                0x080001f4                my_DataADC2_0
                0x0800021c                my_DataADC2_2
                0x080002bc                my_DataADC2_3
                0x08000338                my_F1
                0x0800038e                my_F2
                0x080003fa                my_F1F2
                0x080004a6                my_F1F2_P
                0x08000544                my_F2F1
                0x0800060e                my_F2F1_P
                0x080006c8                my_F1_F2
 .text          0x08000748      0x378 c:/ac6/systemworkbench/plugins/fr.ac6.mcu.externaltools.arm-none.win32_1.17.0.201812190825/tools/compiler/bin/../lib/gcc/arm-none-eabi/7.3.1/thumb/v7e-m/fpv4-sp/hard\libgcc.a(_arm_addsubdf3.o)
                0x08000748                __aeabi_drsub
                0x08000750                __aeabi_dsub
                0x08000750                __subdf3
                0x08000754                __aeabi_dadd
                0x08000754                __adddf3
                0x080009cc                __floatunsidf
                0x080009cc                __aeabi_ui2d
                0x080009ec                __floatsidf
                0x080009ec                __aeabi_i2d
                0x08000a10                __aeabi_f2d
                0x08000a10                __extendsfdf2
                0x08000a54                __floatundidf
                0x08000a54                __aeabi_ul2d
                0x08000a64                __floatdidf
                0x08000a64                __aeabi_l2d
 .text          0x08000ac0      0x424 c:/ac6/systemworkbench/plugins/fr.ac6.mcu.externaltools.arm-none.win32_1.17.0.201812190825/tools/compiler/bin/../lib/gcc/arm-none-eabi/7.3.1/thumb/v7e-m/fpv4-sp/hard\libgcc.a(_arm_muldivdf3.o)
                0x08000ac0                __aeabi_dmul
                0x08000ac0                __muldf3
                0x08000d14                __divdf3
                0x08000d14                __aeabi_ddiv
 .text          0x08000ee4       0xa0 c:/ac6/systemworkbench/plugins/fr.ac6.mcu.externaltools.arm-none.win32_1.17.0.201812190825/tools/compiler/bin/../lib/gcc/arm-none-eabi/7.3.1/thumb/v7e-m/fpv4-sp/hard\libgcc.a(_arm_truncdfsf2.o)
                0x08000ee4                __truncdfsf2
                0x08000ee4                __aeabi_d2f
 .text          0x08000f84       0x30 c:/ac6/systemworkbench/plugins/fr.ac6.mcu.externaltools.arm-none.win32_1.17.0.201812190825/tools/compiler/bin/../lib/gcc/arm-none-eabi/7.3.1/thumb/v7e-m/fpv4-sp/hard\libgcc.a(_aeabi_uldivmod.o)
                0x08000f84                __aeabi_uldivmod
 .text          0x08000fb4      0x2cc c:/ac6/systemworkbench/plugins/fr.ac6.mcu.externaltools.arm-none.win32_1.17.0.201812190825/tools/compiler/bin/../lib/gcc/arm-none-eabi/7.3.1/thumb/v7e-m/fpv4-sp/hard\libgcc.a(_udivmoddi4.o)
                0x08000fb4                __udivmoddi4
 .text          0x08001280        0x4 c:/ac6/systemworkbench/plugins/fr.ac6.mcu.externaltools.arm-none.win32_1.17.0.201812190825/tools/compiler/bin/../lib/gcc/arm-none-eabi/7.3.1/thumb/v7e-m/fpv4-sp/hard\libgcc.a(_dvmd_tls.o)
                0x08001280                __aeabi_idiv0
                0x08001280                __aeabi_ldiv0
 *(.text*)
 .text.HAL_InitTick
                0x08001284       0x4c Drivers/STM32L4xx_HAL_Driver/Src/stm32l4xx_hal.o
                0x08001284                HAL_InitTick
 .text.HAL_Init
                0x080012d0       0x1e Drivers/STM32L4xx_HAL_Driver/Src/stm32l4xx_hal.o
                0x080012d0                HAL_Init
 *fill*         0x080012ee        0x2 
 .text.HAL_IncTick
                0x080012f0       0x18 Drivers/STM32L4xx_HAL_Driver/Src/stm32l4xx_hal.o
                0x080012f0                HAL_IncTick
 .text.HAL_GetTick
                0x08001308        0xc Drivers/STM32L4xx_HAL_Driver/Src/stm32l4xx_hal.o
                0x08001308                HAL_GetTick
 .text.HAL_Delay
                0x08001314       0x28 Drivers/STM32L4xx_HAL_Driver/Src/stm32l4xx_hal.o
                0x08001314                HAL_Delay
 .text.HAL_ADC_Init
                0x0800133c      0x218 Drivers/STM32L4xx_HAL_Driver/Src/stm32l4xx_hal_adc.o
                0x0800133c                HAL_ADC_Init
 .text.HAL_ADC_ConvCpltCallback
                0x08001554        0x2 Drivers/STM32L4xx_HAL_Driver/Src/stm32l4xx_hal_adc.o
                0x08001554                HAL_ADC_ConvCpltCallback
 .text.HAL_ADC_ConvHalfCpltCallback
                0x08001556        0x2 Drivers/STM32L4xx_HAL_Driver/Src/stm32l4xx_hal_adc.o
                0x08001556                HAL_ADC_ConvHalfCpltCallback
 .text.ADC_DMAHalfConvCplt
                0x08001558        0xa Drivers/STM32L4xx_HAL_Driver/Src/stm32l4xx_hal_adc.o
                0x08001558                ADC_DMAHalfConvCplt
 .text.HAL_ADC_ErrorCallback
                0x08001562        0x2 Drivers/STM32L4xx_HAL_Driver/Src/stm32l4xx_hal_adc.o
                0x08001562                HAL_ADC_ErrorCallback
 .text.ADC_DMAConvCplt
                0x08001564       0x88 Drivers/STM32L4xx_HAL_Driver/Src/stm32l4xx_hal_adc.o
                0x08001564                ADC_DMAConvCplt
 .text.ADC_DMAError
                0x080015ec       0x1a Drivers/STM32L4xx_HAL_Driver/Src/stm32l4xx_hal_adc.o
                0x080015ec                ADC_DMAError
 *fill*         0x08001606        0x2 
 .text.HAL_ADC_ConfigChannel
                0x08001608      0x450 Drivers/STM32L4xx_HAL_Driver/Src/stm32l4xx_hal_adc.o
                0x08001608                HAL_ADC_ConfigChannel
 .text.ADC_Enable
                0x08001a58       0x90 Drivers/STM32L4xx_HAL_Driver/Src/stm32l4xx_hal_adc.o
                0x08001a58                ADC_Enable
 .text.HAL_ADC_Start_DMA
                0x08001ae8      0x108 Drivers/STM32L4xx_HAL_Driver/Src/stm32l4xx_hal_adc.o
                0x08001ae8                HAL_ADC_Start_DMA
 .text.ADC_Disable
                0x08001bf0       0x8e Drivers/STM32L4xx_HAL_Driver/Src/stm32l4xx_hal_adc.o
                0x08001bf0                ADC_Disable
 .text.HAL_ADCEx_Calibration_Start
                0x08001c7e       0x9c Drivers/STM32L4xx_HAL_Driver/Src/stm32l4xx_hal_adc_ex.o
                0x08001c7e                HAL_ADCEx_Calibration_Start
 .text.HAL_ADCEx_Calibration_GetValue
                0x08001d1a       0x16 Drivers/STM32L4xx_HAL_Driver/Src/stm32l4xx_hal_adc_ex.o
                0x08001d1a                HAL_ADCEx_Calibration_GetValue
 .text.HAL_ADCEx_Calibration_SetValue
                0x08001d30       0x82 Drivers/STM32L4xx_HAL_Driver/Src/stm32l4xx_hal_adc_ex.o
                0x08001d30                HAL_ADCEx_Calibration_SetValue
 *fill*         0x08001db2        0x2 
 .text.HAL_ADCEx_MultiModeConfigChannel
                0x08001db4      0x148 Drivers/STM32L4xx_HAL_Driver/Src/stm32l4xx_hal_adc_ex.o
                0x08001db4                HAL_ADCEx_MultiModeConfigChannel
 .text.HAL_NVIC_SetPriorityGrouping
                0x08001efc       0x24 Drivers/STM32L4xx_HAL_Driver/Src/stm32l4xx_hal_cortex.o
                0x08001efc                HAL_NVIC_SetPriorityGrouping
 .text.HAL_NVIC_SetPriority
                0x08001f20       0x68 Drivers/STM32L4xx_HAL_Driver/Src/stm32l4xx_hal_cortex.o
                0x08001f20                HAL_NVIC_SetPriority
 .text.HAL_NVIC_EnableIRQ
                0x08001f88       0x1c Drivers/STM32L4xx_HAL_Driver/Src/stm32l4xx_hal_cortex.o
                0x08001f88                HAL_NVIC_EnableIRQ
 .text.HAL_SYSTICK_Config
                0x08001fa4       0x2c Drivers/STM32L4xx_HAL_Driver/Src/stm32l4xx_hal_cortex.o
                0x08001fa4                HAL_SYSTICK_Config
 .text.HAL_DAC_Init
                0x08001fd0       0x24 Drivers/STM32L4xx_HAL_Driver/Src/stm32l4xx_hal_dac.o
                0x08001fd0                HAL_DAC_Init
 .text.HAL_DAC_Start
                0x08001ff4       0x60 Drivers/STM32L4xx_HAL_Driver/Src/stm32l4xx_hal_dac.o
                0x08001ff4                HAL_DAC_Start
 .text.HAL_DAC_ConfigChannel
                0x08002054      0x136 Drivers/STM32L4xx_HAL_Driver/Src/stm32l4xx_hal_dac.o
                0x08002054                HAL_DAC_ConfigChannel
 .text.DMA_SetConfig
                0x0800218a       0x30 Drivers/STM32L4xx_HAL_Driver/Src/stm32l4xx_hal_dma.o
 *fill*         0x080021ba        0x2 
 .text.HAL_DMA_Init
                0x080021bc       0xf8 Drivers/STM32L4xx_HAL_Driver/Src/stm32l4xx_hal_dma.o
                0x080021bc                HAL_DMA_Init
 .text.HAL_DMA_Start_IT
                0x080022b4       0x76 Drivers/STM32L4xx_HAL_Driver/Src/stm32l4xx_hal_dma.o
                0x080022b4                HAL_DMA_Start_IT
 .text.HAL_DMA_IRQHandler
                0x0800232a       0xc4 Drivers/STM32L4xx_HAL_Driver/Src/stm32l4xx_hal_dma.o
                0x0800232a                HAL_DMA_IRQHandler
 *fill*         0x080023ee        0x2 
 .text.HAL_GPIO_Init
                0x080023f0      0x1d4 Drivers/STM32L4xx_HAL_Driver/Src/stm32l4xx_hal_gpio.o
                0x080023f0                HAL_GPIO_Init
 .text.HAL_GPIO_WritePin
                0x080025c4        0xa Drivers/STM32L4xx_HAL_Driver/Src/stm32l4xx_hal_gpio.o
                0x080025c4                HAL_GPIO_WritePin
 .text.I2C_Flush_TXDR
                0x080025ce       0x22 Drivers/STM32L4xx_HAL_Driver/Src/stm32l4xx_hal_i2c.o
 .text.I2C_TransferConfig
                0x080025f0       0x36 Drivers/STM32L4xx_HAL_Driver/Src/stm32l4xx_hal_i2c.o
 .text.I2C_IsAcknowledgeFailed
                0x08002626       0x90 Drivers/STM32L4xx_HAL_Driver/Src/stm32l4xx_hal_i2c.o
 .text.I2C_WaitOnTXISFlagUntilTimeout
                0x080026b6       0x56 Drivers/STM32L4xx_HAL_Driver/Src/stm32l4xx_hal_i2c.o
 .text.I2C_WaitOnFlagUntilTimeout
                0x0800270c       0x52 Drivers/STM32L4xx_HAL_Driver/Src/stm32l4xx_hal_i2c.o
 *fill*         0x0800275e        0x2 
 .text.I2C_RequestMemoryWrite
                0x08002760       0x70 Drivers/STM32L4xx_HAL_Driver/Src/stm32l4xx_hal_i2c.o
 .text.I2C_WaitOnSTOPFlagUntilTimeout
                0x080027d0       0x50 Drivers/STM32L4xx_HAL_Driver/Src/stm32l4xx_hal_i2c.o
 .text.I2C_WaitOnRXNEFlagUntilTimeout
                0x08002820       0x98 Drivers/STM32L4xx_HAL_Driver/Src/stm32l4xx_hal_i2c.o
 .text.HAL_I2C_Init
                0x080028b8       0xbc Drivers/STM32L4xx_HAL_Driver/Src/stm32l4xx_hal_i2c.o
                0x080028b8                HAL_I2C_Init
 .text.HAL_I2C_Master_Transmit
                0x08002974      0x17c Drivers/STM32L4xx_HAL_Driver/Src/stm32l4xx_hal_i2c.o
                0x08002974                HAL_I2C_Master_Transmit
 .text.HAL_I2C_Master_Receive
                0x08002af0      0x17c Drivers/STM32L4xx_HAL_Driver/Src/stm32l4xx_hal_i2c.o
                0x08002af0                HAL_I2C_Master_Receive
 .text.HAL_I2C_Mem_Write
                0x08002c6c      0x1a4 Drivers/STM32L4xx_HAL_Driver/Src/stm32l4xx_hal_i2c.o
                0x08002c6c                HAL_I2C_Mem_Write
 .text.HAL_I2CEx_ConfigAnalogFilter
                0x08002e10       0x5c Drivers/STM32L4xx_HAL_Driver/Src/stm32l4xx_hal_i2c_ex.o
                0x08002e10                HAL_I2CEx_ConfigAnalogFilter
 .text.HAL_I2CEx_ConfigDigitalFilter
                0x08002e6c       0x58 Drivers/STM32L4xx_HAL_Driver/Src/stm32l4xx_hal_i2c_ex.o
                0x08002e6c                HAL_I2CEx_ConfigDigitalFilter
 .text.HAL_PWREx_GetVoltageRange
                0x08002ec4       0x10 Drivers/STM32L4xx_HAL_Driver/Src/stm32l4xx_hal_pwr_ex.o
                0x08002ec4                HAL_PWREx_GetVoltageRange
 .text.HAL_PWREx_ControlVoltageScaling
                0x08002ed4       0x90 Drivers/STM32L4xx_HAL_Driver/Src/stm32l4xx_hal_pwr_ex.o
                0x08002ed4                HAL_PWREx_ControlVoltageScaling
 .text.RCC_SetFlashLatencyFromMSIRange
                0x08002f64       0x90 Drivers/STM32L4xx_HAL_Driver/Src/stm32l4xx_hal_rcc.o
 .text.HAL_RCC_GetSysClockFreq
                0x08002ff4       0xb4 Drivers/STM32L4xx_HAL_Driver/Src/stm32l4xx_hal_rcc.o
                0x08002ff4                HAL_RCC_GetSysClockFreq
 .text.HAL_RCC_OscConfig
                0x080030a8      0x5dc Drivers/STM32L4xx_HAL_Driver/Src/stm32l4xx_hal_rcc.o
                0x080030a8                HAL_RCC_OscConfig
 .text.HAL_RCC_ClockConfig
                0x08003684      0x158 Drivers/STM32L4xx_HAL_Driver/Src/stm32l4xx_hal_rcc.o
                0x08003684                HAL_RCC_ClockConfig
 .text.HAL_RCC_GetHCLKFreq
                0x080037dc        0xc Drivers/STM32L4xx_HAL_Driver/Src/stm32l4xx_hal_rcc.o
                0x080037dc                HAL_RCC_GetHCLKFreq
 .text.HAL_RCC_GetPCLK1Freq
                0x080037e8       0x24 Drivers/STM32L4xx_HAL_Driver/Src/stm32l4xx_hal_rcc.o
                0x080037e8                HAL_RCC_GetPCLK1Freq
 .text.HAL_RCC_GetPCLK2Freq
                0x0800380c       0x24 Drivers/STM32L4xx_HAL_Driver/Src/stm32l4xx_hal_rcc.o
                0x0800380c                HAL_RCC_GetPCLK2Freq
 .text.RCCEx_PLLSAI1_Config
                0x08003830      0x170 Drivers/STM32L4xx_HAL_Driver/Src/stm32l4xx_hal_rcc_ex.o
 .text.RCCEx_PLLSAI2_Config
                0x080039a0      0x14c Drivers/STM32L4xx_HAL_Driver/Src/stm32l4xx_hal_rcc_ex.o
 .text.HAL_RCCEx_PeriphCLKConfig
                0x08003aec      0x450 Drivers/STM32L4xx_HAL_Driver/Src/stm32l4xx_hal_rcc_ex.o
                0x08003aec                HAL_RCCEx_PeriphCLKConfig
 .text.HAL_SPI_Init
                0x08003f3c       0xb0 Drivers/STM32L4xx_HAL_Driver/Src/stm32l4xx_hal_spi.o
                0x08003f3c                HAL_SPI_Init
 .text.TIM_OC1_SetConfig
                0x08003fec       0x9c Drivers/STM32L4xx_HAL_Driver/Src/stm32l4xx_hal_tim.o
 .text.TIM_OC3_SetConfig
                0x08004088       0x8c Drivers/STM32L4xx_HAL_Driver/Src/stm32l4xx_hal_tim.o
 .text.TIM_OC4_SetConfig
                0x08004114       0x6c Drivers/STM32L4xx_HAL_Driver/Src/stm32l4xx_hal_tim.o
 .text.TIM_OC5_SetConfig
                0x08004180       0x68 Drivers/STM32L4xx_HAL_Driver/Src/stm32l4xx_hal_tim.o
 .text.TIM_OC6_SetConfig
                0x080041e8       0x6c Drivers/STM32L4xx_HAL_Driver/Src/stm32l4xx_hal_tim.o
 .text.TIM_TI1_ConfigInputStage
                0x08004254       0x26 Drivers/STM32L4xx_HAL_Driver/Src/stm32l4xx_hal_tim.o
 .text.TIM_TI2_SetConfig
                0x0800427a       0x34 Drivers/STM32L4xx_HAL_Driver/Src/stm32l4xx_hal_tim.o
 .text.TIM_TI2_ConfigInputStage
                0x080042ae       0x28 Drivers/STM32L4xx_HAL_Driver/Src/stm32l4xx_hal_tim.o
 .text.TIM_TI3_SetConfig
                0x080042d6       0x32 Drivers/STM32L4xx_HAL_Driver/Src/stm32l4xx_hal_tim.o
 .text.TIM_TI4_SetConfig
                0x08004308       0x34 Drivers/STM32L4xx_HAL_Driver/Src/stm32l4xx_hal_tim.o
 .text.TIM_ITRx_SetConfig
                0x0800433c       0x10 Drivers/STM32L4xx_HAL_Driver/Src/stm32l4xx_hal_tim.o
 .text.HAL_TIM_Base_Start
                0x0800434c       0x30 Drivers/STM32L4xx_HAL_Driver/Src/stm32l4xx_hal_tim.o
                0x0800434c                HAL_TIM_Base_Start
 .text.HAL_TIM_PWM_MspInit
                0x0800437c        0x2 Drivers/STM32L4xx_HAL_Driver/Src/stm32l4xx_hal_tim.o
                0x0800437c                HAL_TIM_PWM_MspInit
 .text.HAL_TIM_IC_MspInit
                0x0800437e        0x2 Drivers/STM32L4xx_HAL_Driver/Src/stm32l4xx_hal_tim.o
                0x0800437e                HAL_TIM_IC_MspInit
 .text.HAL_TIM_PeriodElapsedCallback
                0x08004380        0x2 Drivers/STM32L4xx_HAL_Driver/Src/stm32l4xx_hal_tim.o
                0x08004380                HAL_TIM_PeriodElapsedCallback
 .text.HAL_TIM_OC_DelayElapsedCallback
                0x08004382        0x2 Drivers/STM32L4xx_HAL_Driver/Src/stm32l4xx_hal_tim.o
                0x08004382                HAL_TIM_OC_DelayElapsedCallback
 .text.HAL_TIM_IC_CaptureCallback
                0x08004384        0x2 Drivers/STM32L4xx_HAL_Driver/Src/stm32l4xx_hal_tim.o
                0x08004384                HAL_TIM_IC_CaptureCallback
 .text.HAL_TIM_PWM_PulseFinishedCallback
                0x08004386        0x2 Drivers/STM32L4xx_HAL_Driver/Src/stm32l4xx_hal_tim.o
                0x08004386                HAL_TIM_PWM_PulseFinishedCallback
 .text.HAL_TIM_TriggerCallback
                0x08004388        0x2 Drivers/STM32L4xx_HAL_Driver/Src/stm32l4xx_hal_tim.o
                0x08004388                HAL_TIM_TriggerCallback
 .text.HAL_TIM_IRQHandler
                0x0800438a      0x19a Drivers/STM32L4xx_HAL_Driver/Src/stm32l4xx_hal_tim.o
                0x0800438a                HAL_TIM_IRQHandler
 .text.TIM_Base_SetConfig
                0x08004524       0xc8 Drivers/STM32L4xx_HAL_Driver/Src/stm32l4xx_hal_tim.o
                0x08004524                TIM_Base_SetConfig
 .text.HAL_TIM_Base_Init
                0x080045ec       0x32 Drivers/STM32L4xx_HAL_Driver/Src/stm32l4xx_hal_tim.o
                0x080045ec                HAL_TIM_Base_Init
 .text.HAL_TIM_PWM_Init
                0x0800461e       0x32 Drivers/STM32L4xx_HAL_Driver/Src/stm32l4xx_hal_tim.o
                0x0800461e                HAL_TIM_PWM_Init
 .text.HAL_TIM_IC_Init
                0x08004650       0x32 Drivers/STM32L4xx_HAL_Driver/Src/stm32l4xx_hal_tim.o
                0x08004650                HAL_TIM_IC_Init
 *fill*         0x08004682        0x2 
 .text.TIM_OC2_SetConfig
                0x08004684       0x8c Drivers/STM32L4xx_HAL_Driver/Src/stm32l4xx_hal_tim.o
                0x08004684                TIM_OC2_SetConfig
 .text.HAL_TIM_PWM_ConfigChannel
                0x08004710      0x134 Drivers/STM32L4xx_HAL_Driver/Src/stm32l4xx_hal_tim.o
                0x08004710                HAL_TIM_PWM_ConfigChannel
 .text.TIM_TI1_SetConfig
                0x08004844       0x70 Drivers/STM32L4xx_HAL_Driver/Src/stm32l4xx_hal_tim.o
                0x08004844                TIM_TI1_SetConfig
 .text.HAL_TIM_IC_ConfigChannel
                0x080048b4       0xc0 Drivers/STM32L4xx_HAL_Driver/Src/stm32l4xx_hal_tim.o
                0x080048b4                HAL_TIM_IC_ConfigChannel
 .text.TIM_ETR_SetConfig
                0x08004974       0x18 Drivers/STM32L4xx_HAL_Driver/Src/stm32l4xx_hal_tim.o
                0x08004974                TIM_ETR_SetConfig
 .text.HAL_TIM_ConfigClockSource
                0x0800498c       0xdc Drivers/STM32L4xx_HAL_Driver/Src/stm32l4xx_hal_tim.o
                0x0800498c                HAL_TIM_ConfigClockSource
 .text.TIM_SlaveTimer_SetConfig
                0x08004a68       0x8e Drivers/STM32L4xx_HAL_Driver/Src/stm32l4xx_hal_tim.o
 .text.HAL_TIM_SlaveConfigSynchro
                0x08004af6       0x58 Drivers/STM32L4xx_HAL_Driver/Src/stm32l4xx_hal_tim.o
                0x08004af6                HAL_TIM_SlaveConfigSynchro
 .text.TIM_CCxChannelCmd
                0x08004b4e       0x22 Drivers/STM32L4xx_HAL_Driver/Src/stm32l4xx_hal_tim.o
                0x08004b4e                TIM_CCxChannelCmd
 .text.HAL_TIM_IC_Start
                0x08004b70       0x30 Drivers/STM32L4xx_HAL_Driver/Src/stm32l4xx_hal_tim.o
                0x08004b70                HAL_TIM_IC_Start
 .text.HAL_TIMEx_MasterConfigSynchronization
                0x08004ba0       0x64 Drivers/STM32L4xx_HAL_Driver/Src/stm32l4xx_hal_tim_ex.o
                0x08004ba0                HAL_TIMEx_MasterConfigSynchronization
 .text.HAL_TIMEx_ConfigBreakDeadTime
                0x08004c04       0x90 Drivers/STM32L4xx_HAL_Driver/Src/stm32l4xx_hal_tim_ex.o
                0x08004c04                HAL_TIMEx_ConfigBreakDeadTime
 .text.HAL_TIMEx_CommutCallback
                0x08004c94        0x2 Drivers/STM32L4xx_HAL_Driver/Src/stm32l4xx_hal_tim_ex.o
                0x08004c94                HAL_TIMEx_CommutCallback
 .text.HAL_TIMEx_BreakCallback
                0x08004c96        0x2 Drivers/STM32L4xx_HAL_Driver/Src/stm32l4xx_hal_tim_ex.o
                0x08004c96                HAL_TIMEx_BreakCallback
 .text.HAL_TIMEx_Break2Callback
                0x08004c98        0x2 Drivers/STM32L4xx_HAL_Driver/Src/stm32l4xx_hal_tim_ex.o
                0x08004c98                HAL_TIMEx_Break2Callback
 *fill*         0x08004c9a        0x2 
 .text.UART_SetConfig
                0x08004c9c      0x424 Drivers/STM32L4xx_HAL_Driver/Src/stm32l4xx_hal_uart.o
                0x08004c9c                UART_SetConfig
 .text.UART_AdvFeatureConfig
                0x080050c0       0xca Drivers/STM32L4xx_HAL_Driver/Src/stm32l4xx_hal_uart.o
                0x080050c0                UART_AdvFeatureConfig
 .text.UART_WaitOnFlagUntilTimeout
                0x0800518a       0x60 Drivers/STM32L4xx_HAL_Driver/Src/stm32l4xx_hal_uart.o
                0x0800518a                UART_WaitOnFlagUntilTimeout
 .text.UART_CheckIdleState
                0x080051ea       0x6c Drivers/STM32L4xx_HAL_Driver/Src/stm32l4xx_hal_uart.o
                0x080051ea                UART_CheckIdleState
 .text.HAL_UART_Init
                0x08005256       0x62 Drivers/STM32L4xx_HAL_Driver/Src/stm32l4xx_hal_uart.o
                0x08005256                HAL_UART_Init
 .text.LSM303D_Initialize
                0x080052b8       0x8c Src/LSM303D.o
                0x080052b8                LSM303D_Initialize
 .text.MX_ADC1_Init
                0x08005344      0x104 Src/adc.o
                0x08005344                MX_ADC1_Init
 .text.MX_ADC2_Init
                0x08005448       0xe4 Src/adc.o
                0x08005448                MX_ADC2_Init
 .text.HAL_ADC_MspInit
                0x0800552c      0x1bc Src/adc.o
                0x0800552c                HAL_ADC_MspInit
 .text.MX_DAC1_Init
                0x080056e8       0x4c Src/dac.o
                0x080056e8                MX_DAC1_Init
 .text.HAL_DAC_MspInit
                0x08005734       0x60 Src/dac.o
                0x08005734                HAL_DAC_MspInit
 .text.MX_DMA_Init
                0x08005794       0x44 Src/dma.o
                0x08005794                MX_DMA_Init
 .text.MX_GPIO_Init
                0x080057d8      0x160 Src/gpio.o
                0x080057d8                MX_GPIO_Init
 .text.HIST     0x08005938       0xac Src/hist.o
                0x08005938                HIST
 .text.MX_I2C3_Init
                0x080059e4       0x60 Src/i2c.o
                0x080059e4                MX_I2C3_Init
 .text.HAL_I2C_MspInit
                0x08005a44       0x6c Src/i2c.o
                0x08005a44                HAL_I2C_MspInit
 .text.AD5668_SetValue
                0x08005ab0      0x114 Src/interface_AD5668.o
                0x08005ab0                AD5668_SetValue
 .text.AD5668_WriteValue
                0x08005bc4      0x110 Src/interface_AD5668.o
                0x08005bc4                AD5668_WriteValue
 .text.AD5668_Reset
                0x08005cd4       0xec Src/interface_AD5668.o
                0x08005cd4                AD5668_Reset
 .text.AD5668_Init
                0x08005dc0       0xf0 Src/interface_AD5668.o
                0x08005dc0                AD5668_Init
 .text.AD8400_SetValue
                0x08005eb0       0xac Src/interface_AD8400.o
                0x08005eb0                AD8400_SetValue
 .text.InitTEMP
                0x08005f5c       0x70 Src/interface_ADT7410.o
                0x08005f5c                InitTEMP
 .text.GetTEMP  0x08005fcc       0x5c Src/interface_ADT7410.o
                0x08005fcc                GetTEMP
 .text.LMX2486_SendData
                0x08006028       0xc4 Src/interface_LMX2486.o
                0x08006028                LMX2486_SendData
 .text.LMX2486_Init
                0x080060ec       0xb4 Src/interface_LMX2486.o
                0x080060ec                LMX2486_Init
 .text.LMX2486_SetFreq
                0x080061a0       0x64 Src/interface_LMX2486.o
                0x080061a0                LMX2486_SetFreq
 .text.Error_Handler
                0x08006204        0x2 Src/main.o
                0x08006204                Error_Handler
 .text.SystemClock_Config
                0x08006206       0xa8 Src/main.o
                0x08006206                SystemClock_Config
 *fill*         0x080062ae        0x2 
 .text.main     0x080062b0      0xcc4 Src/main.o
                0x080062b0                main
 .text.my_DataADC2_1_
                0x08006f74       0x24 Src/my_FUN_.o
                0x08006f74                my_DataADC2_1_
 .text.my_DataADC2_2_
                0x08006f98       0x78 Src/my_FUN_.o
                0x08006f98                my_DataADC2_2_
 .text.my_F1_   0x08007010       0x40 Src/my_FUN_.o
                0x08007010                my_F1_
 .text.my_F2_   0x08007050       0x68 Src/my_FUN_.o
                0x08007050                my_F2_
 .text.my_F1F2_
                0x080070b8       0xa4 Src/my_FUN_.o
                0x080070b8                my_F1F2_
 .text.my_F2F1_
                0x0800715c       0xcc Src/my_FUN_.o
                0x0800715c                my_F2F1_
 .text.my_F1_F2_
                0x08007228       0x3c Src/my_FUN_.o
                0x08007228                my_F1_F2_
 .text.Reset_DOPLER_FREQ_PID
                0x08007264       0x1c Src/pid_DOPLER_FREQ.o
                0x08007264                Reset_DOPLER_FREQ_PID
 .text.Compute_DOPLER_FREQ_PID
                0x08007280       0xc8 Src/pid_DOPLER_FREQ.o
                0x08007280                Compute_DOPLER_FREQ_PID
 .text.Reset_MICROWAVE_PID
                0x08007348       0x1c Src/pid_MICROWAVE.o
                0x08007348                Reset_MICROWAVE_PID
 .text.Compute_MICROWAVE_PID
                0x08007364       0xc8 Src/pid_MICROWAVE.o
                0x08007364                Compute_MICROWAVE_PID
 .text.Reset_CELL_PID
                0x0800742c       0x1c Src/pid_cell.o
                0x0800742c                Reset_CELL_PID
 .text.Compute_CELL_PID
                0x08007448       0xc4 Src/pid_cell.o
                0x08007448                Compute_CELL_PID
 .text.Reset_DOPLER_CRNT_PID
                0x0800750c       0x1c Src/pid_dopler_crnt.o
                0x0800750c                Reset_DOPLER_CRNT_PID
 .text.Compute_DOPLER_CRNT_PID
                0x08007528       0xc8 Src/pid_dopler_crnt.o
                0x08007528                Compute_DOPLER_CRNT_PID
 .text.Reset_DOPLER_TEC_PID
                0x080075f0       0x1c Src/pid_dopler_tec.o
                0x080075f0                Reset_DOPLER_TEC_PID
 .text.Compute_DOPLER_TEC_PID
                0x0800760c       0xc8 Src/pid_dopler_tec.o
                0x0800760c                Compute_DOPLER_TEC_PID
 .text.Reset_FREQ_PID
                0x080076d4       0x1c Src/pid_freq.o
                0x080076d4                Reset_FREQ_PID
 .text.Compute_FREQ_PID
                0x080076f0       0xc8 Src/pid_freq.o
                0x080076f0                Compute_FREQ_PID
 .text.Reset_OPTICS_PWR_PID
                0x080077b8       0x2c Src/pid_optics_pwr.o
                0x080077b8                Reset_OPTICS_PWR_PID
 .text.Compute_OPTICS_PWR_PID
                0x080077e4       0xc8 Src/pid_optics_pwr.o
                0x080077e4                Compute_OPTICS_PWR_PID
 .text.Compute_TECCTRL_PID
                0x080078ac       0xc8 Src/pid_tec_ctrl.o
                0x080078ac                Compute_TECCTRL_PID
 .text.MX_SPI1_Init
                0x08007974       0x4c Src/spi.o
                0x08007974                MX_SPI1_Init
 .text.MX_SPI2_Init
                0x080079c0       0x4c Src/spi.o
                0x080079c0                MX_SPI2_Init
 .text.MX_SPI3_Init
                0x08007a0c       0x4c Src/spi.o
                0x08007a0c                MX_SPI3_Init
 .text.HAL_SPI_MspInit
                0x08007a58      0x108 Src/spi.o
                0x08007a58                HAL_SPI_MspInit
 .text.HAL_MspInit
                0x08007b60       0x30 Src/stm32l4xx_hal_msp.o
                0x08007b60                HAL_MspInit
 .text.NMI_Handler
                0x08007b90        0x2 Src/stm32l4xx_it.o
                0x08007b90                NMI_Handler
 .text.HardFault_Handler
                0x08007b92        0x2 Src/stm32l4xx_it.o
                0x08007b92                HardFault_Handler
 .text.MemManage_Handler
                0x08007b94        0x2 Src/stm32l4xx_it.o
                0x08007b94                MemManage_Handler
 .text.BusFault_Handler
                0x08007b96        0x2 Src/stm32l4xx_it.o
                0x08007b96                BusFault_Handler
 .text.UsageFault_Handler
                0x08007b98        0x2 Src/stm32l4xx_it.o
                0x08007b98                UsageFault_Handler
 .text.SVC_Handler
                0x08007b9a        0x2 Src/stm32l4xx_it.o
                0x08007b9a                SVC_Handler
 .text.DebugMon_Handler
                0x08007b9c        0x2 Src/stm32l4xx_it.o
                0x08007b9c                DebugMon_Handler
 .text.PendSV_Handler
                0x08007b9e        0x2 Src/stm32l4xx_it.o
                0x08007b9e                PendSV_Handler
 .text.SysTick_Handler
                0x08007ba0       0x1c Src/stm32l4xx_it.o
                0x08007ba0                SysTick_Handler
 .text.DMA1_Channel1_IRQHandler
                0x08007bbc       0xb0 Src/stm32l4xx_it.o
                0x08007bbc                DMA1_Channel1_IRQHandler
 .text.DMA1_Channel2_IRQHandler
                0x08007c6c       0xbc Src/stm32l4xx_it.o
                0x08007c6c                DMA1_Channel2_IRQHandler
 .text.TIM4_IRQHandler
                0x08007d28       0x4c Src/stm32l4xx_it.o
                0x08007d28                TIM4_IRQHandler
 .text.USART3_IRQHandler
                0x08007d74      0x110 Src/stm32l4xx_it.o
                0x08007d74                USART3_IRQHandler
 .text.EXTI0_IRQHandler
                0x08007e84     0x20f4 Src/stm32l4xx_it.o
                0x08007e84                EXTI0_IRQHandler
 .text.SystemInit
                0x08009f78       0x48 Src/system_stm32l4xx.o
                0x08009f78                SystemInit
 .text.MX_TIM2_Init
                0x08009fc0       0x94 Src/tim.o
                0x08009fc0                MX_TIM2_Init
 .text.MX_TIM17_Init
                0x0800a054       0x68 Src/tim.o
                0x0800a054                MX_TIM17_Init
 .text.HAL_TIM_Base_MspInit
                0x0800a0bc      0x114 Src/tim.o
                0x0800a0bc                HAL_TIM_Base_MspInit
 .text.HAL_TIM_MspPostInit
                0x0800a1d0       0xfc Src/tim.o
                0x0800a1d0                HAL_TIM_MspPostInit
 .text.MX_TIM1_Init
                0x0800a2cc      0x100 Src/tim.o
                0x0800a2cc                MX_TIM1_Init
 .text.MX_TIM3_Init
                0x0800a3cc       0xd8 Src/tim.o
                0x0800a3cc                MX_TIM3_Init
 .text.MX_TIM4_Init
                0x0800a4a4       0xb8 Src/tim.o
                0x0800a4a4                MX_TIM4_Init
 .text.MX_TIM8_Init
                0x0800a55c      0x124 Src/tim.o
                0x0800a55c                MX_TIM8_Init
 .text.MX_USART3_UART_Init
                0x0800a680       0x38 Src/usart.o
                0x0800a680                MX_USART3_UART_Init
 .text.HAL_UART_MspInit
                0x0800a6b8       0x7c Src/usart.o
                0x0800a6b8                HAL_UART_MspInit
 .text.USART_GetByte
                0x0800a734       0x4c Src/usart_protocol.o
                0x0800a734                USART_GetByte
 .text.USART_SendByte
                0x0800a780       0x44 Src/usart_protocol.o
                0x0800a780                USART_SendByte
 .text.USART_SendString
                0x0800a7c4       0x1a Src/usart_protocol.o
                0x0800a7c4                USART_SendString
 .text.EraseStr
                0x0800a7de       0x2c Src/usart_protocol.o
                0x0800a7de                EraseStr
 .text.unpackFloat
                0x0800a80a       0x22 Src/usart_protocol.o
                0x0800a80a                unpackFloat
 .text.packFloat
                0x0800a82c       0x1a Src/usart_protocol.o
                0x0800a82c                packFloat
 *fill*         0x0800a846        0x2 
 .text.SendPkgData
                0x0800a848       0x44 Src/usart_protocol.o
                0x0800a848                SendPkgData
 .text.GetCmdID
                0x0800a88c      0x11c Src/usart_protocol.o
                0x0800a88c                GetCmdID
 .text.SetValueFloat
                0x0800a9a8       0x2c Src/usart_protocol.o
                0x0800a9a8                SetValueFloat
 .text.SetOptionPID
                0x0800a9d4       0x68 Src/usart_protocol.o
                0x0800a9d4                SetOptionPID
 .text.GetOptionPID
                0x0800aa3c       0x40 Src/usart_protocol.o
                0x0800aa3c                GetOptionPID
 .text.ComputeCmd
                0x0800aa7c      0x7fc Src/usart_protocol.o
                0x0800aa7c                ComputeCmd
 .text.Reset_Handler
                0x0800b278       0x50 startup/startup_stm32l476xx.o
                0x0800b278                Reset_Handler
 .text.Default_Handler
                0x0800b2c8        0x2 startup/startup_stm32l476xx.o
                0x0800b2c8                RTC_Alarm_IRQHandler
                0x0800b2c8                EXTI2_IRQHandler
                0x0800b2c8                TIM8_TRG_COM_IRQHandler
                0x0800b2c8                TIM8_CC_IRQHandler
                0x0800b2c8                TIM1_CC_IRQHandler
                0x0800b2c8                TSC_IRQHandler
                0x0800b2c8                TAMP_STAMP_IRQHandler
                0x0800b2c8                EXTI3_IRQHandler
                0x0800b2c8                LPTIM2_IRQHandler
                0x0800b2c8                DFSDM1_FLT1_IRQHandler
                0x0800b2c8                I2C3_ER_IRQHandler
                0x0800b2c8                DFSDM1_FLT2_IRQHandler
                0x0800b2c8                I2C2_EV_IRQHandler
                0x0800b2c8                CAN1_RX0_IRQHandler
                0x0800b2c8                FPU_IRQHandler
                0x0800b2c8                TIM1_UP_TIM16_IRQHandler
                0x0800b2c8                ADC1_2_IRQHandler
                0x0800b2c8                SPI1_IRQHandler
                0x0800b2c8                TIM6_DAC_IRQHandler
                0x0800b2c8                TIM8_UP_IRQHandler
                0x0800b2c8                DMA2_Channel2_IRQHandler
                0x0800b2c8                DMA1_Channel4_IRQHandler
                0x0800b2c8                SAI2_IRQHandler
                0x0800b2c8                DFSDM1_FLT3_IRQHandler
                0x0800b2c8                DMA1_Channel7_IRQHandler
                0x0800b2c8                CAN1_RX1_IRQHandler
                0x0800b2c8                LCD_IRQHandler
                0x0800b2c8                UART5_IRQHandler
                0x0800b2c8                ADC3_IRQHandler
                0x0800b2c8                DMA2_Channel1_IRQHandler
                0x0800b2c8                QUADSPI_IRQHandler
                0x0800b2c8                I2C1_EV_IRQHandler
                0x0800b2c8                DMA1_Channel6_IRQHandler
                0x0800b2c8                UART4_IRQHandler
                0x0800b2c8                DMA2_Channel4_IRQHandler
                0x0800b2c8                TIM3_IRQHandler
                0x0800b2c8                RCC_IRQHandler
                0x0800b2c8                Default_Handler
                0x0800b2c8                DMA2_Channel7_IRQHandler
                0x0800b2c8                EXTI15_10_IRQHandler
                0x0800b2c8                TIM7_IRQHandler
                0x0800b2c8                SDMMC1_IRQHandler
                0x0800b2c8                TIM5_IRQHandler
                0x0800b2c8                I2C3_EV_IRQHandler
                0x0800b2c8                EXTI9_5_IRQHandler
                0x0800b2c8                RTC_WKUP_IRQHandler
                0x0800b2c8                PVD_PVM_IRQHandler
                0x0800b2c8                SPI2_IRQHandler
                0x0800b2c8                CAN1_TX_IRQHandler
                0x0800b2c8                DMA2_Channel5_IRQHandler
                0x0800b2c8                DMA1_Channel5_IRQHandler
                0x0800b2c8                EXTI4_IRQHandler
                0x0800b2c8                RNG_IRQHandler
                0x0800b2c8                TIM1_TRG_COM_TIM17_IRQHandler
                0x0800b2c8                DMA1_Channel3_IRQHandler
                0x0800b2c8                COMP_IRQHandler
                0x0800b2c8                WWDG_IRQHandler
                0x0800b2c8                LPUART1_IRQHandler
                0x0800b2c8                DMA2_Channel6_IRQHandler
                0x0800b2c8                TIM2_IRQHandler
                0x0800b2c8                EXTI1_IRQHandler
                0x0800b2c8                USART2_IRQHandler
                0x0800b2c8                DFSDM1_FLT0_IRQHandler
                0x0800b2c8                I2C2_ER_IRQHandler
                0x0800b2c8                TIM8_BRK_IRQHandler
                0x0800b2c8                CAN1_SCE_IRQHandler
                0x0800b2c8                FLASH_IRQHandler
                0x0800b2c8                USART1_IRQHandler
                0x0800b2c8                OTG_FS_IRQHandler
                0x0800b2c8                SPI3_IRQHandler
                0x0800b2c8                I2C1_ER_IRQHandler
                0x0800b2c8                FMC_IRQHandler
                0x0800b2c8                SWPMI1_IRQHandler
                0x0800b2c8                LPTIM1_IRQHandler
                0x0800b2c8                SAI1_IRQHandler
                0x0800b2c8                DMA2_Channel3_IRQHandler
                0x0800b2c8                TIM1_BRK_TIM15_IRQHandler
 *fill*         0x0800b2ca        0x2 
 .text.__libc_init_array
                0x0800b2cc       0x48 c:/ac6/systemworkbench/plugins/fr.ac6.mcu.externaltools.arm-none.win32_1.17.0.201812190825/tools/compiler/bin/../lib/gcc/arm-none-eabi/7.3.1/../../../../arm-none-eabi/lib/thumb/v7e-m/fpv4-sp/hard\libc_nano.a(lib_a-init.o)
                0x0800b2cc                __libc_init_array
 .text.memset   0x0800b314       0x10 c:/ac6/systemworkbench/plugins/fr.ac6.mcu.externaltools.arm-none.win32_1.17.0.201812190825/tools/compiler/bin/../lib/gcc/arm-none-eabi/7.3.1/../../../../arm-none-eabi/lib/thumb/v7e-m/fpv4-sp/hard\libc_nano.a(lib_a-memset.o)
                0x0800b314                memset
 *(.glue_7)
 .glue_7        0x0800b324        0x0 linker stubs
 *(.glue_7t)
 .glue_7t       0x0800b324        0x0 linker stubs
 *(.eh_frame)
 .eh_frame      0x0800b324        0x0 c:/ac6/systemworkbench/plugins/fr.ac6.mcu.externaltools.arm-none.win32_1.17.0.201812190825/tools/compiler/bin/../lib/gcc/arm-none-eabi/7.3.1/thumb/v7e-m/fpv4-sp/hard/crtbegin.o
 *(.init)
 .init          0x0800b324        0x4 c:/ac6/systemworkbench/plugins/fr.ac6.mcu.externaltools.arm-none.win32_1.17.0.201812190825/tools/compiler/bin/../lib/gcc/arm-none-eabi/7.3.1/thumb/v7e-m/fpv4-sp/hard/crti.o
                0x0800b324                _init
 .init          0x0800b328        0x8 c:/ac6/systemworkbench/plugins/fr.ac6.mcu.externaltools.arm-none.win32_1.17.0.201812190825/tools/compiler/bin/../lib/gcc/arm-none-eabi/7.3.1/thumb/v7e-m/fpv4-sp/hard/crtn.o
 *(.fini)
 .fini          0x0800b330        0x4 c:/ac6/systemworkbench/plugins/fr.ac6.mcu.externaltools.arm-none.win32_1.17.0.201812190825/tools/compiler/bin/../lib/gcc/arm-none-eabi/7.3.1/thumb/v7e-m/fpv4-sp/hard/crti.o
                0x0800b330                _fini
 .fini          0x0800b334        0x8 c:/ac6/systemworkbench/plugins/fr.ac6.mcu.externaltools.arm-none.win32_1.17.0.201812190825/tools/compiler/bin/../lib/gcc/arm-none-eabi/7.3.1/thumb/v7e-m/fpv4-sp/hard/crtn.o
                0x0800b340                . = ALIGN (0x8)
 *fill*         0x0800b33c        0x4 
                0x0800b340                _etext = .

.vfp11_veneer   0x0800b340        0x0
 .vfp11_veneer  0x0800b340        0x0 linker stubs

.v4_bx          0x0800b340        0x0
 .v4_bx         0x0800b340        0x0 linker stubs

.iplt           0x0800b340        0x0
 .iplt          0x0800b340        0x0 c:/ac6/systemworkbench/plugins/fr.ac6.mcu.externaltools.arm-none.win32_1.17.0.201812190825/tools/compiler/bin/../lib/gcc/arm-none-eabi/7.3.1/thumb/v7e-m/fpv4-sp/hard/crtbegin.o

.rodata         0x0800b340       0x48
                0x0800b340                . = ALIGN (0x8)
 *(.rodata)
 .rodata        0x0800b340       0x48 Src/system_stm32l4xx.o
                0x0800b340                MSIRangeTable
                0x0800b370                AHBPrescTable
                0x0800b380                APBPrescTable
 *(.rodata*)
                0x0800b388                . = ALIGN (0x8)

.ARM.extab      0x0800b388        0x0
                0x0800b388                . = ALIGN (0x8)
 *(.ARM.extab* .gnu.linkonce.armextab.*)
                0x0800b388                . = ALIGN (0x8)

.ARM            0x0800b388        0x8
                0x0800b388                . = ALIGN (0x8)
                0x0800b388                __exidx_start = .
 *(.ARM.exidx*)
 .ARM.exidx     0x0800b388        0x8 c:/ac6/systemworkbench/plugins/fr.ac6.mcu.externaltools.arm-none.win32_1.17.0.201812190825/tools/compiler/bin/../lib/gcc/arm-none-eabi/7.3.1/thumb/v7e-m/fpv4-sp/hard\libgcc.a(_udivmoddi4.o)
                0x0800b390                __exidx_end = .
                0x0800b390                . = ALIGN (0x8)

.rel.dyn        0x0800b390        0x0
 .rel.iplt      0x0800b390        0x0 c:/ac6/systemworkbench/plugins/fr.ac6.mcu.externaltools.arm-none.win32_1.17.0.201812190825/tools/compiler/bin/../lib/gcc/arm-none-eabi/7.3.1/thumb/v7e-m/fpv4-sp/hard/crtbegin.o

.preinit_array  0x0800b390        0x0
                0x0800b390                . = ALIGN (0x8)
                0x0800b390                PROVIDE (__preinit_array_start = .)
 *(.preinit_array*)
                0x0800b390                PROVIDE (__preinit_array_end = .)
                0x0800b390                . = ALIGN (0x8)

.init_array     0x0800b390        0x8
                0x0800b390                . = ALIGN (0x8)
                0x0800b390                PROVIDE (__init_array_start = .)
 *(SORT_BY_NAME(.init_array.*))
 *(.init_array*)
 .init_array    0x0800b390        0x4 c:/ac6/systemworkbench/plugins/fr.ac6.mcu.externaltools.arm-none.win32_1.17.0.201812190825/tools/compiler/bin/../lib/gcc/arm-none-eabi/7.3.1/thumb/v7e-m/fpv4-sp/hard/crtbegin.o
                0x0800b394                PROVIDE (__init_array_end = .)
                0x0800b398                . = ALIGN (0x8)
 *fill*         0x0800b394        0x4 

.fini_array     0x0800b398        0x8
                0x0800b398                . = ALIGN (0x8)
                [!provide]                PROVIDE (__fini_array_start = .)
 *(SORT_BY_NAME(.fini_array.*))
 *(.fini_array*)
 .fini_array    0x0800b398        0x4 c:/ac6/systemworkbench/plugins/fr.ac6.mcu.externaltools.arm-none.win32_1.17.0.201812190825/tools/compiler/bin/../lib/gcc/arm-none-eabi/7.3.1/thumb/v7e-m/fpv4-sp/hard/crtbegin.o
                [!provide]                PROVIDE (__fini_array_end = .)
                0x0800b3a0                . = ALIGN (0x8)
 *fill*         0x0800b39c        0x4 
                0x0800b3a0                _sidata = LOADADDR (.data)

.data           0x20000000      0x170 load address 0x0800b3a0
                0x20000000                . = ALIGN (0x8)
                0x20000000                _sdata = .
 *(.data)
 .data          0x20000000        0x8 Drivers/STM32L4xx_HAL_Driver/Src/stm32l4xx_hal.o
                0x20000000                uwTickFreq
                0x20000004                uwTickPrio
 .data          0x20000008        0x2 Src/hist.o
                0x20000008                max_diff
 *fill*         0x2000000a        0x2 
 .data          0x2000000c        0x4 Src/my_FUN.o
                0x2000000c                p_my_DMA2_Data
 .data          0x20000010       0x10 Src/pid_DOPLER_FREQ.o
                0x20000010                DOPLER_FREQ_factorKi
                0x20000014                DOPLER_FREQ_rangeMax
                0x20000018                DOPLER_FREQ_rangeMin
                0x2000001c                DOPLER_FREQ_factorKp
 .data          0x20000020       0x10 Src/pid_MICROWAVE.o
                0x20000020                MICROWAVE_factorKi
                0x20000024                MICROWAVE_rangeMax
                0x20000028                MICROWAVE_rangeMin
                0x2000002c                MICROWAVE_factorKp
 .data          0x20000030        0xc Src/pid_cell.o
                0x20000030                CELL_factorKi
                0x20000034                CELL_rangeMax
                0x20000038                CELL_factorKp
 .data          0x2000003c       0x10 Src/pid_dopler_crnt.o
                0x2000003c                DOPLER_CRNT_factorKi
                0x20000040                DOPLER_CRNT_rangeMax
                0x20000044                DOPLER_CRNT_rangeMin
                0x20000048                DOPLER_CRNT_factorKp
 .data          0x2000004c       0x10 Src/pid_dopler_tec.o
                0x2000004c                DOPLER_TEC_factorKi
                0x20000050                DOPLER_TEC_rangeMax
                0x20000054                DOPLER_TEC_rangeMin
                0x20000058                DOPLER_TEC_factorKp
 .data          0x2000005c       0x10 Src/pid_freq.o
                0x2000005c                FREQ_factorKi
                0x20000060                FREQ_rangeMax
                0x20000064                FREQ_rangeMin
                0x20000068                FREQ_factorKp
 .data          0x2000006c       0x10 Src/pid_optics_pwr.o
                0x2000006c                OPTICS_PWR_factorKi
                0x20000070                OPTICS_PWR_rangeMax
                0x20000074                OPTICS_PWR_rangeMin
                0x20000078                OPTICS_PWR_factorKp
 .data          0x2000007c       0x10 Src/pid_tec_ctrl.o
                0x2000007c                TECCTRL_factorKi
                0x20000080                TECCTRL_rangeMax
                0x20000084                TECCTRL_rangeMin
                0x20000088                TECCTRL_factorKp
 .data          0x2000008c        0x4 Src/system_stm32l4xx.o
                0x2000008c                SystemCoreClock
 .data          0x20000090       0xdc Src/var.o
                0x20000090                byteUSART
                0x20000094                count_OUT1_CPT_FREQ
                0x20000098                step_Freq_GNSS
                0x2000009c                flagUpdateCompute_FREQ_GNSS
                0x200000a0                count_OUT2_CPT_FREQ
                0x200000a4                count_OUT2_CPT_CRNT
                0x200000a8                count_OUT1_CPT_CRNT
                0x200000ac                count_OUT1_DOPLER_CRNT
                0x200000b0                count_SD2
                0x200000b4                count_OUT_0R
                0x200000b8                count_OUT_2R
                0x200000bc                count_OUT_3R
                0x200000c0                count_SD1
                0x200000c4                count_CONTR
                0x200000c8                count_OUT_1R
                0x200000cc                count_OUT_DC
                0x200000d0                MOD_CRNT_width
                0x200000d4                my_dat_2
                0x200000d8                my_dat_1
                0x200000dc                value_N_STEP_L
                0x200000e0                levelValueSensor_TempCell
                0x200000e4                levelTemp_D_CELL
                0x200000e8                levelTemp_CELL
                0x200000ec                timeLoopPID_MICROWAVE
                0x200000f0                timeLoopPID_TEC_CTRL
                0x200000f4                sigmaPID_CTRL
                0x200000f8                level_CONTR
                0x200000fc                statusLoopPID
                0x20000100                itemOptionLMX
                0x20000104                LMX_ShiftFreq
                0x20000108                LMX_ValueFD
                0x2000010c                LMX_ValueFN
                0x20000110                LMX_ValueN
                0x20000114                scanMax_UT2A
                0x20000118                scanStep_UT2A
                0x2000011c                scanMax_VY
                0x20000120                scanMin_VY
                0x20000124                scanStep_VY
                0x20000128                fixValue_UT1A
                0x2000012c                fixValue_U2R
                0x20000130                fixValue_VY
                0x20000134                value_OutFactor
                0x20000138                value_RFI
                0x2000013c                value_DTX
                0x20000140                value_L1
                0x20000144                value_VT1
                0x20000148                value_U2R_D
                0x2000014c                value_U2R
                0x20000150                value_VY
                0x20000154                value_UT2A
                0x20000158                value_UT1A
                0x2000015c                my_alarm
                0x20000160                var_my_ADC2
                0x20000164                itemWork
                0x20000168                ID_keyTest
 *(.data*)
                0x20000170                . = ALIGN (0x8)
 *fill*         0x2000016c        0x4 
                0x20000170                _edata = .

.igot.plt       0x20000170        0x0 load address 0x0800b510
 .igot.plt      0x20000170        0x0 c:/ac6/systemworkbench/plugins/fr.ac6.mcu.externaltools.arm-none.win32_1.17.0.201812190825/tools/compiler/bin/../lib/gcc/arm-none-eabi/7.3.1/thumb/v7e-m/fpv4-sp/hard/crtbegin.o

my_section_2    0x20000170       0x28 load address 0x0800b510
 my_section_2   0x20000170       0x28 Src/my_FUN.o
                0x20000170                p_my_DMA2_Data_F0
                0x20000174                p_my_DMA2_Data_F1
                0x20000178                p_my_DMA2_Data_F2
                0x2000017c                p_my_DMA2_Data_F1_F2
                0x20000180                p_my_F2F1_rez
                0x20000184                p_my_F1F2_rez
                0x20000188                p_sum_OUT_2R
                0x2000018c                p_sum_OUT_0R
                0x20000190                p_rez_OUT_2R
                0x20000194                p_sum_SD2
                0x20000198                . = ALIGN (0x4)

.bss            0x20000198     0x8be4 load address 0x0800b538
                0x20000198                _sbss = .
                0x20000198                __bss_start__ = _sbss
 *(.bss)
 .bss           0x20000198       0x1c c:/ac6/systemworkbench/plugins/fr.ac6.mcu.externaltools.arm-none.win32_1.17.0.201812190825/tools/compiler/bin/../lib/gcc/arm-none-eabi/7.3.1/thumb/v7e-m/fpv4-sp/hard/crtbegin.o
 .bss           0x200001b4        0x4 Src/adc.o
 .bss           0x200001b8       0x14 Src/hist.o
                0x200001b8                flagHist
                0x200001bc                no
                0x200001c0                num_sec_Hist
                0x200001c4                b_buf_HIST
                0x200001c8                numPosHist
 .bss           0x200001cc       0x10 Src/interface_AD5668.o
 .bss           0x200001dc       0x10 Src/main.o
 .bss           0x200001ec       0x20 Src/pid_DOPLER_FREQ.o
                0x200001ec                DOPLER_FREQ_valueP
                0x200001f0                DOPLER_FREQ_valueI
                0x200001f4                DOPLER_FREQ_valueD
                0x200001f8                DOPLER_FREQ_valueS
                0x200001fc                DOPLER_FREQ_nowValue
                0x20000200                DOPLER_FREQ_backValue
                0x20000204                DOPLER_FREQ_flagRun
                0x20000208                DOPLER_FREQ_factorKd
 .bss           0x2000020c       0x20 Src/pid_MICROWAVE.o
                0x2000020c                MICROWAVE_valueP
                0x20000210                MICROWAVE_valueI
                0x20000214                MICROWAVE_valueD
                0x20000218                MICROWAVE_valueS
                0x2000021c                MICROWAVE_nowValue
                0x20000220                MICROWAVE_backValue
                0x20000224                MICROWAVE_flagRun
                0x20000228                MICROWAVE_factorKd
 .bss           0x2000022c       0x24 Src/pid_cell.o
                0x2000022c                CELL_valueP
                0x20000230                CELL_valueI
                0x20000234                CELL_valueD
                0x20000238                CELL_valueS
                0x2000023c                CELL_nowValue
                0x20000240                CELL_backValue
                0x20000244                CELL_flagRun
                0x20000248                CELL_rangeMin
                0x2000024c                CELL_factorKd
 .bss           0x20000250       0x20 Src/pid_dopler_crnt.o
                0x20000250                DOPLER_CRNT_valueP
                0x20000254                DOPLER_CRNT_valueI
                0x20000258                DOPLER_CRNT_valueD
                0x2000025c                DOPLER_CRNT_valueS
                0x20000260                DOPLER_CRNT_nowValue
                0x20000264                DOPLER_CRNT_backValue
                0x20000268                DOPLER_CRNT_flagRun
                0x2000026c                DOPLER_CRNT_factorKd
 .bss           0x20000270       0x20 Src/pid_dopler_tec.o
                0x20000270                DOPLER_TEC_valueP
                0x20000274                DOPLER_TEC_valueI
                0x20000278                DOPLER_TEC_valueD
                0x2000027c                DOPLER_TEC_valueS
                0x20000280                DOPLER_TEC_nowValue
                0x20000284                DOPLER_TEC_backValue
                0x20000288                DOPLER_TEC_flagRun
                0x2000028c                DOPLER_TEC_factorKd
 .bss           0x20000290       0x20 Src/pid_freq.o
                0x20000290                FREQ_valueP
                0x20000294                FREQ_valueI
                0x20000298                FREQ_valueD
                0x2000029c                FREQ_valueS
                0x200002a0                FREQ_nowValue
                0x200002a4                FREQ_backValue
                0x200002a8                FREQ_flagRun
                0x200002ac                FREQ_factorKd
 .bss           0x200002b0       0x20 Src/pid_optics_pwr.o
                0x200002b0                OPTICS_PWR_valueP
                0x200002b4                OPTICS_PWR_valueI
                0x200002b8                OPTICS_PWR_valueD
                0x200002bc                OPTICS_PWR_valueS
                0x200002c0                OPTICS_PWR_nowValue
                0x200002c4                OPTICS_PWR_backValue
                0x200002c8                OPTICS_PWR_flagRun
                0x200002cc                OPTICS_PWR_factorKd
 .bss           0x200002d0       0x20 Src/pid_tec_ctrl.o
                0x200002d0                TECCTRL_valueP
                0x200002d4                TECCTRL_valueI
                0x200002d8                TECCTRL_valueD
                0x200002dc                TECCTRL_valueS
                0x200002e0                TECCTRL_nowValue
                0x200002e4                TECCTRL_backValue
                0x200002e8                TECCTRL_flagRun
                0x200002ec                TECCTRL_factorKd
 .bss           0x200002f0      0x1c4 Src/stm32l4xx_it.o
 .bss           0x200004b4      0x161 Src/usart_protocol.o
 *fill*         0x20000615        0x3 
 .bss           0x20000618      0x7a4 Src/var.o
                0x20000618                cmdID
                0x2000061c                lengthBufferCmd
                0x2000061e                USART_rx_buffer_overflow
                0x20000620                USART_rx_rd_index
                0x20000622                USART_rx_wr_index
                0x20000624                USART_rx_count
                0x20000626                USART_tx_buffer_overflow
                0x20000628                USART_tx_rd_index
                0x2000062a                USART_tx_wr_index
                0x2000062c                USART_tx_count
                0x20000630                DEBUG_item_VT1
                0x20000634                DEBUG_item_RFI
                0x20000638                DEBUG_item_DTX
                0x2000063c                DEBUG_item_VY
                0x20000640                DEBUG_maxDWT3
                0x20000644                DEBUG_maxDWT2
                0x20000648                DEBUG_maxDWT1
                0x2000064c                fixValue_CPT_FREQ
                0x20000650                result_OUT1_CPT_FREQ
                0x20000668                flagUpdateCompute_OUT1_CPT_FREQ
                0x2000066c                index_OUT1_CPT_FREQ
                0x20000670                sum_OUT1_CPT_FREQ
                0x20000688                shift_Freq_GNSS_I
                0x2000068c                shift_Freq_GNSS
                0x20000690                shift_Lin_Freq
                0x20000694                b_Start_Shift_Freq
                0x20000698                shift_OUT2_FREQ
                0x2000069c                result_OUT2_CPT_FREQ_CPT
                0x200006a0                result_OUT2_CPT_FREQ
                0x200006b8                flagStartCompute_FREQ_GNSS
                0x200006b9                flagUpdateCompute_OUT2_CPT_FREQ
                0x200006bc                index_OUT2_CPT_FREQ
                0x200006c0                sum_OUT2_CPT_FREQ
                0x200006d8                delta_DOPLER_DC
                0x200006dc                result_OUT2_CPT_CRNT_DOPLER
                0x200006e0                result_OUT2_CRNT_2
                0x200006f4                result_OUT2_CPT_CRNT
                0x20000708                result_OUT1_CPT_CRNT_DOPLER
                0x2000070c                result_OUT1_CRNT_2
                0x20000720                result_OUT1_CPT_CRNT
                0x20000734                flagUpdateCompute_OUT2_CPT_CRNT
                0x20000738                index_OUT2_CPT_CRNT
                0x2000073c                index_OUT1_CPT_CRNT
                0x20000740                sum_OUT2_CRNT_2
                0x20000754                sum_OUT1_CRNT_2
                0x20000768                sum_OUT2_CPT_CRNT
                0x2000077c                sum_OUT1_CPT_CRNT
                0x20000790                fixValue_OUT1_DOPLER_CRNT
                0x20000794                result_OUT1_DOPLER_CRNT
                0x20000798                flagUpdateCompute_OUT1_DOPLER_CRNT
                0x2000079c                sum_OUT1_DOPLER_CRNT
                0x200007a4                shift_OUT2_DOPLER_CRNT
                0x200007a8                fixValue_OUT2_CPT
                0x200007ac                flagUpdateCompute_OUT2_CPT
                0x200007b0                index_SD2
                0x200007b4                index_OUT_0R
                0x200007b8                index_OUT_2R
                0x200007bc                index_OUT_3R
                0x200007c0                index_SD1
                0x200007c4                index_CONTR
                0x200007c8                index_OUT_1N
                0x200007cc                index_OUT_DC
                0x200007d0                avrResult_OUT_0RN
                0x200007d4                avrResult_OUT2_DC
                0x200007d8                avrResult_SD2
                0x200007dc                avrResult_OUT_0R_
                0x200007e0                avrResult_OUT_0R
                0x200007e4                avrResult_OUT_2R
                0x200007e8                startResult_OUT_3R
                0x200007ec                avrResult_OUT_3R
                0x200007f0                avrResult_SD1_
                0x200007f4                avrResult_SD1
                0x200007f8                avrResult_CONTR
                0x200007fc                avrResult_OUT_1R
                0x20000800                avrResult_OUT_1A
                0x20000804                avrResult_OUT_1N
                0x20000808                avrResult_OUT_DC
                0x2000080c                fix_avrResult_OUT_DC
                0x20000810                p_sum_OUT_3R
                0x20000814                p_sum_SD1
                0x20000818                p_sum_CONTR
                0x2000081c                p_sum_OUT_1R
                0x20000820                p_sum_OUT_DC
                0x20000824                rez_OUT_2R
                0x20000828                sum_OUT_0RN
                0x2000082c                sum_OUT_2RN
                0x20000830                sum_SD2_
                0x20000834                sum_OUT_0R_
                0x20000838                sum_OUT_2R_
                0x2000083c                sum_SD2
                0x20000840                sum_OUT_1A
                0x20000844                sum_OUT_1N
                0x20000848                sum_OUT_0R
                0x2000084c                sum_OUT_2R
                0x20000850                sum_OUT_3R
                0x20000854                sum_SD1
                0x20000858                sum_CONTR
                0x2000085c                sum_OUT_DC
                0x20000860                itemMOD_FREQ
                0x20000864                itemMOD_CRNT
                0x20000868                itemPartResultDMA1_ADC2
                0x20000869                itemPartResultDMA1_ADC1
                0x2000086c                sum_ampl_Data_F1_F2_
                0x20000870                sum_ampl_Data_F2_
                0x20000874                sum_ampl_Data_F1_
                0x20000878                sum_ampl_Data_F0_
                0x2000087c                numPos
                0x20000880                pkgPos
                0x20000884                num_corr_TEST_ADC_2
                0x20000888                corr_TEST_ADC_2
                0x2000088c                corr_12_TEST_ADC_2
                0x20000890                corr_2_TEST_ADC_2
                0x20000894                corr_1_TEST_ADC_2
                0x20000898                b_buf_TEST_ADC_2
                0x20000899                b_buf_TEST_ADC_3
                0x2000089a                b_F2F1_rezult
                0x2000089c                my_F1F2_rez_A
                0x200008a0                my_F2F1_rez_A
                0x200008a4                my_Data_F1_F2
                0x200008a8                my_Data_F2
                0x200008ac                my_Data_F1
                0x200008b0                my_Data_F0
                0x200008b8                my_DMA2_tst_Data
                0x20000c78                resultAverage_SENSOR_TempCell
                0x20000c7c                tickDelayUpdateTempCell
                0x20000c80                TempCellIsCorrect
                0x20000c84                value_Temp_D_Cell
                0x20000c88                value_TempCell
                0x20000c8c                iT__n
                0x20000c90                iT4__
                0x20000c94                iT3__
                0x20000c98                iT2__
                0x20000c9c                iT1__
                0x20000ca0                iF0
                0x20000ca4                b_eq
                0x20000ca5                b_MESSAGE
                0x20000ca8                f_MESSAGE_3
                0x20000cac                f_MESSAGE_2
                0x20000cb0                i_MESSAGE_3
                0x20000cb4                i_MESSAGE_2
                0x20000cb8                i_MESSAGE_1
                0x20000cbc                value_mult_To_FREQ
                0x20000cc0                resultTemp_D_CELL
                0x20000cc4                resultTemp_CELL
                0x20000cc8                resultDOPLER_FREQ
                0x20000ccc                resultMICROWAVE
                0x20000cd0                resultTec
                0x20000cd4                isLoopPID_MICROWAVE
                0x20000cd5                isLoopPID_TEC_CTRL
                0x20000cd8                countLoopPID_TEC_CTRL
                0x20000cdc                fixValue_OUT2_DOPLER_TEC
                0x20000ce0                fixValue_OUT2_DOPLER_CRNT
                0x20000ce4                result_OUT1_OPTICS_PWR
                0x20000ce8                result_OUT2_DOPLER_TEC
                0x20000cec                result_OUT2_DOPLER_CRNT
                0x20000cf0                flagUpdateTempCell
                0x20000cf1                flagUpdateCompute_CELL
                0x20000cf2                flagProcess_OUT1_OPTICS_PWR
                0x20000cf3                flagUpdateCompute_OUT1_OPTICS_PWR
                0x20000cf4                flagUpdateCompute_OUT2_DOPLER_TEC
                0x20000cf5                flag_SCAN_CRNT
                0x20000cf6                flagUpdateCompute_OUT2_DOPLER_CRNT
                0x20000cf7                flagProcess_DOPLER_FREQ
                0x20000cf8                flagUpdateCompute_DOPLER_FREQ
                0x20000cf9                flagProcess_MICROWAVE
                0x20000cfa                flagUpdateCompute_MICROWAVE
                0x20000cfb                flagUpdateCompute_TEC_CTRL
                0x20000cfc                LMX_ValueINT
                0x20000d00                b_PID_FLAG_LOOP_SENSOR_TEMP_CELL
                0x20000d01                b_PID_FLAG_LOOP_CELL
                0x20000d04                scanMin_UT2A
                0x20000d08                fixValue_T5
                0x20000d0c                fixValue_DOPLER_FREQ
                0x20000d10                fixValue_MICROWAVE
                0x20000d14                fixValue_TEC_CTRL
                0x20000d18                ticsDelayUpdateTempCell
                0x20000d1c                flagConnectedTempSensor
                0x20000d1d                flagUpdate_LMX2486
                0x20000d1e                flagUpdate_OutFactor
                0x20000d1f                flagUpdate_RFI
                0x20000d20                flagUpdate_DTX
                0x20000d21                flagUpdate_T5
                0x20000d22                flagUpdate_L1
                0x20000d23                flagUpdate_VT1
                0x20000d24                flagUpdate_U2R
                0x20000d25                flagUpdate_VY
                0x20000d26                flagUpdate_UT2A
                0x20000d27                flagUpdate_UT1A
                0x20000d28                value_DTX_rez
                0x20000d2c                value_DTX_aver
                0x20000d30                value__T5
                0x20000d34                value_T5
                0x20000d38                value_VY_rez
                0x20000d3c                value_VY_aver
                0x20000d40                value_UT1A_rez
                0x20000d44                value_UT1A_aver
                0x20000d48                F1F2_rezult_N_900
                0x20000d4c                F1F2_rezult_N_30
                0x20000d50                F1F2_rezult_A_900
                0x20000d54                F1F2_rezult_A_30
                0x20000d58                F1F2_rezult_A
                0x20000d5c                F1F2_rezult_X
                0x20000d60                F2F1_rezult_N_900
                0x20000d64                F2F1_rezult_N_30
                0x20000d68                F2F1_rezult_A_900
                0x20000d6c                F2F1_rezult_A_30
                0x20000d70                F2F1_rezult_A
                0x20000d74                F2F1_rezult_X
                0x20000d78                my_LSM303D_Temperature
                0x20000d7a                b_TIM4
                0x20000d7c                num_TIM4
                0x20000d80                my_Tick
                0x20000d84                my_ms_num
                0x20000d88                b_my_ms_num
                0x20000d8c                avrResult_SD1_start
                0x20000d90                bCompFreqTK_1
                0x20000d91                bCompFreqTK
                0x20000d94                my_N_4
                0x20000d98                my_N_3
                0x20000d9c                my_N_2
                0x20000da0                my_N_1
                0x20000da4                my_Flag_DMA1_2
                0x20000da8                my_Flag_DMA1_1
                0x20000dac                my_N_EXTI
                0x20000db0                my_N_DMA1_2
                0x20000db4                my_N_DMA1_1
                0x20000db8                my_TST
 *(.bss*)
 *(COMMON)
 COMMON         0x20000dbc        0x4 Drivers/STM32L4xx_HAL_Driver/Src/stm32l4xx_hal.o
                0x20000dbc                uwTick
 COMMON         0x20000dc0      0x158 Src/adc.o
                0x20000dc0                hadc2
                0x20000e24                hadc1
                0x20000e88                hdma_adc1
                0x20000ed0                hdma_adc2
 COMMON         0x20000f18       0x14 Src/dac.o
                0x20000f18                hdac1
 COMMON         0x20000f2c     0x15ee Src/hist.o
                0x20000f2c                tmp
                0x20000f30                rez_cell
                0x20001250                step_diff
                0x20001252                maxfreq
                0x20001254                p_diff
                0x20001258                cell
                0x20001578                diff
                0x20002518                minfreq
 *fill*         0x2000251a        0x2 
 COMMON         0x2000251c       0x4c Src/i2c.o
                0x2000251c                hi2c3
 COMMON         0x20002568      0x12c Src/spi.o
                0x20002568                hspi2
                0x200025cc                hspi3
                0x20002630                hspi1
 COMMON         0x20002694      0x180 Src/tim.o
                0x20002694                htim8
                0x200026d4                htim4
                0x20002714                htim17
                0x20002754                htim3
                0x20002794                htim1
                0x200027d4                htim2
 COMMON         0x20002814       0x80 Src/usart.o
                0x20002814                huart3
 *fill*         0x20002894        0x4 
 COMMON         0x20002898     0x64e4 Src/var.o
                0x20002898                my_F2F1_P_rez
                0x200028b0                LMX_DataValueFD
                0x20002cb0                result_OUT2_CPT_FREQ_CPT_tmp
                0x20002cb4                min_Data_F0_
                0x20002cb8                value_TC
                0x20002cbc                F1F2_P_S
                0x20002cc0                my_DMA2_Data_F0_
                0x20002e20                F2F1_rezult_2
                0x20002e38                F1F2_OUT1_rezult
                0x20002e4c                p_my_F2F1_rez_
                0x20002e50                max_Data_F1_
                0x20002e54                my_F1F2_sum
                0x20002e68                value_STEP_L
                0x20002e6c                p_my_DMA2_Data_
                0x20002e70                p_my_F1F2_OUT1_sum
                0x20002e74                max_Data_F2_
                0x20002e78                my_F1F2_P_sum
                0x20002e8c                USART_tx_buffer
                0x20002f8c                SD1_d
                0x20002f90                value_FAZA_F
                0x20002f94                result_OUT2_CPT_CRNT_DOPLER_tmp
                0x20002f98                my_DMA1_Data_F0
                0x200030f8                my_DMA2_Data_F1
                0x200031e8                F1F2_P_rezult
                0x200031fc                my_F0_sum_
                0x20003200                my_DMA2_Data_
                0x200035c0                I2C3_RxBuffer
                0x200035d0                p_my_DMA2_Data_F0_
                0x200035d4                resultData_CONTR
                0x20003994                F1F2_rezult
                0x200039a8                F2F1_rezult_1
                0x200039c0                pDataDMA2
                0x200039c8                my_DMA1_Data
                0x20003d88                my_F1F2_P_rez
                0x20003d9c                my_F1F2_sum_2
                0x20003db0                my_DMA2_Data_F2_
                0x20003edc                my_F2F1_rez_2
                0x20003ef4                value_D_TC
                0x20003ef8                p_my_DMA2_Data_F1_
                0x20003efc                resultData_OUT_3R
                0x200042bc                BufferDataPack
                0x200042d0                my_DMA1_Data_F1
                0x200043c0                min_Data_F1_
                0x200043c4                my_F0_sum
                0x200043c8                my_DMA2_Data
                0x20004788                my_F2F1_P_sum
                0x200047a0                BufferMsg
                0x200048a0                rez_ampl_Data_F2_
                0x200048a4                pDataDMA1
                0x200048a8                DMA2_Data
                0x20005028                my_F1F2_rez_
                0x2000503c                F1F2_rezult_2
                0x20005050                my_DMA2_Data_F1_F2_
                0x20005140                min_Data_F2_
                0x20005144                value_FAZA_L
                0x20005148                F2F1_rezult_D
                0x20005160                rez_ampl_Data_F1_F2_
                0x20005164                rez_ampl_Data_F1_
                0x20005168                LMX_DataValueFN
                0x20005568                F2F1_rezult_
                0x20005580                resultData_OUT_0R
                0x20005940                resultData_SD2
                0x20005d00                buf_TEST_ADC_3
                0x20006fc0                my_DMA2_Data_F1_F2
                0x200070b0                p_my_DMA2_Data_F2_
                0x200070b4                I2C3_TxBuffer
                0x200070c4                F1F2_rezult_
                0x200070d8                my_DMA1_Data_F1_F2
                0x200071c8                my_F2F1_sum_
                0x200071e0                p_my_F1F2_sum
                0x200071e4                my_F1F2_rez_2
                0x200071f8                my_F2F1_rez_
                0x20007210                F2F1_rezult
                0x20007228                resultData_OUT_2R
                0x200075e8                my_DMA2_Data_F0
                0x20007748                my_DMA2_Data_F1_
                0x20007838                min_Data_F1_F2_
                0x20007840                DMA1_Data
                0x20007fc0                my_TST_U32
                0x20007fc4                LSM303_BufferRx
                0x20007fd4                UART_RxBuffer
                0x200080d4                my_F1F2_OUT1_sum
                0x200080e8                resultData_OUT_1R
                0x200084a8                my_F1F2_sum_
                0x200084bc                p_my_F1F2_rez_
                0x200084c0                rez_ampl_Data_F0_
                0x200084c4                resultData_SD1
                0x20008884                UART_TxBuffer
                0x20008984                my_F2F1_sum_2
                0x2000899c                max_Data_F0_
                0x200089a0                my_DMA2_Data_F2
                0x20008ad0                my_DMA1_Data_F2
                0x20008bfc                LSM303_BufferTx
                0x20008c0c                p_my_DMA2_Data_F1_F2_
                0x20008c10                F2F1_P_rezult
                0x20008c28                USART_rx_buffer
                0x20008d28                max_Data_F1_F2_
                0x20008d2c                my_F2F1_sum
                0x20008d44                p_my_F2F1_sum
                0x20008d48                p_my_F2F1_sum_
                0x20008d4c                p_my_F1F2_sum_
                0x20008d50                my_F1F2_rez
                0x20008d64                my_F2F1_rez
                0x20008d7c                . = ALIGN (0x4)
                0x20008d7c                _ebss = .
                0x20008d7c                __bss_end__ = _ebss

._user_heap_stack
                0x20008d7c      0x604 load address 0x0800b538
                0x20008d80                . = ALIGN (0x8)
 *fill*         0x20008d7c        0x4 
                0x20008d80                PROVIDE (end = .)
                [!provide]                PROVIDE (_end = .)
                0x20008f80                . = (. + _Min_Heap_Size)
 *fill*         0x20008d80      0x200 
                0x20009380                . = (. + _Min_Stack_Size)
 *fill*         0x20008f80      0x400 
                0x20009380                . = ALIGN (0x8)

/DISCARD/
 libc.a(*)
 libm.a(*)
 libgcc.a(*)

.ARM.attributes
                0x00000000       0x30
 *(.ARM.attributes)
 .ARM.attributes
                0x00000000       0x22 c:/ac6/systemworkbench/plugins/fr.ac6.mcu.externaltools.arm-none.win32_1.17.0.201812190825/tools/compiler/bin/../lib/gcc/arm-none-eabi/7.3.1/thumb/v7e-m/fpv4-sp/hard/crti.o
 .ARM.attributes
                0x00000022       0x34 c:/ac6/systemworkbench/plugins/fr.ac6.mcu.externaltools.arm-none.win32_1.17.0.201812190825/tools/compiler/bin/../lib/gcc/arm-none-eabi/7.3.1/thumb/v7e-m/fpv4-sp/hard/crtbegin.o
 .ARM.attributes
                0x00000056       0x39 Drivers/STM32L4xx_HAL_Driver/Src/stm32l4xx_hal.o
 .ARM.attributes
                0x0000008f       0x39 Drivers/STM32L4xx_HAL_Driver/Src/stm32l4xx_hal_adc.o
 .ARM.attributes
                0x000000c8       0x39 Drivers/STM32L4xx_HAL_Driver/Src/stm32l4xx_hal_adc_ex.o
 .ARM.attributes
                0x00000101       0x39 Drivers/STM32L4xx_HAL_Driver/Src/stm32l4xx_hal_cortex.o
 .ARM.attributes
                0x0000013a       0x39 Drivers/STM32L4xx_HAL_Driver/Src/stm32l4xx_hal_dac.o
 .ARM.attributes
                0x00000173       0x39 Drivers/STM32L4xx_HAL_Driver/Src/stm32l4xx_hal_dma.o
 .ARM.attributes
                0x000001ac       0x39 Drivers/STM32L4xx_HAL_Driver/Src/stm32l4xx_hal_gpio.o
 .ARM.attributes
                0x000001e5       0x39 Drivers/STM32L4xx_HAL_Driver/Src/stm32l4xx_hal_i2c.o
 .ARM.attributes
                0x0000021e       0x39 Drivers/STM32L4xx_HAL_Driver/Src/stm32l4xx_hal_i2c_ex.o
 .ARM.attributes
                0x00000257       0x39 Drivers/STM32L4xx_HAL_Driver/Src/stm32l4xx_hal_pwr_ex.o
 .ARM.attributes
                0x00000290       0x39 Drivers/STM32L4xx_HAL_Driver/Src/stm32l4xx_hal_rcc.o
 .ARM.attributes
                0x000002c9       0x39 Drivers/STM32L4xx_HAL_Driver/Src/stm32l4xx_hal_rcc_ex.o
 .ARM.attributes
                0x00000302       0x39 Drivers/STM32L4xx_HAL_Driver/Src/stm32l4xx_hal_spi.o
 .ARM.attributes
                0x0000033b       0x39 Drivers/STM32L4xx_HAL_Driver/Src/stm32l4xx_hal_tim.o
 .ARM.attributes
                0x00000374       0x39 Drivers/STM32L4xx_HAL_Driver/Src/stm32l4xx_hal_tim_ex.o
 .ARM.attributes
                0x000003ad       0x39 Drivers/STM32L4xx_HAL_Driver/Src/stm32l4xx_hal_uart.o
 .ARM.attributes
                0x000003e6       0x39 Src/LSM303D.o
 .ARM.attributes
                0x0000041f       0x39 Src/adc.o
 .ARM.attributes
                0x00000458       0x39 Src/dac.o
 .ARM.attributes
                0x00000491       0x39 Src/dma.o
 .ARM.attributes
                0x000004ca       0x39 Src/gpio.o
 .ARM.attributes
                0x00000503       0x39 Src/hist.o
 .ARM.attributes
                0x0000053c       0x39 Src/i2c.o
 .ARM.attributes
                0x00000575       0x39 Src/interface_AD5668.o
 .ARM.attributes
                0x000005ae       0x39 Src/interface_AD8400.o
 .ARM.attributes
                0x000005e7       0x39 Src/interface_ADT7410.o
 .ARM.attributes
                0x00000620       0x39 Src/interface_LMX2486.o
 .ARM.attributes
                0x00000659       0x39 Src/main.o
 .ARM.attributes
                0x00000692       0x25 Src/my_FUN.o
 .ARM.attributes
                0x000006b7       0x39 Src/my_FUN_.o
 .ARM.attributes
                0x000006f0       0x39 Src/pid_DOPLER_FREQ.o
 .ARM.attributes
                0x00000729       0x39 Src/pid_MICROWAVE.o
 .ARM.attributes
                0x00000762       0x39 Src/pid_cell.o
 .ARM.attributes
                0x0000079b       0x39 Src/pid_dopler_crnt.o
 .ARM.attributes
                0x000007d4       0x39 Src/pid_dopler_tec.o
 .ARM.attributes
                0x0000080d       0x39 Src/pid_freq.o
 .ARM.attributes
                0x00000846       0x39 Src/pid_optics_pwr.o
 .ARM.attributes
                0x0000087f       0x39 Src/pid_tec_ctrl.o
 .ARM.attributes
                0x000008b8       0x39 Src/spi.o
 .ARM.attributes
                0x000008f1       0x39 Src/stm32l4xx_hal_msp.o
 .ARM.attributes
                0x0000092a       0x39 Src/stm32l4xx_it.o
 .ARM.attributes
                0x00000963       0x39 Src/system_stm32l4xx.o
 .ARM.attributes
                0x0000099c       0x39 Src/tim.o
 .ARM.attributes
                0x000009d5       0x39 Src/usart.o
 .ARM.attributes
                0x00000a0e       0x39 Src/usart_protocol.o
 .ARM.attributes
                0x00000a47       0x39 Src/var.o
 .ARM.attributes
                0x00000a80       0x21 startup/startup_stm32l476xx.o
 .ARM.attributes
                0x00000aa1       0x22 c:/ac6/systemworkbench/plugins/fr.ac6.mcu.externaltools.arm-none.win32_1.17.0.201812190825/tools/compiler/bin/../lib/gcc/arm-none-eabi/7.3.1/thumb/v7e-m/fpv4-sp/hard\libgcc.a(_arm_addsubdf3.o)
 .ARM.attributes
                0x00000ac3       0x22 c:/ac6/systemworkbench/plugins/fr.ac6.mcu.externaltools.arm-none.win32_1.17.0.201812190825/tools/compiler/bin/../lib/gcc/arm-none-eabi/7.3.1/thumb/v7e-m/fpv4-sp/hard\libgcc.a(_arm_muldivdf3.o)
 .ARM.attributes
                0x00000ae5       0x22 c:/ac6/systemworkbench/plugins/fr.ac6.mcu.externaltools.arm-none.win32_1.17.0.201812190825/tools/compiler/bin/../lib/gcc/arm-none-eabi/7.3.1/thumb/v7e-m/fpv4-sp/hard\libgcc.a(_arm_truncdfsf2.o)
 .ARM.attributes
                0x00000b07       0x22 c:/ac6/systemworkbench/plugins/fr.ac6.mcu.externaltools.arm-none.win32_1.17.0.201812190825/tools/compiler/bin/../lib/gcc/arm-none-eabi/7.3.1/thumb/v7e-m/fpv4-sp/hard\libgcc.a(_aeabi_uldivmod.o)
 .ARM.attributes
                0x00000b29       0x34 c:/ac6/systemworkbench/plugins/fr.ac6.mcu.externaltools.arm-none.win32_1.17.0.201812190825/tools/compiler/bin/../lib/gcc/arm-none-eabi/7.3.1/thumb/v7e-m/fpv4-sp/hard\libgcc.a(_udivmoddi4.o)
 .ARM.attributes
                0x00000b5d       0x22 c:/ac6/systemworkbench/plugins/fr.ac6.mcu.externaltools.arm-none.win32_1.17.0.201812190825/tools/compiler/bin/../lib/gcc/arm-none-eabi/7.3.1/thumb/v7e-m/fpv4-sp/hard\libgcc.a(_dvmd_tls.o)
 .ARM.attributes
                0x00000b7f       0x34 c:/ac6/systemworkbench/plugins/fr.ac6.mcu.externaltools.arm-none.win32_1.17.0.201812190825/tools/compiler/bin/../lib/gcc/arm-none-eabi/7.3.1/../../../../arm-none-eabi/lib/thumb/v7e-m/fpv4-sp/hard\libc_nano.a(lib_a-init.o)
 .ARM.attributes
                0x00000bb3       0x34 c:/ac6/systemworkbench/plugins/fr.ac6.mcu.externaltools.arm-none.win32_1.17.0.201812190825/tools/compiler/bin/../lib/gcc/arm-none-eabi/7.3.1/../../../../arm-none-eabi/lib/thumb/v7e-m/fpv4-sp/hard\libc_nano.a(lib_a-memset.o)
 .ARM.attributes
                0x00000be7       0x22 c:/ac6/systemworkbench/plugins/fr.ac6.mcu.externaltools.arm-none.win32_1.17.0.201812190825/tools/compiler/bin/../lib/gcc/arm-none-eabi/7.3.1/thumb/v7e-m/fpv4-sp/hard/crtn.o
OUTPUT(cpt_m__ac6.elf elf32-littlearm)

.debug_info     0x00000000    0x3ab27
 .debug_info    0x00000000      0xca2 Drivers/STM32L4xx_HAL_Driver/Src/stm32l4xx_hal.o
 .debug_info    0x00000ca2     0x2b66 Drivers/STM32L4xx_HAL_Driver/Src/stm32l4xx_hal_adc.o
 .debug_info    0x00003808     0x253b Drivers/STM32L4xx_HAL_Driver/Src/stm32l4xx_hal_adc_ex.o
 .debug_info    0x00005d43     0x10a0 Drivers/STM32L4xx_HAL_Driver/Src/stm32l4xx_hal_cortex.o
 .debug_info    0x00006de3      0xcee Drivers/STM32L4xx_HAL_Driver/Src/stm32l4xx_hal_dac.o
 .debug_info    0x00007ad1      0x956 Drivers/STM32L4xx_HAL_Driver/Src/stm32l4xx_hal_dma.o
 .debug_info    0x00008427      0x989 Drivers/STM32L4xx_HAL_Driver/Src/stm32l4xx_hal_gpio.o
 .debug_info    0x00008db0     0x3a04 Drivers/STM32L4xx_HAL_Driver/Src/stm32l4xx_hal_i2c.o
 .debug_info    0x0000c7b4      0xb4a Drivers/STM32L4xx_HAL_Driver/Src/stm32l4xx_hal_i2c_ex.o
 .debug_info    0x0000d2fe      0xb27 Drivers/STM32L4xx_HAL_Driver/Src/stm32l4xx_hal_pwr_ex.o
 .debug_info    0x0000de25      0xf2a Drivers/STM32L4xx_HAL_Driver/Src/stm32l4xx_hal_rcc.o
 .debug_info    0x0000ed4f     0x12a3 Drivers/STM32L4xx_HAL_Driver/Src/stm32l4xx_hal_rcc_ex.o
 .debug_info    0x0000fff2     0x1f36 Drivers/STM32L4xx_HAL_Driver/Src/stm32l4xx_hal_spi.o
 .debug_info    0x00011f28     0x33df Drivers/STM32L4xx_HAL_Driver/Src/stm32l4xx_hal_tim.o
 .debug_info    0x00015307     0x177b Drivers/STM32L4xx_HAL_Driver/Src/stm32l4xx_hal_tim_ex.o
 .debug_info    0x00016a82     0x1d7a Drivers/STM32L4xx_HAL_Driver/Src/stm32l4xx_hal_uart.o
 .debug_info    0x000187fc      0xb1c Src/LSM303D.o
 .debug_info    0x00019318     0x114f Src/adc.o
 .debug_info    0x0001a467      0xbc9 Src/dac.o
 .debug_info    0x0001b030      0x752 Src/dma.o
 .debug_info    0x0001b782      0x7f5 Src/gpio.o
 .debug_info    0x0001bf77     0x1963 Src/hist.o
 .debug_info    0x0001d8da      0xc35 Src/i2c.o
 .debug_info    0x0001e50f      0x652 Src/interface_AD5668.o
 .debug_info    0x0001eb61      0x474 Src/interface_AD8400.o
 .debug_info    0x0001efd5     0x1df9 Src/interface_ADT7410.o
 .debug_info    0x00020dce     0x1f6f Src/interface_LMX2486.o
 .debug_info    0x00022d3d     0x44fc Src/main.o
 .debug_info    0x00027239       0x26 Src/my_FUN.o
 .debug_info    0x0002725f     0x1a18 Src/my_FUN_.o
 .debug_info    0x00028c77     0x1954 Src/pid_DOPLER_FREQ.o
 .debug_info    0x0002a5cb     0x1954 Src/pid_MICROWAVE.o
 .debug_info    0x0002bf1f      0x13e Src/pid_cell.o
 .debug_info    0x0002c05d      0x13e Src/pid_dopler_crnt.o
 .debug_info    0x0002c19b      0x13e Src/pid_dopler_tec.o
 .debug_info    0x0002c2d9      0x13e Src/pid_freq.o
 .debug_info    0x0002c417     0x1954 Src/pid_optics_pwr.o
 .debug_info    0x0002dd6b      0x13e Src/pid_tec_ctrl.o
 .debug_info    0x0002dea9      0xcf3 Src/spi.o
 .debug_info    0x0002eb9c      0x4c8 Src/stm32l4xx_hal_msp.o
 .debug_info    0x0002f064     0x384e Src/stm32l4xx_it.o
 .debug_info    0x000328b2      0x6fc Src/system_stm32l4xx.o
 .debug_info    0x00032fae     0x1988 Src/tim.o
 .debug_info    0x00034936      0xe9b Src/usart.o
 .debug_info    0x000357d1     0x2676 Src/usart_protocol.o
 .debug_info    0x00037e47     0x2cbe Src/var.o
 .debug_info    0x0003ab05       0x22 startup/startup_stm32l476xx.o

.debug_abbrev   0x00000000     0x4fd5
 .debug_abbrev  0x00000000      0x209 Drivers/STM32L4xx_HAL_Driver/Src/stm32l4xx_hal.o
 .debug_abbrev  0x00000209      0x294 Drivers/STM32L4xx_HAL_Driver/Src/stm32l4xx_hal_adc.o
 .debug_abbrev  0x0000049d      0x310 Drivers/STM32L4xx_HAL_Driver/Src/stm32l4xx_hal_adc_ex.o
 .debug_abbrev  0x000007ad      0x328 Drivers/STM32L4xx_HAL_Driver/Src/stm32l4xx_hal_cortex.o
 .debug_abbrev  0x00000ad5      0x1eb Drivers/STM32L4xx_HAL_Driver/Src/stm32l4xx_hal_dac.o
 .debug_abbrev  0x00000cc0      0x233 Drivers/STM32L4xx_HAL_Driver/Src/stm32l4xx_hal_dma.o
 .debug_abbrev  0x00000ef3      0x1de Drivers/STM32L4xx_HAL_Driver/Src/stm32l4xx_hal_gpio.o