08:48:52 **** Incremental Build of configuration Debug for project cpt_m__ac6 ****
make -j16 all 
make: Nothing to be done for 'all'.
08:48:58 **** Incremental Build of configuration Debug for project cpt_m__ac6 ****
make -j16 all 
make: Nothing to be done for 'all'.
08:49:47 **** Incremental Build of configuration Debug for project cpt_m__ac6 ****
make -j16 all 
Building file: ../Src/main.c
Invoking: MCU GCC Compiler
D:\my_GIT_2023\cpt_m__ac6\Debug
arm-none-eabi-gcc -mcpu=cortex-m4 -mthumb -mfloat-abi=hard -mfpu=fpv4-sp-d16 -DUSE_HAL_DRIVER -DSTM32L476xx -I"D:/my_GIT_2023/cpt_m__ac6/Inc" -I"D:/my_GIT_2023/cpt_m__ac6/Drivers/STM32L4xx_HAL_Driver/Inc" -I"D:/my_GIT_2023/cpt_m__ac6/Drivers/STM32L4xx_HAL_Driver/Inc/Legacy" -I"D:/my_GIT_2023/cpt_m__ac6/Drivers/CMSIS/Device/ST/STM32L4xx/Include" -I"D:/my_GIT_2023/cpt_m__ac6/Drivers/CMSIS/Include"  -Og -g3 -Wall -fmessage-length=0 -ffunction-sections -c -fmessage-length=0 -MMD -MP -MF"Src/main.d" -MT"Src/main.o" -o "Src/main.o" "../Src/main.c"
../Src/main.c: In function 'main':
../Src/main.c:353:4: warning: implicit declaration of function 'InitTEMP' [-Wimplicit-function-declaration]
    InitTEMP();
    ^~~~~~~~
../Src/main.c: In function 'ProgressPID_SENSOR_CELL':
../Src/main.c:868:4: warning: implicit declaration of function 'GetTEMP' [-Wimplicit-function-declaration]
    GetTEMP(); // value_TempCell - это температура
    ^~~~~~~
Finished building: ../Src/main.c
 
Building target: cpt_m__ac6.elf
Invoking: MCU GCC Linker
arm-none-eabi-gcc -mcpu=cortex-m4 -mthumb -mfloat-abi=hard -mfpu=fpv4-sp-d16 -specs=nosys.specs -specs=nano.specs -T"../STM32L476RCTx_FLASH.ld" -Wl,-Map=output.map -Wl,--gc-sections -o "cpt_m__ac6.elf" @"objects.list"   -lm
Finished building target: cpt_m__ac6.elf
 
make --no-print-directory post-build
Generating hex and Printing size information:
arm-none-eabi-objcopy -O ihex "cpt_m__ac6.elf" "cpt_m__ac6.hex"
arm-none-eabi-size "cpt_m__ac6.elf"
   text	   data	    bss	    dec	    hex	filename
  44616	    376	  33864	  78856	  13408	cpt_m__ac6.elf
 
08:49:57 **** Incremental Build of configuration Debug for project cpt_m__ac6 ****
make -j16 all 
make: Nothing to be done for 'all'.
08:50:24 **** Incremental Build of configuration Debug for project cpt_m__ac6 ****
make -j16 all 
make: Nothing to be done for 'all'.
08:50:45 **** Incremental Build of configuration Debug for project cpt_m__ac6 ****
make -j16 all 
Building file: ../Src/main.c
Invoking: MCU GCC Compiler
D:\my_GIT_2023\cpt_m__ac6\Debug
arm-none-eabi-gcc -mcpu=cortex-m4 -mthumb -mfloat-abi=hard -mfpu=fpv4-sp-d16 -DUSE_HAL_DRIVER -DSTM32L476xx -I"D:/my_GIT_2023/cpt_m__ac6/Inc" -I"D:/my_GIT_2023/cpt_m__ac6/Drivers/STM32L4xx_HAL_Driver/Inc" -I"D:/my_GIT_2023/cpt_m__ac6/Drivers/STM32L4xx_HAL_Driver/Inc/Legacy" -I"D:/my_GIT_2023/cpt_m__ac6/Drivers/CMSIS/Device/ST/STM32L4xx/Include" -I"D:/my_GIT_2023/cpt_m__ac6/Drivers/CMSIS/Include"  -Og -g3 -Wall -fmessage-length=0 -ffunction-sections -c -fmessage-length=0 -MMD -MP -MF"Src/main.d" -MT"Src/main.o" -o "Src/main.o" "../Src/main.c"
../Src/main.c: In function 'main':
../Src/main.c:353:4: warning: implicit declaration of function 'InitTEMP' [-Wimplicit-function-declaration]
    InitTEMP();
    ^~~~~~~~
../Src/main.c: In function 'ProgressPID_SENSOR_CELL':
../Src/main.c:868:4: warning: implicit declaration of function 'GetTEMP' [-Wimplicit-function-declaration]
    GetTEMP(); // value_TempCell - это температура
    ^~~~~~~
Finished building: ../Src/main.c
 
Building target: cpt_m__ac6.elf
Invoking: MCU GCC Linker
arm-none-eabi-gcc -mcpu=cortex-m4 -mthumb -mfloat-abi=hard -mfpu=fpv4-sp-d16 -specs=nosys.specs -specs=nano.specs -T"../STM32L476RCTx_FLASH.ld" -Wl,-Map=output.map -Wl,--gc-sections -o "cpt_m__ac6.elf" @"objects.list"   -lm
Finished building target: cpt_m__ac6.elf
 
make --no-print-directory post-build
Generating hex and Printing size information:
arm-none-eabi-objcopy -O ihex "cpt_m__ac6.elf" "cpt_m__ac6.hex"
arm-none-eabi-size "cpt_m__ac6.elf"
   text	   data	    bss	    dec	    hex	filename
  44616	    376	  33864	  78856	  13408	cpt_m__ac6.elf
 
08:51:36 **** Incremental Build of configuration Debug for project cpt_m__ac6 ****
make -j16 all 
make: Nothing to be done for 'all'.
09:01:31 **** Incremental Build of configuration Debug for project cpt_m__ac6 ****
make -j16 all 
Building file: ../Src/hist.c
Building file: ../Src/interface_ADT7410.c
Building file: ../Src/interface_LMX2486.c
Invoking: MCU GCC Compiler
Invoking: MCU GCC Compiler
Building file: ../Src/main.c
Invoking: MCU GCC Compiler
D:\my_GIT_2023\cpt_m__ac6\Debug
D:\my_GIT_2023\cpt_m__ac6\Debug
Invoking: MCU GCC Compiler
arm-none-eabi-gcc -mcpu=cortex-m4 -mthumb -mfloat-abi=hard -mfpu=fpv4-sp-d16 -DUSE_HAL_DRIVER -DSTM32L476xx -I"D:/my_GIT_2023/cpt_m__ac6/Inc" -I"D:/my_GIT_2023/cpt_m__ac6/Drivers/STM32L4xx_HAL_Driver/Inc" -I"D:/my_GIT_2023/cpt_m__ac6/Drivers/STM32L4xx_HAL_Driver/Inc/Legacy" -I"D:/my_GIT_2023/cpt_m__ac6/Drivers/CMSIS/Device/ST/STM32L4xx/Include" -I"D:/my_GIT_2023/cpt_m__ac6/Drivers/CMSIS/Include"  -Og -g3 -Wall -fmessage-length=0 -ffunction-sections -c -fmessage-length=0 -MMD -MP -MF"Src/hist.d" -MT"Src/hist.o" -o "Src/hist.o" "../Src/hist.c"
D:\my_GIT_2023\cpt_m__ac6\Debug
arm-none-eabi-gcc -mcpu=cortex-m4 -mthumb -mfloat-abi=hard -mfpu=fpv4-sp-d16 -DUSE_HAL_DRIVER -DSTM32L476xx -I"D:/my_GIT_2023/cpt_m__ac6/Inc" -I"D:/my_GIT_2023/cpt_m__ac6/Drivers/STM32L4xx_HAL_Driver/Inc" -I"D:/my_GIT_2023/cpt_m__ac6/Drivers/STM32L4xx_HAL_Driver/Inc/Legacy" -I"D:/my_GIT_2023/cpt_m__ac6/Drivers/CMSIS/Device/ST/STM32L4xx/Include" -I"D:/my_GIT_2023/cpt_m__ac6/Drivers/CMSIS/Include"  -Og -g3 -Wall -fmessage-length=0 -ffunction-sections -c -fmessage-length=0 -MMD -MP -MF"Src/interface_ADT7410.d" -MT"Src/interface_ADT7410.o" -o "Src/interface_ADT7410.o" "../Src/interface_ADT7410.c"
Building file: ../Src/my_FUN_.c
arm-none-eabi-gcc -mcpu=cortex-m4 -mthumb -mfloat-abi=hard -mfpu=fpv4-sp-d16 -DUSE_HAL_DRIVER -DSTM32L476xx -I"D:/my_GIT_2023/cpt_m__ac6/Inc" -I"D:/my_GIT_2023/cpt_m__ac6/Drivers/STM32L4xx_HAL_Driver/Inc" -I"D:/my_GIT_2023/cpt_m__ac6/Drivers/STM32L4xx_HAL_Driver/Inc/Legacy" -I"D:/my_GIT_2023/cpt_m__ac6/Drivers/CMSIS/Device/ST/STM32L4xx/Include" -I"D:/my_GIT_2023/cpt_m__ac6/Drivers/CMSIS/Include"  -Og -g3 -Wall -fmessage-length=0 -ffunction-sections -c -fmessage-length=0 -MMD -MP -MF"Src/interface_LMX2486.d" -MT"Src/interface_LMX2486.o" -o "Src/interface_LMX2486.o" "../Src/interface_LMX2486.c"
D:\my_GIT_2023\cpt_m__ac6\Debug
arm-none-eabi-gcc -mcpu=cortex-m4 -mthumb -mfloat-abi=hard -mfpu=fpv4-sp-d16 -DUSE_HAL_DRIVER -DSTM32L476xx -I"D:/my_GIT_2023/cpt_m__ac6/Inc" -I"D:/my_GIT_2023/cpt_m__ac6/Drivers/STM32L4xx_HAL_Driver/Inc" -I"D:/my_GIT_2023/cpt_m__ac6/Drivers/STM32L4xx_HAL_Driver/Inc/Legacy" -I"D:/my_GIT_2023/cpt_m__ac6/Drivers/CMSIS/Device/ST/STM32L4xx/Include" -I"D:/my_GIT_2023/cpt_m__ac6/Drivers/CMSIS/Include"  -Og -g3 -Wall -fmessage-length=0 -ffunction-sections -c -fmessage-length=0 -MMD -MP -MF"Src/main.d" -MT"Src/main.o" -o "Src/main.o" "../Src/main.c"
Invoking: MCU GCC Compiler
Building file: ../Src/pid_DOPLER_FREQ.c
D:\my_GIT_2023\cpt_m__ac6\Debug
Invoking: MCU GCC Compiler
arm-none-eabi-gcc -mcpu=cortex-m4 -mthumb -mfloat-abi=hard -mfpu=fpv4-sp-d16 -DUSE_HAL_DRIVER -DSTM32L476xx -I"D:/my_GIT_2023/cpt_m__ac6/Inc" -I"D:/my_GIT_2023/cpt_m__ac6/Drivers/STM32L4xx_HAL_Driver/Inc" -I"D:/my_GIT_2023/cpt_m__ac6/Drivers/STM32L4xx_HAL_Driver/Inc/Legacy" -I"D:/my_GIT_2023/cpt_m__ac6/Drivers/CMSIS/Device/ST/STM32L4xx/Include" -I"D:/my_GIT_2023/cpt_m__ac6/Drivers/CMSIS/Include"  -Og -g3 -Wall -fmessage-length=0 -ffunction-sections -c -fmessage-length=0 -MMD -MP -MF"Src/my_FUN_.d" -MT"Src/my_FUN_.o" -o "Src/my_FUN_.o" "../Src/my_FUN_.c"
Building file: ../Src/pid_MICROWAVE.c
D:\my_GIT_2023\cpt_m__ac6\Debug
arm-none-eabi-gcc -mcpu=cortex-m4 -mthumb -mfloat-abi=hard -mfpu=fpv4-sp-d16 -DUSE_HAL_DRIVER -DSTM32L476xx -I"D:/my_GIT_2023/cpt_m__ac6/Inc" -I"D:/my_GIT_2023/cpt_m__ac6/Drivers/STM32L4xx_HAL_Driver/Inc" -I"D:/my_GIT_2023/cpt_m__ac6/Drivers/STM32L4xx_HAL_Driver/Inc/Legacy" -I"D:/my_GIT_2023/cpt_m__ac6/Drivers/CMSIS/Device/ST/STM32L4xx/Include" -I"D:/my_GIT_2023/cpt_m__ac6/Drivers/CMSIS/Include"  -Og -g3 -Wall -fmessage-length=0 -ffunction-sections -c -fmessage-length=0 -MMD -MP -MF"Src/pid_DOPLER_FREQ.d" -MT"Src/pid_DOPLER_FREQ.o" -o "Src/pid_DOPLER_FREQ.o" "../Src/pid_DOPLER_FREQ.c"
Invoking: MCU GCC Compiler
Building file: ../Src/pid_optics_pwr.c
D:\my_GIT_2023\cpt_m__ac6\Debug
Invoking: MCU GCC Compiler
arm-none-eabi-gcc -mcpu=cortex-m4 -mthumb -mfloat-abi=hard -mfpu=fpv4-sp-d16 -DUSE_HAL_DRIVER -DSTM32L476xx -I"D:/my_GIT_2023/cpt_m__ac6/Inc" -I"D:/my_GIT_2023/cpt_m__ac6/Drivers/STM32L4xx_HAL_Driver/Inc" -I"D:/my_GIT_2023/cpt_m__ac6/Drivers/STM32L4xx_HAL_Driver/Inc/Legacy" -I"D:/my_GIT_2023/cpt_m__ac6/Drivers/CMSIS/Device/ST/STM32L4xx/Include" -I"D:/my_GIT_2023/cpt_m__ac6/Drivers/CMSIS/Include"  -Og -g3 -Wall -fmessage-length=0 -ffunction-sections -c -fmessage-length=0 -MMD -MP -MF"Src/pid_MICROWAVE.d" -MT"Src/pid_MICROWAVE.o" -o "Src/pid_MICROWAVE.o" "../Src/pid_MICROWAVE.c"
Building file: ../Src/stm32l4xx_it.c
D:\my_GIT_2023\cpt_m__ac6\Debug
Invoking: MCU GCC Compiler
Building file: ../Src/usart_protocol.c
Building file: ../Src/var.c
arm-none-eabi-gcc -mcpu=cortex-m4 -mthumb -mfloat-abi=hard -mfpu=fpv4-sp-d16 -DUSE_HAL_DRIVER -DSTM32L476xx -I"D:/my_GIT_2023/cpt_m__ac6/Inc" -I"D:/my_GIT_2023/cpt_m__ac6/Drivers/STM32L4xx_HAL_Driver/Inc" -I"D:/my_GIT_2023/cpt_m__ac6/Drivers/STM32L4xx_HAL_Driver/Inc/Legacy" -I"D:/my_GIT_2023/cpt_m__ac6/Drivers/CMSIS/Device/ST/STM32L4xx/Include" -I"D:/my_GIT_2023/cpt_m__ac6/Drivers/CMSIS/Include"  -Og -g3 -Wall -fmessage-length=0 -ffunction-sections -c -fmessage-length=0 -MMD -MP -MF"Src/pid_optics_pwr.d" -MT"Src/pid_optics_pwr.o" -o "Src/pid_optics_pwr.o" "../Src/pid_optics_pwr.c"
D:\my_GIT_2023\cpt_m__ac6\Debug
arm-none-eabi-gcc -mcpu=cortex-m4 -mthumb -mfloat-abi=hard -mfpu=fpv4-sp-d16 -DUSE_HAL_DRIVER -DSTM32L476xx -I"D:/my_GIT_2023/cpt_m__ac6/Inc" -I"D:/my_GIT_2023/cpt_m__ac6/Drivers/STM32L4xx_HAL_Driver/Inc" -I"D:/my_GIT_2023/cpt_m__ac6/Drivers/STM32L4xx_HAL_Driver/Inc/Legacy" -I"D:/my_GIT_2023/cpt_m__ac6/Drivers/CMSIS/Device/ST/STM32L4xx/Include" -I"D:/my_GIT_2023/cpt_m__ac6/Drivers/CMSIS/Include"  -Og -g3 -Wall -fmessage-length=0 -ffunction-sections -c -fmessage-length=0 -MMD -MP -MF"Src/stm32l4xx_it.d" -MT"Src/stm32l4xx_it.o" -o "Src/stm32l4xx_it.o" "../Src/stm32l4xx_it.c"
Invoking: MCU GCC Compiler
Invoking: MCU GCC Compiler
D:\my_GIT_2023\cpt_m__ac6\Debug
arm-none-eabi-gcc -mcpu=cortex-m4 -mthumb -mfloat-abi=hard -mfpu=fpv4-sp-d16 -DUSE_HAL_DRIVER -DSTM32L476xx -I"D:/my_GIT_2023/cpt_m__ac6/Inc" -I"D:/my_GIT_2023/cpt_m__ac6/Drivers/STM32L4xx_HAL_Driver/Inc" -I"D:/my_GIT_2023/cpt_m__ac6/Drivers/STM32L4xx_HAL_Driver/Inc/Legacy" -I"D:/my_GIT_2023/cpt_m__ac6/Drivers/CMSIS/Device/ST/STM32L4xx/Include" -I"D:/my_GIT_2023/cpt_m__ac6/Drivers/CMSIS/Include"  -Og -g3 -Wall -fmessage-length=0 -ffunction-sections -c -fmessage-length=0 -MMD -MP -MF"Src/usart_protocol.d" -MT"Src/usart_protocol.o" -o "Src/usart_protocol.o" "../Src/usart_protocol.c"
D:\my_GIT_2023\cpt_m__ac6\Debug
../Src/hist.c: In function 'HIST':
../Src/hist.c:64:25: warning: 'i' may be used uninitialized in this function [-Wmaybe-uninitialized]
   for(int i; i < 1000; i++)       //формируем значени€ €чеек гистограммы
                        ~^~
arm-none-eabi-gcc -mcpu=cortex-m4 -mthumb -mfloat-abi=hard -mfpu=fpv4-sp-d16 -DUSE_HAL_DRIVER -DSTM32L476xx -I"D:/my_GIT_2023/cpt_m__ac6/Inc" -I"D:/my_GIT_2023/cpt_m__ac6/Drivers/STM32L4xx_HAL_Driver/Inc" -I"D:/my_GIT_2023/cpt_m__ac6/Drivers/STM32L4xx_HAL_Driver/Inc/Legacy" -I"D:/my_GIT_2023/cpt_m__ac6/Drivers/CMSIS/Device/ST/STM32L4xx/Include" -I"D:/my_GIT_2023/cpt_m__ac6/Drivers/CMSIS/Include"  -Og -g3 -Wall -fmessage-length=0 -ffunction-sections -c -fmessage-length=0 -MMD -MP -MF"Src/var.d" -MT"Src/var.o" -o "Src/var.o" "../Src/var.c"
../Src/interface_LMX2486.c: In function 'LMX2486_SendData':
../Src/main.c: In function 'main':
../Src/main.c:353:4: warning: implicit declaration of function 'InitTEMP' [-Wimplicit-function-declaration]
    InitTEMP();
    ^~~~~~~~
../Src/interface_LMX2486.c:8:19: warning: variable 'rx' set but not used [-Wunused-but-set-variable]
  volatile uint8_t rx = 0;
                   ^~
../Src/main.c: In function 'ProgressPID_SENSOR_CELL':
../Src/main.c:870:4: warning: implicit declaration of function 'GetTEMP' [-Wimplicit-function-declaration]
    GetTEMP(); // value_TempCell - это температура
    ^~~~~~~
../Src/stm32l4xx_it.c: In function 'my_ADC1_1':
../Src/stm32l4xx_it.c:1004:2: warning: implicit declaration of function 'my_DataADC1_0'; did you mean 'my_DataADC2_0'? [-Wimplicit-function-declaration]
  my_DataADC1_0();  // ¬рем€ выполнени€ my_DataADC1_0() ____ тактов
  ^~~~~~~~~~~~~
  my_DataADC2_0
../Src/stm32l4xx_it.c:1005:2: warning: implicit declaration of function 'my_DataADC1_2'; did you mean 'my_DataADC2_2'? [-Wimplicit-function-declaration]
  my_DataADC1_2();  // ¬рем€ выполнени€ my_DataADC1_0()+my_DataADC1_2() ____ тактов
  ^~~~~~~~~~~~~
  my_DataADC2_2
../Src/stm32l4xx_it.c:1006:2: warning: implicit declaration of function 'my_OUT1_F1'; did you mean 'my_ADC1_1'? [-Wimplicit-function-declaration]
  my_OUT1_F1();   // ___ тактов
  ^~~~~~~~~~
  my_ADC1_1
../Src/stm32l4xx_it.c:1007:2: warning: implicit declaration of function 'my_OUT1_F2'; did you mean 'my_F1_F2'? [-Wimplicit-function-declaration]
  my_OUT1_F2();   // ___ тактов
  ^~~~~~~~~~
  my_F1_F2
../Src/stm32l4xx_it.c:1008:2: warning: implicit declaration of function 'my_OUT1_F1F2'; did you mean 'my_F1_F2'? [-Wimplicit-function-declaration]
  my_OUT1_F1F2();   //  ___ тактов
  ^~~~~~~~~~~~
  my_F1_F2
../Src/stm32l4xx_it.c:1010:2: warning: implicit declaration of function 'my_OUT1_F2F1'; did you mean 'my_F1_F2_'? [-Wimplicit-function-declaration]
  my_OUT1_F2F1();   //  ___ такта, измеренна€ сумма = ___
  ^~~~~~~~~~~~
  my_F1_F2_
../Src/stm32l4xx_it.c:1011:2: warning: implicit declaration of function 'my_OUT1_F1_F2'; did you mean 'my_F1_F2'? [-Wimplicit-function-declaration]
  my_OUT1_F1_F2();  //  ___ такта, измеренна€ сумма = ___
  ^~~~~~~~~~~~~
  my_F1_F2
../Src/stm32l4xx_it.c:1044:4: warning: "/*" within comment [-Wcomment]
   //*
     
../Src/stm32l4xx_it.c: In function 'UpdateDataADC2':
../Src/stm32l4xx_it.c:1481:13: warning: unused variable 'i_NN' [-Wunused-variable]
  static int i_NN = 0;
             ^~~~
../Src/stm32l4xx_it.c:1404:13: warning: unused variable 'idT' [-Wunused-variable]
  static int idT = 0;
             ^~~
../Src/stm32l4xx_it.c:1403:13: warning: unused variable 'iT2' [-Wunused-variable]
  static int iT2 = 0;
             ^~~
../Src/stm32l4xx_it.c:1402:13: warning: unused variable 'iT1' [-Wunused-variable]
  static int iT1 = 0;
             ^~~
../Src/stm32l4xx_it.c: In function 'funWork_SCAN_CRNT':
../Src/stm32l4xx_it.c:1849:5: warning: "/*" within comment [-Wcomment]
     /*
      
../Src/stm32l4xx_it.c: In function 'UpdateRS232':
../Src/stm32l4xx_it.c:2239:12: warning: unused variable 'cr3its' [-Wunused-variable]
   uint32_t cr3its = USART3->CR3;
            ^~~~~~
../Src/stm32l4xx_it.c:2238:12: warning: unused variable 'cr1its' [-Wunused-variable]
   uint32_t cr1its = USART3->CR1;
            ^~~~~~
At top level:
../Src/stm32l4xx_it.c:1402:13: warning: 'iT1' defined but not used [-Wunused-variable]
  static int iT1 = 0;
             ^~~
../Src/stm32l4xx_it.c:1403:13: warning: 'iT2' defined but not used [-Wunused-variable]
  static int iT2 = 0;
             ^~~
../Src/stm32l4xx_it.c:1404:13: warning: 'idT' defined but not used [-Wunused-variable]
  static int idT = 0;
             ^~~
../Src/stm32l4xx_it.c:1481:13: warning: 'i_NN' defined but not used [-Wunused-variable]
  static int i_NN = 0;
             ^~~~
Finished building: ../Src/hist.c
 
Finished building: ../Src/interface_ADT7410.c
 
Finished building: ../Src/interface_LMX2486.c
Finished building: ../Src/pid_DOPLER_FREQ.c
Finished building: ../Src/my_FUN_.c
 
 
 
Finished building: ../Src/main.c
 
Finished building: ../Src/pid_MICROWAVE.c
 
Finished building: ../Src/pid_optics_pwr.c
 
Finished building: ../Src/var.c
 
Finished building: ../Src/usart_protocol.c
 
Finished building: ../Src/stm32l4xx_it.c
 
Building target: cpt_m__ac6.elf
Invoking: MCU GCC Linker
arm-none-eabi-gcc -mcpu=cortex-m4 -mthumb -mfloat-abi=hard -mfpu=fpv4-sp-d16 -specs=nosys.specs -specs=nano.specs -T"../STM32L476RCTx_FLASH.ld" -Wl,-Map=output.map -Wl,--gc-sections -o "cpt_m__ac6.elf" @"objects.list"   -lm
Finished building target: cpt_m__ac6.elf
 
make --no-print-directory post-build
Generating hex and Printing size information:
arm-none-eabi-objcopy -O ihex "cpt_m__ac6.elf" "cpt_m__ac6.hex"
arm-none-eabi-size "cpt_m__ac6.elf"
   text	   data	    bss	    dec	    hex	filename
  44616	    376	  33880	  78872	  13418	cpt_m__ac6.elf
 
09:01:42 **** Incremental Build of configuration Debug for project cpt_m__ac6 ****
make -j16 all 
make: Nothing to be done for 'all'.
09:01:58 **** Incremental Build of configuration Debug for project cpt_m__ac6 ****
make -j16 all 
make: Nothing to be done for 'all'.
09:02:04 **** Incremental Build of configuration Debug for project cpt_m__ac6 ****
make -j16 all 
make: Nothing to be done for 'all'.
09:02:32 **** Incremental Build of configuration Debug for project cpt_m__ac6 ****
make -j16 all 
make: Nothing to be done for 'all'.
09:02:36 **** Incremental Build of configuration Debug for project cpt_m__ac6 ****
make -j16 all 
make: Nothing to be done for 'all'.
09:04:23 **** Incremental Build of configuration Debug for project cpt_m__ac6 ****
make -j16 all 
Building file: ../Src/var.c
Invoking: MCU GCC Compiler
D:\my_GIT_2023\cpt_m__ac6\Debug
arm-none-eabi-gcc -mcpu=cortex-m4 -mthumb -mfloat-abi=hard -mfpu=fpv4-sp-d16 -DUSE_HAL_DRIVER -DSTM32L476xx -I"D:/my_GIT_2023/cpt_m__ac6/Inc" -I"D:/my_GIT_2023/cpt_m__ac6/Drivers/STM32L4xx_HAL_Driver/Inc" -I"D:/my_GIT_2023/cpt_m__ac6/Drivers/STM32L4xx_HAL_Driver/Inc/Legacy" -I"D:/my_GIT_2023/cpt_m__ac6/Drivers/CMSIS/Device/ST/STM32L4xx/Include" -I"D:/my_GIT_2023/cpt_m__ac6/Drivers/CMSIS/Include"  -Og -g3 -Wall -fmessage-length=0 -ffunction-sections -c -fmessage-length=0 -MMD -MP -MF"Src/var.d" -MT"Src/var.o" -o "Src/var.o" "../Src/var.c"
Finished building: ../Src/var.c
 
Building target: cpt_m__ac6.elf
Invoking: MCU GCC Linker
arm-none-eabi-gcc -mcpu=cortex-m4 -mthumb -mfloat-abi=hard -mfpu=fpv4-sp-d16 -specs=nosys.specs -specs=nano.specs -T"../STM32L476RCTx_FLASH.ld" -Wl,-Map=output.map -Wl,--gc-sections -o "cpt_m__ac6.elf" @"objects.list"   -lm
Finished building target: cpt_m__ac6.elf
 
make --no-print-directory post-build
Generating hex and Printing size information:
arm-none-eabi-objcopy -O ihex "cpt_m__ac6.elf" "cpt_m__ac6.hex"
arm-none-eabi-size "cpt_m__ac6.elf"
   text	   data	    bss	    dec	    hex	filename
  44616	    376	  33880	  78872	  13418	cpt_m__ac6.elf
 
09:04:31 **** Incremental Build of configuration Debug for project cpt_m__ac6 ****
make -j16 all 
make: Nothing to be done for 'all'.
09:06:32 **** Incremental Build of configuration Debug for project cpt_m__ac6 ****
make -j16 all 
Building file: ../Src/main.c
Invoking: MCU GCC Compiler
D:\my_GIT_2023\cpt_m__ac6\Debug
arm-none-eabi-gcc -mcpu=cortex-m4 -mthumb -mfloat-abi=hard -mfpu=fpv4-sp-d16 -DUSE_HAL_DRIVER -DSTM32L476xx -I"D:/my_GIT_2023/cpt_m__ac6/Inc" -I"D:/my_GIT_2023/cpt_m__ac6/Drivers/STM32L4xx_HAL_Driver/Inc" -I"D:/my_GIT_2023/cpt_m__ac6/Drivers/STM32L4xx_HAL_Driver/Inc/Legacy" -I"D:/my_GIT_2023/cpt_m__ac6/Drivers/CMSIS/Device/ST/STM32L4xx/Include" -I"D:/my_GIT_2023/cpt_m__ac6/Drivers/CMSIS/Include"  -Og -g3 -Wall -fmessage-length=0 -ffunction-sections -c -fmessage-length=0 -MMD -MP -MF"Src/main.d" -MT"Src/main.o" -o "Src/main.o" "../Src/main.c"
../Src/main.c: In function 'main':
../Src/main.c:353:4: warning: implicit declaration of function 'InitTEMP' [-Wimplicit-function-declaration]
    InitTEMP();
    ^~~~~~~~
../Src/main.c: In function 'ProgressPID_SENSOR_CELL':
../Src/main.c:871:4: warning: implicit declaration of function 'GetTEMP' [-Wimplicit-function-declaration]
    GetTEMP(); // value_TempCell - это температура
    ^~~~~~~
Finished building: ../Src/main.c
 
Building target: cpt_m__ac6.elf
Invoking: MCU GCC Linker
arm-none-eabi-gcc -mcpu=cortex-m4 -mthumb -mfloat-abi=hard -mfpu=fpv4-sp-d16 -specs=nosys.specs -specs=nano.specs -T"../STM32L476RCTx_FLASH.ld" -Wl,-Map=output.map -Wl,--gc-sections -o "cpt_m__ac6.elf" @"objects.list"   -lm
Finished building target: cpt_m__ac6.elf
 
make --no-print-directory post-build
Generating hex and Printing size information:
arm-none-eabi-objcopy -O ihex "cpt_m__ac6.elf" "cpt_m__ac6.hex"
arm-none-eabi-size "cpt_m__ac6.elf"
   text	   data	    bss	    dec	    hex	filename
  44632	    376	  33880	  78888	  13428	cpt_m__ac6.elf
 
09:06:38 **** Incremental Build of configuration Debug for project cpt_m__ac6 ****
make -j16 all 
make: Nothing to be done for 'all'.
09:10:44 **** Incremental Build of configuration Debug for project cpt_m__ac6 ****
make -j16 all 
make: Nothing to be done for 'all'.
09:13:50 **** Incremental Build of configuration Debug for project cpt_m__ac6 ****
make -j16 all 
Building file: ../Src/var.c
Invoking: MCU GCC Compiler
D:\my_GIT_2023\cpt_m__ac6\Debug
arm-none-eabi-gcc -mcpu=cortex-m4 -mthumb -mfloat-abi=hard -mfpu=fpv4-sp-d16 -DUSE_HAL_DRIVER -DSTM32L476xx -I"D:/my_GIT_2023/cpt_m__ac6/Inc" -I"D:/my_GIT_2023/cpt_m__ac6/Drivers/STM32L4xx_HAL_Driver/Inc" -I"D:/my_GIT_2023/cpt_m__ac6/Drivers/STM32L4xx_HAL_Driver/Inc/Legacy" -I"D:/my_GIT_2023/cpt_m__ac6/Drivers/CMSIS/Device/ST/STM32L4xx/Include" -I"D:/my_GIT_2023/cpt_m__ac6/Drivers/CMSIS/Include"  -Og -g3 -Wall -fmessage-length=0 -ffunction-sections -c -fmessage-length=0 -MMD -MP -MF"Src/var.d" -MT"Src/var.o" -o "Src/var.o" "../Src/var.c"
Finished building: ../Src/var.c
 
Building target: cpt_m__ac6.elf
Invoking: MCU GCC Linker
arm-none-eabi-gcc -mcpu=cortex-m4 -mthumb -mfloat-abi=hard -mfpu=fpv4-sp-d16 -specs=nosys.specs -specs=nano.specs -T"../STM32L476RCTx_FLASH.ld" -Wl,-Map=output.map -Wl,--gc-sections -o "cpt_m__ac6.elf" @"objects.list"   -lm
Finished building target: cpt_m__ac6.elf
 
make --no-print-directory post-build
Generating hex and Printing size information:
arm-none-eabi-objcopy -O ihex "cpt_m__ac6.elf" "cpt_m__ac6.hex"
arm-none-eabi-size "cpt_m__ac6.elf"
   text	   data	    bss	    dec	    hex	filename
  44632	    376	  33880	  78888	  13428	cpt_m__ac6.elf
 
09:13:56 **** Incremental Build of configuration Debug for project cpt_m__ac6 ****
make -j16 all 
make: Nothing to be done for 'all'.
09:16:37 **** Incremental Build of configuration Debug for project cpt_m__ac6 ****
make -j16 all 
Building file: ../Src/var.c
Invoking: MCU GCC Compiler
D:\my_GIT_2023\cpt_m__ac6\Debug
arm-none-eabi-gcc -mcpu=cortex-m4 -mthumb -mfloat-abi=hard -mfpu=fpv4-sp-d16 -DUSE_HAL_DRIVER -DSTM32L476xx -I"D:/my_GIT_2023/cpt_m__ac6/Inc" -I"D:/my_GIT_2023/cpt_m__ac6/Drivers/STM32L4xx_HAL_Driver/Inc" -I"D:/my_GIT_2023/cpt_m__ac6/Drivers/STM32L4xx_HAL_Driver/Inc/Legacy" -I"D:/my_GIT_2023/cpt_m__ac6/Drivers/CMSIS/Device/ST/STM32L4xx/Include" -I"D:/my_GIT_2023/cpt_m__ac6/Drivers/CMSIS/Include"  -Og -g3 -Wall -fmessage-length=0 -ffunction-sections -c -fmessage-length=0 -MMD -MP -MF"Src/var.d" -MT"Src/var.o" -o "Src/var.o" "../Src/var.c"
Finished building: ../Src/var.c
 
Building target: cpt_m__ac6.elf
Invoking: MCU GCC Linker
arm-none-eabi-gcc -mcpu=cortex-m4 -mthumb -mfloat-abi=hard -mfpu=fpv4-sp-d16 -specs=nosys.specs -specs=nano.specs -T"../STM32L476RCTx_FLASH.ld" -Wl,-Map=output.map -Wl,--gc-sections -o "cpt_m__ac6.elf" @"objects.list"   -lm
Finished building target: cpt_m__ac6.elf
 
make --no-print-directory post-build
Generating hex and Printing size information:
arm-none-eabi-objcopy -O ihex "cpt_m__ac6.elf" "cpt_m__ac6.hex"
arm-none-eabi-size "cpt_m__ac6.elf"
   text	   data	    bss	    dec	    hex	filename
  44632	    376	  33880	  78888	  13428	cpt_m__ac6.elf
 
09:16:42 **** Incremental Build of configuration Debug for project cpt_m__ac6 ****
make -j16 all 
make: Nothing to be done for 'all'.
10:32:47 **** Incremental Build of configuration Debug for project cpt_m__ac6 ****
make -j16 all 
Building file: ../Src/LSM303D.c
Building file: ../Src/adc.c
Building file: ../Src/dac.c
Invoking: MCU GCC Compiler
Invoking: MCU GCC Compiler
Building file: ../Src/dma.c
Invoking: MCU GCC Compiler
D:\my_GIT_2023\cpt_m__ac6\Debug
D:\my_GIT_2023\cpt_m__ac6\Debug
Invoking: MCU GCC Compiler
D:\my_GIT_2023\cpt_m__ac6\Debug
arm-none-eabi-gcc -mcpu=cortex-m4 -mthumb -mfloat-abi=hard -mfpu=fpv4-sp-d16 -DUSE_HAL_DRIVER -DSTM32L476xx -I"D:/my_GIT_2023/cpt_m__ac6/Inc" -I"D:/my_GIT_2023/cpt_m__ac6/Drivers/STM32L4xx_HAL_Driver/Inc" -I"D:/my_GIT_2023/cpt_m__ac6/Drivers/STM32L4xx_HAL_Driver/Inc/Legacy" -I"D:/my_GIT_2023/cpt_m__ac6/Drivers/CMSIS/Device/ST/STM32L4xx/Include" -I"D:/my_GIT_2023/cpt_m__ac6/Drivers/CMSIS/Include"  -Og -g3 -Wall -fmessage-length=0 -ffunction-sections -c -fmessage-length=0 -MMD -MP -MF"Src/LSM303D.d" -MT"Src/LSM303D.o" -o "Src/LSM303D.o" "../Src/LSM303D.c"
Building file: ../Src/gpio.c
arm-none-eabi-gcc -mcpu=cortex-m4 -mthumb -mfloat-abi=hard -mfpu=fpv4-sp-d16 -DUSE_HAL_DRIVER -DSTM32L476xx -I"D:/my_GIT_2023/cpt_m__ac6/Inc" -I"D:/my_GIT_2023/cpt_m__ac6/Drivers/STM32L4xx_HAL_Driver/Inc" -I"D:/my_GIT_2023/cpt_m__ac6/Drivers/STM32L4xx_HAL_Driver/Inc/Legacy" -I"D:/my_GIT_2023/cpt_m__ac6/Drivers/CMSIS/Device/ST/STM32L4xx/Include" -I"D:/my_GIT_2023/cpt_m__ac6/Drivers/CMSIS/Include"  -Og -g3 -Wall -fmessage-length=0 -ffunction-sections -c -fmessage-length=0 -MMD -MP -MF"Src/adc.d" -MT"Src/adc.o" -o "Src/adc.o" "../Src/adc.c"
arm-none-eabi-gcc -mcpu=cortex-m4 -mthumb -mfloat-abi=hard -mfpu=fpv4-sp-d16 -DUSE_HAL_DRIVER -DSTM32L476xx -I"D:/my_GIT_2023/cpt_m__ac6/Inc" -I"D:/my_GIT_2023/cpt_m__ac6/Drivers/STM32L4xx_HAL_Driver/Inc" -I"D:/my_GIT_2023/cpt_m__ac6/Drivers/STM32L4xx_HAL_Driver/Inc/Legacy" -I"D:/my_GIT_2023/cpt_m__ac6/Drivers/CMSIS/Device/ST/STM32L4xx/Include" -I"D:/my_GIT_2023/cpt_m__ac6/Drivers/CMSIS/Include"  -Og -g3 -Wall -fmessage-length=0 -ffunction-sections -c -fmessage-length=0 -MMD -MP -MF"Src/dac.d" -MT"Src/dac.o" -o "Src/dac.o" "../Src/dac.c"
D:\my_GIT_2023\cpt_m__ac6\Debug
arm-none-eabi-gcc -mcpu=cortex-m4 -mthumb -mfloat-abi=hard -mfpu=fpv4-sp-d16 -DUSE_HAL_DRIVER -DSTM32L476xx -I"D:/my_GIT_2023/cpt_m__ac6/Inc" -I"D:/my_GIT_2023/cpt_m__ac6/Drivers/STM32L4xx_HAL_Driver/Inc" -I"D:/my_GIT_2023/cpt_m__ac6/Drivers/STM32L4xx_HAL_Driver/Inc/Legacy" -I"D:/my_GIT_2023/cpt_m__ac6/Drivers/CMSIS/Device/ST/STM32L4xx/Include" -I"D:/my_GIT_2023/cpt_m__ac6/Drivers/CMSIS/Include"  -Og -g3 -Wall -fmessage-length=0 -ffunction-sections -c -fmessage-length=0 -MMD -MP -MF"Src/dma.d" -MT"Src/dma.o" -o "Src/dma.o" "../Src/dma.c"
Invoking: MCU GCC Compiler
Building file: ../Src/hist.c
D:\my_GIT_2023\cpt_m__ac6\Debug
Building file: ../Src/i2c.c
arm-none-eabi-gcc -mcpu=cortex-m4 -mthumb -mfloat-abi=hard -mfpu=fpv4-sp-d16 -DUSE_HAL_DRIVER -DSTM32L476xx -I"D:/my_GIT_2023/cpt_m__ac6/Inc" -I"D:/my_GIT_2023/cpt_m__ac6/Drivers/STM32L4xx_HAL_Driver/Inc" -I"D:/my_GIT_2023/cpt_m__ac6/Drivers/STM32L4xx_HAL_Driver/Inc/Legacy" -I"D:/my_GIT_2023/cpt_m__ac6/Drivers/CMSIS/Device/ST/STM32L4xx/Include" -I"D:/my_GIT_2023/cpt_m__ac6/Drivers/CMSIS/Include"  -Og -g3 -Wall -fmessage-length=0 -ffunction-sections -c -fmessage-length=0 -MMD -MP -MF"Src/gpio.d" -MT"Src/gpio.o" -o "Src/gpio.o" "../Src/gpio.c"
Invoking: MCU GCC Compiler
Building file: ../Src/interface_AD5668.c
Invoking: MCU GCC Compiler
D:\my_GIT_2023\cpt_m__ac6\Debug
Invoking: MCU GCC Compiler
arm-none-eabi-gcc -mcpu=cortex-m4 -mthumb -mfloat-abi=hard -mfpu=fpv4-sp-d16 -DUSE_HAL_DRIVER -DSTM32L476xx -I"D:/my_GIT_2023/cpt_m__ac6/Inc" -I"D:/my_GIT_2023/cpt_m__ac6/Drivers/STM32L4xx_HAL_Driver/Inc" -I"D:/my_GIT_2023/cpt_m__ac6/Drivers/STM32L4xx_HAL_Driver/Inc/Legacy" -I"D:/my_GIT_2023/cpt_m__ac6/Drivers/CMSIS/Device/ST/STM32L4xx/Include" -I"D:/my_GIT_2023/cpt_m__ac6/Drivers/CMSIS/Include"  -Og -g3 -Wall -fmessage-length=0 -ffunction-sections -c -fmessage-length=0 -MMD -MP -MF"Src/hist.d" -MT"Src/hist.o" -o "Src/hist.o" "../Src/hist.c"
Building file: ../Src/interface_AD8400.c
D:\my_GIT_2023\cpt_m__ac6\Debug
arm-none-eabi-gcc -mcpu=cortex-m4 -mthumb -mfloat-abi=hard -mfpu=fpv4-sp-d16 -DUSE_HAL_DRIVER -DSTM32L476xx -I"D:/my_GIT_2023/cpt_m__ac6/Inc" -I"D:/my_GIT_2023/cpt_m__ac6/Drivers/STM32L4xx_HAL_Driver/Inc" -I"D:/my_GIT_2023/cpt_m__ac6/Drivers/STM32L4xx_HAL_Driver/Inc/Legacy" -I"D:/my_GIT_2023/cpt_m__ac6/Drivers/CMSIS/Device/ST/STM32L4xx/Include" -I"D:/my_GIT_2023/cpt_m__ac6/Drivers/CMSIS/Include"  -Og -g3 -Wall -fmessage-length=0 -ffunction-sections -c -fmessage-length=0 -MMD -MP -MF"Src/i2c.d" -MT"Src/i2c.o" -o "Src/i2c.o" "../Src/i2c.c"
D:\my_GIT_2023\cpt_m__ac6\Debug
Invoking: MCU GCC Compiler
arm-none-eabi-gcc -mcpu=cortex-m4 -mthumb -mfloat-abi=hard -mfpu=fpv4-sp-d16 -DUSE_HAL_DRIVER -DSTM32L476xx -I"D:/my_GIT_2023/cpt_m__ac6/Inc" -I"D:/my_GIT_2023/cpt_m__ac6/Drivers/STM32L4xx_HAL_Driver/Inc" -I"D:/my_GIT_2023/cpt_m__ac6/Drivers/STM32L4xx_HAL_Driver/Inc/Legacy" -I"D:/my_GIT_2023/cpt_m__ac6/Drivers/CMSIS/Device/ST/STM32L4xx/Include" -I"D:/my_GIT_2023/cpt_m__ac6/Drivers/CMSIS/Include"  -Og -g3 -Wall -fmessage-length=0 -ffunction-sections -c -fmessage-length=0 -MMD -MP -MF"Src/interface_AD5668.d" -MT"Src/interface_AD5668.o" -o "Src/interface_AD5668.o" "../Src/interface_AD5668.c"
Building file: ../Src/interface_ADT7410.c
D:\my_GIT_2023\cpt_m__ac6\Debug
Building file: ../Src/interface_LMX2486.c
arm-none-eabi-gcc -mcpu=cortex-m4 -mthumb -mfloat-abi=hard -mfpu=fpv4-sp-d16 -DUSE_HAL_DRIVER -DSTM32L476xx -I"D:/my_GIT_2023/cpt_m__ac6/Inc" -I"D:/my_GIT_2023/cpt_m__ac6/Drivers/STM32L4xx_HAL_Driver/Inc" -I"D:/my_GIT_2023/cpt_m__ac6/Drivers/STM32L4xx_HAL_Driver/Inc/Legacy" -I"D:/my_GIT_2023/cpt_m__ac6/Drivers/CMSIS/Device/ST/STM32L4xx/Include" -I"D:/my_GIT_2023/cpt_m__ac6/Drivers/CMSIS/Include"  -Og -g3 -Wall -fmessage-length=0 -ffunction-sections -c -fmessage-length=0 -MMD -MP -MF"Src/interface_AD8400.d" -MT"Src/interface_AD8400.o" -o "Src/interface_AD8400.o" "../Src/interface_AD8400.c"
Invoking: MCU GCC Compiler
Building file: ../Src/main.c
D:\my_GIT_2023\cpt_m__ac6\Debug
Invoking: MCU GCC Compiler
Invoking: MCU GCC Compiler
Building file: ../Src/my_FUN_.c
arm-none-eabi-gcc -mcpu=cortex-m4 -mthumb -mfloat-abi=hard -mfpu=fpv4-sp-d16 -DUSE_HAL_DRIVER -DSTM32L476xx -I"D:/my_GIT_2023/cpt_m__ac6/Inc" -I"D:/my_GIT_2023/cpt_m__ac6/Drivers/STM32L4xx_HAL_Driver/Inc" -I"D:/my_GIT_2023/cpt_m__ac6/Drivers/STM32L4xx_HAL_Driver/Inc/Legacy" -I"D:/my_GIT_2023/cpt_m__ac6/Drivers/CMSIS/Device/ST/STM32L4xx/Include" -I"D:/my_GIT_2023/cpt_m__ac6/Drivers/CMSIS/Include"  -Og -g3 -Wall -fmessage-length=0 -ffunction-sections -c -fmessage-length=0 -MMD -MP -MF"Src/interface_ADT7410.d" -MT"Src/interface_ADT7410.o" -o "Src/interface_ADT7410.o" "../Src/interface_ADT7410.c"
Building file: ../Src/pid_DOPLER_FREQ.c
D:\my_GIT_2023\cpt_m__ac6\Debug
arm-none-eabi-gcc -mcpu=cortex-m4 -mthumb -mfloat-abi=hard -mfpu=fpv4-sp-d16 -DUSE_HAL_DRIVER -DSTM32L476xx -I"D:/my_GIT_2023/cpt_m__ac6/Inc" -I"D:/my_GIT_2023/cpt_m__ac6/Drivers/STM32L4xx_HAL_Driver/Inc" -I"D:/my_GIT_2023/cpt_m__ac6/Drivers/STM32L4xx_HAL_Driver/Inc/Legacy" -I"D:/my_GIT_2023/cpt_m__ac6/Drivers/CMSIS/Device/ST/STM32L4xx/Include" -I"D:/my_GIT_2023/cpt_m__ac6/Drivers/CMSIS/Include"  -Og -g3 -Wall -fmessage-length=0 -ffunction-sections -c -fmessage-length=0 -MMD -MP -MF"Src/interface_LMX2486.d" -MT"Src/interface_LMX2486.o" -o "Src/interface_LMX2486.o" "../Src/interface_LMX2486.c"
D:\my_GIT_2023\cpt_m__ac6\Debug
Invoking: MCU GCC Compiler
Invoking: MCU GCC Compiler
arm-none-eabi-gcc -mcpu=cortex-m4 -mthumb -mfloat-abi=hard -mfpu=fpv4-sp-d16 -DUSE_HAL_DRIVER -DSTM32L476xx -I"D:/my_GIT_2023/cpt_m__ac6/Inc" -I"D:/my_GIT_2023/cpt_m__ac6/Drivers/STM32L4xx_HAL_Driver/Inc" -I"D:/my_GIT_2023/cpt_m__ac6/Drivers/STM32L4xx_HAL_Driver/Inc/Legacy" -I"D:/my_GIT_2023/cpt_m__ac6/Drivers/CMSIS/Device/ST/STM32L4xx/Include" -I"D:/my_GIT_2023/cpt_m__ac6/Drivers/CMSIS/Include"  -Og -g3 -Wall -fmessage-length=0 -ffunction-sections -c -fmessage-length=0 -MMD -MP -MF"Src/main.d" -MT"Src/main.o" -o "Src/main.o" "../Src/main.c"
Building file: ../Src/pid_MICROWAVE.c
D:\my_GIT_2023\cpt_m__ac6\Debug
D:\my_GIT_2023\cpt_m__ac6\Debug
arm-none-eabi-gcc -mcpu=cortex-m4 -mthumb -mfloat-abi=hard -mfpu=fpv4-sp-d16 -DUSE_HAL_DRIVER -DSTM32L476xx -I"D:/my_GIT_2023/cpt_m__ac6/Inc" -I"D:/my_GIT_2023/cpt_m__ac6/Drivers/STM32L4xx_HAL_Driver/Inc" -I"D:/my_GIT_2023/cpt_m__ac6/Drivers/STM32L4xx_HAL_Driver/Inc/Legacy" -I"D:/my_GIT_2023/cpt_m__ac6/Drivers/CMSIS/Device/ST/STM32L4xx/Include" -I"D:/my_GIT_2023/cpt_m__ac6/Drivers/CMSIS/Include"  -Og -g3 -Wall -fmessage-length=0 -ffunction-sections -c -fmessage-length=0 -MMD -MP -MF"Src/my_FUN_.d" -MT"Src/my_FUN_.o" -o "Src/my_FUN_.o" "../Src/my_FUN_.c"
Invoking: MCU GCC Compiler
arm-none-eabi-gcc -mcpu=cortex-m4 -mthumb -mfloat-abi=hard -mfpu=fpv4-sp-d16 -DUSE_HAL_DRIVER -DSTM32L476xx -I"D:/my_GIT_2023/cpt_m__ac6/Inc" -I"D:/my_GIT_2023/cpt_m__ac6/Drivers/STM32L4xx_HAL_Driver/Inc" -I"D:/my_GIT_2023/cpt_m__ac6/Drivers/STM32L4xx_HAL_Driver/Inc/Legacy" -I"D:/my_GIT_2023/cpt_m__ac6/Drivers/CMSIS/Device/ST/STM32L4xx/Include" -I"D:/my_GIT_2023/cpt_m__ac6/Drivers/CMSIS/Include"  -Og -g3 -Wall -fmessage-length=0 -ffunction-sections -c -fmessage-length=0 -MMD -MP -MF"Src/pid_DOPLER_FREQ.d" -MT"Src/pid_DOPLER_FREQ.o" -o "Src/pid_DOPLER_FREQ.o" "../Src/pid_DOPLER_FREQ.c"
Building file: ../Src/pid_optics_pwr.c
D:\my_GIT_2023\cpt_m__ac6\Debug
arm-none-eabi-gcc -mcpu=cortex-m4 -mthumb -mfloat-abi=hard -mfpu=fpv4-sp-d16 -DUSE_HAL_DRIVER -DSTM32L476xx -I"D:/my_GIT_2023/cpt_m__ac6/Inc" -I"D:/my_GIT_2023/cpt_m__ac6/Drivers/STM32L4xx_HAL_Driver/Inc" -I"D:/my_GIT_2023/cpt_m__ac6/Drivers/STM32L4xx_HAL_Driver/Inc/Legacy" -I"D:/my_GIT_2023/cpt_m__ac6/Drivers/CMSIS/Device/ST/STM32L4xx/Include" -I"D:/my_GIT_2023/cpt_m__ac6/Drivers/CMSIS/Include"  -Og -g3 -Wall -fmessage-length=0 -ffunction-sections -c -fmessage-length=0 -MMD -MP -MF"Src/pid_MICROWAVE.d" -MT"Src/pid_MICROWAVE.o" -o "Src/pid_MICROWAVE.o" "../Src/pid_MICROWAVE.c"
Invoking: MCU GCC Compiler
D:\my_GIT_2023\cpt_m__ac6\Debug
arm-none-eabi-gcc -mcpu=cortex-m4 -mthumb -mfloat-abi=hard -mfpu=fpv4-sp-d16 -DUSE_HAL_DRIVER -DSTM32L476xx -I"D:/my_GIT_2023/cpt_m__ac6/Inc" -I"D:/my_GIT_2023/cpt_m__ac6/Drivers/STM32L4xx_HAL_Driver/Inc" -I"D:/my_GIT_2023/cpt_m__ac6/Drivers/STM32L4xx_HAL_Driver/Inc/Legacy" -I"D:/my_GIT_2023/cpt_m__ac6/Drivers/CMSIS/Device/ST/STM32L4xx/Include" -I"D:/my_GIT_2023/cpt_m__ac6/Drivers/CMSIS/Include"  -Og -g3 -Wall -fmessage-length=0 -ffunction-sections -c -fmessage-length=0 -MMD -MP -MF"Src/pid_optics_pwr.d" -MT"Src/pid_optics_pwr.o" -o "Src/pid_optics_pwr.o" "../Src/pid_optics_pwr.c"
../Src/interface_AD8400.c: In function 'AD8400_SetValue':
../Src/interface_AD8400.c:24:17: warning: variable 'data' set but not used [-Wunused-but-set-variable]
  static uint8_t data[2];
                 ^~~~
../Src/interface_AD8400.c:9:19: warning: variable 'rx' set but not used [-Wunused-but-set-variable]
  volatile uint8_t rx = 0;
                   ^~
../Src/interface_AD5668.c: In function 'AD5668_Init':
../Src/interface_AD5668.c:12:19: warning: variable 'rx' set but not used [-Wunused-but-set-variable]
  volatile uint8_t rx = 0;
                   ^~
../Src/interface_AD5668.c: In function 'AD5668_SetValue':
../Src/interface_AD5668.c:57:19: warning: variable 'rx' set but not used [-Wunused-but-set-variable]
  volatile uint8_t rx = 0;
                   ^~
../Src/interface_AD5668.c: In function 'AD5668_WriteValue':
../Src/interface_AD5668.c:105:19: warning: variable 'rx' set but not used [-Wunused-but-set-variable]
  volatile uint8_t rx = 0;
                   ^~
../Src/interface_LMX2486.c: In function 'LMX2486_SendData':
../Src/interface_LMX2486.c:8:19: warning: variable 'rx' set but not used [-Wunused-but-set-variable]
  volatile uint8_t rx = 0;
                   ^~
../Src/interface_AD5668.c: In function 'AD5668_Reset':
../Src/interface_AD5668.c:152:19: warning: variable 'rx' set but not used [-Wunused-but-set-variable]
  volatile uint8_t rx = 0;
                   ^~
../Src/hist.c: In function 'HIST':
../Src/hist.c:64:25: warning: 'i' may be used uninitialized in this function [-Wmaybe-uninitialized]
   for(int i; i < 1000; i++)       //формируем значени€ €чеек гистограммы
                        ~^~
../Src/main.c: In function 'main':
../Src/main.c:353:4: warning: implicit declaration of function 'InitTEMP' [-Wimplicit-function-declaration]
    InitTEMP();
    ^~~~~~~~
../Src/main.c: In function 'ProgressPID_SENSOR_CELL':
../Src/main.c:871:4: warning: implicit declaration of function 'GetTEMP' [-Wimplicit-function-declaration]
    GetTEMP(); // value_TempCell - это температура
    ^~~~~~~
Finished building: ../Src/hist.c
Finished building: ../Src/LSM303D.c
Finished building: ../Src/interface_AD8400.c
Finished building: ../Src/pid_MICROWAVE.c
 
Finished building: ../Src/adc.c
Finished building: ../Src/dac.c
Finished building: ../Src/dma.c
Finished building: ../Src/gpio.c
Finished building: ../Src/i2c.c
Finished building: ../Src/interface_AD5668.c
Finished building: ../Src/interface_ADT7410.c
Finished building: ../Src/interface_LMX2486.c
Finished building: ../Src/my_FUN_.c
Finished building: ../Src/pid_DOPLER_FREQ.c
Finished building: ../Src/pid_optics_pwr.c
 
 
 
 
 
 
 
 
 
 
Finished building: ../Src/main.c
 
 
 
 
 
Building file: ../Src/spi.c
Building file: ../Src/stm32l4xx_hal_msp.c
Building file: ../Src/stm32l4xx_it.c
Invoking: MCU GCC Compiler
Invoking: MCU GCC Compiler
Building file: ../Src/system_stm32l4xx.c
Invoking: MCU GCC Compiler
D:\my_GIT_2023\cpt_m__ac6\Debug
D:\my_GIT_2023\cpt_m__ac6\Debug
arm-none-eabi-gcc -mcpu=cortex-m4 -mthumb -mfloat-abi=hard -mfpu=fpv4-sp-d16 -DUSE_HAL_DRIVER -DSTM32L476xx -I"D:/my_GIT_2023/cpt_m__ac6/Inc" -I"D:/my_GIT_2023/cpt_m__ac6/Drivers/STM32L4xx_HAL_Driver/Inc" -I"D:/my_GIT_2023/cpt_m__ac6/Drivers/STM32L4xx_HAL_Driver/Inc/Legacy" -I"D:/my_GIT_2023/cpt_m__ac6/Drivers/CMSIS/Device/ST/STM32L4xx/Include" -I"D:/my_GIT_2023/cpt_m__ac6/Drivers/CMSIS/Include"  -Og -g3 -Wall -fmessage-length=0 -ffunction-sections -c -fmessage-length=0 -MMD -MP -MF"Src/spi.d" -MT"Src/spi.o" -o "Src/spi.o" "../Src/spi.c"
Building file: ../Src/tim.c
Invoking: MCU GCC Compiler
arm-none-eabi-gcc -mcpu=cortex-m4 -mthumb -mfloat-abi=hard -mfpu=fpv4-sp-d16 -DUSE_HAL_DRIVER -DSTM32L476xx -I"D:/my_GIT_2023/cpt_m__ac6/Inc" -I"D:/my_GIT_2023/cpt_m__ac6/Drivers/STM32L4xx_HAL_Driver/Inc" -I"D:/my_GIT_2023/cpt_m__ac6/Drivers/STM32L4xx_HAL_Driver/Inc/Legacy" -I"D:/my_GIT_2023/cpt_m__ac6/Drivers/CMSIS/Device/ST/STM32L4xx/Include" -I"D:/my_GIT_2023/cpt_m__ac6/Drivers/CMSIS/Include"  -Og -g3 -Wall -fmessage-length=0 -ffunction-sections -c -fmessage-length=0 -MMD -MP -MF"Src/stm32l4xx_hal_msp.d" -MT"Src/stm32l4xx_hal_msp.o" -o "Src/stm32l4xx_hal_msp.o" "../Src/stm32l4xx_hal_msp.c"
D:\my_GIT_2023\cpt_m__ac6\Debug
arm-none-eabi-gcc -mcpu=cortex-m4 -mthumb -mfloat-abi=hard -mfpu=fpv4-sp-d16 -DUSE_HAL_DRIVER -DSTM32L476xx -I"D:/my_GIT_2023/cpt_m__ac6/Inc" -I"D:/my_GIT_2023/cpt_m__ac6/Drivers/STM32L4xx_HAL_Driver/Inc" -I"D:/my_GIT_2023/cpt_m__ac6/Drivers/STM32L4xx_HAL_Driver/Inc/Legacy" -I"D:/my_GIT_2023/cpt_m__ac6/Drivers/CMSIS/Device/ST/STM32L4xx/Include" -I"D:/my_GIT_2023/cpt_m__ac6/Drivers/CMSIS/Include"  -Og -g3 -Wall -fmessage-length=0 -ffunction-sections -c -fmessage-length=0 -MMD -MP -MF"Src/stm32l4xx_it.d" -MT"Src/stm32l4xx_it.o" -o "Src/stm32l4xx_it.o" "../Src/stm32l4xx_it.c"
Invoking: MCU GCC Compiler
D:\my_GIT_2023\cpt_m__ac6\Debug
arm-none-eabi-gcc -mcpu=cortex-m4 -mthumb -mfloat-abi=hard -mfpu=fpv4-sp-d16 -DUSE_HAL_DRIVER -DSTM32L476xx -I"D:/my_GIT_2023/cpt_m__ac6/Inc" -I"D:/my_GIT_2023/cpt_m__ac6/Drivers/STM32L4xx_HAL_Driver/Inc" -I"D:/my_GIT_2023/cpt_m__ac6/Drivers/STM32L4xx_HAL_Driver/Inc/Legacy" -I"D:/my_GIT_2023/cpt_m__ac6/Drivers/CMSIS/Device/ST/STM32L4xx/Include" -I"D:/my_GIT_2023/cpt_m__ac6/Drivers/CMSIS/Include"  -Og -g3 -Wall -fmessage-length=0 -ffunction-sections -c -fmessage-length=0 -MMD -MP -MF"Src/system_stm32l4xx.d" -MT"Src/system_stm32l4xx.o" -o "Src/system_stm32l4xx.o" "../Src/system_stm32l4xx.c"
Building file: ../Src/usart.c
D:\my_GIT_2023\cpt_m__ac6\Debug
arm-none-eabi-gcc -mcpu=cortex-m4 -mthumb -mfloat-abi=hard -mfpu=fpv4-sp-d16 -DUSE_HAL_DRIVER -DSTM32L476xx -I"D:/my_GIT_2023/cpt_m__ac6/Inc" -I"D:/my_GIT_2023/cpt_m__ac6/Drivers/STM32L4xx_HAL_Driver/Inc" -I"D:/my_GIT_2023/cpt_m__ac6/Drivers/STM32L4xx_HAL_Driver/Inc/Legacy" -I"D:/my_GIT_2023/cpt_m__ac6/Drivers/CMSIS/Device/ST/STM32L4xx/Include" -I"D:/my_GIT_2023/cpt_m__ac6/Drivers/CMSIS/Include"  -Og -g3 -Wall -fmessage-length=0 -ffunction-sections -c -fmessage-length=0 -MMD -MP -MF"Src/tim.d" -MT"Src/tim.o" -o "Src/tim.o" "../Src/tim.c"
Building file: ../Src/usart_protocol.c
Invoking: MCU GCC Compiler
Building file: ../Src/var.c
Invoking: MCU GCC Compiler
D:\my_GIT_2023\cpt_m__ac6\Debug
arm-none-eabi-gcc -mcpu=cortex-m4 -mthumb -mfloat-abi=hard -mfpu=fpv4-sp-d16 -DUSE_HAL_DRIVER -DSTM32L476xx -I"D:/my_GIT_2023/cpt_m__ac6/Inc" -I"D:/my_GIT_2023/cpt_m__ac6/Drivers/STM32L4xx_HAL_Driver/Inc" -I"D:/my_GIT_2023/cpt_m__ac6/Drivers/STM32L4xx_HAL_Driver/Inc/Legacy" -I"D:/my_GIT_2023/cpt_m__ac6/Drivers/CMSIS/Device/ST/STM32L4xx/Include" -I"D:/my_GIT_2023/cpt_m__ac6/Drivers/CMSIS/Include"  -Og -g3 -Wall -fmessage-length=0 -ffunction-sections -c -fmessage-length=0 -MMD -MP -MF"Src/usart.d" -MT"Src/usart.o" -o "Src/usart.o" "../Src/usart.c"
Building file: ../Drivers/STM32L4xx_HAL_Driver/Src/stm32l4xx_hal.c
Invoking: MCU GCC Compiler
D:\my_GIT_2023\cpt_m__ac6\Debug
arm-none-eabi-gcc -mcpu=cortex-m4 -mthumb -mfloat-abi=hard -mfpu=fpv4-sp-d16 -DUSE_HAL_DRIVER -DSTM32L476xx -I"D:/my_GIT_2023/cpt_m__ac6/Inc" -I"D:/my_GIT_2023/cpt_m__ac6/Drivers/STM32L4xx_HAL_Driver/Inc" -I"D:/my_GIT_2023/cpt_m__ac6/Drivers/STM32L4xx_HAL_Driver/Inc/Legacy" -I"D:/my_GIT_2023/cpt_m__ac6/Drivers/CMSIS/Device/ST/STM32L4xx/Include" -I"D:/my_GIT_2023/cpt_m__ac6/Drivers/CMSIS/Include"  -Og -g3 -Wall -fmessage-length=0 -ffunction-sections -c -fmessage-length=0 -MMD -MP -MF"Src/usart_protocol.d" -MT"Src/usart_protocol.o" -o "Src/usart_protocol.o" "../Src/usart_protocol.c"
Invoking: MCU GCC Compiler
D:\my_GIT_2023\cpt_m__ac6\Debug
arm-none-eabi-gcc -mcpu=cortex-m4 -mthumb -mfloat-abi=hard -mfpu=fpv4-sp-d16 -DUSE_HAL_DRIVER -DSTM32L476xx -I"D:/my_GIT_2023/cpt_m__ac6/Inc" -I"D:/my_GIT_2023/cpt_m__ac6/Drivers/STM32L4xx_HAL_Driver/Inc" -I"D:/my_GIT_2023/cpt_m__ac6/Drivers/STM32L4xx_HAL_Driver/Inc/Legacy" -I"D:/my_GIT_2023/cpt_m__ac6/Drivers/CMSIS/Device/ST/STM32L4xx/Include" -I"D:/my_GIT_2023/cpt_m__ac6/Drivers/CMSIS/Include"  -Og -g3 -Wall -fmessage-length=0 -ffunction-sections -c -fmessage-length=0 -MMD -MP -MF"Src/var.d" -MT"Src/var.o" -o "Src/var.o" "../Src/var.c"
Building file: ../Drivers/STM32L4xx_HAL_Driver/Src/stm32l4xx_hal_adc.c
D:\my_GIT_2023\cpt_m__ac6\Debug
arm-none-eabi-gcc -mcpu=cortex-m4 -mthumb -mfloat-abi=hard -mfpu=fpv4-sp-d16 -DUSE_HAL_DRIVER -DSTM32L476xx -I"D:/my_GIT_2023/cpt_m__ac6/Inc" -I"D:/my_GIT_2023/cpt_m__ac6/Drivers/STM32L4xx_HAL_Driver/Inc" -I"D:/my_GIT_2023/cpt_m__ac6/Drivers/STM32L4xx_HAL_Driver/Inc/Legacy" -I"D:/my_GIT_2023/cpt_m__ac6/Drivers/CMSIS/Device/ST/STM32L4xx/Include" -I"D:/my_GIT_2023/cpt_m__ac6/Drivers/CMSIS/Include"  -Og -g3 -Wall -fmessage-length=0 -ffunction-sections -c -fmessage-length=0 -MMD -MP -MF"Drivers/STM32L4xx_HAL_Driver/Src/stm32l4xx_hal.d" -MT"Drivers/STM32L4xx_HAL_Driver/Src/stm32l4xx_hal.o" -o "Drivers/STM32L4xx_HAL_Driver/Src/stm32l4xx_hal.o" "../Drivers/STM32L4xx_HAL_Driver/Src/stm32l4xx_hal.c"
Building file: ../Drivers/STM32L4xx_HAL_Driver/Src/stm32l4xx_hal_adc_ex.c
Invoking: MCU GCC Compiler
Building file: ../Drivers/STM32L4xx_HAL_Driver/Src/stm32l4xx_hal_cortex.c
Invoking: MCU GCC Compiler
D:\my_GIT_2023\cpt_m__ac6\Debug
Building file: ../Drivers/STM32L4xx_HAL_Driver/Src/stm32l4xx_hal_dac.c
arm-none-eabi-gcc -mcpu=cortex-m4 -mthumb -mfloat-abi=hard -mfpu=fpv4-sp-d16 -DUSE_HAL_DRIVER -DSTM32L476xx -I"D:/my_GIT_2023/cpt_m__ac6/Inc" -I"D:/my_GIT_2023/cpt_m__ac6/Drivers/STM32L4xx_HAL_Driver/Inc" -I"D:/my_GIT_2023/cpt_m__ac6/Drivers/STM32L4xx_HAL_Driver/Inc/Legacy" -I"D:/my_GIT_2023/cpt_m__ac6/Drivers/CMSIS/Device/ST/STM32L4xx/Include" -I"D:/my_GIT_2023/cpt_m__ac6/Drivers/CMSIS/Include"  -Og -g3 -Wall -fmessage-length=0 -ffunction-sections -c -fmessage-length=0 -MMD -MP -MF"Drivers/STM32L4xx_HAL_Driver/Src/stm32l4xx_hal_adc.d" -MT"Drivers/STM32L4xx_HAL_Driver/Src/stm32l4xx_hal_adc.o" -o "Drivers/STM32L4xx_HAL_Driver/Src/stm32l4xx_hal_adc.o" "../Drivers/STM32L4xx_HAL_Driver/Src/stm32l4xx_hal_adc.c"
Invoking: MCU GCC Compiler
D:\my_GIT_2023\cpt_m__ac6\Debug
Building file: ../Drivers/STM32L4xx_HAL_Driver/Src/stm32l4xx_hal_dac_ex.c
arm-none-eabi-gcc -mcpu=cortex-m4 -mthumb -mfloat-abi=hard -mfpu=fpv4-sp-d16 -DUSE_HAL_DRIVER -DSTM32L476xx -I"D:/my_GIT_2023/cpt_m__ac6/Inc" -I"D:/my_GIT_2023/cpt_m__ac6/Drivers/STM32L4xx_HAL_Driver/Inc" -I"D:/my_GIT_2023/cpt_m__ac6/Drivers/STM32L4xx_HAL_Driver/Inc/Legacy" -I"D:/my_GIT_2023/cpt_m__ac6/Drivers/CMSIS/Device/ST/STM32L4xx/Include" -I"D:/my_GIT_2023/cpt_m__ac6/Drivers/CMSIS/Include"  -Og -g3 -Wall -fmessage-length=0 -ffunction-sections -c -fmessage-length=0 -MMD -MP -MF"Drivers/STM32L4xx_HAL_Driver/Src/stm32l4xx_hal_adc_ex.d" -MT"Drivers/STM32L4xx_HAL_Driver/Src/stm32l4xx_hal_adc_ex.o" -o "Drivers/STM32L4xx_HAL_Driver/Src/stm32l4xx_hal_adc_ex.o" "../Drivers/STM32L4xx_HAL_Driver/Src/stm32l4xx_hal_adc_ex.c"
Invoking: MCU GCC Compiler
D:\my_GIT_2023\cpt_m__ac6\Debug
Invoking: MCU GCC Compiler
arm-none-eabi-gcc -mcpu=cortex-m4 -mthumb -mfloat-abi=hard -mfpu=fpv4-sp-d16 -DUSE_HAL_DRIVER -DSTM32L476xx -I"D:/my_GIT_2023/cpt_m__ac6/Inc" -I"D:/my_GIT_2023/cpt_m__ac6/Drivers/STM32L4xx_HAL_Driver/Inc" -I"D:/my_GIT_2023/cpt_m__ac6/Drivers/STM32L4xx_HAL_Driver/Inc/Legacy" -I"D:/my_GIT_2023/cpt_m__ac6/Drivers/CMSIS/Device/ST/STM32L4xx/Include" -I"D:/my_GIT_2023/cpt_m__ac6/Drivers/CMSIS/Include"  -Og -g3 -Wall -fmessage-length=0 -ffunction-sections -c -fmessage-length=0 -MMD -MP -MF"Drivers/STM32L4xx_HAL_Driver/Src/stm32l4xx_hal_cortex.d" -MT"Drivers/STM32L4xx_HAL_Driver/Src/stm32l4xx_hal_cortex.o" -o "Drivers/STM32L4xx_HAL_Driver/Src/stm32l4xx_hal_cortex.o" "../Drivers/STM32L4xx_HAL_Driver/Src/stm32l4xx_hal_cortex.c"
Building file: ../Drivers/STM32L4xx_HAL_Driver/Src/stm32l4xx_hal_dma.c
D:\my_GIT_2023\cpt_m__ac6\Debug
arm-none-eabi-gcc -mcpu=cortex-m4 -mthumb -mfloat-abi=hard -mfpu=fpv4-sp-d16 -DUSE_HAL_DRIVER -DSTM32L476xx -I"D:/my_GIT_2023/cpt_m__ac6/Inc" -I"D:/my_GIT_2023/cpt_m__ac6/Drivers/STM32L4xx_HAL_Driver/Inc" -I"D:/my_GIT_2023/cpt_m__ac6/Drivers/STM32L4xx_HAL_Driver/Inc/Legacy" -I"D:/my_GIT_2023/cpt_m__ac6/Drivers/CMSIS/Device/ST/STM32L4xx/Include" -I"D:/my_GIT_2023/cpt_m__ac6/Drivers/CMSIS/Include"  -Og -g3 -Wall -fmessage-length=0 -ffunction-sections -c -fmessage-length=0 -MMD -MP -MF"Drivers/STM32L4xx_HAL_Driver/Src/stm32l4xx_hal_dac.d" -MT"Drivers/STM32L4xx_HAL_Driver/Src/stm32l4xx_hal_dac.o" -o "Drivers/STM32L4xx_HAL_Driver/Src/stm32l4xx_hal_dac.o" "../Drivers/STM32L4xx_HAL_Driver/Src/stm32l4xx_hal_dac.c"
D:\my_GIT_2023\cpt_m__ac6\Debug
arm-none-eabi-gcc -mcpu=cortex-m4 -mthumb -mfloat-abi=hard -mfpu=fpv4-sp-d16 -DUSE_HAL_DRIVER -DSTM32L476xx -I"D:/my_GIT_2023/cpt_m__ac6/Inc" -I"D:/my_GIT_2023/cpt_m__ac6/Drivers/STM32L4xx_HAL_Driver/Inc" -I"D:/my_GIT_2023/cpt_m__ac6/Drivers/STM32L4xx_HAL_Driver/Inc/Legacy" -I"D:/my_GIT_2023/cpt_m__ac6/Drivers/CMSIS/Device/ST/STM32L4xx/Include" -I"D:/my_GIT_2023/cpt_m__ac6/Drivers/CMSIS/Include"  -Og -g3 -Wall -fmessage-length=0 -ffunction-sections -c -fmessage-length=0 -MMD -MP -MF"Drivers/STM32L4xx_HAL_Driver/Src/stm32l4xx_hal_dac_ex.d" -MT"Drivers/STM32L4xx_HAL_Driver/Src/stm32l4xx_hal_dac_ex.o" -o "Drivers/STM32L4xx_HAL_Driver/Src/stm32l4xx_hal_dac_ex.o" "../Drivers/STM32L4xx_HAL_Driver/Src/stm32l4xx_hal_dac_ex.c"
Invoking: MCU GCC Compiler
../Src/stm32l4xx_it.c: In function 'my_ADC1_1':
../Src/stm32l4xx_it.c:1004:2: warning: implicit declaration of function 'my_DataADC1_0'; did you mean 'my_DataADC2_0'? [-Wimplicit-function-declaration]
  my_DataADC1_0();  // ¬рем€ выполнени€ my_DataADC1_0() ____ тактов
  ^~~~~~~~~~~~~
  my_DataADC2_0
../Src/stm32l4xx_it.c:1005:2: warning: implicit declaration of function 'my_DataADC1_2'; did you mean 'my_DataADC2_2'? [-Wimplicit-function-declaration]
  my_DataADC1_2();  // ¬рем€ выполнени€ my_DataADC1_0()+my_DataADC1_2() ____ тактов
  ^~~~~~~~~~~~~
  my_DataADC2_2
../Src/stm32l4xx_it.c:1006:2: warning: implicit declaration of function 'my_OUT1_F1'; did you mean 'my_ADC1_1'? [-Wimplicit-function-declaration]
  my_OUT1_F1();   // ___ тактов
  ^~~~~~~~~~
  my_ADC1_1
../Src/stm32l4xx_it.c:1007:2: warning: implicit declaration of function 'my_OUT1_F2'; did you mean 'my_F1_F2'? [-Wimplicit-function-declaration]
  my_OUT1_F2();   // ___ тактов
  ^~~~~~~~~~
  my_F1_F2
D:\my_GIT_2023\cpt_m__ac6\Debug
../Src/stm32l4xx_it.c:1008:2: warning: implicit declaration of function 'my_OUT1_F1F2'; did you mean 'my_F1_F2'? [-Wimplicit-function-declaration]
  my_OUT1_F1F2();   //  ___ тактов
  ^~~~~~~~~~~~
  my_F1_F2
arm-none-eabi-gcc -mcpu=cortex-m4 -mthumb -mfloat-abi=hard -mfpu=fpv4-sp-d16 -DUSE_HAL_DRIVER -DSTM32L476xx -I"D:/my_GIT_2023/cpt_m__ac6/Inc" -I"D:/my_GIT_2023/cpt_m__ac6/Drivers/STM32L4xx_HAL_Driver/Inc" -I"D:/my_GIT_2023/cpt_m__ac6/Drivers/STM32L4xx_HAL_Driver/Inc/Legacy" -I"D:/my_GIT_2023/cpt_m__ac6/Drivers/CMSIS/Device/ST/STM32L4xx/Include" -I"D:/my_GIT_2023/cpt_m__ac6/Drivers/CMSIS/Include"  -Og -g3 -Wall -fmessage-length=0 -ffunction-sections -c -fmessage-length=0 -MMD -MP -MF"Drivers/STM32L4xx_HAL_Driver/Src/stm32l4xx_hal_dma.d" -MT"Drivers/STM32L4xx_HAL_Driver/Src/stm32l4xx_hal_dma.o" -o "Drivers/STM32L4xx_HAL_Driver/Src/stm32l4xx_hal_dma.o" "../Drivers/STM32L4xx_HAL_Driver/Src/stm32l4xx_hal_dma.c"
../Src/stm32l4xx_it.c:1010:2: warning: implicit declaration of function 'my_OUT1_F2F1'; did you mean 'my_F1_F2_'? [-Wimplicit-function-declaration]
  my_OUT1_F2F1();   //  ___ такта, измеренна€ сумма = ___
  ^~~~~~~~~~~~
  my_F1_F2_
../Src/stm32l4xx_it.c:1011:2: warning: implicit declaration of function 'my_OUT1_F1_F2'; did you mean 'my_F1_F2'? [-Wimplicit-function-declaration]
  my_OUT1_F1_F2();  //  ___ такта, измеренна€ сумма = ___
  ^~~~~~~~~~~~~
  my_F1_F2
../Src/stm32l4xx_it.c:1044:4: warning: "/*" within comment [-Wcomment]
   //*
     
../Src/stm32l4xx_it.c: In function 'UpdateDataADC2':
../Src/stm32l4xx_it.c:1481:13: warning: unused variable 'i_NN' [-Wunused-variable]
  static int i_NN = 0;
             ^~~~
../Src/stm32l4xx_it.c:1404:13: warning: unused variable 'idT' [-Wunused-variable]
  static int idT = 0;
             ^~~
../Src/stm32l4xx_it.c:1403:13: warning: unused variable 'iT2' [-Wunused-variable]
Building file: ../Drivers/STM32L4xx_HAL_Driver/Src/stm32l4xx_hal_dma_ex.c
  static int iT2 = 0;
             ^~~
../Src/stm32l4xx_it.c:1402:13: warning: unused variable 'iT1' [-Wunused-variable]
  static int iT1 = 0;
             ^~~
../Src/stm32l4xx_it.c: In function 'funWork_SCAN_CRNT':
../Src/stm32l4xx_it.c:1849:5: warning: "/*" within comment [-Wcomment]
     /*
      
../Src/stm32l4xx_it.c: In function 'UpdateRS232':
../Src/stm32l4xx_it.c:2239:12: warning: unused variable 'cr3its' [-Wunused-variable]
   uint32_t cr3its = USART3->CR3;
            ^~~~~~
../Src/stm32l4xx_it.c:2238:12: warning: unused variable 'cr1its' [-Wunused-variable]
   uint32_t cr1its = USART3->CR1;
            ^~~~~~
At top level:
../Src/stm32l4xx_it.c:1402:13: warning: 'iT1' defined but not used [-Wunused-variable]
  static int iT1 = 0;
             ^~~
../Src/stm32l4xx_it.c:1403:13: warning: 'iT2' defined but not used [-Wunused-variable]
  static int iT2 = 0;
             ^~~
../Src/stm32l4xx_it.c:1404:13: warning: 'idT' defined but not used [-Wunused-variable]
  static int idT = 0;
             ^~~
../Src/stm32l4xx_it.c:1481:13: warning: 'i_NN' defined but not used [-Wunused-variable]
  static int i_NN = 0;
             ^~~~
Invoking: MCU GCC Compiler
D:\my_GIT_2023\cpt_m__ac6\Debug
arm-none-eabi-gcc -mcpu=cortex-m4 -mthumb -mfloat-abi=hard -mfpu=fpv4-sp-d16 -DUSE_HAL_DRIVER -DSTM32L476xx -I"D:/my_GIT_2023/cpt_m__ac6/Inc" -I"D:/my_GIT_2023/cpt_m__ac6/Drivers/STM32L4xx_HAL_Driver/Inc" -I"D:/my_GIT_2023/cpt_m__ac6/Drivers/STM32L4xx_HAL_Driver/Inc/Legacy" -I"D:/my_GIT_2023/cpt_m__ac6/Drivers/CMSIS/Device/ST/STM32L4xx/Include" -I"D:/my_GIT_2023/cpt_m__ac6/Drivers/CMSIS/Include"  -Og -g3 -Wall -fmessage-length=0 -ffunction-sections -c -fmessage-length=0 -MMD -MP -MF"Drivers/STM32L4xx_HAL_Driver/Src/stm32l4xx_hal_dma_ex.d" -MT"Drivers/STM32L4xx_HAL_Driver/Src/stm32l4xx_hal_dma_ex.o" -o "Drivers/STM32L4xx_HAL_Driver/Src/stm32l4xx_hal_dma_ex.o" "../Drivers/STM32L4xx_HAL_Driver/Src/stm32l4xx_hal_dma_ex.c"
Finished building: ../Src/stm32l4xx_hal_msp.c
Finished building: ../Src/spi.c
 
 
Building file: ../Drivers/STM32L4xx_HAL_Driver/Src/stm32l4xx_hal_exti.c
Building file: ../Drivers/STM32L4xx_HAL_Driver/Src/stm32l4xx_hal_flash.c
Invoking: MCU GCC Compiler
Finished building: ../Src/usart.c
Finished building: ../Src/var.c
Invoking: MCU GCC Compiler
 
D:\my_GIT_2023\cpt_m__ac6\Debug
D:\my_GIT_2023\cpt_m__ac6\Debug
arm-none-eabi-gcc -mcpu=cortex-m4 -mthumb -mfloat-abi=hard -mfpu=fpv4-sp-d16 -DUSE_HAL_DRIVER -DSTM32L476xx -I"D:/my_GIT_2023/cpt_m__ac6/Inc" -I"D:/my_GIT_2023/cpt_m__ac6/Drivers/STM32L4xx_HAL_Driver/Inc" -I"D:/my_GIT_2023/cpt_m__ac6/Drivers/STM32L4xx_HAL_Driver/Inc/Legacy" -I"D:/my_GIT_2023/cpt_m__ac6/Drivers/CMSIS/Device/ST/STM32L4xx/Include" -I"D:/my_GIT_2023/cpt_m__ac6/Drivers/CMSIS/Include"  -Og -g3 -Wall -fmessage-length=0 -ffunction-sections -c -fmessage-length=0 -MMD -MP -MF"Drivers/STM32L4xx_HAL_Driver/Src/stm32l4xx_hal_exti.d" -MT"Drivers/STM32L4xx_HAL_Driver/Src/stm32l4xx_hal_exti.o" -o "Drivers/STM32L4xx_HAL_Driver/Src/stm32l4xx_hal_exti.o" "../Drivers/STM32L4xx_HAL_Driver/Src/stm32l4xx_hal_exti.c"
 
arm-none-eabi-gcc -mcpu=cortex-m4 -mthumb -mfloat-abi=hard -mfpu=fpv4-sp-d16 -DUSE_HAL_DRIVER -DSTM32L476xx -I"D:/my_GIT_2023/cpt_m__ac6/Inc" -I"D:/my_GIT_2023/cpt_m__ac6/Drivers/STM32L4xx_HAL_Driver/Inc" -I"D:/my_GIT_2023/cpt_m__ac6/Drivers/STM32L4xx_HAL_Driver/Inc/Legacy" -I"D:/my_GIT_2023/cpt_m__ac6/Drivers/CMSIS/Device/ST/STM32L4xx/Include" -I"D:/my_GIT_2023/cpt_m__ac6/Drivers/CMSIS/Include"  -Og -g3 -Wall -fmessage-length=0 -ffunction-sections -c -fmessage-length=0 -MMD -MP -MF"Drivers/STM32L4xx_HAL_Driver/Src/stm32l4xx_hal_flash.d" -MT"Drivers/STM32L4xx_HAL_Driver/Src/stm32l4xx_hal_flash.o" -o "Drivers/STM32L4xx_HAL_Driver/Src/stm32l4xx_hal_flash.o" "../Drivers/STM32L4xx_HAL_Driver/Src/stm32l4xx_hal_flash.c"
Finished building: ../Src/system_stm32l4xx.c
Building file: ../Drivers/STM32L4xx_HAL_Driver/Src/stm32l4xx_hal_flash_ex.c
Finished building: ../Src/tim.c
Finished building: ../Src/usart_protocol.c
 
Invoking: MCU GCC Compiler
Finished building: ../Drivers/STM32L4xx_HAL_Driver/Src/stm32l4xx_hal.c
 
Finished building: ../Drivers/STM32L4xx_HAL_Driver/Src/stm32l4xx_hal_cortex.c
 
 
D:\my_GIT_2023\cpt_m__ac6\Debug
arm-none-eabi-gcc -mcpu=cortex-m4 -mthumb -mfloat-abi=hard -mfpu=fpv4-sp-d16 -DUSE_HAL_DRIVER -DSTM32L476xx -I"D:/my_GIT_2023/cpt_m__ac6/Inc" -I"D:/my_GIT_2023/cpt_m__ac6/Drivers/STM32L4xx_HAL_Driver/Inc" -I"D:/my_GIT_2023/cpt_m__ac6/Drivers/STM32L4xx_HAL_Driver/Inc/Legacy" -I"D:/my_GIT_2023/cpt_m__ac6/Drivers/CMSIS/Device/ST/STM32L4xx/Include" -I"D:/my_GIT_2023/cpt_m__ac6/Drivers/CMSIS/Include"  -Og -g3 -Wall -fmessage-length=0 -ffunction-sections -c -fmessage-length=0 -MMD -MP -MF"Drivers/STM32L4xx_HAL_Driver/Src/stm32l4xx_hal_flash_ex.d" -MT"Drivers/STM32L4xx_HAL_Driver/Src/stm32l4xx_hal_flash_ex.o" -o "Drivers/STM32L4xx_HAL_Driver/Src/stm32l4xx_hal_flash_ex.o" "../Drivers/STM32L4xx_HAL_Driver/Src/stm32l4xx_hal_flash_ex.c"
Building file: ../Drivers/STM32L4xx_HAL_Driver/Src/stm32l4xx_hal_flash_ramfunc.c
 
Invoking: MCU GCC Compiler
Building file: ../Drivers/STM32L4xx_HAL_Driver/Src/stm32l4xx_hal_gpio.c
Building file: ../Drivers/STM32L4xx_HAL_Driver/Src/stm32l4xx_hal_i2c.c
Building file: ../Drivers/STM32L4xx_HAL_Driver/Src/stm32l4xx_hal_i2c_ex.c
Invoking: MCU GCC Compiler
Building file: ../Drivers/STM32L4xx_HAL_Driver/Src/stm32l4xx_hal_pwr.c
D:\my_GIT_2023\cpt_m__ac6\Debug
Invoking: MCU GCC Compiler
Invoking: MCU GCC Compiler
arm-none-eabi-gcc -mcpu=cortex-m4 -mthumb -mfloat-abi=hard -mfpu=fpv4-sp-d16 -DUSE_HAL_DRIVER -DSTM32L476xx -I"D:/my_GIT_2023/cpt_m__ac6/Inc" -I"D:/my_GIT_2023/cpt_m__ac6/Drivers/STM32L4xx_HAL_Driver/Inc" -I"D:/my_GIT_2023/cpt_m__ac6/Drivers/STM32L4xx_HAL_Driver/Inc/Legacy" -I"D:/my_GIT_2023/cpt_m__ac6/Drivers/CMSIS/Device/ST/STM32L4xx/Include" -I"D:/my_GIT_2023/cpt_m__ac6/Drivers/CMSIS/Include"  -Og -g3 -Wall -fmessage-length=0 -ffunction-sections -c -fmessage-length=0 -MMD -MP -MF"Drivers/STM32L4xx_HAL_Driver/Src/stm32l4xx_hal_flash_ramfunc.d" -MT"Drivers/STM32L4xx_HAL_Driver/Src/stm32l4xx_hal_flash_ramfunc.o" -o "Drivers/STM32L4xx_HAL_Driver/Src/stm32l4xx_hal_flash_ramfunc.o" "../Drivers/STM32L4xx_HAL_Driver/Src/stm32l4xx_hal_flash_ramfunc.c"
Building file: ../Drivers/STM32L4xx_HAL_Driver/Src/stm32l4xx_hal_pwr_ex.c
Invoking: MCU GCC Compiler
D:\my_GIT_2023\cpt_m__ac6\Debug
Finished building: ../Src/stm32l4xx_it.c
Finished building: ../Drivers/STM32L4xx_HAL_Driver/Src/stm32l4xx_hal_dac_ex.c
arm-none-eabi-gcc -mcpu=cortex-m4 -mthumb -mfloat-abi=hard -mfpu=fpv4-sp-d16 -DUSE_HAL_DRIVER -DSTM32L476xx -I"D:/my_GIT_2023/cpt_m__ac6/Inc" -I"D:/my_GIT_2023/cpt_m__ac6/Drivers/STM32L4xx_HAL_Driver/Inc" -I"D:/my_GIT_2023/cpt_m__ac6/Drivers/STM32L4xx_HAL_Driver/Inc/Legacy" -I"D:/my_GIT_2023/cpt_m__ac6/Drivers/CMSIS/Device/ST/STM32L4xx/Include" -I"D:/my_GIT_2023/cpt_m__ac6/Drivers/CMSIS/Include"  -Og -g3 -Wall -fmessage-length=0 -ffunction-sections -c -fmessage-length=0 -MMD -MP -MF"Drivers/STM32L4xx_HAL_Driver/Src/stm32l4xx_hal_gpio.d" -MT"Drivers/STM32L4xx_HAL_Driver/Src/stm32l4xx_hal_gpio.o" -o "Drivers/STM32L4xx_HAL_Driver/Src/stm32l4xx_hal_gpio.o" "../Drivers/STM32L4xx_HAL_Driver/Src/stm32l4xx_hal_gpio.c"
D:\my_GIT_2023\cpt_m__ac6\Debug
Invoking: MCU GCC Compiler
D:\my_GIT_2023\cpt_m__ac6\Debug
D:\my_GIT_2023\cpt_m__ac6\Debug
arm-none-eabi-gcc -mcpu=cortex-m4 -mthumb -mfloat-abi=hard -mfpu=fpv4-sp-d16 -DUSE_HAL_DRIVER -DSTM32L476xx -I"D:/my_GIT_2023/cpt_m__ac6/Inc" -I"D:/my_GIT_2023/cpt_m__ac6/Drivers/STM32L4xx_HAL_Driver/Inc" -I"D:/my_GIT_2023/cpt_m__ac6/Drivers/STM32L4xx_HAL_Driver/Inc/Legacy" -I"D:/my_GIT_2023/cpt_m__ac6/Drivers/CMSIS/Device/ST/STM32L4xx/Include" -I"D:/my_GIT_2023/cpt_m__ac6/Drivers/CMSIS/Include"  -Og -g3 -Wall -fmessage-length=0 -ffunction-sections -c -fmessage-length=0 -MMD -MP -MF"Drivers/STM32L4xx_HAL_Driver/Src/stm32l4xx_hal_i2c.d" -MT"Drivers/STM32L4xx_HAL_Driver/Src/stm32l4xx_hal_i2c.o" -o "Drivers/STM32L4xx_HAL_Driver/Src/stm32l4xx_hal_i2c.o" "../Drivers/STM32L4xx_HAL_Driver/Src/stm32l4xx_hal_i2c.c"
arm-none-eabi-gcc -mcpu=cortex-m4 -mthumb -mfloat-abi=hard -mfpu=fpv4-sp-d16 -DUSE_HAL_DRIVER -DSTM32L476xx -I"D:/my_GIT_2023/cpt_m__ac6/Inc" -I"D:/my_GIT_2023/cpt_m__ac6/Drivers/STM32L4xx_HAL_Driver/Inc" -I"D:/my_GIT_2023/cpt_m__ac6/Drivers/STM32L4xx_HAL_Driver/Inc/Legacy" -I"D:/my_GIT_2023/cpt_m__ac6/Drivers/CMSIS/Device/ST/STM32L4xx/Include" -I"D:/my_GIT_2023/cpt_m__ac6/Drivers/CMSIS/Include"  -Og -g3 -Wall -fmessage-length=0 -ffunction-sections -c -fmessage-length=0 -MMD -MP -MF"Drivers/STM32L4xx_HAL_Driver/Src/stm32l4xx_hal_i2c_ex.d" -MT"Drivers/STM32L4xx_HAL_Driver/Src/stm32l4xx_hal_i2c_ex.o" -o "Drivers/STM32L4xx_HAL_Driver/Src/stm32l4xx_hal_i2c_ex.o" "../Drivers/STM32L4xx_HAL_Driver/Src/stm32l4xx_hal_i2c_ex.c"
 
 
Finished building: ../Drivers/STM32L4xx_HAL_Driver/Src/stm32l4xx_hal_dma.c
Finished building: ../Drivers/STM32L4xx_HAL_Driver/Src/stm32l4xx_hal_dac.c
arm-none-eabi-gcc -mcpu=cortex-m4 -mthumb -mfloat-abi=hard -mfpu=fpv4-sp-d16 -DUSE_HAL_DRIVER -DSTM32L476xx -I"D:/my_GIT_2023/cpt_m__ac6/Inc" -I"D:/my_GIT_2023/cpt_m__ac6/Drivers/STM32L4xx_HAL_Driver/Inc" -I"D:/my_GIT_2023/cpt_m__ac6/Drivers/STM32L4xx_HAL_Driver/Inc/Legacy" -I"D:/my_GIT_2023/cpt_m__ac6/Drivers/CMSIS/Device/ST/STM32L4xx/Include" -I"D:/my_GIT_2023/cpt_m__ac6/Drivers/CMSIS/Include"  -Og -g3 -Wall -fmessage-length=0 -ffunction-sections -c -fmessage-length=0 -MMD -MP -MF"Drivers/STM32L4xx_HAL_Driver/Src/stm32l4xx_hal_pwr.d" -MT"Drivers/STM32L4xx_HAL_Driver/Src/stm32l4xx_hal_pwr.o" -o "Drivers/STM32L4xx_HAL_Driver/Src/stm32l4xx_hal_pwr.o" "../Drivers/STM32L4xx_HAL_Driver/Src/stm32l4xx_hal_pwr.c"
D:\my_GIT_2023\cpt_m__ac6\Debug
Finished building: ../Drivers/STM32L4xx_HAL_Driver/Src/stm32l4xx_hal_adc_ex.c
arm-none-eabi-gcc -mcpu=cortex-m4 -mthumb -mfloat-abi=hard -mfpu=fpv4-sp-d16 -DUSE_HAL_DRIVER -DSTM32L476xx -I"D:/my_GIT_2023/cpt_m__ac6/Inc" -I"D:/my_GIT_2023/cpt_m__ac6/Drivers/STM32L4xx_HAL_Driver/Inc" -I"D:/my_GIT_2023/cpt_m__ac6/Drivers/STM32L4xx_HAL_Driver/Inc/Legacy" -I"D:/my_GIT_2023/cpt_m__ac6/Drivers/CMSIS/Device/ST/STM32L4xx/Include" -I"D:/my_GIT_2023/cpt_m__ac6/Drivers/CMSIS/Include"  -Og -g3 -Wall -fmessage-length=0 -ffunction-sections -c -fmessage-length=0 -MMD -MP -MF"Drivers/STM32L4xx_HAL_Driver/Src/stm32l4xx_hal_pwr_ex.d" -MT"Drivers/STM32L4xx_HAL_Driver/Src/stm32l4xx_hal_pwr_ex.o" -o "Drivers/STM32L4xx_HAL_Driver/Src/stm32l4xx_hal_pwr_ex.o" "../Drivers/STM32L4xx_HAL_Driver/Src/stm32l4xx_hal_pwr_ex.c"
 
 
Finished building: ../Drivers/STM32L4xx_HAL_Driver/Src/stm32l4xx_hal_adc.c
 
Building file: ../Drivers/STM32L4xx_HAL_Driver/Src/stm32l4xx_hal_rcc.c
Building file: ../Drivers/STM32L4xx_HAL_Driver/Src/stm32l4xx_hal_rcc_ex.c
 
Building file: ../Drivers/STM32L4xx_HAL_Driver/Src/stm32l4xx_hal_spi.c
Invoking: MCU GCC Compiler
Invoking: MCU GCC Compiler
Building file: ../Drivers/STM32L4xx_HAL_Driver/Src/stm32l4xx_hal_spi_ex.c
Invoking: MCU GCC Compiler
D:\my_GIT_2023\cpt_m__ac6\Debug
Building file: ../Drivers/STM32L4xx_HAL_Driver/Src/stm32l4xx_hal_tim.c
arm-none-eabi-gcc -mcpu=cortex-m4 -mthumb -mfloat-abi=hard -mfpu=fpv4-sp-d16 -DUSE_HAL_DRIVER -DSTM32L476xx -I"D:/my_GIT_2023/cpt_m__ac6/Inc" -I"D:/my_GIT_2023/cpt_m__ac6/Drivers/STM32L4xx_HAL_Driver/Inc" -I"D:/my_GIT_2023/cpt_m__ac6/Drivers/STM32L4xx_HAL_Driver/Inc/Legacy" -I"D:/my_GIT_2023/cpt_m__ac6/Drivers/CMSIS/Device/ST/STM32L4xx/Include" -I"D:/my_GIT_2023/cpt_m__ac6/Drivers/CMSIS/Include"  -Og -g3 -Wall -fmessage-length=0 -ffunction-sections -c -fmessage-length=0 -MMD -MP -MF"Drivers/STM32L4xx_HAL_Driver/Src/stm32l4xx_hal_rcc_ex.d" -MT"Drivers/STM32L4xx_HAL_Driver/Src/stm32l4xx_hal_rcc_ex.o" -o "Drivers/STM32L4xx_HAL_Driver/Src/stm32l4xx_hal_rcc_ex.o" "../Drivers/STM32L4xx_HAL_Driver/Src/stm32l4xx_hal_rcc_ex.c"
D:\my_GIT_2023\cpt_m__ac6\Debug
Finished building: ../Drivers/STM32L4xx_HAL_Driver/Src/stm32l4xx_hal_dma_ex.c
arm-none-eabi-gcc -mcpu=cortex-m4 -mthumb -mfloat-abi=hard -mfpu=fpv4-sp-d16 -DUSE_HAL_DRIVER -DSTM32L476xx -I"D:/my_GIT_2023/cpt_m__ac6/Inc" -I"D:/my_GIT_2023/cpt_m__ac6/Drivers/STM32L4xx_HAL_Driver/Inc" -I"D:/my_GIT_2023/cpt_m__ac6/Drivers/STM32L4xx_HAL_Driver/Inc/Legacy" -I"D:/my_GIT_2023/cpt_m__ac6/Drivers/CMSIS/Device/ST/STM32L4xx/Include" -I"D:/my_GIT_2023/cpt_m__ac6/Drivers/CMSIS/Include"  -Og -g3 -Wall -fmessage-length=0 -ffunction-sections -c -fmessage-length=0 -MMD -MP -MF"Drivers/STM32L4xx_HAL_Driver/Src/stm32l4xx_hal_rcc.d" -MT"Drivers/STM32L4xx_HAL_Driver/Src/stm32l4xx_hal_rcc.o" -o "Drivers/STM32L4xx_HAL_Driver/Src/stm32l4xx_hal_rcc.o" "../Drivers/STM32L4xx_HAL_Driver/Src/stm32l4xx_hal_rcc.c"
Invoking: MCU GCC Compiler
D:\my_GIT_2023\cpt_m__ac6\Debug
arm-none-eabi-gcc -mcpu=cortex-m4 -mthumb -mfloat-abi=hard -mfpu=fpv4-sp-d16 -DUSE_HAL_DRIVER -DSTM32L476xx -I"D:/my_GIT_2023/cpt_m__ac6/Inc" -I"D:/my_GIT_2023/cpt_m__ac6/Drivers/STM32L4xx_HAL_Driver/Inc" -I"D:/my_GIT_2023/cpt_m__ac6/Drivers/STM32L4xx_HAL_Driver/Inc/Legacy" -I"D:/my_GIT_2023/cpt_m__ac6/Drivers/CMSIS/Device/ST/STM32L4xx/Include" -I"D:/my_GIT_2023/cpt_m__ac6/Drivers/CMSIS/Include"  -Og -g3 -Wall -fmessage-length=0 -ffunction-sections -c -fmessage-length=0 -MMD -MP -MF"Drivers/STM32L4xx_HAL_Driver/Src/stm32l4xx_hal_spi.d" -MT"Drivers/STM32L4xx_HAL_Driver/Src/stm32l4xx_hal_spi.o" -o "Drivers/STM32L4xx_HAL_Driver/Src/stm32l4xx_hal_spi.o" "../Drivers/STM32L4xx_HAL_Driver/Src/stm32l4xx_hal_spi.c"
Invoking: MCU GCC Compiler
D:\my_GIT_2023\cpt_m__ac6\Debug
 
arm-none-eabi-gcc -mcpu=cortex-m4 -mthumb -mfloat-abi=hard -mfpu=fpv4-sp-d16 -DUSE_HAL_DRIVER -DSTM32L476xx -I"D:/my_GIT_2023/cpt_m__ac6/Inc" -I"D:/my_GIT_2023/cpt_m__ac6/Drivers/STM32L4xx_HAL_Driver/Inc" -I"D:/my_GIT_2023/cpt_m__ac6/Drivers/STM32L4xx_HAL_Driver/Inc/Legacy" -I"D:/my_GIT_2023/cpt_m__ac6/Drivers/CMSIS/Device/ST/STM32L4xx/Include" -I"D:/my_GIT_2023/cpt_m__ac6/Drivers/CMSIS/Include"  -Og -g3 -Wall -fmessage-length=0 -ffunction-sections -c -fmessage-length=0 -MMD -MP -MF"Drivers/STM32L4xx_HAL_Driver/Src/stm32l4xx_hal_spi_ex.d" -MT"Drivers/STM32L4xx_HAL_Driver/Src/stm32l4xx_hal_spi_ex.o" -o "Drivers/STM32L4xx_HAL_Driver/Src/stm32l4xx_hal_spi_ex.o" "../Drivers/STM32L4xx_HAL_Driver/Src/stm32l4xx_hal_spi_ex.c"
Building file: ../Drivers/STM32L4xx_HAL_Driver/Src/stm32l4xx_hal_tim_ex.c
D:\my_GIT_2023\cpt_m__ac6\Debug
arm-none-eabi-gcc -mcpu=cortex-m4 -mthumb -mfloat-abi=hard -mfpu=fpv4-sp-d16 -DUSE_HAL_DRIVER -DSTM32L476xx -I"D:/my_GIT_2023/cpt_m__ac6/Inc" -I"D:/my_GIT_2023/cpt_m__ac6/Drivers/STM32L4xx_HAL_Driver/Inc" -I"D:/my_GIT_2023/cpt_m__ac6/Drivers/STM32L4xx_HAL_Driver/Inc/Legacy" -I"D:/my_GIT_2023/cpt_m__ac6/Drivers/CMSIS/Device/ST/STM32L4xx/Include" -I"D:/my_GIT_2023/cpt_m__ac6/Drivers/CMSIS/Include"  -Og -g3 -Wall -fmessage-length=0 -ffunction-sections -c -fmessage-length=0 -MMD -MP -MF"Drivers/STM32L4xx_HAL_Driver/Src/stm32l4xx_hal_tim.d" -MT"Drivers/STM32L4xx_HAL_Driver/Src/stm32l4xx_hal_tim.o" -o "Drivers/STM32L4xx_HAL_Driver/Src/stm32l4xx_hal_tim.o" "../Drivers/STM32L4xx_HAL_Driver/Src/stm32l4xx_hal_tim.c"
Building file: ../Drivers/STM32L4xx_HAL_Driver/Src/stm32l4xx_hal_uart.c
Invoking: MCU GCC Compiler
Invoking: MCU GCC Compiler
D:\my_GIT_2023\cpt_m__ac6\Debug
arm-none-eabi-gcc -mcpu=cortex-m4 -mthumb -mfloat-abi=hard -mfpu=fpv4-sp-d16 -DUSE_HAL_DRIVER -DSTM32L476xx -I"D:/my_GIT_2023/cpt_m__ac6/Inc" -I"D:/my_GIT_2023/cpt_m__ac6/Drivers/STM32L4xx_HAL_Driver/Inc" -I"D:/my_GIT_2023/cpt_m__ac6/Drivers/STM32L4xx_HAL_Driver/Inc/Legacy" -I"D:/my_GIT_2023/cpt_m__ac6/Drivers/CMSIS/Device/ST/STM32L4xx/Include" -I"D:/my_GIT_2023/cpt_m__ac6/Drivers/CMSIS/Include"  -Og -g3 -Wall -fmessage-length=0 -ffunction-sections -c -fmessage-length=0 -MMD -MP -MF"Drivers/STM32L4xx_HAL_Driver/Src/stm32l4xx_hal_tim_ex.d" -MT"Drivers/STM32L4xx_HAL_Driver/Src/stm32l4xx_hal_tim_ex.o" -o "Drivers/STM32L4xx_HAL_Driver/Src/stm32l4xx_hal_tim_ex.o" "../Drivers/STM32L4xx_HAL_Driver/Src/stm32l4xx_hal_tim_ex.c"
D:\my_GIT_2023\cpt_m__ac6\Debug
arm-none-eabi-gcc -mcpu=cortex-m4 -mthumb -mfloat-abi=hard -mfpu=fpv4-sp-d16 -DUSE_HAL_DRIVER -DSTM32L476xx -I"D:/my_GIT_2023/cpt_m__ac6/Inc" -I"D:/my_GIT_2023/cpt_m__ac6/Drivers/STM32L4xx_HAL_Driver/Inc" -I"D:/my_GIT_2023/cpt_m__ac6/Drivers/STM32L4xx_HAL_Driver/Inc/Legacy" -I"D:/my_GIT_2023/cpt_m__ac6/Drivers/CMSIS/Device/ST/STM32L4xx/Include" -I"D:/my_GIT_2023/cpt_m__ac6/Drivers/CMSIS/Include"  -Og -g3 -Wall -fmessage-length=0 -ffunction-sections -c -fmessage-length=0 -MMD -MP -MF"Drivers/STM32L4xx_HAL_Driver/Src/stm32l4xx_hal_uart.d" -MT"Drivers/STM32L4xx_HAL_Driver/Src/stm32l4xx_hal_uart.o" -o "Drivers/STM32L4xx_HAL_Driver/Src/stm32l4xx_hal_uart.o" "../Drivers/STM32L4xx_HAL_Driver/Src/stm32l4xx_hal_uart.c"
Finished building: ../Drivers/STM32L4xx_HAL_Driver/Src/stm32l4xx_hal_flash.c
Finished building: ../Drivers/STM32L4xx_HAL_Driver/Src/stm32l4xx_hal_flash_ex.c
Finished building: ../Drivers/STM32L4xx_HAL_Driver/Src/stm32l4xx_hal_exti.c
Finished building: ../Drivers/STM32L4xx_HAL_Driver/Src/stm32l4xx_hal_flash_ramfunc.c
 
 
 
Building file: ../Drivers/STM32L4xx_HAL_Driver/Src/stm32l4xx_hal_uart_ex.c
 
Invoking: MCU GCC Compiler
Finished building: ../Drivers/STM32L4xx_HAL_Driver/Src/stm32l4xx_hal_i2c_ex.c
D:\my_GIT_2023\cpt_m__ac6\Debug
arm-none-eabi-gcc -mcpu=cortex-m4 -mthumb -mfloat-abi=hard -mfpu=fpv4-sp-d16 -DUSE_HAL_DRIVER -DSTM32L476xx -I"D:/my_GIT_2023/cpt_m__ac6/Inc" -I"D:/my_GIT_2023/cpt_m__ac6/Drivers/STM32L4xx_HAL_Driver/Inc" -I"D:/my_GIT_2023/cpt_m__ac6/Drivers/STM32L4xx_HAL_Driver/Inc/Legacy" -I"D:/my_GIT_2023/cpt_m__ac6/Drivers/CMSIS/Device/ST/STM32L4xx/Include" -I"D:/my_GIT_2023/cpt_m__ac6/Drivers/CMSIS/Include"  -Og -g3 -Wall -fmessage-length=0 -ffunction-sections -c -fmessage-length=0 -MMD -MP -MF"Drivers/STM32L4xx_HAL_Driver/Src/stm32l4xx_hal_uart_ex.d" -MT"Drivers/STM32L4xx_HAL_Driver/Src/stm32l4xx_hal_uart_ex.o" -o "Drivers/STM32L4xx_HAL_Driver/Src/stm32l4xx_hal_uart_ex.o" "../Drivers/STM32L4xx_HAL_Driver/Src/stm32l4xx_hal_uart_ex.c"
 
Finished building: ../Drivers/STM32L4xx_HAL_Driver/Src/stm32l4xx_hal_gpio.c
 
Finished building: ../Drivers/STM32L4xx_HAL_Driver/Src/stm32l4xx_hal_pwr.c
 
Finished building: ../Drivers/STM32L4xx_HAL_Driver/Src/stm32l4xx_hal_pwr_ex.c
 
Finished building: ../Drivers/STM32L4xx_HAL_Driver/Src/stm32l4xx_hal_spi_ex.c
 
Finished building: ../Drivers/STM32L4xx_HAL_Driver/Src/stm32l4xx_hal_rcc.c
 
Finished building: ../Drivers/STM32L4xx_HAL_Driver/Src/stm32l4xx_hal_rcc_ex.c
 
Finished building: ../Drivers/STM32L4xx_HAL_Driver/Src/stm32l4xx_hal_i2c.c
 
Finished building: ../Drivers/STM32L4xx_HAL_Driver/Src/stm32l4xx_hal_tim_ex.c
 
Finished building: ../Drivers/STM32L4xx_HAL_Driver/Src/stm32l4xx_hal_spi.c
 
Finished building: ../Drivers/STM32L4xx_HAL_Driver/Src/stm32l4xx_hal_uart.c
 
Finished building: ../Drivers/STM32L4xx_HAL_Driver/Src/stm32l4xx_hal_tim.c
Finished building: ../Drivers/STM32L4xx_HAL_Driver/Src/stm32l4xx_hal_uart_ex.c
 
 
Building target: cpt_m__ac6.elf
Invoking: MCU GCC Linker
arm-none-eabi-gcc -mcpu=cortex-m4 -mthumb -mfloat-abi=hard -mfpu=fpv4-sp-d16 -specs=nosys.specs -specs=nano.specs -T"../STM32L476RCTx_FLASH.ld" -Wl,-Map=output.map -Wl,--gc-sections -o "cpt_m__ac6.elf" @"objects.list"   -lm
Finished building target: cpt_m__ac6.elf
 
make --no-print-directory post-build
Generating hex and Printing size information:
arm-none-eabi-objcopy -O ihex "cpt_m__ac6.elf" "cpt_m__ac6.hex"
arm-none-eabi-size "cpt_m__ac6.elf"
   text	   data	    bss	    dec	    hex	filename
  45088	    376	  33880	  79344	  135f0	cpt_m__ac6.elf
 
10:33:01 **** Incremental Build of configuration Debug for project cpt_m__ac6 ****
make -j16 all 
make: Nothing to be done for 'all'.
11:15:39 **** Incremental Build of configuration Debug for project cpt_m__ac6 ****
make -j16 all 
Building file: ../Src/hist.c
Building file: ../Src/interface_ADT7410.c
Building file: ../Src/interface_LMX2486.c
Invoking: MCU GCC Compiler
Invoking: MCU GCC Compiler
Building file: ../Src/main.c
Invoking: MCU GCC Compiler
D:\my_GIT_2023\cpt_m__ac6\Debug
D:\my_GIT_2023\cpt_m__ac6\Debug
Invoking: MCU GCC Compiler
arm-none-eabi-gcc -mcpu=cortex-m4 -mthumb -mfloat-abi=hard -mfpu=fpv4-sp-d16 -DUSE_HAL_DRIVER -DSTM32L476xx -I"D:/my_GIT_2023/cpt_m__ac6/Inc" -I"D:/my_GIT_2023/cpt_m__ac6/Drivers/STM32L4xx_HAL_Driver/Inc" -I"D:/my_GIT_2023/cpt_m__ac6/Drivers/STM32L4xx_HAL_Driver/Inc/Legacy" -I"D:/my_GIT_2023/cpt_m__ac6/Drivers/CMSIS/Device/ST/STM32L4xx/Include" -I"D:/my_GIT_2023/cpt_m__ac6/Drivers/CMSIS/Include"  -Og -g3 -Wall -fmessage-length=0 -ffunction-sections -c -fmessage-length=0 -MMD -MP -MF"Src/hist.d" -MT"Src/hist.o" -o "Src/hist.o" "../Src/hist.c"
D:\my_GIT_2023\cpt_m__ac6\Debug
arm-none-eabi-gcc -mcpu=cortex-m4 -mthumb -mfloat-abi=hard -mfpu=fpv4-sp-d16 -DUSE_HAL_DRIVER -DSTM32L476xx -I"D:/my_GIT_2023/cpt_m__ac6/Inc" -I"D:/my_GIT_2023/cpt_m__ac6/Drivers/STM32L4xx_HAL_Driver/Inc" -I"D:/my_GIT_2023/cpt_m__ac6/Drivers/STM32L4xx_HAL_Driver/Inc/Legacy" -I"D:/my_GIT_2023/cpt_m__ac6/Drivers/CMSIS/Device/ST/STM32L4xx/Include" -I"D:/my_GIT_2023/cpt_m__ac6/Drivers/CMSIS/Include"  -Og -g3 -Wall -fmessage-length=0 -ffunction-sections -c -fmessage-length=0 -MMD -MP -MF"Src/interface_ADT7410.d" -MT"Src/interface_ADT7410.o" -o "Src/interface_ADT7410.o" "../Src/interface_ADT7410.c"
Building file: ../Src/my_FUN_.c
arm-none-eabi-gcc -mcpu=cortex-m4 -mthumb -mfloat-abi=hard -mfpu=fpv4-sp-d16 -DUSE_HAL_DRIVER -DSTM32L476xx -I"D:/my_GIT_2023/cpt_m__ac6/Inc" -I"D:/my_GIT_2023/cpt_m__ac6/Drivers/STM32L4xx_HAL_Driver/Inc" -I"D:/my_GIT_2023/cpt_m__ac6/Drivers/STM32L4xx_HAL_Driver/Inc/Legacy" -I"D:/my_GIT_2023/cpt_m__ac6/Drivers/CMSIS/Device/ST/STM32L4xx/Include" -I"D:/my_GIT_2023/cpt_m__ac6/Drivers/CMSIS/Include"  -Og -g3 -Wall -fmessage-length=0 -ffunction-sections -c -fmessage-length=0 -MMD -MP -MF"Src/interface_LMX2486.d" -MT"Src/interface_LMX2486.o" -o "Src/interface_LMX2486.o" "../Src/interface_LMX2486.c"
D:\my_GIT_2023\cpt_m__ac6\Debug
arm-none-eabi-gcc -mcpu=cortex-m4 -mthumb -mfloat-abi=hard -mfpu=fpv4-sp-d16 -DUSE_HAL_DRIVER -DSTM32L476xx -I"D:/my_GIT_2023/cpt_m__ac6/Inc" -I"D:/my_GIT_2023/cpt_m__ac6/Drivers/STM32L4xx_HAL_Driver/Inc" -I"D:/my_GIT_2023/cpt_m__ac6/Drivers/STM32L4xx_HAL_Driver/Inc/Legacy" -I"D:/my_GIT_2023/cpt_m__ac6/Drivers/CMSIS/Device/ST/STM32L4xx/Include" -I"D:/my_GIT_2023/cpt_m__ac6/Drivers/CMSIS/Include"  -Og -g3 -Wall -fmessage-length=0 -ffunction-sections -c -fmessage-length=0 -MMD -MP -MF"Src/main.d" -MT"Src/main.o" -o "Src/main.o" "../Src/main.c"
Invoking: MCU GCC Compiler
Building file: ../Src/pid_DOPLER_FREQ.c
D:\my_GIT_2023\cpt_m__ac6\Debug
arm-none-eabi-gcc -mcpu=cortex-m4 -mthumb -mfloat-abi=hard -mfpu=fpv4-sp-d16 -DUSE_HAL_DRIVER -DSTM32L476xx -I"D:/my_GIT_2023/cpt_m__ac6/Inc" -I"D:/my_GIT_2023/cpt_m__ac6/Drivers/STM32L4xx_HAL_Driver/Inc" -I"D:/my_GIT_2023/cpt_m__ac6/Drivers/STM32L4xx_HAL_Driver/Inc/Legacy" -I"D:/my_GIT_2023/cpt_m__ac6/Drivers/CMSIS/Device/ST/STM32L4xx/Include" -I"D:/my_GIT_2023/cpt_m__ac6/Drivers/CMSIS/Include"  -Og -g3 -Wall -fmessage-length=0 -ffunction-sections -c -fmessage-length=0 -MMD -MP -MF"Src/my_FUN_.d" -MT"Src/my_FUN_.o" -o "Src/my_FUN_.o" "../Src/my_FUN_.c"
Building file: ../Src/pid_MICROWAVE.c
Invoking: MCU GCC Compiler
Invoking: MCU GCC Compiler
Building file: ../Src/pid_optics_pwr.c
D:\my_GIT_2023\cpt_m__ac6\Debug
D:\my_GIT_2023\cpt_m__ac6\Debug
arm-none-eabi-gcc -mcpu=cortex-m4 -mthumb -mfloat-abi=hard -mfpu=fpv4-sp-d16 -DUSE_HAL_DRIVER -DSTM32L476xx -I"D:/my_GIT_2023/cpt_m__ac6/Inc" -I"D:/my_GIT_2023/cpt_m__ac6/Drivers/STM32L4xx_HAL_Driver/Inc" -I"D:/my_GIT_2023/cpt_m__ac6/Drivers/STM32L4xx_HAL_Driver/Inc/Legacy" -I"D:/my_GIT_2023/cpt_m__ac6/Drivers/CMSIS/Device/ST/STM32L4xx/Include" -I"D:/my_GIT_2023/cpt_m__ac6/Drivers/CMSIS/Include"  -Og -g3 -Wall -fmessage-length=0 -ffunction-sections -c -fmessage-length=0 -MMD -MP -MF"Src/pid_DOPLER_FREQ.d" -MT"Src/pid_DOPLER_FREQ.o" -o "Src/pid_DOPLER_FREQ.o" "../Src/pid_DOPLER_FREQ.c"
Building file: ../Src/stm32l4xx_it.c
arm-none-eabi-gcc -mcpu=cortex-m4 -mthumb -mfloat-abi=hard -mfpu=fpv4-sp-d16 -DUSE_HAL_DRIVER -DSTM32L476xx -I"D:/my_GIT_2023/cpt_m__ac6/Inc" -I"D:/my_GIT_2023/cpt_m__ac6/Drivers/STM32L4xx_HAL_Driver/Inc" -I"D:/my_GIT_2023/cpt_m__ac6/Drivers/STM32L4xx_HAL_Driver/Inc/Legacy" -I"D:/my_GIT_2023/cpt_m__ac6/Drivers/CMSIS/Device/ST/STM32L4xx/Include" -I"D:/my_GIT_2023/cpt_m__ac6/Drivers/CMSIS/Include"  -Og -g3 -Wall -fmessage-length=0 -ffunction-sections -c -fmessage-length=0 -MMD -MP -MF"Src/pid_MICROWAVE.d" -MT"Src/pid_MICROWAVE.o" -o "Src/pid_MICROWAVE.o" "../Src/pid_MICROWAVE.c"
Invoking: MCU GCC Compiler
Invoking: MCU GCC Compiler
D:\my_GIT_2023\cpt_m__ac6\Debug
Building file: ../Src/usart_protocol.c
Building file: ../Src/var.c
arm-none-eabi-gcc -mcpu=cortex-m4 -mthumb -mfloat-abi=hard -mfpu=fpv4-sp-d16 -DUSE_HAL_DRIVER -DSTM32L476xx -I"D:/my_GIT_2023/cpt_m__ac6/Inc" -I"D:/my_GIT_2023/cpt_m__ac6/Drivers/STM32L4xx_HAL_Driver/Inc" -I"D:/my_GIT_2023/cpt_m__ac6/Drivers/STM32L4xx_HAL_Driver/Inc/Legacy" -I"D:/my_GIT_2023/cpt_m__ac6/Drivers/CMSIS/Device/ST/STM32L4xx/Include" -I"D:/my_GIT_2023/cpt_m__ac6/Drivers/CMSIS/Include"  -Og -g3 -Wall -fmessage-length=0 -ffunction-sections -c -fmessage-length=0 -MMD -MP -MF"Src/pid_optics_pwr.d" -MT"Src/pid_optics_pwr.o" -o "Src/pid_optics_pwr.o" "../Src/pid_optics_pwr.c"
D:\my_GIT_2023\cpt_m__ac6\Debug
arm-none-eabi-gcc -mcpu=cortex-m4 -mthumb -mfloat-abi=hard -mfpu=fpv4-sp-d16 -DUSE_HAL_DRIVER -DSTM32L476xx -I"D:/my_GIT_2023/cpt_m__ac6/Inc" -I"D:/my_GIT_2023/cpt_m__ac6/Drivers/STM32L4xx_HAL_Driver/Inc" -I"D:/my_GIT_2023/cpt_m__ac6/Drivers/STM32L4xx_HAL_Driver/Inc/Legacy" -I"D:/my_GIT_2023/cpt_m__ac6/Drivers/CMSIS/Device/ST/STM32L4xx/Include" -I"D:/my_GIT_2023/cpt_m__ac6/Drivers/CMSIS/Include"  -Og -g3 -Wall -fmessage-length=0 -ffunction-sections -c -fmessage-length=0 -MMD -MP -MF"Src/stm32l4xx_it.d" -MT"Src/stm32l4xx_it.o" -o "Src/stm32l4xx_it.o" "../Src/stm32l4xx_it.c"
Invoking: MCU GCC Compiler
Invoking: MCU GCC Compiler
D:\my_GIT_2023\cpt_m__ac6\Debug
arm-none-eabi-gcc -mcpu=cortex-m4 -mthumb -mfloat-abi=hard -mfpu=fpv4-sp-d16 -DUSE_HAL_DRIVER -DSTM32L476xx -I"D:/my_GIT_2023/cpt_m__ac6/Inc" -I"D:/my_GIT_2023/cpt_m__ac6/Drivers/STM32L4xx_HAL_Driver/Inc" -I"D:/my_GIT_2023/cpt_m__ac6/Drivers/STM32L4xx_HAL_Driver/Inc/Legacy" -I"D:/my_GIT_2023/cpt_m__ac6/Drivers/CMSIS/Device/ST/STM32L4xx/Include" -I"D:/my_GIT_2023/cpt_m__ac6/Drivers/CMSIS/Include"  -Og -g3 -Wall -fmessage-length=0 -ffunction-sections -c -fmessage-length=0 -MMD -MP -MF"Src/usart_protocol.d" -MT"Src/usart_protocol.o" -o "Src/usart_protocol.o" "../Src/usart_protocol.c"
D:\my_GIT_2023\cpt_m__ac6\Debug
arm-none-eabi-gcc -mcpu=cortex-m4 -mthumb -mfloat-abi=hard -mfpu=fpv4-sp-d16 -DUSE_HAL_DRIVER -DSTM32L476xx -I"D:/my_GIT_2023/cpt_m__ac6/Inc" -I"D:/my_GIT_2023/cpt_m__ac6/Drivers/STM32L4xx_HAL_Driver/Inc" -I"D:/my_GIT_2023/cpt_m__ac6/Drivers/STM32L4xx_HAL_Driver/Inc/Legacy" -I"D:/my_GIT_2023/cpt_m__ac6/Drivers/CMSIS/Device/ST/STM32L4xx/Include" -I"D:/my_GIT_2023/cpt_m__ac6/Drivers/CMSIS/Include"  -Og -g3 -Wall -fmessage-length=0 -ffunction-sections -c -fmessage-length=0 -MMD -MP -MF"Src/var.d" -MT"Src/var.o" -o "Src/var.o" "../Src/var.c"
../Src/interface_LMX2486.c: In function 'LMX2486_SendData':
../Src/interface_LMX2486.c:8:19: warning: variable 'rx' set but not used [-Wunused-but-set-variable]
  volatile uint8_t rx = 0;
                   ^~
../Src/hist.c: In function 'HIST':
../Src/hist.c:64:25: warning: 'i' may be used uninitialized in this function [-Wmaybe-uninitialized]
   for(int i; i < 1000; i++)       //формируем значени€ €чеек гистограммы
                        ~^~
../Src/main.c: In function 'main':
../Src/main.c:353:4: warning: implicit declaration of function 'InitTEMP' [-Wimplicit-function-declaration]
    InitTEMP();
    ^~~~~~~~
../Src/main.c: In function 'ProgressPID_SENSOR_CELL':
../Src/main.c:874:4: warning: implicit declaration of function 'GetTEMP' [-Wimplicit-function-declaration]
    GetTEMP(); // value_TempCell - это температура
    ^~~~~~~
../Src/stm32l4xx_it.c: In function 'my_ADC1_1':
../Src/stm32l4xx_it.c:1004:2: warning: implicit declaration of function 'my_DataADC1_0'; did you mean 'my_DataADC2_0'? [-Wimplicit-function-declaration]
  my_DataADC1_0();  // ¬рем€ выполнени€ my_DataADC1_0() ____ тактов
  ^~~~~~~~~~~~~
  my_DataADC2_0
../Src/stm32l4xx_it.c:1005:2: warning: implicit declaration of function 'my_DataADC1_2'; did you mean 'my_DataADC2_2'? [-Wimplicit-function-declaration]
  my_DataADC1_2();  // ¬рем€ выполнени€ my_DataADC1_0()+my_DataADC1_2() ____ тактов
  ^~~~~~~~~~~~~
  my_DataADC2_2
../Src/stm32l4xx_it.c:1006:2: warning: implicit declaration of function 'my_OUT1_F1'; did you mean 'my_ADC1_1'? [-Wimplicit-function-declaration]
  my_OUT1_F1();   // ___ тактов
  ^~~~~~~~~~
  my_ADC1_1
../Src/stm32l4xx_it.c:1007:2: warning: implicit declaration of function 'my_OUT1_F2'; did you mean 'my_F1_F2'? [-Wimplicit-function-declaration]
  my_OUT1_F2();   // ___ тактов
  ^~~~~~~~~~
  my_F1_F2
../Src/stm32l4xx_it.c:1008:2: warning: implicit declaration of function 'my_OUT1_F1F2'; did you mean 'my_F1_F2'? [-Wimplicit-function-declaration]
  my_OUT1_F1F2();   //  ___ тактов
  ^~~~~~~~~~~~
  my_F1_F2
[...]
  static int iT1 = 0;
             ^~~
../Src/stm32l4xx_it.c: In function 'funWork_SCAN_CRNT':
../Src/stm32l4xx_it.c:1850:5: warning: "/*" within comment [-Wcomment]
     /*
      
../Src/stm32l4xx_it.c: In function 'UpdateRS232':
../Src/stm32l4xx_it.c:2240:12: warning: unused variable 'cr3its' [-Wunused-variable]
   uint32_t cr3its = USART3->CR3;
            ^~~~~~
../Src/stm32l4xx_it.c:2239:12: warning: unused variable 'cr1its' [-Wunused-variable]
   uint32_t cr1its = USART3->CR1;
            ^~~~~~
arm-none-eabi-gcc -mcpu=cortex-m4 -mthumb -mfloat-abi=hard -mfpu=fpv4-sp-d16 -DUSE_HAL_DRIVER -DSTM32L476xx -I"D:/my_GIT_2023/cpt_m__ac6/Inc" -I"D:/my_GIT_2023/cpt_m__ac6/Drivers/STM32L4xx_HAL_Driver/Inc" -I"D:/my_GIT_2023/cpt_m__ac6/Drivers/STM32L4xx_HAL_Driver/Inc/Legacy" -I"D:/my_GIT_2023/cpt_m__ac6/Drivers/CMSIS/Device/ST/STM32L4xx/Include" -I"D:/my_GIT_2023/cpt_m__ac6/Drivers/CMSIS/Include"  -Og -g3 -Wall -fmessage-length=0 -ffunction-sections -c -fmessage-length=0 -MMD -MP -MF"Drivers/STM32L4xx_HAL_Driver/Src/stm32l4xx_hal_flash_ex.d" -MT"Drivers/STM32L4xx_HAL_Driver/Src/stm32l4xx_hal_flash_ex.o" -o "Drivers/STM32L4xx_HAL_Driver/Src/stm32l4xx_hal_flash_ex.o" "../Drivers/STM32L4xx_HAL_Driver/Src/stm32l4xx_hal_flash_ex.c"
At top level:
../Src/stm32l4xx_it.c:1403:13: warning: 'iT1' defined but not used [-Wunused-variable]
  static int iT1 = 0;
             ^~~
../Src/stm32l4xx_it.c:1404:13: warning: 'iT2' defined but not used [-Wunused-variable]
  static int iT2 = 0;
             ^~~
../Src/stm32l4xx_it.c:1405:13: warning: 'idT' defined but not used [-Wunused-variable]
  static int idT = 0;
             ^~~
../Src/stm32l4xx_it.c:1482:13: warning: 'i_NN' defined but not used [-Wunused-variable]
  static int i_NN = 0;
             ^~~~
Src/subdir.mk:111: recipe for target 'Src/stm32l4xx_it.o' failed
make: *** [Src/stm32l4xx_it.o] Error 1
make: *** Waiting for unfinished jobs....
Finished building: ../Src/hist.c
 
Finished building: ../Src/interface_ADT7410.c
 
Finished building: ../Src/interface_LMX2486.c
Finished building: ../Src/pid_MICROWAVE.c
Finished building: ../Src/my_FUN_.c
 
 
 
Finished building: ../Src/pid_DOPLER_FREQ.c
 
Finished building: ../Src/main.c
Finished building: ../Src/pid_optics_pwr.c
Finished building: ../Drivers/STM32L4xx_HAL_Driver/Src/stm32l4xx_hal_dma_ex.c
 
Finished building: ../Src/var.c
 
 
 
Finished building: ../Drivers/STM32L4xx_HAL_Driver/Src/stm32l4xx_hal_exti.c
Finished building: ../Src/usart_protocol.c
Finished building: ../Drivers/STM32L4xx_HAL_Driver/Src/stm32l4xx_hal_flash.c
 
 
Finished building: ../Drivers/STM32L4xx_HAL_Driver/Src/stm32l4xx_hal_flash_ramfunc.c
 
Finished building: ../Drivers/STM32L4xx_HAL_Driver/Src/stm32l4xx_hal_flash_ex.c
 
 
11:01:56 **** Incremental Build of configuration Debug for project cpt_m__ac6 ****
make -j16 all 
Building file: ../Src/hist.c
Building file: ../Src/interface_ADT7410.c
Building file: ../Src/interface_LMX2486.c
Invoking: MCU GCC Compiler
Invoking: MCU GCC Compiler
Building file: ../Src/main.c
Invoking: MCU GCC Compiler
D:\my_GIT_2023\cpt_m__ac6\Debug
D:\my_GIT_2023\cpt_m__ac6\Debug
Invoking: MCU GCC Compiler
arm-none-eabi-gcc -mcpu=cortex-m4 -mthumb -mfloat-abi=hard -mfpu=fpv4-sp-d16 -DUSE_HAL_DRIVER -DSTM32L476xx -I"D:/my_GIT_2023/cpt_m__ac6/Inc" -I"D:/my_GIT_2023/cpt_m__ac6/Drivers/STM32L4xx_HAL_Driver/Inc" -I"D:/my_GIT_2023/cpt_m__ac6/Drivers/STM32L4xx_HAL_Driver/Inc/Legacy" -I"D:/my_GIT_2023/cpt_m__ac6/Drivers/CMSIS/Device/ST/STM32L4xx/Include" -I"D:/my_GIT_2023/cpt_m__ac6/Drivers/CMSIS/Include"  -Og -g3 -Wall -fmessage-length=0 -ffunction-sections -c -fmessage-length=0 -MMD -MP -MF"Src/hist.d" -MT"Src/hist.o" -o "Src/hist.o" "../Src/hist.c"
D:\my_GIT_2023\cpt_m__ac6\Debug
Building file: ../Src/my_FUN_.c
arm-none-eabi-gcc -mcpu=cortex-m4 -mthumb -mfloat-abi=hard -mfpu=fpv4-sp-d16 -DUSE_HAL_DRIVER -DSTM32L476xx -I"D:/my_GIT_2023/cpt_m__ac6/Inc" -I"D:/my_GIT_2023/cpt_m__ac6/Drivers/STM32L4xx_HAL_Driver/Inc" -I"D:/my_GIT_2023/cpt_m__ac6/Drivers/STM32L4xx_HAL_Driver/Inc/Legacy" -I"D:/my_GIT_2023/cpt_m__ac6/Drivers/CMSIS/Device/ST/STM32L4xx/Include" -I"D:/my_GIT_2023/cpt_m__ac6/Drivers/CMSIS/Include"  -Og -g3 -Wall -fmessage-length=0 -ffunction-sections -c -fmessage-length=0 -MMD -MP -MF"Src/interface_ADT7410.d" -MT"Src/interface_ADT7410.o" -o "Src/interface_ADT7410.o" "../Src/interface_ADT7410.c"
arm-none-eabi-gcc -mcpu=cortex-m4 -mthumb -mfloat-abi=hard -mfpu=fpv4-sp-d16 -DUSE_HAL_DRIVER -DSTM32L476xx -I"D:/my_GIT_2023/cpt_m__ac6/Inc" -I"D:/my_GIT_2023/cpt_m__ac6/Drivers/STM32L4xx_HAL_Driver/Inc" -I"D:/my_GIT_2023/cpt_m__ac6/Drivers/STM32L4xx_HAL_Driver/Inc/Legacy" -I"D:/my_GIT_2023/cpt_m__ac6/Drivers/CMSIS/Device/ST/STM32L4xx/Include" -I"D:/my_GIT_2023/cpt_m__ac6/Drivers/CMSIS/Include"  -Og -g3 -Wall -fmessage-length=0 -ffunction-sections -c -fmessage-length=0 -MMD -MP -MF"Src/interface_LMX2486.d" -MT"Src/interface_LMX2486.o" -o "Src/interface_LMX2486.o" "../Src/interface_LMX2486.c"
D:\my_GIT_2023\cpt_m__ac6\Debug
arm-none-eabi-gcc -mcpu=cortex-m4 -mthumb -mfloat-abi=hard -mfpu=fpv4-sp-d16 -DUSE_HAL_DRIVER -DSTM32L476xx -I"D:/my_GIT_2023/cpt_m__ac6/Inc" -I"D:/my_GIT_2023/cpt_m__ac6/Drivers/STM32L4xx_HAL_Driver/Inc" -I"D:/my_GIT_2023/cpt_m__ac6/Drivers/STM32L4xx_HAL_Driver/Inc/Legacy" -I"D:/my_GIT_2023/cpt_m__ac6/Drivers/CMSIS/Device/ST/STM32L4xx/Include" -I"D:/my_GIT_2023/cpt_m__ac6/Drivers/CMSIS/Include"  -Og -g3 -Wall -fmessage-length=0 -ffunction-sections -c -fmessage-length=0 -MMD -MP -MF"Src/main.d" -MT"Src/main.o" -o "Src/main.o" "../Src/main.c"
Invoking: MCU GCC Compiler
Building file: ../Src/pid_DOPLER_FREQ.c
D:\my_GIT_2023\cpt_m__ac6\Debug
arm-none-eabi-gcc -mcpu=cortex-m4 -mthumb -mfloat-abi=hard -mfpu=fpv4-sp-d16 -DUSE_HAL_DRIVER -DSTM32L476xx -I"D:/my_GIT_2023/cpt_m__ac6/Inc" -I"D:/my_GIT_2023/cpt_m__ac6/Drivers/STM32L4xx_HAL_Driver/Inc" -I"D:/my_GIT_2023/cpt_m__ac6/Drivers/STM32L4xx_HAL_Driver/Inc/Legacy" -I"D:/my_GIT_2023/cpt_m__ac6/Drivers/CMSIS/Device/ST/STM32L4xx/Include" -I"D:/my_GIT_2023/cpt_m__ac6/Drivers/CMSIS/Include"  -Og -g3 -Wall -fmessage-length=0 -ffunction-sections -c -fmessage-length=0 -MMD -MP -MF"Src/my_FUN_.d" -MT"Src/my_FUN_.o" -o "Src/my_FUN_.o" "../Src/my_FUN_.c"
Building file: ../Src/pid_MICROWAVE.c
Invoking: MCU GCC Compiler
Invoking: MCU GCC Compiler
Building file: ../Src/pid_optics_pwr.c
D:\my_GIT_2023\cpt_m__ac6\Debug
D:\my_GIT_2023\cpt_m__ac6\Debug
arm-none-eabi-gcc -mcpu=cortex-m4 -mthumb -mfloat-abi=hard -mfpu=fpv4-sp-d16 -DUSE_HAL_DRIVER -DSTM32L476xx -I"D:/my_GIT_2023/cpt_m__ac6/Inc" -I"D:/my_GIT_2023/cpt_m__ac6/Drivers/STM32L4xx_HAL_Driver/Inc" -I"D:/my_GIT_2023/cpt_m__ac6/Drivers/STM32L4xx_HAL_Driver/Inc/Legacy" -I"D:/my_GIT_2023/cpt_m__ac6/Drivers/CMSIS/Device/ST/STM32L4xx/Include" -I"D:/my_GIT_2023/cpt_m__ac6/Drivers/CMSIS/Include"  -Og -g3 -Wall -fmessage-length=0 -ffunction-sections -c -fmessage-length=0 -MMD -MP -MF"Src/pid_DOPLER_FREQ.d" -MT"Src/pid_DOPLER_FREQ.o" -o "Src/pid_DOPLER_FREQ.o" "../Src/pid_DOPLER_FREQ.c"
Building file: ../Src/stm32l4xx_it.c
arm-none-eabi-gcc -mcpu=cortex-m4 -mthumb -mfloat-abi=hard -mfpu=fpv4-sp-d16 -DUSE_HAL_DRIVER -DSTM32L476xx -I"D:/my_GIT_2023/cpt_m__ac6/Inc" -I"D:/my_GIT_2023/cpt_m__ac6/Drivers/STM32L4xx_HAL_Driver/Inc" -I"D:/my_GIT_2023/cpt_m__ac6/Drivers/STM32L4xx_HAL_Driver/Inc/Legacy" -I"D:/my_GIT_2023/cpt_m__ac6/Drivers/CMSIS/Device/ST/STM32L4xx/Include" -I"D:/my_GIT_2023/cpt_m__ac6/Drivers/CMSIS/Include"  -Og -g3 -Wall -fmessage-length=0 -ffunction-sections -c -fmessage-length=0 -MMD -MP -MF"Src/pid_MICROWAVE.d" -MT"Src/pid_MICROWAVE.o" -o "Src/pid_MICROWAVE.o" "../Src/pid_MICROWAVE.c"
Invoking: MCU GCC Compiler
D:\my_GIT_2023\cpt_m__ac6\Debug
Invoking: MCU GCC Compiler
Building file: ../Src/usart_protocol.c
Building file: ../Src/var.c
arm-none-eabi-gcc -mcpu=cortex-m4 -mthumb -mfloat-abi=hard -mfpu=fpv4-sp-d16 -DUSE_HAL_DRIVER -DSTM32L476xx -I"D:/my_GIT_2023/cpt_m__ac6/Inc" -I"D:/my_GIT_2023/cpt_m__ac6/Drivers/STM32L4xx_HAL_Driver/Inc" -I"D:/my_GIT_2023/cpt_m__ac6/Drivers/STM32L4xx_HAL_Driver/Inc/Legacy" -I"D:/my_GIT_2023/cpt_m__ac6/Drivers/CMSIS/Device/ST/STM32L4xx/Include" -I"D:/my_GIT_2023/cpt_m__ac6/Drivers/CMSIS/Include"  -Og -g3 -Wall -fmessage-length=0 -ffunction-sections -c -fmessage-length=0 -MMD -MP -MF"Src/pid_optics_pwr.d" -MT"Src/pid_optics_pwr.o" -o "Src/pid_optics_pwr.o" "../Src/pid_optics_pwr.c"
D:\my_GIT_2023\cpt_m__ac6\Debug
arm-none-eabi-gcc -mcpu=cortex-m4 -mthumb -mfloat-abi=hard -mfpu=fpv4-sp-d16 -DUSE_HAL_DRIVER -DSTM32L476xx -I"D:/my_GIT_2023/cpt_m__ac6/Inc" -I"D:/my_GIT_2023/cpt_m__ac6/Drivers/STM32L4xx_HAL_Driver/Inc" -I"D:/my_GIT_2023/cpt_m__ac6/Drivers/STM32L4xx_HAL_Driver/Inc/Legacy" -I"D:/my_GIT_2023/cpt_m__ac6/Drivers/CMSIS/Device/ST/STM32L4xx/Include" -I"D:/my_GIT_2023/cpt_m__ac6/Drivers/CMSIS/Include"  -Og -g3 -Wall -fmessage-length=0 -ffunction-sections -c -fmessage-length=0 -MMD -MP -MF"Src/stm32l4xx_it.d" -MT"Src/stm32l4xx_it.o" -o "Src/stm32l4xx_it.o" "../Src/stm32l4xx_it.c"
Invoking: MCU GCC Compiler
Invoking: MCU GCC Compiler
Building file: ../Drivers/STM32L4xx_HAL_Driver/Src/stm32l4xx_hal_gpio.c
Building file: ../Drivers/STM32L4xx_HAL_Driver/Src/stm32l4xx_hal_i2c.c
D:\my_GIT_2023\cpt_m__ac6\Debug
D:\my_GIT_2023\cpt_m__ac6\Debug
arm-none-eabi-gcc -mcpu=cortex-m4 -mthumb -mfloat-abi=hard -mfpu=fpv4-sp-d16 -DUSE_HAL_DRIVER -DSTM32L476xx -I"D:/my_GIT_2023/cpt_m__ac6/Inc" -I"D:/my_GIT_2023/cpt_m__ac6/Drivers/STM32L4xx_HAL_Driver/Inc" -I"D:/my_GIT_2023/cpt_m__ac6/Drivers/STM32L4xx_HAL_Driver/Inc/Legacy" -I"D:/my_GIT_2023/cpt_m__ac6/Drivers/CMSIS/Device/ST/STM32L4xx/Include" -I"D:/my_GIT_2023/cpt_m__ac6/Drivers/CMSIS/Include"  -Og -g3 -Wall -fmessage-length=0 -ffunction-sections -c -fmessage-length=0 -MMD -MP -MF"Src/usart_protocol.d" -MT"Src/usart_protocol.o" -o "Src/usart_protocol.o" "../Src/usart_protocol.c"
Building file: ../Drivers/STM32L4xx_HAL_Driver/Src/stm32l4xx_hal_i2c_ex.c
Invoking: MCU GCC Compiler
Invoking: MCU GCC Compiler
../Src/hist.c: In function 'HIST':
../Src/hist.c:64:25: warning: 'i' may be used uninitialized in this function [-Wmaybe-uninitialized]
   for(int i; i < 1000; i++)       //формируем значени€ €чеек гистограммы
                        ~^~
arm-none-eabi-gcc -mcpu=cortex-m4 -mthumb -mfloat-abi=hard -mfpu=fpv4-sp-d16 -DUSE_HAL_DRIVER -DSTM32L476xx -I"D:/my_GIT_2023/cpt_m__ac6/Inc" -I"D:/my_GIT_2023/cpt_m__ac6/Drivers/STM32L4xx_HAL_Driver/Inc" -I"D:/my_GIT_2023/cpt_m__ac6/Drivers/STM32L4xx_HAL_Driver/Inc/Legacy" -I"D:/my_GIT_2023/cpt_m__ac6/Drivers/CMSIS/Device/ST/STM32L4xx/Include" -I"D:/my_GIT_2023/cpt_m__ac6/Drivers/CMSIS/Include"  -Og -g3 -Wall -fmessage-length=0 -ffunction-sections -c -fmessage-length=0 -MMD -MP -MF"Src/var.d" -MT"Src/var.o" -o "Src/var.o" "../Src/var.c"
Invoking: MCU GCC Compiler
D:\my_GIT_2023\cpt_m__ac6\Debug
arm-none-eabi-gcc -mcpu=cortex-m4 -mthumb -mfloat-abi=hard -mfpu=fpv4-sp-d16 -DUSE_HAL_DRIVER -DSTM32L476xx -I"D:/my_GIT_2023/cpt_m__ac6/Inc" -I"D:/my_GIT_2023/cpt_m__ac6/Drivers/STM32L4xx_HAL_Driver/Inc" -I"D:/my_GIT_2023/cpt_m__ac6/Drivers/STM32L4xx_HAL_Driver/Inc/Legacy" -I"D:/my_GIT_2023/cpt_m__ac6/Drivers/CMSIS/Device/ST/STM32L4xx/Include" -I"D:/my_GIT_2023/cpt_m__ac6/Drivers/CMSIS/Include"  -Og -g3 -Wall -fmessage-length=0 -ffunction-sections -c -fmessage-length=0 -MMD -MP -MF"Drivers/STM32L4xx_HAL_Driver/Src/stm32l4xx_hal_gpio.d" -MT"Drivers/STM32L4xx_HAL_Driver/Src/stm32l4xx_hal_gpio.o" -o "Drivers/STM32L4xx_HAL_Driver/Src/stm32l4xx_hal_gpio.o" "../Drivers/STM32L4xx_HAL_Driver/Src/stm32l4xx_hal_gpio.c"
../Src/interface_LMX2486.c: In function 'LMX2486_SendData':
../Src/interface_LMX2486.c:8:19: warning: variable 'rx' set but not used [-Wunused-but-set-variable]
  volatile uint8_t rx = 0;
                   ^~
Building file: ../Drivers/STM32L4xx_HAL_Driver/Src/stm32l4xx_hal_pwr.c
../Src/main.c: In function 'main':
../Src/main.c:353:4: warning: implicit declaration of function 'InitTEMP' [-Wimplicit-function-declaration]
    InitTEMP();
    ^~~~~~~~
../Src/main.c: In function 'ProgressPID_SENSOR_CELL':
../Src/main.c:874:4: warning: implicit declaration of function 'GetTEMP' [-Wimplicit-function-declaration]
    GetTEMP(); // value_TempCell - это температура
    ^~~~~~~
D:\my_GIT_2023\cpt_m__ac6\Debug
Building file: ../Drivers/STM32L4xx_HAL_Driver/Src/stm32l4xx_hal_pwr_ex.c
D:\my_GIT_2023\cpt_m__ac6\Debug
arm-none-eabi-gcc -mcpu=cortex-m4 -mthumb -mfloat-abi=hard -mfpu=fpv4-sp-d16 -DUSE_HAL_DRIVER -DSTM32L476xx -I"D:/my_GIT_2023/cpt_m__ac6/Inc" -I"D:/my_GIT_2023/cpt_m__ac6/Drivers/STM32L4xx_HAL_Driver/Inc" -I"D:/my_GIT_2023/cpt_m__ac6/Drivers/STM32L4xx_HAL_Driver/Inc/Legacy" -I"D:/my_GIT_2023/cpt_m__ac6/Drivers/CMSIS/Device/ST/STM32L4xx/Include" -I"D:/my_GIT_2023/cpt_m__ac6/Drivers/CMSIS/Include"  -Og -g3 -Wall -fmessage-length=0 -ffunction-sections -c -fmessage-length=0 -MMD -MP -MF"Drivers/STM32L4xx_HAL_Driver/Src/stm32l4xx_hal_i2c_ex.d" -MT"Drivers/STM32L4xx_HAL_Driver/Src/stm32l4xx_hal_i2c_ex.o" -o "Drivers/STM32L4xx_HAL_Driver/Src/stm32l4xx_hal_i2c_ex.o" "../Drivers/STM32L4xx_HAL_Driver/Src/stm32l4xx_hal_i2c_ex.c"
Invoking: MCU GCC Compiler
arm-none-eabi-gcc -mcpu=cortex-m4 -mthumb -mfloat-abi=hard -mfpu=fpv4-sp-d16 -DUSE_HAL_DRIVER -DSTM32L476xx -I"D:/my_GIT_2023/cpt_m__ac6/Inc" -I"D:/my_GIT_2023/cpt_m__ac6/Drivers/STM32L4xx_HAL_Driver/Inc" -I"D:/my_GIT_2023/cpt_m__ac6/Drivers/STM32L4xx_HAL_Driver/Inc/Legacy" -I"D:/my_GIT_2023/cpt_m__ac6/Drivers/CMSIS/Device/ST/STM32L4xx/Include" -I"D:/my_GIT_2023/cpt_m__ac6/Drivers/CMSIS/Include"  -Og -g3 -Wall -fmessage-length=0 -ffunction-sections -c -fmessage-length=0 -MMD -MP -MF"Drivers/STM32L4xx_HAL_Driver/Src/stm32l4xx_hal_i2c.d" -MT"Drivers/STM32L4xx_HAL_Driver/Src/stm32l4xx_hal_i2c.o" -o "Drivers/STM32L4xx_HAL_Driver/Src/stm32l4xx_hal_i2c.o" "../Drivers/STM32L4xx_HAL_Driver/Src/stm32l4xx_hal_i2c.c"
Invoking: MCU GCC Compiler
D:\my_GIT_2023\cpt_m__ac6\Debug
arm-none-eabi-gcc -mcpu=cortex-m4 -mthumb -mfloat-abi=hard -mfpu=fpv4-sp-d16 -DUSE_HAL_DRIVER -DSTM32L476xx -I"D:/my_GIT_2023/cpt_m__ac6/Inc" -I"D:/my_GIT_2023/cpt_m__ac6/Drivers/STM32L4xx_HAL_Driver/Inc" -I"D:/my_GIT_2023/cpt_m__ac6/Drivers/STM32L4xx_HAL_Driver/Inc/Legacy" -I"D:/my_GIT_2023/cpt_m__ac6/Drivers/CMSIS/Device/ST/STM32L4xx/Include" -I"D:/my_GIT_2023/cpt_m__ac6/Drivers/CMSIS/Include"  -Og -g3 -Wall -fmessage-length=0 -ffunction-sections -c -fmessage-length=0 -MMD -MP -MF"Drivers/STM32L4xx_HAL_Driver/Src/stm32l4xx_hal_pwr.d" -MT"Drivers/STM32L4xx_HAL_Driver/Src/stm32l4xx_hal_pwr.o" -o "Drivers/STM32L4xx_HAL_Driver/Src/stm32l4xx_hal_pwr.o" "../Drivers/STM32L4xx_HAL_Driver/Src/stm32l4xx_hal_pwr.c"
D:\my_GIT_2023\cpt_m__ac6\Debug
arm-none-eabi-gcc -mcpu=cortex-m4 -mthumb -mfloat-abi=hard -mfpu=fpv4-sp-d16 -DUSE_HAL_DRIVER -DSTM32L476xx -I"D:/my_GIT_2023/cpt_m__ac6/Inc" -I"D:/my_GIT_2023/cpt_m__ac6/Drivers/STM32L4xx_HAL_Driver/Inc" -I"D:/my_GIT_2023/cpt_m__ac6/Drivers/STM32L4xx_HAL_Driver/Inc/Legacy" -I"D:/my_GIT_2023/cpt_m__ac6/Drivers/CMSIS/Device/ST/STM32L4xx/Include" -I"D:/my_GIT_2023/cpt_m__ac6/Drivers/CMSIS/Include"  -Og -g3 -Wall -fmessage-length=0 -ffunction-sections -c -fmessage-length=0 -MMD -MP -MF"Drivers/STM32L4xx_HAL_Driver/Src/stm32l4xx_hal_pwr_ex.d" -MT"Drivers/STM32L4xx_HAL_Driver/Src/stm32l4xx_hal_pwr_ex.o" -o "Drivers/STM32L4xx_HAL_Driver/Src/stm32l4xx_hal_pwr_ex.o" "../Drivers/STM32L4xx_HAL_Driver/Src/stm32l4xx_hal_pwr_ex.c"
../Src/stm32l4xx_it.c: In function 'my_ADC1_1':
../Src/stm32l4xx_it.c:1004:2: warning: implicit declaration of function 'my_DataADC1_0'; did you mean 'my_DataADC2_0'? [-Wimplicit-function-declaration]
  my_DataADC1_0();  // ¬рем€ выполнени€ my_DataADC1_0() ____ тактов
  ^~~~~~~~~~~~~
  my_DataADC2_0
../Src/stm32l4xx_it.c:1005:2: warning: implicit declaration of function 'my_DataADC1_2'; did you mean 'my_DataADC2_2'? [-Wimplicit-function-declaration]
  my_DataADC1_2();  // ¬рем€ выполнени€ my_DataADC1_0()+my_DataADC1_2() ____ тактов
  ^~~~~~~~~~~~~
  my_DataADC2_2
../Src/stm32l4xx_it.c:1006:2: warning: implicit declaration of function 'my_OUT1_F1'; did you mean 'my_ADC1_1'? [-Wimplicit-function-declaration]
  my_OUT1_F1();   // ___ тактов
  ^~~~~~~~~~
  my_ADC1_1
../Src/stm32l4xx_it.c:1007:2: warning: implicit declaration of function 'my_OUT1_F2'; did you mean 'my_F1_F2'? [-Wimplicit-function-declaration]
  my_OUT1_F2();   // ___ тактов
  ^~~~~~~~~~
  my_F1_F2
../Src/stm32l4xx_it.c:1008:2: warning: implicit declaration of function 'my_OUT1_F1F2'; did you mean 'my_F1_F2'? [-Wimplicit-function-declaration]
  my_OUT1_F1F2();   //  ___ тактов
  ^~~~~~~~~~~~
  my_F1_F2
../Src/stm32l4xx_it.c:1010:2: warning: implicit declaration of function 'my_OUT1_F2F1'; did you mean 'my_F1_F2_'? [-Wimplicit-function-declaration]
  my_OUT1_F2F1();   //  ___ такта, измеренна€ сумма = ___
  ^~~~~~~~~~~~
  my_F1_F2_
../Src/stm32l4xx_it.c:1011:2: warning: implicit declaration of function 'my_OUT1_F1_F2'; did you mean 'my_F1_F2'? [-Wimplicit-function-declaration]
  my_OUT1_F1_F2();  //  ___ такта, измеренна€ сумма = ___
  ^~~~~~~~~~~~~
  my_F1_F2
../Src/stm32l4xx_it.c:1044:4: warning: "/*" within comment [-Wcomment]
   //*
     
../Src/stm32l4xx_it.c: In function 'my_ADC2_1':
../Src/stm32l4xx_it.c:1195:21: error: 'avrResult_OUT_0R' undeclared (first use in this function); did you mean 'avrResult_OUT_0RN'?
   resultTemp_CELL = avrResult_OUT_0R;
                     ^~~~~~~~~~~~~~~~
                     avrResult_OUT_0RN
../Src/stm32l4xx_it.c:1195:21: note: each undeclared identifier is reported only once for each function it appears in
../Src/stm32l4xx_it.c: In function 'UpdateDataADC2':
../Src/stm32l4xx_it.c:1482:13: warning: unused variable 'i_NN' [-Wunused-variable]
  static int i_NN = 0;
             ^~~~
../Src/stm32l4xx_it.c:1405:13: warning: unused variable 'idT' [-Wunused-variable]
  static int idT = 0;
             ^~~
../Src/stm32l4xx_it.c:1404:13: warning: unused variable 'iT2' [-Wunused-variable]
  static int iT2 = 0;
             ^~~
../Src/stm32l4xx_it.c:1403:13: warning: unused variable 'iT1' [-Wunused-variable]
  static int iT1 = 0;
             ^~~
../Src/stm32l4xx_it.c: In function 'funWork_SCAN_CRNT':
../Src/stm32l4xx_it.c:1850:5: warning: "/*" within comment [-Wcomment]
     /*
      
../Src/stm32l4xx_it.c: In function 'UpdateRS232':
../Src/stm32l4xx_it.c:2240:12: warning: unused variable 'cr3its' [-Wunused-variable]
   uint32_t cr3its = USART3->CR3;
            ^~~~~~
../Src/stm32l4xx_it.c:2239:12: warning: unused variable 'cr1its' [-Wunused-variable]
   uint32_t cr1its = USART3->CR1;
            ^~~~~~
At top level:
../Src/stm32l4xx_it.c:1403:13: warning: 'iT1' defined but not used [-Wunused-variable]
  static int iT1 = 0;
             ^~~
../Src/stm32l4xx_it.c:1404:13: warning: 'iT2' defined but not used [-Wunused-variable]
  static int iT2 = 0;
             ^~~
../Src/stm32l4xx_it.c:1405:13: warning: 'idT' defined but not used [-Wunused-variable]
  static int idT = 0;
             ^~~
../Src/stm32l4xx_it.c:1482:13: warning: 'i_NN' defined but not used [-Wunused-variable]
  static int i_NN = 0;
             ^~~~
Src/subdir.mk:111: recipe for target 'Src/stm32l4xx_it.o' failed
make: *** [Src/stm32l4xx_it.o] Error 1
make: *** Waiting for unfinished jobs....
Finished building: ../Src/interface_ADT7410.c
Finished building: ../Src/pid_optics_pwr.c
Finished building: ../Src/interface_LMX2486.c
Finished building: ../Src/my_FUN_.c
Finished building: ../Src/pid_MICROWAVE.c
 
 
 
 
Finished building: ../Src/main.c
Finished building: ../Src/hist.c
Finished building: ../Src/pid_DOPLER_FREQ.c
 
 
 
 
Finished building: ../Src/var.c
 
Finished building: ../Drivers/STM32L4xx_HAL_Driver/Src/stm32l4xx_hal_i2c_ex.c
 
Finished building: ../Drivers/STM32L4xx_HAL_Driver/Src/stm32l4xx_hal_gpio.c
 
Finished building: ../Src/usart_protocol.c
 
Finished building: ../Drivers/STM32L4xx_HAL_Driver/Src/stm32l4xx_hal_pwr.c
 
Finished building: ../Drivers/STM32L4xx_HAL_Driver/Src/stm32l4xx_hal_pwr_ex.c
 
Finished building: ../Drivers/STM32L4xx_HAL_Driver/Src/stm32l4xx_hal_i2c.c
 
